0:0:0:0:0:0:0:1 - - [18/Jun/2023:16:45:11 +0100] GET /devportal/site/public/dist/5.57286c37eacce5fafae0.bundle.js HTTP/1.1 200 84080 https://localhost:9443/devportal/apis/c6b17439-fa73-4d33-a618-bf5b18176cd8/test Mozilla/5.0 (Windows NT 10.0; Win64; x64) AppleWebKit/537.36 (KHTML, like Gecko) Chrome/114.0.0.0 Safari/537.36 0.014
0:0:0:0:0:0:0:1 - - [18/Jun/2023:16:45:11 +0100] GET /devportal/site/public/dist/vendors~APIConsole~APIDocuments~APIOverview.351585fe0b19dbf2f65f.bundle.js HTTP/1.1 200 224002 https://localhost:9443/devportal/apis/c6b17439-fa73-4d33-a618-bf5b18176cd8/test Mozilla/5.0 (Windows NT 10.0; Win64; x64) AppleWebKit/537.36 (KHTML, like Gecko) Chrome/114.0.0.0 Safari/537.36 0.027
0:0:0:0:0:0:0:1 - - [18/Jun/2023:16:45:11 +0100] GET /devportal/site/public/dist/APIConsole.b3e80a9dce3816857c0c.bundle.js HTTP/1.1 200 1748096 https://localhost:9443/devportal/apis/c6b17439-fa73-4d33-a618-bf5b18176cd8/test Mozilla/5.0 (Windows NT 10.0; Win64; x64) AppleWebKit/537.36 (KHTML, like Gecko) Chrome/114.0.0.0 Safari/537.36 0.205
0:0:0:0:0:0:0:1 - - [18/Jun/2023:16:45:12 +0100] GET /api/am/devportal/v3/apis/c6b17439-fa73-4d33-a618-bf5b18176cd8 HTTP/1.1 200 1718 https://localhost:9443/devportal/apis/c6b17439-fa73-4d33-a618-bf5b18176cd8/test Mozilla/5.0 (Windows NT 10.0; Win64; x64) AppleWebKit/537.36 (KHTML, like Gecko) Chrome/114.0.0.0 Safari/537.36 0.014
0:0:0:0:0:0:0:1 - - [18/Jun/2023:16:45:12 +0100] GET /api/am/devportal/v3/apis/c6b17439-fa73-4d33-a618-bf5b18176cd8/swagger?environmentName=Default HTTP/1.1 200 950 https://localhost:9443/devportal/apis/c6b17439-fa73-4d33-a618-bf5b18176cd8/test Mozilla/5.0 (Windows NT 10.0; Win64; x64) AppleWebKit/537.36 (KHTML, like Gecko) Chrome/114.0.0.0 Safari/537.36 0.032
0:0:0:0:0:0:0:1 - - [18/Jun/2023:16:45:12 +0100] - 400 - - - 0.000
0:0:0:0:0:0:0:1 - - [18/Jun/2023:16:45:12 +0100] - 400 - - - 0.000
0:0:0:0:0:0:0:1 - - [18/Jun/2023:16:45:12 +0100] GET /api/am/devportal/v3/swagger.yaml HTTP/1.1 200 26878 https://localhost:9443/devportal/apis/c6b17439-fa73-4d33-a618-bf5b18176cd8/test Mozilla/5.0 (Windows NT 10.0; Win64; x64) AppleWebKit/537.36 (KHTML, like Gecko) Chrome/114.0.0.0 Safari/537.36 0.009
127.0.0.1 - - [18/Jun/2023:16:45:12 +0100] GET /keymanager-operations/dcr/register/N3VqNDVWeW96NUpjek1JT1dzMDFYRXNBTnpJYQ%3D%3D HTTP/1.1 200 518 - Apache-HttpClient/4.5.13 (Java/17.0.6) 0.002
127.0.0.1 - - [18/Jun/2023:16:45:12 +0100] GET /oauth2/token/.well-known/openid-configuration HTTP/1.1 200 2395 - Apache-HttpClient/4.5.13 (Java/17.0.6) 0.002
0:0:0:0:0:0:0:1 - - [18/Jun/2023:16:45:12 +0100] GET /api/am/devportal/v3/key-managers HTTP/1.1 200 763 https://localhost:9443/devportal/apis/c6b17439-fa73-4d33-a618-bf5b18176cd8/test Mozilla/5.0 (Windows NT 10.0; Win64; x64) AppleWebKit/537.36 (KHTML, like Gecko) Chrome/114.0.0.0 Safari/537.36 0.013
127.0.0.1 - - [18/Jun/2023:16:45:12 +0100] GET /keymanager-operations/dcr/register/R1cwOWxVbHVSNFVqbkJBRVJjVmVIck03SEc0YQ%3D%3D HTTP/1.1 200 515 - Apache-HttpClient/4.5.13 (Java/17.0.6) 0.002
0:0:0:0:0:0:0:1 - - [18/Jun/2023:16:45:12 +0100] GET /api/am/devportal/v3/subscriptions?apiId=c6b17439-fa73-4d33-a618-bf5b18176cd8&limit=25 HTTP/1.1 200 714 https://localhost:9443/devportal/apis/c6b17439-fa73-4d33-a618-bf5b18176cd8/test Mozilla/5.0 (Windows NT 10.0; Win64; x64) AppleWebKit/537.36 (KHTML, like Gecko) Chrome/114.0.0.0 Safari/537.36 0.022
127.0.0.1 - - [18/Jun/2023:16:45:12 +0100] GET /keymanager-operations/dcr/register/N3VqNDVWeW96NUpjek1JT1dzMDFYRXNBTnpJYQ%3D%3D HTTP/1.1 200 518 - Apache-HttpClient/4.5.13 (Java/17.0.6) 0.002
127.0.0.1 - - [18/Jun/2023:16:45:12 +0100] GET /keymanager-operations/dcr/register/R1cwOWxVbHVSNFVqbkJBRVJjVmVIck03SEc0YQ%3D%3D HTTP/1.1 200 515 - Apache-HttpClient/4.5.13 (Java/17.0.6) 0.002
0:0:0:0:0:0:0:1 - - [18/Jun/2023:16:45:12 +0100] GET /api/am/devportal/v3/subscriptions?apiId=c6b17439-fa73-4d33-a618-bf5b18176cd8&limit=25 HTTP/1.1 200 714 https://localhost:9443/devportal/apis/c6b17439-fa73-4d33-a618-bf5b18176cd8/test Mozilla/5.0 (Windows NT 10.0; Win64; x64) AppleWebKit/537.36 (KHTML, like Gecko) Chrome/114.0.0.0 Safari/537.36 0.022
0:0:0:0:0:0:0:1 - - [18/Jun/2023:16:45:12 +0100] GET /api/am/devportal/v3/applications/ HTTP/1.1 200 492 https://localhost:9443/devportal/apis/c6b17439-fa73-4d33-a618-bf5b18176cd8/test Mozilla/5.0 (Windows NT 10.0; Win64; x64) AppleWebKit/537.36 (KHTML, like Gecko) Chrome/114.0.0.0 Safari/537.36 0.005
0:0:0:0:0:0:0:1 - - [18/Jun/2023:16:45:12 +0100] GET /api/am/devportal/v3/swagger.yaml HTTP/1.1 200 26878 https://localhost:9443/devportal/apis/c6b17439-fa73-4d33-a618-bf5b18176cd8/test Mozilla/5.0 (Windows NT 10.0; Win64; x64) AppleWebKit/537.36 (KHTML, like Gecko) Chrome/114.0.0.0 Safari/537.36 0.004
127.0.0.1 - - [18/Jun/2023:16:45:12 +0100] GET /keymanager-operations/dcr/register/N3VqNDVWeW96NUpjek1JT1dzMDFYRXNBTnpJYQ%3D%3D HTTP/1.1 200 518 - Apache-HttpClient/4.5.13 (Java/17.0.6) 0.002
127.0.0.1 - - [18/Jun/2023:16:45:12 +0100] GET /keymanager-operations/dcr/register/R1cwOWxVbHVSNFVqbkJBRVJjVmVIck03SEc0YQ%3D%3D HTTP/1.1 200 515 - Apache-HttpClient/4.5.13 (Java/17.0.6) 0.002
0:0:0:0:0:0:0:1 - - [18/Jun/2023:16:45:12 +0100] GET /api/am/devportal/v3/applications/1ced8c6f-19af-45ac-8773-ee11ac0d11c7 HTTP/1.1 200 490 https://localhost:9443/devportal/apis/c6b17439-fa73-4d33-a618-bf5b18176cd8/test Mozilla/5.0 (Windows NT 10.0; Win64; x64) AppleWebKit/537.36 (KHTML, like Gecko) Chrome/114.0.0.0 Safari/537.36 0.007
127.0.0.1 - - [18/Jun/2023:16:45:12 +0100] GET /keymanager-operations/dcr/register/R1cwOWxVbHVSNFVqbkJBRVJjVmVIck03SEc0YQ%3D%3D HTTP/1.1 200 515 - Apache-HttpClient/4.5.13 (Java/17.0.6) 0.001
127.0.0.1 - - [18/Jun/2023:16:45:12 +0100] GET /keymanager-operations/dcr/register/N3VqNDVWeW96NUpjek1JT1dzMDFYRXNBTnpJYQ%3D%3D HTTP/1.1 200 518 - Apache-HttpClient/4.5.13 (Java/17.0.6) 0.002
0:0:0:0:0:0:0:1 - - [18/Jun/2023:16:45:12 +0100] GET /api/am/devportal/v3/applications/1ced8c6f-19af-45ac-8773-ee11ac0d11c7/oauth-keys HTTP/1.1 200 541 https://localhost:9443/devportal/apis/c6b17439-fa73-4d33-a618-bf5b18176cd8/test Mozilla/5.0 (Windows NT 10.0; Win64; x64) AppleWebKit/537.36 (KHTML, like Gecko) Chrome/114.0.0.0 Safari/537.36 0.006
0:0:0:0:0:0:0:1 - - [18/Jun/2023:16:45:12 +0100] GET /api/am/devportal/v3/swagger.yaml HTTP/1.1 200 26878 https://localhost:9443/devportal/apis/c6b17439-fa73-4d33-a618-bf5b18176cd8/test Mozilla/5.0 (Windows NT 10.0; Win64; x64) AppleWebKit/537.36 (KHTML, like Gecko) Chrome/114.0.0.0 Safari/537.36 0.004
0:0:0:0:0:0:0:1 - - [18/Jun/2023:16:45:12 +0100] GET /api/am/devportal/v3/swagger.yaml HTTP/1.1 200 26878 https://localhost:9443/devportal/apis/c6b17439-fa73-4d33-a618-bf5b18176cd8/test Mozilla/5.0 (Windows NT 10.0; Win64; x64) AppleWebKit/537.36 (KHTML, like Gecko) Chrome/114.0.0.0 Safari/537.36 0.007
127.0.0.1 - - [18/Jun/2023:16:45:12 +0100] GET /keymanager-operations/dcr/register/N3VqNDVWeW96NUpjek1JT1dzMDFYRXNBTnpJYQ%3D%3D HTTP/1.1 200 518 - Apache-HttpClient/4.5.13 (Java/17.0.6) 0.002
127.0.0.1 - - [18/Jun/2023:16:45:12 +0100] GET /keymanager-operations/dcr/register/R1cwOWxVbHVSNFVqbkJBRVJjVmVIck03SEc0YQ%3D%3D HTTP/1.1 200 515 - Apache-HttpClient/4.5.13 (Java/17.0.6) 0.003
0:0:0:0:0:0:0:1 - - [18/Jun/2023:16:45:12 +0100] GET /api/am/devportal/v3/applications/1ced8c6f-19af-45ac-8773-ee11ac0d11c7 HTTP/1.1 200 490 https://localhost:9443/devportal/apis/c6b17439-fa73-4d33-a618-bf5b18176cd8/test Mozilla/5.0 (Windows NT 10.0; Win64; x64) AppleWebKit/537.36 (KHTML, like Gecko) Chrome/114.0.0.0 Safari/537.36 0.010
127.0.0.1 - - [18/Jun/2023:16:45:12 +0100] GET /keymanager-operations/dcr/register/R1cwOWxVbHVSNFVqbkJBRVJjVmVIck03SEc0YQ%3D%3D HTTP/1.1 200 515 - Apache-HttpClient/4.5.13 (Java/17.0.6) 0.002
127.0.0.1 - - [18/Jun/2023:16:45:12 +0100] GET /keymanager-operations/dcr/register/N3VqNDVWeW96NUpjek1JT1dzMDFYRXNBTnpJYQ%3D%3D HTTP/1.1 200 518 - Apache-HttpClient/4.5.13 (Java/17.0.6) 0.003
127.0.0.1 - - [18/Jun/2023:16:45:12 +0100] GET /keymanager-operations/dcr/register/N3VqNDVWeW96NUpjek1JT1dzMDFYRXNBTnpJYQ%3D%3D HTTP/1.1 200 518 - Apache-HttpClient/4.5.13 (Java/17.0.6) 0.003
0:0:0:0:0:0:0:1 - - [18/Jun/2023:16:45:12 +0100] GET /api/am/devportal/v3/applications/1ced8c6f-19af-45ac-8773-ee11ac0d11c7 HTTP/1.1 200 490 https://localhost:9443/devportal/apis/c6b17439-fa73-4d33-a618-bf5b18176cd8/test Mozilla/5.0 (Windows NT 10.0; Win64; x64) AppleWebKit/537.36 (KHTML, like Gecko) Chrome/114.0.0.0 Safari/537.36 0.021
127.0.0.1 - - [18/Jun/2023:16:45:12 +0100] GET /keymanager-operations/dcr/register/R1cwOWxVbHVSNFVqbkJBRVJjVmVIck03SEc0YQ%3D%3D HTTP/1.1 200 515 - Apache-HttpClient/4.5.13 (Java/17.0.6) 0.003
0:0:0:0:0:0:0:1 - - [18/Jun/2023:16:45:12 +0100] GET /api/am/devportal/v3/applications/1ced8c6f-19af-45ac-8773-ee11ac0d11c7/oauth-keys HTTP/1.1 200 541 https://localhost:9443/devportal/apis/c6b17439-fa73-4d33-a618-bf5b18176cd8/test Mozilla/5.0 (Windows NT 10.0; Win64; x64) AppleWebKit/537.36 (KHTML, like Gecko) Chrome/114.0.0.0 Safari/537.36 0.021
127.0.0.1 - - [18/Jun/2023:16:45:12 +0100] GET /keymanager-operations/dcr/register/R1cwOWxVbHVSNFVqbkJBRVJjVmVIck03SEc0YQ%3D%3D HTTP/1.1 200 515 - Apache-HttpClient/4.5.13 (Java/17.0.6) 0.002
127.0.0.1 - - [18/Jun/2023:16:45:12 +0100] GET /keymanager-operations/dcr/register/N3VqNDVWeW96NUpjek1JT1dzMDFYRXNBTnpJYQ%3D%3D HTTP/1.1 200 518 - Apache-HttpClient/4.5.13 (Java/17.0.6) 0.002
0:0:0:0:0:0:0:1 - - [18/Jun/2023:16:45:12 +0100] GET /api/am/devportal/v3/applications/1ced8c6f-19af-45ac-8773-ee11ac0d11c7/oauth-keys HTTP/1.1 200 541 https://localhost:9443/devportal/apis/c6b17439-fa73-4d33-a618-bf5b18176cd8/test Mozilla/5.0 (Windows NT 10.0; Win64; x64) AppleWebKit/537.36 (KHTML, like Gecko) Chrome/114.0.0.0 Safari/537.36 0.010
0:0:0:0:0:0:0:1 - - [18/Jun/2023:16:45:40 +0100] - 400 - - - 0.000
0:0:0:0:0:0:0:1 - - [18/Jun/2023:16:45:40 +0100] GET /api/am/devportal/v3/swagger.yaml HTTP/1.1 200 26878 https://localhost:9443/devportal/apis/c6b17439-fa73-4d33-a618-bf5b18176cd8/test Mozilla/5.0 (Windows NT 10.0; Win64; x64) AppleWebKit/537.36 (KHTML, like Gecko) Chrome/114.0.0.0 Safari/537.36 0.005
127.0.0.1 - - [18/Jun/2023:16:45:41 +0100] GET /keymanager-operations/dcr/register/N3VqNDVWeW96NUpjek1JT1dzMDFYRXNBTnpJYQ%3D%3D HTTP/1.1 200 518 - Apache-HttpClient/4.5.13 (Java/17.0.6) 0.001
127.0.0.1 - - [18/Jun/2023:16:45:41 +0100] GET /keymanager-operations/dcr/register/R1cwOWxVbHVSNFVqbkJBRVJjVmVIck03SEc0YQ%3D%3D HTTP/1.1 200 515 - Apache-HttpClient/4.5.13 (Java/17.0.6) 0.002
0:0:0:0:0:0:0:1 - - [18/Jun/2023:16:45:41 +0100] GET /api/am/devportal/v3/applications/1ced8c6f-19af-45ac-8773-ee11ac0d11c7 HTTP/1.1 200 490 https://localhost:9443/devportal/apis/c6b17439-fa73-4d33-a618-bf5b18176cd8/test Mozilla/5.0 (Windows NT 10.0; Win64; x64) AppleWebKit/537.36 (KHTML, like Gecko) Chrome/114.0.0.0 Safari/537.36 0.010
127.0.0.1 - - [18/Jun/2023:16:45:41 +0100] GET /keymanager-operations/dcr/register/R1cwOWxVbHVSNFVqbkJBRVJjVmVIck03SEc0YQ%3D%3D HTTP/1.1 200 515 - Apache-HttpClient/4.5.13 (Java/17.0.6) 0.002
127.0.0.1 - - [18/Jun/2023:16:45:41 +0100] GET /keymanager-operations/dcr/register/N3VqNDVWeW96NUpjek1JT1dzMDFYRXNBTnpJYQ%3D%3D HTTP/1.1 200 518 - Apache-HttpClient/4.5.13 (Java/17.0.6) 0.002
0:0:0:0:0:0:0:1 - - [18/Jun/2023:16:45:41 +0100] GET /api/am/devportal/v3/applications/1ced8c6f-19af-45ac-8773-ee11ac0d11c7/oauth-keys HTTP/1.1 200 541 https://localhost:9443/devportal/apis/c6b17439-fa73-4d33-a618-bf5b18176cd8/test Mozilla/5.0 (Windows NT 10.0; Win64; x64) AppleWebKit/537.36 (KHTML, like Gecko) Chrome/114.0.0.0 Safari/537.36 0.021
127.0.0.1 - - [18/Jun/2023:16:45:41 +0100] GET /keymanager-operations/dcr/register/R1cwOWxVbHVSNFVqbkJBRVJjVmVIck03SEc0YQ%3D%3D HTTP/1.1 200 515 - Apache-HttpClient/4.5.13 (Java/17.0.6) 0.003
127.0.0.1 - - [18/Jun/2023:16:45:41 +0100] GET /keymanager-operations/dcr/register/N3VqNDVWeW96NUpjek1JT1dzMDFYRXNBTnpJYQ%3D%3D HTTP/1.1 200 518 - Apache-HttpClient/4.5.13 (Java/17.0.6) 0.002
127.0.0.1 - - [18/Jun/2023:16:45:41 +0100] GET /keymanager-operations/dcr/register/R1cwOWxVbHVSNFVqbkJBRVJjVmVIck03SEc0YQ%3D%3D HTTP/1.1 200 515 - Apache-HttpClient/4.5.13 (Java/17.0.6) 0.001
127.0.0.1 - - [18/Jun/2023:16:45:41 +0100] POST /oauth2/token HTTP/1.1 200 1190 - Apache-HttpClient/4.5.13 (Java/17.0.6) 0.007
0:0:0:0:0:0:0:1 - - [18/Jun/2023:16:45:41 +0100] POST /api/am/devportal/v3/applications/1ced8c6f-19af-45ac-8773-ee11ac0d11c7/oauth-keys/dcd7b7a7-5649-4685-b411-7d5e1addf807/generate-token HTTP/1.1 200 899 https://localhost:9443/devportal/apis/c6b17439-fa73-4d33-a618-bf5b18176cd8/test Mozilla/5.0 (Windows NT 10.0; Win64; x64) AppleWebKit/537.36 (KHTML, like Gecko) Chrome/114.0.0.0 Safari/537.36 0.027
127.0.0.1 - - [18/Jun/2023:16:45:41 +0100] POST /internal/data/v1/notify HTTP/1.1 200 - - Apache-HttpClient/4.5.13 (Java/17.0.6) 0.005
0:0:0:0:0:0:0:1 - - [18/Jun/2023:16:46:57 +0100] - 400 - - - 0.000
0:0:0:0:0:0:0:1 - - [18/Jun/2023:16:46:57 +0100] - 400 - - - 0.000
0:0:0:0:0:0:0:1 - - [18/Jun/2023:16:46:57 +0100] GET /publisher/apis/c6b17439-fa73-4d33-a618-bf5b18176cd8/overview HTTP/1.1 200 1713 https://localhost:9443/publisher/apis/c6b17439-fa73-4d33-a618-bf5b18176cd8/deployments Mozilla/5.0 (Windows NT 10.0; Win64; x64) AppleWebKit/537.36 (KHTML, like Gecko) Chrome/114.0.0.0 Safari/537.36 0.010
0:0:0:0:0:0:0:1 - - [18/Jun/2023:16:46:57 +0100] - 400 - - - 0.000
0:0:0:0:0:0:0:1 - - [18/Jun/2023:16:46:57 +0100] GET /publisher/site/public/css/main.css HTTP/1.1 200 2075 https://localhost:9443/publisher/apis/c6b17439-fa73-4d33-a618-bf5b18176cd8/overview Mozilla/5.0 (Windows NT 10.0; Win64; x64) AppleWebKit/537.36 (KHTML, like Gecko) Chrome/114.0.0.0 Safari/537.36 0.006
0:0:0:0:0:0:0:1 - - [18/Jun/2023:16:46:57 +0100] - 400 - - - 0.000
0:0:0:0:0:0:0:1 - - [18/Jun/2023:16:46:57 +0100] - 400 - - - 0.000
0:0:0:0:0:0:0:1 - - [18/Jun/2023:16:46:57 +0100] - 400 - - - 0.000
0:0:0:0:0:0:0:1 - - [18/Jun/2023:16:46:57 +0100] - 400 - - - 0.000
0:0:0:0:0:0:0:1 - - [18/Jun/2023:16:46:57 +0100] - 400 - - - 0.000
0:0:0:0:0:0:0:1 - - [18/Jun/2023:16:46:57 +0100] - 400 - - - 0.000
0:0:0:0:0:0:0:1 - - [18/Jun/2023:16:46:57 +0100] GET /publisher/site/public/fonts/iconfont/MaterialIcons.js HTTP/1.1 200 6703 https://localhost:9443/publisher/apis/c6b17439-fa73-4d33-a618-bf5b18176cd8/overview Mozilla/5.0 (Windows NT 10.0; Win64; x64) AppleWebKit/537.36 (KHTML, like Gecko) Chrome/114.0.0.0 Safari/537.36 0.005
0:0:0:0:0:0:0:1 - - [18/Jun/2023:16:46:57 +0100] - 400 - - - 0.000
0:0:0:0:0:0:0:1 - - [18/Jun/2023:16:46:57 +0100] GET /publisher/site/public/css/draftjs.css HTTP/1.1 200 2643 https://localhost:9443/publisher/apis/c6b17439-fa73-4d33-a618-bf5b18176cd8/overview Mozilla/5.0 (Windows NT 10.0; Win64; x64) AppleWebKit/537.36 (KHTML, like Gecko) Chrome/114.0.0.0 Safari/537.36 0.004
0:0:0:0:0:0:0:1 - - [18/Jun/2023:16:46:57 +0100] GET /publisher/site/public/fonts/iconfont/material-icons.css HTTP/1.1 200 970 https://localhost:9443/publisher/apis/c6b17439-fa73-4d33-a618-bf5b18176cd8/overview Mozilla/5.0 (Windows NT 10.0; Win64; x64) AppleWebKit/537.36 (KHTML, like Gecko) Chrome/114.0.0.0 Safari/537.36 0.004
0:0:0:0:0:0:0:1 - - [18/Jun/2023:16:46:57 +0100] GET /publisher/site/public/conf/userThemes.js HTTP/1.1 200 939 https://localhost:9443/publisher/apis/c6b17439-fa73-4d33-a618-bf5b18176cd8/overview Mozilla/5.0 (Windows NT 10.0; Win64; x64) AppleWebKit/537.36 (KHTML, like Gecko) Chrome/114.0.0.0 Safari/537.36 0.004
0:0:0:0:0:0:0:1 - - [18/Jun/2023:16:46:57 +0100] GET /publisher/services/settings/settings.js HTTP/1.1 200 1214 https://localhost:9443/publisher/apis/c6b17439-fa73-4d33-a618-bf5b18176cd8/overview Mozilla/5.0 (Windows NT 10.0; Win64; x64) AppleWebKit/537.36 (KHTML, like Gecko) Chrome/114.0.0.0 Safari/537.36 0.009
0:0:0:0:0:0:0:1 - - [18/Jun/2023:16:46:57 +0100] GET /publisher/site/public/conf/portalSettings.js HTTP/1.1 200 705 https://localhost:9443/publisher/apis/c6b17439-fa73-4d33-a618-bf5b18176cd8/overview Mozilla/5.0 (Windows NT 10.0; Win64; x64) AppleWebKit/537.36 (KHTML, like Gecko) Chrome/114.0.0.0 Safari/537.36 0.006
0:0:0:0:0:0:0:1 - - [18/Jun/2023:16:46:57 +0100] GET /publisher/site/public/dist/index.ebdd6f43ad27f9232620.bundle.js HTTP/1.1 200 201039 https://localhost:9443/publisher/apis/c6b17439-fa73-4d33-a618-bf5b18176cd8/overview Mozilla/5.0 (Windows NT 10.0; Win64; x64) AppleWebKit/537.36 (KHTML, like Gecko) Chrome/114.0.0.0 Safari/537.36 0.039
0:0:0:0:0:0:0:1 - - [18/Jun/2023:16:46:57 +0100] GET /publisher/site/public/dist/ProtectedApps.ba650aa593e075176ba2.bundle.js HTTP/1.1 200 130807 https://localhost:9443/publisher/apis/c6b17439-fa73-4d33-a618-bf5b18176cd8/overview Mozilla/5.0 (Windows NT 10.0; Win64; x64) AppleWebKit/537.36 (KHTML, like Gecko) Chrome/114.0.0.0 Safari/537.36 0.030
0:0:0:0:0:0:0:1 - - [18/Jun/2023:16:46:57 +0100] GET /publisher/site/public/dist/vendors~ProtectedApps.d921a8dd5e6d05c832c1.bundle.js HTTP/1.1 200 354299 https://localhost:9443/publisher/apis/c6b17439-fa73-4d33-a618-bf5b18176cd8/overview Mozilla/5.0 (Windows NT 10.0; Win64; x64) AppleWebKit/537.36 (KHTML, like Gecko) Chrome/114.0.0.0 Safari/537.36 0.055
0:0:0:0:0:0:0:1 - - [18/Jun/2023:16:46:57 +0100] GET /publisher/site/public/fonts/Open_Sans/mem8YaGs126MiZpBA-UFVZ0bf8pkAg.woff2 HTTP/1.1 200 8892 https://localhost:9443/publisher/site/public/css/main.css Mozilla/5.0 (Windows NT 10.0; Win64; x64) AppleWebKit/537.36 (KHTML, like Gecko) Chrome/114.0.0.0 Safari/537.36 0.005
0:0:0:0:0:0:0:1 - - [18/Jun/2023:16:46:57 +0100] GET /publisher/site/public/dist/DeferredAPIs.425e55b4e7fd37d8ac00.bundle.js HTTP/1.1 200 35600 https://localhost:9443/publisher/apis/c6b17439-fa73-4d33-a618-bf5b18176cd8/overview Mozilla/5.0 (Windows NT 10.0; Win64; x64) AppleWebKit/537.36 (KHTML, like Gecko) Chrome/114.0.0.0 Safari/537.36 0.007
0:0:0:0:0:0:0:1 - - [18/Jun/2023:16:46:57 +0100] GET /publisher/site/public/images/logo.svg HTTP/1.1 200 18050 https://localhost:9443/publisher/apis/c6b17439-fa73-4d33-a618-bf5b18176cd8/overview Mozilla/5.0 (Windows NT 10.0; Win64; x64) AppleWebKit/537.36 (KHTML, like Gecko) Chrome/114.0.0.0 Safari/537.36 0.002
0:0:0:0:0:0:0:1 - - [18/Jun/2023:16:46:57 +0100] GET /publisher/site/public/fonts/iconfont/MaterialIcons-Regular.woff2 HTTP/1.1 200 60840 https://localhost:9443/publisher/site/public/fonts/iconfont/material-icons.css Mozilla/5.0 (Windows NT 10.0; Win64; x64) AppleWebKit/537.36 (KHTML, like Gecko) Chrome/114.0.0.0 Safari/537.36 0.004
0:0:0:0:0:0:0:1 - - [18/Jun/2023:16:46:57 +0100] GET /publisher/site/public/dist/APICreateRoutes.8b6d72f7c544eb8d0449.bundle.js HTTP/1.1 200 33869 https://localhost:9443/publisher/apis/c6b17439-fa73-4d33-a618-bf5b18176cd8/overview Mozilla/5.0 (Windows NT 10.0; Win64; x64) AppleWebKit/537.36 (KHTML, like Gecko) Chrome/114.0.0.0 Safari/537.36 0.009
0:0:0:0:0:0:0:1 - - [18/Jun/2023:16:46:57 +0100] GET /publisher/site/public/dist/vendors~APICreateRoutes~DeferredDetails.0ce2ce98475cbbfdf471.bundle.js HTTP/1.1 200 233218 https://localhost:9443/publisher/apis/c6b17439-fa73-4d33-a618-bf5b18176cd8/overview Mozilla/5.0 (Windows NT 10.0; Win64; x64) AppleWebKit/537.36 (KHTML, like Gecko) Chrome/114.0.0.0 Safari/537.36 0.037
0:0:0:0:0:0:0:1 - - [18/Jun/2023:16:46:58 +0100] GET /publisher/site/public/dist/vendors~APICreateRoutes~DeferredDetails.0ce2ce98475cbbfdf471.bundle.js HTTP/1.1 200 233218 https://localhost:9443/publisher/apis/c6b17439-fa73-4d33-a618-bf5b18176cd8/overview Mozilla/5.0 (Windows NT 10.0; Win64; x64) AppleWebKit/537.36 (KHTML, like Gecko) Chrome/114.0.0.0 Safari/537.36 0.035
0:0:0:0:0:0:0:1 - - [18/Jun/2023:16:46:58 +0100] GET /publisher/site/public/dist/vendors~DeferredDetails~ServiceOverviewSwaggerUI.3ea84b30051dfc22c735.bundle.js HTTP/1.1 200 291792 https://localhost:9443/publisher/apis/c6b17439-fa73-4d33-a618-bf5b18176cd8/overview Mozilla/5.0 (Windows NT 10.0; Win64; x64) AppleWebKit/537.36 (KHTML, like Gecko) Chrome/114.0.0.0 Safari/537.36 0.037
0:0:0:0:0:0:0:1 - - [18/Jun/2023:16:46:58 +0100] GET /publisher/site/public/dist/DeferredDetails.3ff6471ca073c3fae95c.bundle.js HTTP/1.1 200 362428 https://localhost:9443/publisher/apis/c6b17439-fa73-4d33-a618-bf5b18176cd8/overview Mozilla/5.0 (Windows NT 10.0; Win64; x64) AppleWebKit/537.36 (KHTML, like Gecko) Chrome/114.0.0.0 Safari/537.36 0.061
0:0:0:0:0:0:0:1 - - [18/Jun/2023:16:46:58 +0100] GET /publisher/site/public/dist/vendors~APIDefMonacoEditor~DeferredDetails.0410733b10571837e5bf.bundle.js HTTP/1.1 200 597949 https://localhost:9443/publisher/apis/c6b17439-fa73-4d33-a618-bf5b18176cd8/overview Mozilla/5.0 (Windows NT 10.0; Win64; x64) AppleWebKit/537.36 (KHTML, like Gecko) Chrome/114.0.0.0 Safari/537.36 0.095
0:0:0:0:0:0:0:1 - - [18/Jun/2023:16:46:58 +0100] GET /publisher/site/public/dist/vendors~DeferredDetails.d8226739a0c79035996f.bundle.js HTTP/1.1 200 816453 https://localhost:9443/publisher/apis/c6b17439-fa73-4d33-a618-bf5b18176cd8/overview Mozilla/5.0 (Windows NT 10.0; Win64; x64) AppleWebKit/537.36 (KHTML, like Gecko) Chrome/114.0.0.0 Safari/537.36 0.116
0:0:0:0:0:0:0:1 - - [18/Jun/2023:16:46:58 +0100] GET /api/am/publisher/v4/swagger.yaml HTTP/1.1 200 44514 https://localhost:9443/publisher/apis/c6b17439-fa73-4d33-a618-bf5b18176cd8/overview Mozilla/5.0 (Windows NT 10.0; Win64; x64) AppleWebKit/537.36 (KHTML, like Gecko) Chrome/114.0.0.0 Safari/537.36 0.025
0:0:0:0:0:0:0:1 - - [18/Jun/2023:16:46:59 +0100] GET /api/am/publisher/v4/tenants?state=active HTTP/1.1 200 96 https://localhost:9443/publisher/apis/c6b17439-fa73-4d33-a618-bf5b18176cd8/overview Mozilla/5.0 (Windows NT 10.0; Win64; x64) AppleWebKit/537.36 (KHTML, like Gecko) Chrome/114.0.0.0 Safari/537.36 0.009
0:0:0:0:0:0:0:1 - - [18/Jun/2023:16:47:02 +0100] GET /oidc/checksession?client_id=bcnL5Jqa63Z3eEnQ8WMegfk9rKsa&redirect_uri=https://localhost:9443/publisher/services/auth/callback/login HTTP/1.1 200 3134 https://localhost:9443/publisher/apis/c6b17439-fa73-4d33-a618-bf5b18176cd8/overview Mozilla/5.0 (Windows NT 10.0; Win64; x64) AppleWebKit/537.36 (KHTML, like Gecko) Chrome/114.0.0.0 Safari/537.36 4.656
0:0:0:0:0:0:0:1 - - [18/Jun/2023:16:47:02 +0100] GET /publisher/site/public/images/favicon.ico HTTP/1.1 200 162098 https://localhost:9443/publisher/apis/c6b17439-fa73-4d33-a618-bf5b18176cd8/overview Mozilla/5.0 (Windows NT 10.0; Win64; x64) AppleWebKit/537.36 (KHTML, like Gecko) Chrome/114.0.0.0 Safari/537.36 0.014
0:0:0:0:0:0:0:1 - - [18/Jun/2023:16:47:02 +0100] GET /api/am/publisher/v4/apis/c6b17439-fa73-4d33-a618-bf5b18176cd8 HTTP/1.1 200 2311 https://localhost:9443/publisher/apis/c6b17439-fa73-4d33-a618-bf5b18176cd8/overview Mozilla/5.0 (Windows NT 10.0; Win64; x64) AppleWebKit/537.36 (KHTML, like Gecko) Chrome/114.0.0.0 Safari/537.36 3.284
0:0:0:0:0:0:0:1 - - [18/Jun/2023:16:47:02 +0100] GET /api/am/publisher/v4/settings HTTP/1.1 200 726 https://localhost:9443/publisher/apis/c6b17439-fa73-4d33-a618-bf5b18176cd8/overview Mozilla/5.0 (Windows NT 10.0; Win64; x64) AppleWebKit/537.36 (KHTML, like Gecko) Chrome/114.0.0.0 Safari/537.36 3.489
0:0:0:0:0:0:0:1 - - [18/Jun/2023:16:47:02 +0100] GET /api/am/publisher/v4/apis/c6b17439-fa73-4d33-a618-bf5b18176cd8/revisions HTTP/1.1 200 409 https://localhost:9443/publisher/apis/c6b17439-fa73-4d33-a618-bf5b18176cd8/overview Mozilla/5.0 (Windows NT 10.0; Win64; x64) AppleWebKit/537.36 (KHTML, like Gecko) Chrome/114.0.0.0 Safari/537.36 0.005
0:0:0:0:0:0:0:1 - - [18/Jun/2023:16:47:02 +0100] GET /api/am/publisher/v4/apis/c6b17439-fa73-4d33-a618-bf5b18176cd8/revisions?query=deployed%3Atrue HTTP/1.1 200 389 https://localhost:9443/publisher/apis/c6b17439-fa73-4d33-a618-bf5b18176cd8/overview Mozilla/5.0 (Windows NT 10.0; Win64; x64) AppleWebKit/537.36 (KHTML, like Gecko) Chrome/114.0.0.0 Safari/537.36 0.004
0:0:0:0:0:0:0:1 - - [18/Jun/2023:16:47:02 +0100] GET /api/am/publisher/v4/apis/c6b17439-fa73-4d33-a618-bf5b18176cd8/revisions?query=deployed%3Atrue HTTP/1.1 200 389 https://localhost:9443/publisher/apis/c6b17439-fa73-4d33-a618-bf5b18176cd8/overview Mozilla/5.0 (Windows NT 10.0; Win64; x64) AppleWebKit/537.36 (KHTML, like Gecko) Chrome/114.0.0.0 Safari/537.36 0.004
0:0:0:0:0:0:0:1 - - [18/Jun/2023:16:47:02 +0100] GET /api/am/publisher/v4/apis/c6b17439-fa73-4d33-a618-bf5b18176cd8/swagger HTTP/1.1 200 1288 https://localhost:9443/publisher/apis/c6b17439-fa73-4d33-a618-bf5b18176cd8/overview Mozilla/5.0 (Windows NT 10.0; Win64; x64) AppleWebKit/537.36 (KHTML, like Gecko) Chrome/114.0.0.0 Safari/537.36 0.039
0:0:0:0:0:0:0:1 - - [18/Jun/2023:16:47:02 +0100] GET /api/am/publisher/v4/apis/c6b17439-fa73-4d33-a618-bf5b18176cd8/revisions?query=deployed%3Atrue HTTP/1.1 200 389 https://localhost:9443/publisher/apis/c6b17439-fa73-4d33-a618-bf5b18176cd8/overview Mozilla/5.0 (Windows NT 10.0; Win64; x64) AppleWebKit/537.36 (KHTML, like Gecko) Chrome/114.0.0.0 Safari/537.36 0.004
0:0:0:0:0:0:0:1 - - [18/Jun/2023:16:47:02 +0100] GET /publisher/site/public/fonts/Open_Sans/mem5YaGs126MiZpBA-UNirkOUuhpKKSTjw.woff2 HTTP/1.1 200 8916 https://localhost:9443/publisher/site/public/css/main.css Mozilla/5.0 (Windows NT 10.0; Win64; x64) AppleWebKit/537.36 (KHTML, like Gecko) Chrome/114.0.0.0 Safari/537.36 0.002
0:0:0:0:0:0:0:1 - - [18/Jun/2023:16:47:02 +0100] GET /publisher/site/public/fonts/Open_Sans/mem5YaGs126MiZpBA-UN_r8OUuhpKKSTjw.woff2 HTTP/1.1 200 8732 https://localhost:9443/publisher/site/public/css/main.css Mozilla/5.0 (Windows NT 10.0; Win64; x64) AppleWebKit/537.36 (KHTML, like Gecko) Chrome/114.0.0.0 Safari/537.36 0.002
0:0:0:0:0:0:0:1 - - [18/Jun/2023:16:47:02 +0100] GET /api/am/publisher/v4/apis/c6b17439-fa73-4d33-a618-bf5b18176cd8/swagger HTTP/1.1 200 1288 https://localhost:9443/publisher/apis/c6b17439-fa73-4d33-a618-bf5b18176cd8/overview Mozilla/5.0 (Windows NT 10.0; Win64; x64) AppleWebKit/537.36 (KHTML, like Gecko) Chrome/114.0.0.0 Safari/537.36 0.017
0:0:0:0:0:0:0:1 - - [18/Jun/2023:16:47:02 +0100] GET /api/am/publisher/v4/apis/c6b17439-fa73-4d33-a618-bf5b18176cd8/revisions?query=deployed%3Atrue HTTP/1.1 200 389 https://localhost:9443/publisher/apis/c6b17439-fa73-4d33-a618-bf5b18176cd8/overview Mozilla/5.0 (Windows NT 10.0; Win64; x64) AppleWebKit/537.36 (KHTML, like Gecko) Chrome/114.0.0.0 Safari/537.36 0.004
0:0:0:0:0:0:0:1 - - [18/Jun/2023:16:47:02 +0100] GET /api/am/publisher/v4/apis/c6b17439-fa73-4d33-a618-bf5b18176cd8/swagger HTTP/1.1 200 1288 https://localhost:9443/publisher/apis/c6b17439-fa73-4d33-a618-bf5b18176cd8/overview Mozilla/5.0 (Windows NT 10.0; Win64; x64) AppleWebKit/537.36 (KHTML, like Gecko) Chrome/114.0.0.0 Safari/537.36 0.017
0:0:0:0:0:0:0:1 - - [18/Jun/2023:16:48:03 +0100] - 400 - - - 0.000
0:0:0:0:0:0:0:1 - - [18/Jun/2023:16:48:06 +0100] - 400 - - - 0.000
0:0:0:0:0:0:0:1 - - [18/Jun/2023:16:48:06 +0100] - 400 - - - 0.000
0:0:0:0:0:0:0:1 - - [18/Jun/2023:16:48:06 +0100] - 400 - - - 0.000
0:0:0:0:0:0:0:1 - - [18/Jun/2023:16:48:10 +0100] GET /api/am/publisher/v4/apis/c6b17439-fa73-4d33-a618-bf5b18176cd8/operation-policies?limit=500 HTTP/1.1 200 1367 https://localhost:9443/publisher/apis/c6b17439-fa73-4d33-a618-bf5b18176cd8/policies Mozilla/5.0 (Windows NT 10.0; Win64; x64) AppleWebKit/537.36 (KHTML, like Gecko) Chrome/114.0.0.0 Safari/537.36 4.604
0:0:0:0:0:0:0:1 - - [18/Jun/2023:16:48:10 +0100] GET /api/am/publisher/v4/operation-policies?limit=500 HTTP/1.1 200 4567 https://localhost:9443/publisher/apis/c6b17439-fa73-4d33-a618-bf5b18176cd8/policies Mozilla/5.0 (Windows NT 10.0; Win64; x64) AppleWebKit/537.36 (KHTML, like Gecko) Chrome/114.0.0.0 Safari/537.36 4.603
0:0:0:0:0:0:0:1 - - [18/Jun/2023:16:48:10 +0100] GET /api/am/publisher/v4/apis/c6b17439-fa73-4d33-a618-bf5b18176cd8/swagger HTTP/1.1 200 1288 https://localhost:9443/publisher/apis/c6b17439-fa73-4d33-a618-bf5b18176cd8/policies Mozilla/5.0 (Windows NT 10.0; Win64; x64) AppleWebKit/537.36 (KHTML, like Gecko) Chrome/114.0.0.0 Safari/537.36 4.619
0:0:0:0:0:0:0:1 - - [18/Jun/2023:16:49:02 +0100] - 400 - - - 0.000
0:0:0:0:0:0:0:1 - - [18/Jun/2023:16:49:02 +0100] GET /api/am/publisher/v4/apis/c6b17439-fa73-4d33-a618-bf5b18176cd8/operation-policies/2a0dac85-8266-495d-8a17-ba0aeb87ac96 HTTP/1.1 200 392 https://localhost:9443/publisher/apis/c6b17439-fa73-4d33-a618-bf5b18176cd8/policies Mozilla/5.0 (Windows NT 10.0; Win64; x64) AppleWebKit/537.36 (KHTML, like Gecko) Chrome/114.0.0.0 Safari/537.36 0.010
0:0:0:0:0:0:0:1 - - [18/Jun/2023:16:49:15 +0100] - 400 - - - 0.000
0:0:0:0:0:0:0:1 - - [18/Jun/2023:16:49:15 +0100] DELETE /api/am/publisher/v4/apis/c6b17439-fa73-4d33-a618-bf5b18176cd8/operation-policies/4fe4ead4-a4ba-4985-a854-459babd6cfba HTTP/1.1 500 333 https://localhost:9443/publisher/apis/c6b17439-fa73-4d33-a618-bf5b18176cd8/policies Mozilla/5.0 (Windows NT 10.0; Win64; x64) AppleWebKit/537.36 (KHTML, like Gecko) Chrome/114.0.0.0 Safari/537.36 0.007
0:0:0:0:0:0:0:1 - - [18/Jun/2023:16:49:17 +0100] - 400 - - - 0.000
127.0.0.1 - - [18/Jun/2023:16:49:17 +0100] GET /api/identity/oauth2/v1.0/scopes/name/User HTTP/1.1 200 189 - Apache-HttpClient/4.5.13 (Java/17.0.6) 0.018
127.0.0.1 - - [18/Jun/2023:16:49:17 +0100] GET /api/identity/oauth2/v1.0/scopes/name/Admin HTTP/1.1 200 153 - Apache-HttpClient/4.5.13 (Java/17.0.6) 0.005
0:0:0:0:0:0:0:1 - - [18/Jun/2023:16:49:18 +0100] PUT /api/am/publisher/v4/apis/c6b17439-fa73-4d33-a618-bf5b18176cd8 HTTP/1.1 200 2231 https://localhost:9443/publisher/apis/c6b17439-fa73-4d33-a618-bf5b18176cd8/policies Mozilla/5.0 (Windows NT 10.0; Win64; x64) AppleWebKit/537.36 (KHTML, like Gecko) Chrome/114.0.0.0 Safari/537.36 0.219
0:0:0:0:0:0:0:1 - - [18/Jun/2023:16:49:18 +0100] - 400 - - - 0.000
0:0:0:0:0:0:0:1 - - [18/Jun/2023:16:49:18 +0100] - 400 - - - 0.000
0:0:0:0:0:0:0:1 - - [18/Jun/2023:16:49:18 +0100] GET /api/am/publisher/v4/apis/c6b17439-fa73-4d33-a618-bf5b18176cd8/operation-policies?limit=500 HTTP/1.1 200 1367 https://localhost:9443/publisher/apis/c6b17439-fa73-4d33-a618-bf5b18176cd8/policies Mozilla/5.0 (Windows NT 10.0; Win64; x64) AppleWebKit/537.36 (KHTML, like Gecko) Chrome/114.0.0.0 Safari/537.36 0.005
0:0:0:0:0:0:0:1 - - [18/Jun/2023:16:49:18 +0100] GET /api/am/publisher/v4/operation-policies?limit=500 HTTP/1.1 200 4567 https://localhost:9443/publisher/apis/c6b17439-fa73-4d33-a618-bf5b18176cd8/policies Mozilla/5.0 (Windows NT 10.0; Win64; x64) AppleWebKit/537.36 (KHTML, like Gecko) Chrome/114.0.0.0 Safari/537.36 0.005
0:0:0:0:0:0:0:1 - - [18/Jun/2023:16:49:18 +0100] GET /api/am/publisher/v4/apis/c6b17439-fa73-4d33-a618-bf5b18176cd8/swagger HTTP/1.1 200 1288 https://localhost:9443/publisher/apis/c6b17439-fa73-4d33-a618-bf5b18176cd8/policies Mozilla/5.0 (Windows NT 10.0; Win64; x64) AppleWebKit/537.36 (KHTML, like Gecko) Chrome/114.0.0.0 Safari/537.36 0.024
127.0.0.1 - - [18/Jun/2023:16:49:23 +0100] GET /internal/data/v1/apis?context=/acme_pt/1.0.0&version=1.0.0&gatewayLabel=Default HTTP/1.1 200 619 - Apache-HttpClient/4.5.13 (Java/17.0.6) 0.007
127.0.0.1 - - [18/Jun/2023:16:49:23 +0100] GET /internal/data/v1/apis?context=/acme_pt/1.0.0&version=1.0.0&gatewayLabel=Default HTTP/1.1 200 619 - Apache-HttpClient/4.5.13 (Java/17.0.6) 0.003
0:0:0:0:0:0:0:1 - - [18/Jun/2023:16:49:23 +0100] DELETE /api/am/publisher/v4/apis/c6b17439-fa73-4d33-a618-bf5b18176cd8/operation-policies/2a0dac85-8266-495d-8a17-ba0aeb87ac96 HTTP/1.1 200 - https://localhost:9443/publisher/apis/c6b17439-fa73-4d33-a618-bf5b18176cd8/policies Mozilla/5.0 (Windows NT 10.0; Win64; x64) AppleWebKit/537.36 (KHTML, like Gecko) Chrome/114.0.0.0 Safari/537.36 0.004
0:0:0:0:0:0:0:1 - - [18/Jun/2023:16:49:23 +0100] GET /api/am/publisher/v4/apis/c6b17439-fa73-4d33-a618-bf5b18176cd8/operation-policies?limit=500 HTTP/1.1 200 1302 https://localhost:9443/publisher/apis/c6b17439-fa73-4d33-a618-bf5b18176cd8/policies Mozilla/5.0 (Windows NT 10.0; Win64; x64) AppleWebKit/537.36 (KHTML, like Gecko) Chrome/114.0.0.0 Safari/537.36 0.004
0:0:0:0:0:0:0:1 - - [18/Jun/2023:16:49:23 +0100] GET /api/am/publisher/v4/operation-policies?limit=500 HTTP/1.1 200 4567 https://localhost:9443/publisher/apis/c6b17439-fa73-4d33-a618-bf5b18176cd8/policies Mozilla/5.0 (Windows NT 10.0; Win64; x64) AppleWebKit/537.36 (KHTML, like Gecko) Chrome/114.0.0.0 Safari/537.36 0.005
0:0:0:0:0:0:0:1 - - [18/Jun/2023:16:49:26 +0100] DELETE /api/am/publisher/v4/apis/c6b17439-fa73-4d33-a618-bf5b18176cd8/operation-policies/4fe4ead4-a4ba-4985-a854-459babd6cfba HTTP/1.1 200 - https://localhost:9443/publisher/apis/c6b17439-fa73-4d33-a618-bf5b18176cd8/policies Mozilla/5.0 (Windows NT 10.0; Win64; x64) AppleWebKit/537.36 (KHTML, like Gecko) Chrome/114.0.0.0 Safari/537.36 0.004
0:0:0:0:0:0:0:1 - - [18/Jun/2023:16:49:26 +0100] GET /api/am/publisher/v4/apis/c6b17439-fa73-4d33-a618-bf5b18176cd8/operation-policies?limit=500 HTTP/1.1 200 1212 https://localhost:9443/publisher/apis/c6b17439-fa73-4d33-a618-bf5b18176cd8/policies Mozilla/5.0 (Windows NT 10.0; Win64; x64) AppleWebKit/537.36 (KHTML, like Gecko) Chrome/114.0.0.0 Safari/537.36 0.005
0:0:0:0:0:0:0:1 - - [18/Jun/2023:16:49:26 +0100] GET /api/am/publisher/v4/operation-policies?limit=500 HTTP/1.1 200 4567 https://localhost:9443/publisher/apis/c6b17439-fa73-4d33-a618-bf5b18176cd8/policies Mozilla/5.0 (Windows NT 10.0; Win64; x64) AppleWebKit/537.36 (KHTML, like Gecko) Chrome/114.0.0.0 Safari/537.36 0.005
0:0:0:0:0:0:0:1 - - [18/Jun/2023:16:49:56 +0100] - 400 - - - 0.000
0:0:0:0:0:0:0:1 - - [18/Jun/2023:16:49:56 +0100] POST /api/am/publisher/v4/apis/c6b17439-fa73-4d33-a618-bf5b18176cd8/operation-policies HTTP/1.1 201 392 https://localhost:9443/publisher/apis/c6b17439-fa73-4d33-a618-bf5b18176cd8/policies Mozilla/5.0 (Windows NT 10.0; Win64; x64) AppleWebKit/537.36 (KHTML, like Gecko) Chrome/114.0.0.0 Safari/537.36 0.013
0:0:0:0:0:0:0:1 - - [18/Jun/2023:16:49:56 +0100] - 400 - - - 0.000
0:0:0:0:0:0:0:1 - - [18/Jun/2023:16:49:56 +0100] GET /api/am/publisher/v4/apis/c6b17439-fa73-4d33-a618-bf5b18176cd8/operation-policies?limit=500 HTTP/1.1 200 1301 https://localhost:9443/publisher/apis/c6b17439-fa73-4d33-a618-bf5b18176cd8/policies Mozilla/5.0 (Windows NT 10.0; Win64; x64) AppleWebKit/537.36 (KHTML, like Gecko) Chrome/114.0.0.0 Safari/537.36 0.007
0:0:0:0:0:0:0:1 - - [18/Jun/2023:16:49:56 +0100] GET /api/am/publisher/v4/operation-policies?limit=500 HTTP/1.1 200 4567 https://localhost:9443/publisher/apis/c6b17439-fa73-4d33-a618-bf5b18176cd8/policies Mozilla/5.0 (Windows NT 10.0; Win64; x64) AppleWebKit/537.36 (KHTML, like Gecko) Chrome/114.0.0.0 Safari/537.36 0.008
0:0:0:0:0:0:0:1 - - [18/Jun/2023:16:50:14 +0100] - 400 - - - 0.000
0:0:0:0:0:0:0:1 - - [18/Jun/2023:16:50:14 +0100] POST /api/am/publisher/v4/apis/c6b17439-fa73-4d33-a618-bf5b18176cd8/operation-policies HTTP/1.1 201 392 https://localhost:9443/publisher/apis/c6b17439-fa73-4d33-a618-bf5b18176cd8/policies Mozilla/5.0 (Windows NT 10.0; Win64; x64) AppleWebKit/537.36 (KHTML, like Gecko) Chrome/114.0.0.0 Safari/537.36 0.007
0:0:0:0:0:0:0:1 - - [18/Jun/2023:16:50:14 +0100] - 400 - - - 0.000
0:0:0:0:0:0:0:1 - - [18/Jun/2023:16:50:14 +0100] GET /api/am/publisher/v4/apis/c6b17439-fa73-4d33-a618-bf5b18176cd8/operation-policies?limit=500 HTTP/1.1 200 1362 https://localhost:9443/publisher/apis/c6b17439-fa73-4d33-a618-bf5b18176cd8/policies Mozilla/5.0 (Windows NT 10.0; Win64; x64) AppleWebKit/537.36 (KHTML, like Gecko) Chrome/114.0.0.0 Safari/537.36 0.004
0:0:0:0:0:0:0:1 - - [18/Jun/2023:16:50:14 +0100] GET /api/am/publisher/v4/operation-policies?limit=500 HTTP/1.1 200 4567 https://localhost:9443/publisher/apis/c6b17439-fa73-4d33-a618-bf5b18176cd8/policies Mozilla/5.0 (Windows NT 10.0; Win64; x64) AppleWebKit/537.36 (KHTML, like Gecko) Chrome/114.0.0.0 Safari/537.36 0.004
0:0:0:0:0:0:0:1 - - [18/Jun/2023:16:50:37 +0100] - 400 - - - 0.000
127.0.0.1 - - [18/Jun/2023:16:50:37 +0100] GET /api/identity/oauth2/v1.0/scopes/name/User HTTP/1.1 200 189 - Apache-HttpClient/4.5.13 (Java/17.0.6) 0.006
127.0.0.1 - - [18/Jun/2023:16:50:37 +0100] GET /api/identity/oauth2/v1.0/scopes/name/Admin HTTP/1.1 200 153 - Apache-HttpClient/4.5.13 (Java/17.0.6) 0.005
0:0:0:0:0:0:0:1 - - [18/Jun/2023:16:50:37 +0100] - 400 - - - 0.000
0:0:0:0:0:0:0:1 - - [18/Jun/2023:16:50:37 +0100] PUT /api/am/publisher/v4/apis/c6b17439-fa73-4d33-a618-bf5b18176cd8 HTTP/1.1 200 2315 https://localhost:9443/publisher/apis/c6b17439-fa73-4d33-a618-bf5b18176cd8/deployments Mozilla/5.0 (Windows NT 10.0; Win64; x64) AppleWebKit/537.36 (KHTML, like Gecko) Chrome/114.0.0.0 Safari/537.36 0.176
0:0:0:0:0:0:0:1 - - [18/Jun/2023:16:50:37 +0100] GET /api/am/publisher/v4/apis/c6b17439-fa73-4d33-a618-bf5b18176cd8/asyncapi HTTP/1.1 200 - https://localhost:9443/publisher/apis/c6b17439-fa73-4d33-a618-bf5b18176cd8/deployments Mozilla/5.0 (Windows NT 10.0; Win64; x64) AppleWebKit/537.36 (KHTML, like Gecko) Chrome/114.0.0.0 Safari/537.36 0.030
0:0:0:0:0:0:0:1 - - [18/Jun/2023:16:50:37 +0100] GET /api/am/publisher/v4/apis/c6b17439-fa73-4d33-a618-bf5b18176cd8/asyncapi HTTP/1.1 200 - https://localhost:9443/publisher/apis/c6b17439-fa73-4d33-a618-bf5b18176cd8/deployments Mozilla/5.0 (Windows NT 10.0; Win64; x64) AppleWebKit/537.36 (KHTML, like Gecko) Chrome/114.0.0.0 Safari/537.36 0.010
0:0:0:0:0:0:0:1 - - [18/Jun/2023:16:50:41 +0100] DELETE /api/am/publisher/v4/apis/c6b17439-fa73-4d33-a618-bf5b18176cd8/revisions/d7c8a15e-90bf-4b48-9016-5cab21ecd84c HTTP/1.1 200 974 https://localhost:9443/publisher/apis/c6b17439-fa73-4d33-a618-bf5b18176cd8/deployments Mozilla/5.0 (Windows NT 10.0; Win64; x64) AppleWebKit/537.36 (KHTML, like Gecko) Chrome/114.0.0.0 Safari/537.36 0.013
0:0:0:0:0:0:0:1 - - [18/Jun/2023:16:50:41 +0100] GET /api/am/publisher/v4/apis/c6b17439-fa73-4d33-a618-bf5b18176cd8/revisions HTTP/1.1 200 974 https://localhost:9443/publisher/apis/c6b17439-fa73-4d33-a618-bf5b18176cd8/deployments Mozilla/5.0 (Windows NT 10.0; Win64; x64) AppleWebKit/537.36 (KHTML, like Gecko) Chrome/114.0.0.0 Safari/537.36 0.003
0:0:0:0:0:0:0:1 - - [18/Jun/2023:16:50:41 +0100] - 400 - - - 0.000
0:0:0:0:0:0:0:1 - - [18/Jun/2023:16:50:41 +0100] GET /api/am/publisher/v4/apis/c6b17439-fa73-4d33-a618-bf5b18176cd8/asyncapi HTTP/1.1 200 - https://localhost:9443/publisher/apis/c6b17439-fa73-4d33-a618-bf5b18176cd8/deployments Mozilla/5.0 (Windows NT 10.0; Win64; x64) AppleWebKit/537.36 (KHTML, like Gecko) Chrome/114.0.0.0 Safari/537.36 0.010
0:0:0:0:0:0:0:1 - - [18/Jun/2023:16:50:42 +0100] POST /api/am/publisher/v4/apis/c6b17439-fa73-4d33-a618-bf5b18176cd8/revisions HTTP/1.1 201 194 https://localhost:9443/publisher/apis/c6b17439-fa73-4d33-a618-bf5b18176cd8/deployments Mozilla/5.0 (Windows NT 10.0; Win64; x64) AppleWebKit/537.36 (KHTML, like Gecko) Chrome/114.0.0.0 Safari/537.36 0.142
0:0:0:0:0:0:0:1 - - [18/Jun/2023:16:50:42 +0100] GET /api/am/publisher/v4/apis/c6b17439-fa73-4d33-a618-bf5b18176cd8/asyncapi HTTP/1.1 200 - https://localhost:9443/publisher/apis/c6b17439-fa73-4d33-a618-bf5b18176cd8/deployments Mozilla/5.0 (Windows NT 10.0; Win64; x64) AppleWebKit/537.36 (KHTML, like Gecko) Chrome/114.0.0.0 Safari/537.36 0.008
127.0.0.1 - - [18/Jun/2023:16:50:42 +0100] GET /internal/data/v1/apis?context=/acme_pt/1.0.0&version=1.0.0&gatewayLabel=Default HTTP/1.1 200 619 - Apache-HttpClient/4.5.13 (Java/17.0.6) 0.004
0:0:0:0:0:0:0:1 - - [18/Jun/2023:16:50:42 +0100] POST /api/am/publisher/v4/apis/c6b17439-fa73-4d33-a618-bf5b18176cd8/deploy-revision?revisionId=5a03d764-0819-48f8-af18-8bb1862bb7a4 HTTP/1.1 201 176 https://localhost:9443/publisher/apis/c6b17439-fa73-4d33-a618-bf5b18176cd8/deployments Mozilla/5.0 (Windows NT 10.0; Win64; x64) AppleWebKit/537.36 (KHTML, like Gecko) Chrome/114.0.0.0 Safari/537.36 0.024
127.0.0.1 - - [18/Jun/2023:16:50:42 +0100] GET /internal/data/v1/apis?context=/acme_pt/1.0.0&version=1.0.0&gatewayLabel=Default HTTP/1.1 200 619 - Apache-HttpClient/4.5.13 (Java/17.0.6) 0.004
0:0:0:0:0:0:0:1 - - [18/Jun/2023:16:50:42 +0100] GET /api/am/publisher/v4/apis/c6b17439-fa73-4d33-a618-bf5b18176cd8/revisions HTTP/1.1 200 411 https://localhost:9443/publisher/apis/c6b17439-fa73-4d33-a618-bf5b18176cd8/deployments Mozilla/5.0 (Windows NT 10.0; Win64; x64) AppleWebKit/537.36 (KHTML, like Gecko) Chrome/114.0.0.0 Safari/537.36 0.003
0:0:0:0:0:0:0:1 - - [18/Jun/2023:16:50:42 +0100] - 400 - - - 0.000
0:0:0:0:0:0:0:1 - - [18/Jun/2023:16:50:42 +0100] GET /api/am/publisher/v4/apis/c6b17439-fa73-4d33-a618-bf5b18176cd8/revisions?query=deployed%3Atrue HTTP/1.1 200 389 https://localhost:9443/publisher/apis/c6b17439-fa73-4d33-a618-bf5b18176cd8/deployments Mozilla/5.0 (Windows NT 10.0; Win64; x64) AppleWebKit/537.36 (KHTML, like Gecko) Chrome/114.0.0.0 Safari/537.36 0.005
0:0:0:0:0:0:0:1 - - [18/Jun/2023:16:50:42 +0100] GET /api/am/publisher/v4/apis/c6b17439-fa73-4d33-a618-bf5b18176cd8/asyncapi HTTP/1.1 200 - https://localhost:9443/publisher/apis/c6b17439-fa73-4d33-a618-bf5b18176cd8/deployments Mozilla/5.0 (Windows NT 10.0; Win64; x64) AppleWebKit/537.36 (KHTML, like Gecko) Chrome/114.0.0.0 Safari/537.36 0.011
0:0:0:0:0:0:0:1 - - [18/Jun/2023:16:50:42 +0100] GET /api/am/publisher/v4/apis/c6b17439-fa73-4d33-a618-bf5b18176cd8/asyncapi HTTP/1.1 200 - https://localhost:9443/publisher/apis/c6b17439-fa73-4d33-a618-bf5b18176cd8/deployments Mozilla/5.0 (Windows NT 10.0; Win64; x64) AppleWebKit/537.36 (KHTML, like Gecko) Chrome/114.0.0.0 Safari/537.36 0.008
0:0:0:0:0:0:0:1 - - [18/Jun/2023:16:50:43 +0100] GET /api/am/publisher/v4/apis/c6b17439-fa73-4d33-a618-bf5b18176cd8/asyncapi HTTP/1.1 200 - https://localhost:9443/publisher/apis/c6b17439-fa73-4d33-a618-bf5b18176cd8/deployments Mozilla/5.0 (Windows NT 10.0; Win64; x64) AppleWebKit/537.36 (KHTML, like Gecko) Chrome/114.0.0.0 Safari/537.36 0.017
127.0.0.1 - - [18/Jun/2023:16:50:47 +0100] GET /internal/data/v1/apis?context=/acme_pt/1.0.0&version=1.0.0&gatewayLabel=Default HTTP/1.1 200 619 - Apache-HttpClient/4.5.13 (Java/17.0.6) 0.012
127.0.0.1 - - [18/Jun/2023:16:50:52 +0100] GET /internal/data/v1/runtime-artifacts?apiId=c6b17439-fa73-4d33-a618-bf5b18176cd8&gatewayLabel=RGVmYXVsdA&type=Synapse HTTP/1.1 200 5577 - Apache-HttpClient/4.5.13 (Java/17.0.6) 0.203
127.0.0.1 - - [18/Jun/2023:16:50:52 +0100] GET /internal/data/v1/apis?context=/acme_pt/1.0.0&version=1.0.0&gatewayLabel=Default HTTP/1.1 200 619 - Apache-HttpClient/4.5.13 (Java/17.0.6) 0.004
0:0:0:0:0:0:0:1 - - [18/Jun/2023:16:53:02 +0100] - 400 - - - 0.000
0:0:0:0:0:0:0:1 - - [18/Jun/2023:16:53:02 +0100] - 400 - - - 0.000
0:0:0:0:0:0:0:1 - - [18/Jun/2023:16:53:02 +0100] - 400 - - - 0.000
0:0:0:0:0:0:0:1 - - [18/Jun/2023:16:53:02 +0100] - 400 - - - 0.000
0:0:0:0:0:0:0:1 - - [18/Jun/2023:16:53:02 +0100] GET /api/am/publisher/v4/scopes HTTP/1.1 200 388 https://localhost:9443/publisher/apis/c6b17439-fa73-4d33-a618-bf5b18176cd8/resources Mozilla/5.0 (Windows NT 10.0; Win64; x64) AppleWebKit/537.36 (KHTML, like Gecko) Chrome/114.0.0.0 Safari/537.36 0.006
0:0:0:0:0:0:0:1 - - [18/Jun/2023:16:53:02 +0100] GET /api/am/publisher/v4/throttling-policies/api?limit=80 HTTP/1.1 200 407 https://localhost:9443/publisher/apis/c6b17439-fa73-4d33-a618-bf5b18176cd8/resources Mozilla/5.0 (Windows NT 10.0; Win64; x64) AppleWebKit/537.36 (KHTML, like Gecko) Chrome/114.0.0.0 Safari/537.36 0.006
0:0:0:0:0:0:0:1 - - [18/Jun/2023:16:53:02 +0100] GET /api/am/publisher/v4/apis/c6b17439-fa73-4d33-a618-bf5b18176cd8/amznResourceNames HTTP/1.1 200 2 https://localhost:9443/publisher/apis/c6b17439-fa73-4d33-a618-bf5b18176cd8/resources Mozilla/5.0 (Windows NT 10.0; Win64; x64) AppleWebKit/537.36 (KHTML, like Gecko) Chrome/114.0.0.0 Safari/537.36 0.016
0:0:0:0:0:0:0:1 - - [18/Jun/2023:16:53:02 +0100] GET /api/am/publisher/v4/apis/c6b17439-fa73-4d33-a618-bf5b18176cd8/swagger HTTP/1.1 200 1288 https://localhost:9443/publisher/apis/c6b17439-fa73-4d33-a618-bf5b18176cd8/resources Mozilla/5.0 (Windows NT 10.0; Win64; x64) AppleWebKit/537.36 (KHTML, like Gecko) Chrome/114.0.0.0 Safari/537.36 0.032
0:0:0:0:0:0:0:1 - - [18/Jun/2023:16:53:25 +0100] - 400 - - - 0.000
0:0:0:0:0:0:0:1 - - [18/Jun/2023:16:53:25 +0100] - 400 - - - 0.000
0:0:0:0:0:0:0:1 - - [18/Jun/2023:16:53:25 +0100] GET /devportal/apis/c6b17439-fa73-4d33-a618-bf5b18176cd8/test HTTP/1.1 200 1691 https://localhost:9443/devportal/apis Mozilla/5.0 (Windows NT 10.0; Win64; x64) AppleWebKit/537.36 (KHTML, like Gecko) Chrome/114.0.0.0 Safari/537.36 0.006
0:0:0:0:0:0:0:1 - - [18/Jun/2023:16:53:25 +0100] GET /devportal/site/public/css/main.css HTTP/1.1 200 2092 https://localhost:9443/devportal/apis/c6b17439-fa73-4d33-a618-bf5b18176cd8/test Mozilla/5.0 (Windows NT 10.0; Win64; x64) AppleWebKit/537.36 (KHTML, like Gecko) Chrome/114.0.0.0 Safari/537.36 0.003
0:0:0:0:0:0:0:1 - - [18/Jun/2023:16:53:25 +0100] - 400 - - - 0.000
0:0:0:0:0:0:0:1 - - [18/Jun/2023:16:53:25 +0100] - 400 - - - 0.000
0:0:0:0:0:0:0:1 - - [18/Jun/2023:16:53:25 +0100] - 400 - - - 0.000
0:0:0:0:0:0:0:1 - - [18/Jun/2023:16:53:25 +0100] - 400 - - - 0.000
0:0:0:0:0:0:0:1 - - [18/Jun/2023:16:53:25 +0100] - 400 - - - 0.000
0:0:0:0:0:0:0:1 - - [18/Jun/2023:16:53:25 +0100] GET /devportal/services/settings/settings.js HTTP/1.1 200 1474 https://localhost:9443/devportal/apis/c6b17439-fa73-4d33-a618-bf5b18176cd8/test Mozilla/5.0 (Windows NT 10.0; Win64; x64) AppleWebKit/537.36 (KHTML, like Gecko) Chrome/114.0.0.0 Safari/537.36 0.006
0:0:0:0:0:0:0:1 - - [18/Jun/2023:16:53:25 +0100] GET /devportal/site/public/fonts/iconfont/material-icons.css HTTP/1.1 200 970 https://localhost:9443/devportal/apis/c6b17439-fa73-4d33-a618-bf5b18176cd8/test Mozilla/5.0 (Windows NT 10.0; Win64; x64) AppleWebKit/537.36 (KHTML, like Gecko) Chrome/114.0.0.0 Safari/537.36 0.004
0:0:0:0:0:0:0:1 - - [18/Jun/2023:16:53:25 +0100] GET /devportal/site/public/css/overrides.css HTTP/1.1 200 - https://localhost:9443/devportal/apis/c6b17439-fa73-4d33-a618-bf5b18176cd8/test Mozilla/5.0 (Windows NT 10.0; Win64; x64) AppleWebKit/537.36 (KHTML, like Gecko) Chrome/114.0.0.0 Safari/537.36 0.004
0:0:0:0:0:0:0:1 - - [18/Jun/2023:16:53:25 +0100] GET /devportal/site/public/fonts/iconfont/MaterialIcons.js HTTP/1.1 200 6703 https://localhost:9443/devportal/apis/c6b17439-fa73-4d33-a618-bf5b18176cd8/test Mozilla/5.0 (Windows NT 10.0; Win64; x64) AppleWebKit/537.36 (KHTML, like Gecko) Chrome/114.0.0.0 Safari/537.36 0.004
0:0:0:0:0:0:0:1 - - [18/Jun/2023:16:53:25 +0100] GET /devportal/site/public/theme/userTheme.js HTTP/1.1 200 96 https://localhost:9443/devportal/apis/c6b17439-fa73-4d33-a618-bf5b18176cd8/test Mozilla/5.0 (Windows NT 10.0; Win64; x64) AppleWebKit/537.36 (KHTML, like Gecko) Chrome/114.0.0.0 Safari/537.36 0.006
0:0:0:0:0:0:0:1 - - [18/Jun/2023:16:53:25 +0100] GET /devportal/site/public/dist/index.e79b6b708401484695fc.bundle.js HTTP/1.1 200 271108 https://localhost:9443/devportal/apis/c6b17439-fa73-4d33-a618-bf5b18176cd8/test Mozilla/5.0 (Windows NT 10.0; Win64; x64) AppleWebKit/537.36 (KHTML, like Gecko) Chrome/114.0.0.0 Safari/537.36 0.033
0:0:0:0:0:0:0:1 - - [18/Jun/2023:16:53:25 +0100] GET /devportal/site/public/locales/en.json HTTP/1.1 200 57092 https://localhost:9443/devportal/apis/c6b17439-fa73-4d33-a618-bf5b18176cd8/test Mozilla/5.0 (Windows NT 10.0; Win64; x64) AppleWebKit/537.36 (KHTML, like Gecko) Chrome/114.0.0.0 Safari/537.36 0.002
0:0:0:0:0:0:0:1 - - [18/Jun/2023:16:53:25 +0100] GET /api/am/devportal/v3/swagger.yaml HTTP/1.1 200 26878 https://localhost:9443/devportal/apis/c6b17439-fa73-4d33-a618-bf5b18176cd8/test Mozilla/5.0 (Windows NT 10.0; Win64; x64) AppleWebKit/537.36 (KHTML, like Gecko) Chrome/114.0.0.0 Safari/537.36 0.007
0:0:0:0:0:0:0:1 - - [18/Jun/2023:16:53:25 +0100] GET /devportal/site/public/images/_favicon.ico HTTP/1.1 200 1150 https://localhost:9443/devportal/apis/c6b17439-fa73-4d33-a618-bf5b18176cd8/test Mozilla/5.0 (Windows NT 10.0; Win64; x64) AppleWebKit/537.36 (KHTML, like Gecko) Chrome/114.0.0.0 Safari/537.36 0.003
0:0:0:0:0:0:0:1 - - [18/Jun/2023:16:53:25 +0100] GET /devportal/site/public/images/favicon.ico HTTP/1.1 200 162098 https://localhost:9443/devportal/apis/c6b17439-fa73-4d33-a618-bf5b18176cd8/test Mozilla/5.0 (Windows NT 10.0; Win64; x64) AppleWebKit/537.36 (KHTML, like Gecko) Chrome/114.0.0.0 Safari/537.36 0.007
0:0:0:0:0:0:0:1 - - [18/Jun/2023:16:53:25 +0100] GET /api/am/devportal/v3/settings HTTP/1.1 200 915 https://localhost:9443/devportal/apis/c6b17439-fa73-4d33-a618-bf5b18176cd8/test Mozilla/5.0 (Windows NT 10.0; Win64; x64) AppleWebKit/537.36 (KHTML, like Gecko) Chrome/114.0.0.0 Safari/537.36 0.201
0:0:0:0:0:0:0:1 - - [18/Jun/2023:16:53:25 +0100] GET /devportal/site/public/dist/ProtectedApp.42893a52cd015332b409.bundle.js HTTP/1.1 200 70963 https://localhost:9443/devportal/apis/c6b17439-fa73-4d33-a618-bf5b18176cd8/test Mozilla/5.0 (Windows NT 10.0; Win64; x64) AppleWebKit/537.36 (KHTML, like Gecko) Chrome/114.0.0.0 Safari/537.36 0.008
0:0:0:0:0:0:0:1 - - [18/Jun/2023:16:53:25 +0100] GET /devportal/site/public/dist/vendors~ProtectedApp.018eeb6bd33ca37011cd.bundle.js HTTP/1.1 200 126488 https://localhost:9443/devportal/apis/c6b17439-fa73-4d33-a618-bf5b18176cd8/test Mozilla/5.0 (Windows NT 10.0; Win64; x64) AppleWebKit/537.36 (KHTML, like Gecko) Chrome/114.0.0.0 Safari/537.36 0.020
0:0:0:0:0:0:0:1 - - [18/Jun/2023:16:53:25 +0100] GET /devportal/site/public/theme/temporary_environments_config.json HTTP/1.1 200 - https://localhost:9443/devportal/apis/c6b17439-fa73-4d33-a618-bf5b18176cd8/test Mozilla/5.0 (Windows NT 10.0; Win64; x64) AppleWebKit/537.36 (KHTML, like Gecko) Chrome/114.0.0.0 Safari/537.36 0.002
0:0:0:0:0:0:0:1 - - [18/Jun/2023:16:53:25 +0100] GET /devportal/site/public/theme/temporary_features_config.json HTTP/1.1 200 - https://localhost:9443/devportal/apis/c6b17439-fa73-4d33-a618-bf5b18176cd8/test Mozilla/5.0 (Windows NT 10.0; Win64; x64) AppleWebKit/537.36 (KHTML, like Gecko) Chrome/114.0.0.0 Safari/537.36 0.002
0:0:0:0:0:0:0:1 - - [18/Jun/2023:16:53:25 +0100] GET /api/am/devportal/v3/tenants?state=active HTTP/1.1 200 96 https://localhost:9443/devportal/apis/c6b17439-fa73-4d33-a618-bf5b18176cd8/test Mozilla/5.0 (Windows NT 10.0; Win64; x64) AppleWebKit/537.36 (KHTML, like Gecko) Chrome/114.0.0.0 Safari/537.36 0.002
