0:0:0:0:0:0:0:1 - - [17/Jun/2023:16:45:17 +0100] GET /api/am/devportal/v3/apis/d02418ae-ab94-438a-87c1-83b37ef15067/comments?limit=5&offset=0 HTTP/1.1 200 101 https://localhost:9443/devportal/apis/d02418ae-ab94-438a-87c1-83b37ef15067/overview Mozilla/5.0 (Windows NT 10.0; Win64; x64) AppleWebKit/537.36 (KHTML, like Gecko) Chrome/114.0.0.0 Safari/537.36 0.010
0:0:0:0:0:0:0:1 - - [17/Jun/2023:16:45:18 +0100] GET /devportal/site/public/dist/vendors~APIConsole~APIDocuments~ApplicationDetails.632f7f3618b917dd72cb.bundle.js HTTP/1.1 200 25476 https://localhost:9443/devportal/apis/d02418ae-ab94-438a-87c1-83b37ef15067/test Mozilla/5.0 (Windows NT 10.0; Win64; x64) AppleWebKit/537.36 (KHTML, like Gecko) Chrome/114.0.0.0 Safari/537.36 0.008
0:0:0:0:0:0:0:1 - - [17/Jun/2023:16:45:18 +0100] GET /devportal/site/public/dist/vendors~APIConsole~GraphQLConsole.fdedfa5fe9df001a3725.bundle.js HTTP/1.1 200 55674 https://localhost:9443/devportal/apis/d02418ae-ab94-438a-87c1-83b37ef15067/test Mozilla/5.0 (Windows NT 10.0; Win64; x64) AppleWebKit/537.36 (KHTML, like Gecko) Chrome/114.0.0.0 Safari/537.36 0.012
0:0:0:0:0:0:0:1 - - [17/Jun/2023:16:45:18 +0100] GET /devportal/site/public/images/_favicon.ico HTTP/1.1 200 1150 https://localhost:9443/devportal/apis/d02418ae-ab94-438a-87c1-83b37ef15067/test Mozilla/5.0 (Windows NT 10.0; Win64; x64) AppleWebKit/537.36 (KHTML, like Gecko) Chrome/114.0.0.0 Safari/537.36 0.001
0:0:0:0:0:0:0:1 - - [17/Jun/2023:16:45:18 +0100] GET /devportal/site/public/dist/5.57286c37eacce5fafae0.bundle.js HTTP/1.1 200 84080 https://localhost:9443/devportal/apis/d02418ae-ab94-438a-87c1-83b37ef15067/test Mozilla/5.0 (Windows NT 10.0; Win64; x64) AppleWebKit/537.36 (KHTML, like Gecko) Chrome/114.0.0.0 Safari/537.36 0.018
0:0:0:0:0:0:0:1 - - [17/Jun/2023:16:45:18 +0100] GET /devportal/site/public/dist/APIConsole.b3e80a9dce3816857c0c.bundle.js HTTP/1.1 200 1748096 https://localhost:9443/devportal/apis/d02418ae-ab94-438a-87c1-83b37ef15067/test Mozilla/5.0 (Windows NT 10.0; Win64; x64) AppleWebKit/537.36 (KHTML, like Gecko) Chrome/114.0.0.0 Safari/537.36 0.207
0:0:0:0:0:0:0:1 - - [17/Jun/2023:16:45:18 +0100] GET /api/am/devportal/v3/apis/d02418ae-ab94-438a-87c1-83b37ef15067 HTTP/1.1 200 1683 https://localhost:9443/devportal/apis/d02418ae-ab94-438a-87c1-83b37ef15067/test Mozilla/5.0 (Windows NT 10.0; Win64; x64) AppleWebKit/537.36 (KHTML, like Gecko) Chrome/114.0.0.0 Safari/537.36 0.012
0:0:0:0:0:0:0:1 - - [17/Jun/2023:16:45:19 +0100] GET /api/am/devportal/v3/apis/d02418ae-ab94-438a-87c1-83b37ef15067/swagger?environmentName=Default HTTP/1.1 200 928 https://localhost:9443/devportal/apis/d02418ae-ab94-438a-87c1-83b37ef15067/test Mozilla/5.0 (Windows NT 10.0; Win64; x64) AppleWebKit/537.36 (KHTML, like Gecko) Chrome/114.0.0.0 Safari/537.36 0.060
0:0:0:0:0:0:0:1 - - [17/Jun/2023:16:45:19 +0100] GET /api/am/devportal/v3/swagger.yaml HTTP/1.1 200 26878 https://localhost:9443/devportal/apis/d02418ae-ab94-438a-87c1-83b37ef15067/test Mozilla/5.0 (Windows NT 10.0; Win64; x64) AppleWebKit/537.36 (KHTML, like Gecko) Chrome/114.0.0.0 Safari/537.36 0.006
127.0.0.1 - - [17/Jun/2023:16:45:19 +0100] GET /keymanager-operations/dcr/register/SEdFbjNMa0NQb0VEd1NHcVR0bDZxc3FVbGowYQ%3D%3D HTTP/1.1 200 531 - Apache-HttpClient/4.5.13 (Java/17.0.6) 0.002
127.0.0.1 - - [17/Jun/2023:16:45:19 +0100] GET /oauth2/token/.well-known/openid-configuration HTTP/1.1 200 2395 - Apache-HttpClient/4.5.13 (Java/17.0.6) 0.002
0:0:0:0:0:0:0:1 - - [17/Jun/2023:16:45:19 +0100] GET /api/am/devportal/v3/key-managers HTTP/1.1 200 763 https://localhost:9443/devportal/apis/d02418ae-ab94-438a-87c1-83b37ef15067/test Mozilla/5.0 (Windows NT 10.0; Win64; x64) AppleWebKit/537.36 (KHTML, like Gecko) Chrome/114.0.0.0 Safari/537.36 0.016
0:0:0:0:0:0:0:1 - - [17/Jun/2023:16:45:19 +0100] GET /api/am/devportal/v3/subscriptions?apiId=d02418ae-ab94-438a-87c1-83b37ef15067&limit=25 HTTP/1.1 200 713 https://localhost:9443/devportal/apis/d02418ae-ab94-438a-87c1-83b37ef15067/test Mozilla/5.0 (Windows NT 10.0; Win64; x64) AppleWebKit/537.36 (KHTML, like Gecko) Chrome/114.0.0.0 Safari/537.36 0.018
127.0.0.1 - - [17/Jun/2023:16:45:19 +0100] GET /keymanager-operations/dcr/register/SEdFbjNMa0NQb0VEd1NHcVR0bDZxc3FVbGowYQ%3D%3D HTTP/1.1 200 531 - Apache-HttpClient/4.5.13 (Java/17.0.6) 0.003
0:0:0:0:0:0:0:1 - - [17/Jun/2023:16:45:19 +0100] GET /api/am/devportal/v3/subscriptions?apiId=d02418ae-ab94-438a-87c1-83b37ef15067&limit=25 HTTP/1.1 200 713 https://localhost:9443/devportal/apis/d02418ae-ab94-438a-87c1-83b37ef15067/test Mozilla/5.0 (Windows NT 10.0; Win64; x64) AppleWebKit/537.36 (KHTML, like Gecko) Chrome/114.0.0.0 Safari/537.36 0.038
0:0:0:0:0:0:0:1 - - [17/Jun/2023:16:45:19 +0100] GET /api/am/devportal/v3/applications/ HTTP/1.1 200 492 https://localhost:9443/devportal/apis/d02418ae-ab94-438a-87c1-83b37ef15067/test Mozilla/5.0 (Windows NT 10.0; Win64; x64) AppleWebKit/537.36 (KHTML, like Gecko) Chrome/114.0.0.0 Safari/537.36 0.003
0:0:0:0:0:0:0:1 - - [17/Jun/2023:16:45:19 +0100] GET /api/am/devportal/v3/swagger.yaml HTTP/1.1 200 26878 https://localhost:9443/devportal/apis/d02418ae-ab94-438a-87c1-83b37ef15067/test Mozilla/5.0 (Windows NT 10.0; Win64; x64) AppleWebKit/537.36 (KHTML, like Gecko) Chrome/114.0.0.0 Safari/537.36 0.005
127.0.0.1 - - [17/Jun/2023:16:45:19 +0100] GET /keymanager-operations/dcr/register/SEdFbjNMa0NQb0VEd1NHcVR0bDZxc3FVbGowYQ%3D%3D HTTP/1.1 200 531 - Apache-HttpClient/4.5.13 (Java/17.0.6) 0.002
0:0:0:0:0:0:0:1 - - [17/Jun/2023:16:45:19 +0100] GET /api/am/devportal/v3/applications/6cc3231f-f7b9-437e-93fd-41d67fc514af HTTP/1.1 200 503 https://localhost:9443/devportal/apis/d02418ae-ab94-438a-87c1-83b37ef15067/test Mozilla/5.0 (Windows NT 10.0; Win64; x64) AppleWebKit/537.36 (KHTML, like Gecko) Chrome/114.0.0.0 Safari/537.36 0.012
127.0.0.1 - - [17/Jun/2023:16:45:19 +0100] GET /keymanager-operations/dcr/register/SEdFbjNMa0NQb0VEd1NHcVR0bDZxc3FVbGowYQ%3D%3D HTTP/1.1 200 531 - Apache-HttpClient/4.5.13 (Java/17.0.6) 0.001
0:0:0:0:0:0:0:1 - - [17/Jun/2023:16:45:19 +0100] GET /api/am/devportal/v3/applications/6cc3231f-f7b9-437e-93fd-41d67fc514af/oauth-keys HTTP/1.1 200 679 https://localhost:9443/devportal/apis/d02418ae-ab94-438a-87c1-83b37ef15067/test Mozilla/5.0 (Windows NT 10.0; Win64; x64) AppleWebKit/537.36 (KHTML, like Gecko) Chrome/114.0.0.0 Safari/537.36 0.009
0:0:0:0:0:0:0:1 - - [17/Jun/2023:16:45:19 +0100] GET /api/am/devportal/v3/swagger.yaml HTTP/1.1 200 26878 https://localhost:9443/devportal/apis/d02418ae-ab94-438a-87c1-83b37ef15067/test Mozilla/5.0 (Windows NT 10.0; Win64; x64) AppleWebKit/537.36 (KHTML, like Gecko) Chrome/114.0.0.0 Safari/537.36 0.006
0:0:0:0:0:0:0:1 - - [17/Jun/2023:16:45:19 +0100] GET /api/am/devportal/v3/swagger.yaml HTTP/1.1 200 26878 https://localhost:9443/devportal/apis/d02418ae-ab94-438a-87c1-83b37ef15067/test Mozilla/5.0 (Windows NT 10.0; Win64; x64) AppleWebKit/537.36 (KHTML, like Gecko) Chrome/114.0.0.0 Safari/537.36 0.007
127.0.0.1 - - [17/Jun/2023:16:45:19 +0100] GET /keymanager-operations/dcr/register/SEdFbjNMa0NQb0VEd1NHcVR0bDZxc3FVbGowYQ%3D%3D HTTP/1.1 200 531 - Apache-HttpClient/4.5.13 (Java/17.0.6) 0.002
0:0:0:0:0:0:0:1 - - [17/Jun/2023:16:45:19 +0100] GET /api/am/devportal/v3/applications/6cc3231f-f7b9-437e-93fd-41d67fc514af HTTP/1.1 200 503 https://localhost:9443/devportal/apis/d02418ae-ab94-438a-87c1-83b37ef15067/test Mozilla/5.0 (Windows NT 10.0; Win64; x64) AppleWebKit/537.36 (KHTML, like Gecko) Chrome/114.0.0.0 Safari/537.36 0.016
127.0.0.1 - - [17/Jun/2023:16:45:19 +0100] GET /keymanager-operations/dcr/register/SEdFbjNMa0NQb0VEd1NHcVR0bDZxc3FVbGowYQ%3D%3D HTTP/1.1 200 531 - Apache-HttpClient/4.5.13 (Java/17.0.6) 0.002
0:0:0:0:0:0:0:1 - - [17/Jun/2023:16:45:19 +0100] GET /api/am/devportal/v3/applications/6cc3231f-f7b9-437e-93fd-41d67fc514af HTTP/1.1 200 503 https://localhost:9443/devportal/apis/d02418ae-ab94-438a-87c1-83b37ef15067/test Mozilla/5.0 (Windows NT 10.0; Win64; x64) AppleWebKit/537.36 (KHTML, like Gecko) Chrome/114.0.0.0 Safari/537.36 0.030
127.0.0.1 - - [17/Jun/2023:16:45:19 +0100] GET /keymanager-operations/dcr/register/SEdFbjNMa0NQb0VEd1NHcVR0bDZxc3FVbGowYQ%3D%3D HTTP/1.1 200 531 - Apache-HttpClient/4.5.13 (Java/17.0.6) 0.002
0:0:0:0:0:0:0:1 - - [17/Jun/2023:16:45:19 +0100] GET /api/am/devportal/v3/applications/6cc3231f-f7b9-437e-93fd-41d67fc514af/oauth-keys HTTP/1.1 200 679 https://localhost:9443/devportal/apis/d02418ae-ab94-438a-87c1-83b37ef15067/test Mozilla/5.0 (Windows NT 10.0; Win64; x64) AppleWebKit/537.36 (KHTML, like Gecko) Chrome/114.0.0.0 Safari/537.36 0.007
127.0.0.1 - - [17/Jun/2023:16:45:19 +0100] GET /keymanager-operations/dcr/register/SEdFbjNMa0NQb0VEd1NHcVR0bDZxc3FVbGowYQ%3D%3D HTTP/1.1 200 531 - Apache-HttpClient/4.5.13 (Java/17.0.6) 0.002
0:0:0:0:0:0:0:1 - - [17/Jun/2023:16:45:19 +0100] GET /api/am/devportal/v3/applications/6cc3231f-f7b9-437e-93fd-41d67fc514af/oauth-keys HTTP/1.1 200 679 https://localhost:9443/devportal/apis/d02418ae-ab94-438a-87c1-83b37ef15067/test Mozilla/5.0 (Windows NT 10.0; Win64; x64) AppleWebKit/537.36 (KHTML, like Gecko) Chrome/114.0.0.0 Safari/537.36 0.005
0:0:0:0:0:0:0:1 - - [17/Jun/2023:16:45:20 +0100] GET /api/am/devportal/v3/swagger.yaml HTTP/1.1 200 26878 https://localhost:9443/devportal/apis/d02418ae-ab94-438a-87c1-83b37ef15067/test Mozilla/5.0 (Windows NT 10.0; Win64; x64) AppleWebKit/537.36 (KHTML, like Gecko) Chrome/114.0.0.0 Safari/537.36 0.012
127.0.0.1 - - [17/Jun/2023:16:45:20 +0100] GET /keymanager-operations/dcr/register/SEdFbjNMa0NQb0VEd1NHcVR0bDZxc3FVbGowYQ%3D%3D HTTP/1.1 200 531 - Apache-HttpClient/4.5.13 (Java/17.0.6) 0.005
0:0:0:0:0:0:0:1 - - [17/Jun/2023:16:45:20 +0100] GET /api/am/devportal/v3/applications/6cc3231f-f7b9-437e-93fd-41d67fc514af HTTP/1.1 200 503 https://localhost:9443/devportal/apis/d02418ae-ab94-438a-87c1-83b37ef15067/test Mozilla/5.0 (Windows NT 10.0; Win64; x64) AppleWebKit/537.36 (KHTML, like Gecko) Chrome/114.0.0.0 Safari/537.36 0.015
127.0.0.1 - - [17/Jun/2023:16:45:20 +0100] GET /keymanager-operations/dcr/register/SEdFbjNMa0NQb0VEd1NHcVR0bDZxc3FVbGowYQ%3D%3D HTTP/1.1 200 531 - Apache-HttpClient/4.5.13 (Java/17.0.6) 0.002
0:0:0:0:0:0:0:1 - - [17/Jun/2023:16:45:20 +0100] GET /api/am/devportal/v3/applications/6cc3231f-f7b9-437e-93fd-41d67fc514af/oauth-keys HTTP/1.1 200 679 https://localhost:9443/devportal/apis/d02418ae-ab94-438a-87c1-83b37ef15067/test Mozilla/5.0 (Windows NT 10.0; Win64; x64) AppleWebKit/537.36 (KHTML, like Gecko) Chrome/114.0.0.0 Safari/537.36 0.007
127.0.0.1 - - [17/Jun/2023:16:45:20 +0100] GET /keymanager-operations/dcr/register/SEdFbjNMa0NQb0VEd1NHcVR0bDZxc3FVbGowYQ%3D%3D HTTP/1.1 200 531 - Apache-HttpClient/4.5.13 (Java/17.0.6) 0.005
127.0.0.1 - - [17/Jun/2023:16:45:20 +0100] GET /keymanager-operations/dcr/register/SEdFbjNMa0NQb0VEd1NHcVR0bDZxc3FVbGowYQ%3D%3D HTTP/1.1 200 531 - Apache-HttpClient/4.5.13 (Java/17.0.6) 0.006
127.0.0.1 - - [17/Jun/2023:16:45:20 +0100] POST /oauth2/token HTTP/1.1 200 1190 - Apache-HttpClient/4.5.13 (Java/17.0.6) 0.012
0:0:0:0:0:0:0:1 - - [17/Jun/2023:16:45:20 +0100] POST /api/am/devportal/v3/applications/6cc3231f-f7b9-437e-93fd-41d67fc514af/oauth-keys/938ecc53-bc18-450d-be7f-559f13ed7b8d/generate-token HTTP/1.1 200 899 https://localhost:9443/devportal/apis/d02418ae-ab94-438a-87c1-83b37ef15067/test Mozilla/5.0 (Windows NT 10.0; Win64; x64) AppleWebKit/537.36 (KHTML, like Gecko) Chrome/114.0.0.0 Safari/537.36 0.069
127.0.0.1 - - [17/Jun/2023:16:45:20 +0100] POST /internal/data/v1/notify HTTP/1.1 200 - - Apache-HttpClient/4.5.13 (Java/17.0.6) 0.017
127.0.0.1 - - [17/Jun/2023:16:50:33 +0100] GET /api/am/service-catalog/v1/services HTTP/1.1 200 976 - Java/11.0.8-internal 4.568
127.0.0.1 - - [17/Jun/2023:16:50:33 +0100] POST /api/am/service-catalog/v1/services/import?overwrite=true HTTP/1.1 200 32 - Java/11.0.8-internal 0.027
127.0.0.1 - - [17/Jun/2023:16:56:05 +0100] GET /api/am/service-catalog/v1/services HTTP/1.1 200 976 - Java/11.0.8-internal 4.582
127.0.0.1 - - [17/Jun/2023:16:56:05 +0100] POST /api/am/service-catalog/v1/services/import?overwrite=true HTTP/1.1 200 32 - Java/11.0.8-internal 0.034
127.0.0.1 - - [17/Jun/2023:17:02:11 +0100] GET /api/am/service-catalog/v1/services HTTP/1.1 200 976 - Java/11.0.8-internal 4.587
127.0.0.1 - - [17/Jun/2023:17:02:11 +0100] POST /api/am/service-catalog/v1/services/import?overwrite=true HTTP/1.1 200 32 - Java/11.0.8-internal 0.027
127.0.0.1 - - [17/Jun/2023:17:02:37 +0100] GET /api/am/service-catalog/v1/services HTTP/1.1 200 976 - Java/11.0.8-internal 0.005
127.0.0.1 - - [17/Jun/2023:17:02:37 +0100] POST /api/am/service-catalog/v1/services/import?overwrite=true HTTP/1.1 200 32 - Java/11.0.8-internal 0.030
127.0.0.1 - - [17/Jun/2023:17:06:17 +0100] GET /api/am/service-catalog/v1/services HTTP/1.1 200 976 - Java/11.0.8-internal 4.592
127.0.0.1 - - [17/Jun/2023:17:06:17 +0100] POST /api/am/service-catalog/v1/services/import?overwrite=true HTTP/1.1 200 32 - Java/11.0.8-internal 0.025
127.0.0.1 - - [17/Jun/2023:17:09:31 +0100] GET /api/am/service-catalog/v1/services HTTP/1.1 200 976 - Java/11.0.8-internal 4.586
127.0.0.1 - - [17/Jun/2023:17:09:31 +0100] POST /api/am/service-catalog/v1/services/import?overwrite=true HTTP/1.1 200 32 - Java/11.0.8-internal 0.031
127.0.0.1 - - [17/Jun/2023:17:16:19 +0100] GET /api/am/service-catalog/v1/services HTTP/1.1 200 976 - Java/11.0.8-internal 4.597
127.0.0.1 - - [17/Jun/2023:17:16:19 +0100] POST /api/am/service-catalog/v1/services/import?overwrite=true HTTP/1.1 200 32 - Java/11.0.8-internal 0.028
127.0.0.1 - - [17/Jun/2023:17:47:14 +0100] GET /oauth2/token/.well-known/openid-configuration HTTP/1.1 200 2395 - Apache-HttpClient/4.5.13 (Java/17.0.6) 0.215
127.0.0.1 - - [17/Jun/2023:17:47:14 +0100] GET /internal/data/v1/subscriptions HTTP/1.1 200 810 - Apache-HttpClient/4.5.13 (Java/17.0.6) 0.463
127.0.0.1 - - [17/Jun/2023:17:47:14 +0100] GET /internal/data/v1/api-policies HTTP/1.1 200 320 - Apache-HttpClient/4.5.13 (Java/17.0.6) 0.463
127.0.0.1 - - [17/Jun/2023:17:47:14 +0100] GET /internal/data/v1/subscription-policies HTTP/1.1 200 483 - Apache-HttpClient/4.5.13 (Java/17.0.6) 0.463
127.0.0.1 - - [17/Jun/2023:17:47:14 +0100] GET /internal/data/v1/apis?gatewayLabel=Default HTTP/1.1 200 949 - Apache-HttpClient/4.5.13 (Java/17.0.6) 0.463
127.0.0.1 - - [17/Jun/2023:17:47:14 +0100] GET /internal/data/v1/applications HTTP/1.1 200 805 - Apache-HttpClient/4.5.13 (Java/17.0.6) 0.463
127.0.0.1 - - [17/Jun/2023:17:47:14 +0100] GET /internal/data/v1/application-policies HTTP/1.1 200 259 - Apache-HttpClient/4.5.13 (Java/17.0.6) 0.463
127.0.0.1 - - [17/Jun/2023:17:47:14 +0100] GET /internal/data/v1/correlation-configs HTTP/1.1 200 408 - Apache-HttpClient/4.5.13 (Java/17.0.6) 0.942
127.0.0.1 - - [17/Jun/2023:17:47:14 +0100] GET /internal/data/v1/application-key-mappings HTTP/1.1 200 453 - Apache-HttpClient/4.5.13 (Java/17.0.6) 0.463
127.0.0.1 - - [17/Jun/2023:17:47:14 +0100] GET /internal/data/v1/keymanagers HTTP/1.1 200 926 - Apache-HttpClient/4.5.13 (Java/17.0.6) 0.942
127.0.0.1 - - [17/Jun/2023:17:47:14 +0100] GET /internal/data/v1/subscription-policies HTTP/1.1 200 483 - Apache-HttpClient/4.5.13 (Java/17.0.6) 0.024
127.0.0.1 - - [17/Jun/2023:17:47:14 +0100] GET /internal/data/v1/scopes HTTP/1.1 200 207 - Apache-HttpClient/4.5.13 (Java/17.0.6) 0.083
127.0.0.1 - - [17/Jun/2023:17:47:15 +0100] GET /internal/data/v1/endpoint-certificates HTTP/1.1 200 2 - Apache-HttpClient/4.5.13 (Java/17.0.6) 0.093
127.0.0.1 - - [17/Jun/2023:17:47:15 +0100] GET /internal/data/v1/ga-config HTTP/1.1 200 396 - Apache-HttpClient/4.5.13 (Java/17.0.6) 0.011
127.0.0.1 - - [17/Jun/2023:17:47:15 +0100] GET /internal/data/v1/api-logging-configs HTTP/1.1 200 11 - Apache-HttpClient/4.5.13 (Java/17.0.6) 0.057
127.0.0.1 - - [17/Jun/2023:17:47:15 +0100] GET /internal/data/v1/webhooks-subscriptions HTTP/1.1 200 29 - Apache-HttpClient/4.5.13 (Java/17.0.6) 0.090
127.0.0.1 - - [17/Jun/2023:17:47:15 +0100] GET /internal/data/v1/application-policies HTTP/1.1 200 259 - Apache-HttpClient/4.5.13 (Java/17.0.6) 0.009
127.0.0.1 - - [17/Jun/2023:17:47:15 +0100] GET /internal/data/v1/api-policies HTTP/1.1 200 320 - Apache-HttpClient/4.5.13 (Java/17.0.6) 0.007
127.0.0.1 - - [17/Jun/2023:17:47:15 +0100] GET /internal/data/v1/global-policies HTTP/1.1 200 39 - Apache-HttpClient/4.5.13 (Java/17.0.6) 0.065
127.0.0.1 - - [17/Jun/2023:17:47:15 +0100] GET /internal/data/v1/keyTemplates HTTP/1.1 200 2 - Apache-HttpClient/4.5.13 (Java/17.0.6) 0.015
127.0.0.1 - - [17/Jun/2023:17:47:15 +0100] GET /internal/data/v1/revokedjwt HTTP/1.1 200 2 - Apache-HttpClient/4.5.13 (Java/17.0.6) 0.016
127.0.0.1 - - [17/Jun/2023:17:47:15 +0100] GET /internal/data/v1/block HTTP/1.1 200 75 - Apache-HttpClient/4.5.13 (Java/17.0.6) 0.023
127.0.0.1 - - [17/Jun/2023:17:47:16 +0100] GET /internal/data/v1/runtime-artifacts?gatewayLabel=RGVmYXVsdA&type=Synapse HTTP/1.1 200 11534 - Apache-HttpClient/4.5.13 (Java/17.0.6) 1.746
0:0:0:0:0:0:0:1 - - [17/Jun/2023:17:48:01 +0100] - 400 - - - 0.000
0:0:0:0:0:0:0:1 - - [17/Jun/2023:17:48:01 +0100] - 400 - - - 0.000
0:0:0:0:0:0:0:1 - - [17/Jun/2023:17:48:01 +0100] GET /publisher/apis/d02418ae-ab94-438a-87c1-83b37ef15067/overview HTTP/1.1 200 1713 https://localhost:9443/publisher/apis/d02418ae-ab94-438a-87c1-83b37ef15067/overview Mozilla/5.0 (Windows NT 10.0; Win64; x64) AppleWebKit/537.36 (KHTML, like Gecko) Chrome/114.0.0.0 Safari/537.36 0.043
0:0:0:0:0:0:0:1 - - [17/Jun/2023:17:48:01 +0100] GET /publisher/site/public/css/main.css HTTP/1.1 200 2075 https://localhost:9443/publisher/apis/d02418ae-ab94-438a-87c1-83b37ef15067/overview Mozilla/5.0 (Windows NT 10.0; Win64; x64) AppleWebKit/537.36 (KHTML, like Gecko) Chrome/114.0.0.0 Safari/537.36 0.006
0:0:0:0:0:0:0:1 - - [17/Jun/2023:17:48:01 +0100] - 400 - - - 0.000
0:0:0:0:0:0:0:1 - - [17/Jun/2023:17:48:01 +0100] - 400 - - - 0.000
0:0:0:0:0:0:0:1 - - [17/Jun/2023:17:48:01 +0100] GET /publisher/site/public/css/draftjs.css HTTP/1.1 200 2643 https://localhost:9443/publisher/apis/d02418ae-ab94-438a-87c1-83b37ef15067/overview Mozilla/5.0 (Windows NT 10.0; Win64; x64) AppleWebKit/537.36 (KHTML, like Gecko) Chrome/114.0.0.0 Safari/537.36 0.015
0:0:0:0:0:0:0:1 - - [17/Jun/2023:17:48:01 +0100] - 400 - - - 0.000
0:0:0:0:0:0:0:1 - - [17/Jun/2023:17:48:01 +0100] - 400 - - - 0.000
0:0:0:0:0:0:0:1 - - [17/Jun/2023:17:48:01 +0100] - 400 - - - 0.000
0:0:0:0:0:0:0:1 - - [17/Jun/2023:17:48:01 +0100] - 400 - - - 0.000
0:0:0:0:0:0:0:1 - - [17/Jun/2023:17:48:01 +0100] - 400 - - - 0.000
0:0:0:0:0:0:0:1 - - [17/Jun/2023:17:48:01 +0100] GET /publisher/site/public/fonts/iconfont/material-icons.css HTTP/1.1 200 970 https://localhost:9443/publisher/apis/d02418ae-ab94-438a-87c1-83b37ef15067/overview Mozilla/5.0 (Windows NT 10.0; Win64; x64) AppleWebKit/537.36 (KHTML, like Gecko) Chrome/114.0.0.0 Safari/537.36 0.007
0:0:0:0:0:0:0:1 - - [17/Jun/2023:17:48:01 +0100] GET /publisher/site/public/fonts/iconfont/MaterialIcons.js HTTP/1.1 200 6703 https://localhost:9443/publisher/apis/d02418ae-ab94-438a-87c1-83b37ef15067/overview Mozilla/5.0 (Windows NT 10.0; Win64; x64) AppleWebKit/537.36 (KHTML, like Gecko) Chrome/114.0.0.0 Safari/537.36 0.006
0:0:0:0:0:0:0:1 - - [17/Jun/2023:17:48:01 +0100] GET /publisher/site/public/conf/userThemes.js HTTP/1.1 200 939 https://localhost:9443/publisher/apis/d02418ae-ab94-438a-87c1-83b37ef15067/overview Mozilla/5.0 (Windows NT 10.0; Win64; x64) AppleWebKit/537.36 (KHTML, like Gecko) Chrome/114.0.0.0 Safari/537.36 0.006
0:0:0:0:0:0:0:1 - - [17/Jun/2023:17:48:01 +0100] GET /publisher/site/public/conf/portalSettings.js HTTP/1.1 200 705 https://localhost:9443/publisher/apis/d02418ae-ab94-438a-87c1-83b37ef15067/overview Mozilla/5.0 (Windows NT 10.0; Win64; x64) AppleWebKit/537.36 (KHTML, like Gecko) Chrome/114.0.0.0 Safari/537.36 0.013
0:0:0:0:0:0:0:1 - - [17/Jun/2023:17:48:01 +0100] GET /publisher/services/settings/settings.js HTTP/1.1 200 1214 https://localhost:9443/publisher/apis/d02418ae-ab94-438a-87c1-83b37ef15067/overview Mozilla/5.0 (Windows NT 10.0; Win64; x64) AppleWebKit/537.36 (KHTML, like Gecko) Chrome/114.0.0.0 Safari/537.36 0.013
0:0:0:0:0:0:0:1 - - [17/Jun/2023:17:48:01 +0100] GET /publisher/site/public/dist/index.ebdd6f43ad27f9232620.bundle.js HTTP/1.1 200 201039 https://localhost:9443/publisher/apis/d02418ae-ab94-438a-87c1-83b37ef15067/overview Mozilla/5.0 (Windows NT 10.0; Win64; x64) AppleWebKit/537.36 (KHTML, like Gecko) Chrome/114.0.0.0 Safari/537.36 0.043
0:0:0:0:0:0:0:1 - - [17/Jun/2023:17:48:02 +0100] GET /publisher/site/public/fonts/Open_Sans/mem8YaGs126MiZpBA-UFVZ0bf8pkAg.woff2 HTTP/1.1 200 8892 https://localhost:9443/publisher/site/public/css/main.css Mozilla/5.0 (Windows NT 10.0; Win64; x64) AppleWebKit/537.36 (KHTML, like Gecko) Chrome/114.0.0.0 Safari/537.36 0.007
0:0:0:0:0:0:0:1 - - [17/Jun/2023:17:48:02 +0100] GET /publisher/site/public/dist/ProtectedApps.ba650aa593e075176ba2.bundle.js HTTP/1.1 200 130807 https://localhost:9443/publisher/apis/d02418ae-ab94-438a-87c1-83b37ef15067/overview Mozilla/5.0 (Windows NT 10.0; Win64; x64) AppleWebKit/537.36 (KHTML, like Gecko) Chrome/114.0.0.0 Safari/537.36 0.024
0:0:0:0:0:0:0:1 - - [17/Jun/2023:17:48:02 +0100] GET /oidc/checksession?client_id=bcnL5Jqa63Z3eEnQ8WMegfk9rKsa&redirect_uri=https://localhost:9443/publisher/services/auth/callback/login HTTP/1.1 200 3134 https://localhost:9443/publisher/apis/d02418ae-ab94-438a-87c1-83b37ef15067/overview Mozilla/5.0 (Windows NT 10.0; Win64; x64) AppleWebKit/537.36 (KHTML, like Gecko) Chrome/114.0.0.0 Safari/537.36 0.053
0:0:0:0:0:0:0:1 - - [17/Jun/2023:17:48:02 +0100] GET /publisher/site/public/dist/vendors~ProtectedApps.d921a8dd5e6d05c832c1.bundle.js HTTP/1.1 200 354299 https://localhost:9443/publisher/apis/d02418ae-ab94-438a-87c1-83b37ef15067/overview Mozilla/5.0 (Windows NT 10.0; Win64; x64) AppleWebKit/537.36 (KHTML, like Gecko) Chrome/114.0.0.0 Safari/537.36 0.068
0:0:0:0:0:0:0:1 - - [17/Jun/2023:17:48:02 +0100] GET /publisher/site/public/dist/DeferredAPIs.425e55b4e7fd37d8ac00.bundle.js HTTP/1.1 200 35600 https://localhost:9443/publisher/apis/d02418ae-ab94-438a-87c1-83b37ef15067/overview Mozilla/5.0 (Windows NT 10.0; Win64; x64) AppleWebKit/537.36 (KHTML, like Gecko) Chrome/114.0.0.0 Safari/537.36 0.007
0:0:0:0:0:0:0:1 - - [17/Jun/2023:17:48:02 +0100] GET /publisher/site/public/images/logo.svg HTTP/1.1 200 18050 https://localhost:9443/publisher/apis/d02418ae-ab94-438a-87c1-83b37ef15067/overview Mozilla/5.0 (Windows NT 10.0; Win64; x64) AppleWebKit/537.36 (KHTML, like Gecko) Chrome/114.0.0.0 Safari/537.36 0.003
0:0:0:0:0:0:0:1 - - [17/Jun/2023:17:48:02 +0100] GET /publisher/site/public/fonts/iconfont/MaterialIcons-Regular.woff2 HTTP/1.1 200 60840 https://localhost:9443/publisher/site/public/fonts/iconfont/material-icons.css Mozilla/5.0 (Windows NT 10.0; Win64; x64) AppleWebKit/537.36 (KHTML, like Gecko) Chrome/114.0.0.0 Safari/537.36 0.005
0:0:0:0:0:0:0:1 - - [17/Jun/2023:17:48:02 +0100] GET /publisher/site/public/dist/APICreateRoutes.8b6d72f7c544eb8d0449.bundle.js HTTP/1.1 200 33869 https://localhost:9443/publisher/apis/d02418ae-ab94-438a-87c1-83b37ef15067/overview Mozilla/5.0 (Windows NT 10.0; Win64; x64) AppleWebKit/537.36 (KHTML, like Gecko) Chrome/114.0.0.0 Safari/537.36 0.008
0:0:0:0:0:0:0:1 - - [17/Jun/2023:17:48:02 +0100] GET /publisher/site/public/dist/vendors~APICreateRoutes~DeferredDetails.0ce2ce98475cbbfdf471.bundle.js HTTP/1.1 200 233218 https://localhost:9443/publisher/apis/d02418ae-ab94-438a-87c1-83b37ef15067/overview Mozilla/5.0 (Windows NT 10.0; Win64; x64) AppleWebKit/537.36 (KHTML, like Gecko) Chrome/114.0.0.0 Safari/537.36 0.075
0:0:0:0:0:0:0:1 - - [17/Jun/2023:17:48:02 +0100] GET /publisher/site/public/dist/vendors~APICreateRoutes~DeferredDetails.0ce2ce98475cbbfdf471.bundle.js HTTP/1.1 200 233218 https://localhost:9443/publisher/apis/d02418ae-ab94-438a-87c1-83b37ef15067/overview Mozilla/5.0 (Windows NT 10.0; Win64; x64) AppleWebKit/537.36 (KHTML, like Gecko) Chrome/114.0.0.0 Safari/537.36 0.067
0:0:0:0:0:0:0:1 - - [17/Jun/2023:17:48:02 +0100] GET /publisher/site/public/dist/vendors~DeferredDetails~ServiceOverviewSwaggerUI.3ea84b30051dfc22c735.bundle.js HTTP/1.1 200 291792 https://localhost:9443/publisher/apis/d02418ae-ab94-438a-87c1-83b37ef15067/overview Mozilla/5.0 (Windows NT 10.0; Win64; x64) AppleWebKit/537.36 (KHTML, like Gecko) Chrome/114.0.0.0 Safari/537.36 0.078
0:0:0:0:0:0:0:1 - - [17/Jun/2023:17:48:02 +0100] GET /publisher/site/public/dist/DeferredDetails.3ff6471ca073c3fae95c.bundle.js HTTP/1.1 200 362428 https://localhost:9443/publisher/apis/d02418ae-ab94-438a-87c1-83b37ef15067/overview Mozilla/5.0 (Windows NT 10.0; Win64; x64) AppleWebKit/537.36 (KHTML, like Gecko) Chrome/114.0.0.0 Safari/537.36 0.089
0:0:0:0:0:0:0:1 - - [17/Jun/2023:17:48:02 +0100] GET /publisher/site/public/dist/vendors~APIDefMonacoEditor~DeferredDetails.0410733b10571837e5bf.bundle.js HTTP/1.1 200 597949 https://localhost:9443/publisher/apis/d02418ae-ab94-438a-87c1-83b37ef15067/overview Mozilla/5.0 (Windows NT 10.0; Win64; x64) AppleWebKit/537.36 (KHTML, like Gecko) Chrome/114.0.0.0 Safari/537.36 0.141
0:0:0:0:0:0:0:1 - - [17/Jun/2023:17:48:02 +0100] GET /publisher/site/public/dist/vendors~DeferredDetails.d8226739a0c79035996f.bundle.js HTTP/1.1 200 816453 https://localhost:9443/publisher/apis/d02418ae-ab94-438a-87c1-83b37ef15067/overview Mozilla/5.0 (Windows NT 10.0; Win64; x64) AppleWebKit/537.36 (KHTML, like Gecko) Chrome/114.0.0.0 Safari/537.36 0.158
0:0:0:0:0:0:0:1 - - [17/Jun/2023:17:48:03 +0100] GET /publisher/site/public/images/favicon.ico HTTP/1.1 200 162098 https://localhost:9443/publisher/apis/d02418ae-ab94-438a-87c1-83b37ef15067/overview Mozilla/5.0 (Windows NT 10.0; Win64; x64) AppleWebKit/537.36 (KHTML, like Gecko) Chrome/114.0.0.0 Safari/537.36 0.009
0:0:0:0:0:0:0:1 - - [17/Jun/2023:17:48:04 +0100] GET /api/am/publisher/v4/swagger.yaml HTTP/1.1 200 44514 https://localhost:9443/publisher/apis/d02418ae-ab94-438a-87c1-83b37ef15067/overview Mozilla/5.0 (Windows NT 10.0; Win64; x64) AppleWebKit/537.36 (KHTML, like Gecko) Chrome/114.0.0.0 Safari/537.36 0.844
127.0.0.1 - - [17/Jun/2023:17:48:04 +0100] POST /oauth2/token HTTP/1.1 415 - - Java-http-client/17.0.6 0.018
127.0.0.1 - - [17/Jun/2023:17:48:04 +0100] POST /oauth2/token HTTP/1.1 415 - - Java-http-client/17.0.6 0.018
127.0.0.1 - - [17/Jun/2023:17:48:04 +0100] POST /oauth2/token HTTP/1.1 415 - - Java-http-client/17.0.6 0.018
0:0:0:0:0:0:0:1 - - [17/Jun/2023:17:48:04 +0100] POST /publisher/services/refresh HTTP/1.1 500 87 https://localhost:9443/publisher/apis/d02418ae-ab94-438a-87c1-83b37ef15067/overview Mozilla/5.0 (Windows NT 10.0; Win64; x64) AppleWebKit/537.36 (KHTML, like Gecko) Chrome/114.0.0.0 Safari/537.36 0.167
0:0:0:0:0:0:0:1 - - [17/Jun/2023:17:48:04 +0100] POST /publisher/services/refresh HTTP/1.1 500 87 https://localhost:9443/publisher/apis/d02418ae-ab94-438a-87c1-83b37ef15067/overview Mozilla/5.0 (Windows NT 10.0; Win64; x64) AppleWebKit/537.36 (KHTML, like Gecko) Chrome/114.0.0.0 Safari/537.36 0.167
0:0:0:0:0:0:0:1 - - [17/Jun/2023:17:48:04 +0100] POST /publisher/services/refresh HTTP/1.1 500 87 https://localhost:9443/publisher/apis/d02418ae-ab94-438a-87c1-83b37ef15067/overview Mozilla/5.0 (Windows NT 10.0; Win64; x64) AppleWebKit/537.36 (KHTML, like Gecko) Chrome/114.0.0.0 Safari/537.36 0.161
0:0:0:0:0:0:0:1 - - [17/Jun/2023:17:48:04 +0100] GET /api/am/publisher/v4/tenants?state=active HTTP/1.1 401 101 https://localhost:9443/publisher/apis/d02418ae-ab94-438a-87c1-83b37ef15067/overview Mozilla/5.0 (Windows NT 10.0; Win64; x64) AppleWebKit/537.36 (KHTML, like Gecko) Chrome/114.0.0.0 Safari/537.36 0.444
0:0:0:0:0:0:0:1 - - [17/Jun/2023:17:48:04 +0100] GET /api/am/publisher/v4/apis/d02418ae-ab94-438a-87c1-83b37ef15067 HTTP/1.1 401 101 https://localhost:9443/publisher/apis/d02418ae-ab94-438a-87c1-83b37ef15067/overview Mozilla/5.0 (Windows NT 10.0; Win64; x64) AppleWebKit/537.36 (KHTML, like Gecko) Chrome/114.0.0.0 Safari/537.36 0.445
0:0:0:0:0:0:0:1 - - [17/Jun/2023:17:48:04 +0100] GET /api/am/publisher/v4/settings HTTP/1.1 401 101 https://localhost:9443/publisher/apis/d02418ae-ab94-438a-87c1-83b37ef15067/overview Mozilla/5.0 (Windows NT 10.0; Win64; x64) AppleWebKit/537.36 (KHTML, like Gecko) Chrome/114.0.0.0 Safari/537.36 0.444
0:0:0:0:0:0:0:1 - - [17/Jun/2023:17:48:04 +0100] GET /publisher/services/auth/callback/logout HTTP/1.1 302 - https://localhost:9443/publisher/apis/d02418ae-ab94-438a-87c1-83b37ef15067/overview Mozilla/5.0 (Windows NT 10.0; Win64; x64) AppleWebKit/537.36 (KHTML, like Gecko) Chrome/114.0.0.0 Safari/537.36 0.008
0:0:0:0:0:0:0:1 - - [17/Jun/2023:17:48:04 +0100] GET /publisher/services/auth/callback/logout HTTP/1.1 302 - https://localhost:9443/publisher/apis/d02418ae-ab94-438a-87c1-83b37ef15067/overview Mozilla/5.0 (Windows NT 10.0; Win64; x64) AppleWebKit/537.36 (KHTML, like Gecko) Chrome/114.0.0.0 Safari/537.36 0.006
0:0:0:0:0:0:0:1 - - [17/Jun/2023:17:48:04 +0100] GET /publisher/services/auth/callback/logout HTTP/1.1 302 - https://localhost:9443/publisher/apis/d02418ae-ab94-438a-87c1-83b37ef15067/overview Mozilla/5.0 (Windows NT 10.0; Win64; x64) AppleWebKit/537.36 (KHTML, like Gecko) Chrome/114.0.0.0 Safari/537.36 0.004
0:0:0:0:0:0:0:1 - - [17/Jun/2023:17:48:04 +0100] GET /publisher/logout HTTP/1.1 200 1713 https://localhost:9443/publisher/apis/d02418ae-ab94-438a-87c1-83b37ef15067/overview Mozilla/5.0 (Windows NT 10.0; Win64; x64) AppleWebKit/537.36 (KHTML, like Gecko) Chrome/114.0.0.0 Safari/537.36 0.004
0:0:0:0:0:0:0:1 - - [17/Jun/2023:17:48:04 +0100] GET /publisher/site/public/css/main.css HTTP/1.1 200 2075 https://localhost:9443/publisher/logout Mozilla/5.0 (Windows NT 10.0; Win64; x64) AppleWebKit/537.36 (KHTML, like Gecko) Chrome/114.0.0.0 Safari/537.36 0.002
0:0:0:0:0:0:0:1 - - [17/Jun/2023:17:48:04 +0100] GET /publisher/site/public/css/draftjs.css HTTP/1.1 200 2643 https://localhost:9443/publisher/logout Mozilla/5.0 (Windows NT 10.0; Win64; x64) AppleWebKit/537.36 (KHTML, like Gecko) Chrome/114.0.0.0 Safari/537.36 0.010
0:0:0:0:0:0:0:1 - - [17/Jun/2023:17:48:04 +0100] - 400 - - - 0.000
0:0:0:0:0:0:0:1 - - [17/Jun/2023:17:48:04 +0100] - 400 - - - 0.000
0:0:0:0:0:0:0:1 - - [17/Jun/2023:17:48:04 +0100] - 400 - - - 0.000
0:0:0:0:0:0:0:1 - - [17/Jun/2023:17:48:04 +0100] GET /publisher/site/public/fonts/iconfont/MaterialIcons.js HTTP/1.1 200 6703 https://localhost:9443/publisher/logout Mozilla/5.0 (Windows NT 10.0; Win64; x64) AppleWebKit/537.36 (KHTML, like Gecko) Chrome/114.0.0.0 Safari/537.36 0.004
0:0:0:0:0:0:0:1 - - [17/Jun/2023:17:48:04 +0100] - 400 - - - 0.000
0:0:0:0:0:0:0:1 - - [17/Jun/2023:17:48:04 +0100] - 400 - - - 0.000
0:0:0:0:0:0:0:1 - - [17/Jun/2023:17:48:04 +0100] GET /publisher/site/public/fonts/iconfont/material-icons.css HTTP/1.1 200 970 https://localhost:9443/publisher/logout Mozilla/5.0 (Windows NT 10.0; Win64; x64) AppleWebKit/537.36 (KHTML, like Gecko) Chrome/114.0.0.0 Safari/537.36 0.001
0:0:0:0:0:0:0:1 - - [17/Jun/2023:17:48:04 +0100] GET /publisher/site/public/conf/userThemes.js HTTP/1.1 200 939 https://localhost:9443/publisher/logout Mozilla/5.0 (Windows NT 10.0; Win64; x64) AppleWebKit/537.36 (KHTML, like Gecko) Chrome/114.0.0.0 Safari/537.36 0.003
0:0:0:0:0:0:0:1 - - [17/Jun/2023:17:48:04 +0100] GET /publisher/services/settings/settings.js HTTP/1.1 200 1214 https://localhost:9443/publisher/logout Mozilla/5.0 (Windows NT 10.0; Win64; x64) AppleWebKit/537.36 (KHTML, like Gecko) Chrome/114.0.0.0 Safari/537.36 0.012
0:0:0:0:0:0:0:1 - - [17/Jun/2023:17:48:04 +0100] GET /publisher/site/public/conf/portalSettings.js HTTP/1.1 200 705 https://localhost:9443/publisher/logout Mozilla/5.0 (Windows NT 10.0; Win64; x64) AppleWebKit/537.36 (KHTML, like Gecko) Chrome/114.0.0.0 Safari/537.36 0.015
0:0:0:0:0:0:0:1 - - [17/Jun/2023:17:48:05 +0100] GET /publisher/site/public/dist/index.ebdd6f43ad27f9232620.bundle.js HTTP/1.1 200 201039 https://localhost:9443/publisher/logout Mozilla/5.0 (Windows NT 10.0; Win64; x64) AppleWebKit/537.36 (KHTML, like Gecko) Chrome/114.0.0.0 Safari/537.36 0.047
127.0.0.1 - - [17/Jun/2023:17:48:05 +0100] GET /api/am/publisher/v4/settings HTTP/1.1 200 1457 - Java-http-client/17.0.6 0.473
127.0.0.1 - - [17/Jun/2023:17:48:06 +0100] GET /api/am/service-catalog/v1/settings HTTP/1.1 200 102 - Java-http-client/17.0.6 0.491
0:0:0:0:0:0:0:1 - - [17/Jun/2023:17:48:06 +0100] GET /publisher/services/auth/login HTTP/1.1 302 - https://localhost:9443/publisher/apis Mozilla/5.0 (Windows NT 10.0; Win64; x64) AppleWebKit/537.36 (KHTML, like Gecko) Chrome/114.0.0.0 Safari/537.36 0.984
0:0:0:0:0:0:0:1 - - [17/Jun/2023:17:48:06 +0100] GET /oauth2/authorize?response_type=code&client_id=bcnL5Jqa63Z3eEnQ8WMegfk9rKsa&scope=apim:admin%20apim:api_create%20apim:api_definition_view%20apim:api_delete%20apim:api_generate_key%20apim:api_import_export%20apim:api_list_view%20apim:api_manage%20apim:api_mediation_policy_manage%20apim:api_product_import_export%20apim:api_publish%20apim:api_view%20apim:app_import_export%20apim:client_certificates_add%20apim:client_certificates_manage%20apim:client_certificates_update%20apim:client_certificates_view%20apim:comment_manage%20apim:comment_view%20apim:comment_write%20apim:common_operation_policy_manage%20apim:common_operation_policy_view%20apim:document_create%20apim:document_manage%20apim:ep_certificates_add%20apim:ep_certificates_manage%20apim:ep_certificates_update%20apim:ep_certificates_view%20apim:mediation_policy_create%20apim:mediation_policy_manage%20apim:mediation_policy_view%20apim:policies_import_export%20apim:pub_alert_manage%20apim:publisher_settings%20apim:shared_scope_manage%20apim:subscription_block%20apim:subscription_manage%20apim:subscription_view%20apim:threat_protection_policy_create%20apim:threat_protection_policy_manage%20apim:tier_manage%20apim:tier_view%20openid%20apim:api_view%20service_catalog:service_view%20service_catalog:service_write&state=%2Fapis&redirect_uri=https://localhost:9443/publisher/services/auth/callback/login HTTP/1.1 302 - https://localhost:9443/publisher/apis Mozilla/5.0 (Windows NT 10.0; Win64; x64) AppleWebKit/537.36 (KHTML, like Gecko) Chrome/114.0.0.0 Safari/537.36 0.504
127.0.0.1 - - [17/Jun/2023:17:48:06 +0100] POST /oauth2/token HTTP/1.1 200 2432 - Java-http-client/17.0.6 0.136
0:0:0:0:0:0:0:1 - - [17/Jun/2023:17:48:06 +0100] GET /publisher/services/auth/callback/login?code=ce5d7826-b484-35b5-a39c-566575969054&state=%2Fapis&session_state=f3f70ce044d2d14153afbb79a2b1d47d65e3c0441e39c8926d9c93bbb0b9b03f.I4crdqbKQV4pMSQCzycw8Q HTTP/1.1 302 - https://localhost:9443/publisher/apis Mozilla/5.0 (Windows NT 10.0; Win64; x64) AppleWebKit/537.36 (KHTML, like Gecko) Chrome/114.0.0.0 Safari/537.36 0.151
0:0:0:0:0:0:0:1 - - [17/Jun/2023:17:48:06 +0100] GET /publisher/apis HTTP/1.1 200 1713 https://localhost:9443/publisher/apis Mozilla/5.0 (Windows NT 10.0; Win64; x64) AppleWebKit/537.36 (KHTML, like Gecko) Chrome/114.0.0.0 Safari/537.36 0.003
0:0:0:0:0:0:0:1 - - [17/Jun/2023:17:48:06 +0100] GET /publisher/site/public/fonts/iconfont/material-icons.css HTTP/1.1 200 970 https://localhost:9443/publisher/apis Mozilla/5.0 (Windows NT 10.0; Win64; x64) AppleWebKit/537.36 (KHTML, like Gecko) Chrome/114.0.0.0 Safari/537.36 0.002
0:0:0:0:0:0:0:1 - - [17/Jun/2023:17:48:06 +0100] GET /publisher/services/settings/settings.js HTTP/1.1 200 1214 https://localhost:9443/publisher/apis Mozilla/5.0 (Windows NT 10.0; Win64; x64) AppleWebKit/537.36 (KHTML, like Gecko) Chrome/114.0.0.0 Safari/537.36 0.005
0:0:0:0:0:0:0:1 - - [17/Jun/2023:17:48:06 +0100] GET /publisher/site/public/conf/portalSettings.js HTTP/1.1 200 705 https://localhost:9443/publisher/apis Mozilla/5.0 (Windows NT 10.0; Win64; x64) AppleWebKit/537.36 (KHTML, like Gecko) Chrome/114.0.0.0 Safari/537.36 0.004
0:0:0:0:0:0:0:1 - - [17/Jun/2023:17:48:06 +0100] GET /publisher/site/public/fonts/Open_Sans/mem8YaGs126MiZpBA-UFVZ0bf8pkAg.woff2 HTTP/1.1 200 8892 https://localhost:9443/publisher/site/public/css/main.css Mozilla/5.0 (Windows NT 10.0; Win64; x64) AppleWebKit/537.36 (KHTML, like Gecko) Chrome/114.0.0.0 Safari/537.36 0.002
127.0.0.1 - - [17/Jun/2023:17:48:06 +0100] GET /oauth2/userinfo HTTP/1.1 400 70 - Java-http-client/17.0.6 0.009
127.0.0.1 - - [17/Jun/2023:17:48:07 +0100] POST /oauth2/introspect HTTP/1.1 200 1291 - Java-http-client/17.0.6 0.334
0:0:0:0:0:0:0:1 - - [17/Jun/2023:17:48:07 +0100] GET /publisher/services/auth/introspect HTTP/1.1 200 1339 https://localhost:9443/publisher/apis Mozilla/5.0 (Windows NT 10.0; Win64; x64) AppleWebKit/537.36 (KHTML, like Gecko) Chrome/114.0.0.0 Safari/537.36 0.366
0:0:0:0:0:0:0:1 - - [17/Jun/2023:17:48:07 +0100] GET /oidc/checksession?client_id=bcnL5Jqa63Z3eEnQ8WMegfk9rKsa&redirect_uri=https://localhost:9443/publisher/services/auth/callback/login HTTP/1.1 200 3134 https://localhost:9443/publisher/apis Mozilla/5.0 (Windows NT 10.0; Win64; x64) AppleWebKit/537.36 (KHTML, like Gecko) Chrome/114.0.0.0 Safari/537.36 0.002
0:0:0:0:0:0:0:1 - - [17/Jun/2023:17:48:07 +0100] GET /publisher/site/public/dist/ProtectedApps.ba650aa593e075176ba2.bundle.js HTTP/1.1 200 130807 https://localhost:9443/publisher/apis Mozilla/5.0 (Windows NT 10.0; Win64; x64) AppleWebKit/537.36 (KHTML, like Gecko) Chrome/114.0.0.0 Safari/537.36 0.017
0:0:0:0:0:0:0:1 - - [17/Jun/2023:17:48:07 +0100] GET /publisher/site/public/dist/vendors~ProtectedApps.d921a8dd5e6d05c832c1.bundle.js HTTP/1.1 200 354299 https://localhost:9443/publisher/apis Mozilla/5.0 (Windows NT 10.0; Win64; x64) AppleWebKit/537.36 (KHTML, like Gecko) Chrome/114.0.0.0 Safari/537.36 0.045
0:0:0:0:0:0:0:1 - - [17/Jun/2023:17:48:07 +0100] GET /publisher/site/public/dist/DeferredAPIs.425e55b4e7fd37d8ac00.bundle.js HTTP/1.1 200 35600 https://localhost:9443/publisher/apis Mozilla/5.0 (Windows NT 10.0; Win64; x64) AppleWebKit/537.36 (KHTML, like Gecko) Chrome/114.0.0.0 Safari/537.36 0.006
0:0:0:0:0:0:0:1 - - [17/Jun/2023:17:48:07 +0100] GET /publisher/site/public/images/logo.svg HTTP/1.1 200 18050 https://localhost:9443/publisher/apis Mozilla/5.0 (Windows NT 10.0; Win64; x64) AppleWebKit/537.36 (KHTML, like Gecko) Chrome/114.0.0.0 Safari/537.36 0.002
0:0:0:0:0:0:0:1 - - [17/Jun/2023:17:48:07 +0100] GET /publisher/site/public/fonts/iconfont/MaterialIcons-Regular.woff2 HTTP/1.1 200 60840 https://localhost:9443/publisher/site/public/fonts/iconfont/material-icons.css Mozilla/5.0 (Windows NT 10.0; Win64; x64) AppleWebKit/537.36 (KHTML, like Gecko) Chrome/114.0.0.0 Safari/537.36 0.003
0:0:0:0:0:0:0:1 - - [17/Jun/2023:17:48:07 +0100] GET /publisher/site/public/dist/APICreateRoutes.8b6d72f7c544eb8d0449.bundle.js HTTP/1.1 200 33869 https://localhost:9443/publisher/apis Mozilla/5.0 (Windows NT 10.0; Win64; x64) AppleWebKit/537.36 (KHTML, like Gecko) Chrome/114.0.0.0 Safari/537.36 0.007
0:0:0:0:0:0:0:1 - - [17/Jun/2023:17:48:07 +0100] GET /api/am/publisher/v4/swagger.yaml HTTP/1.1 200 44514 https://localhost:9443/publisher/apis Mozilla/5.0 (Windows NT 10.0; Win64; x64) AppleWebKit/537.36 (KHTML, like Gecko) Chrome/114.0.0.0 Safari/537.36 0.011
0:0:0:0:0:0:0:1 - - [17/Jun/2023:17:48:07 +0100] GET /publisher/site/public/dist/vendors~APICreateRoutes~DeferredDetails.0ce2ce98475cbbfdf471.bundle.js HTTP/1.1 200 233218 https://localhost:9443/publisher/apis Mozilla/5.0 (Windows NT 10.0; Win64; x64) AppleWebKit/537.36 (KHTML, like Gecko) Chrome/114.0.0.0 Safari/537.36 0.036
0:0:0:0:0:0:0:1 - - [17/Jun/2023:17:48:08 +0100] GET /api/am/publisher/v4/apis?limit=10&offset=0 HTTP/1.1 200 521 https://localhost:9443/publisher/apis Mozilla/5.0 (Windows NT 10.0; Win64; x64) AppleWebKit/537.36 (KHTML, like Gecko) Chrome/114.0.0.0 Safari/537.36 1.217
0:0:0:0:0:0:0:1 - - [17/Jun/2023:17:48:08 +0100] GET /publisher/site/public/fonts/Open_Sans/mem5YaGs126MiZpBA-UNirkOUuhpKKSTjw.woff2 HTTP/1.1 200 8916 https://localhost:9443/publisher/site/public/css/main.css Mozilla/5.0 (Windows NT 10.0; Win64; x64) AppleWebKit/537.36 (KHTML, like Gecko) Chrome/114.0.0.0 Safari/537.36 0.004
0:0:0:0:0:0:0:1 - - [17/Jun/2023:17:48:52 +0100] - 400 - - - 0.000
0:0:0:0:0:0:0:1 - - [17/Jun/2023:17:48:53 +0100] - 400 - - - 0.000
0:0:0:0:0:0:0:1 - - [17/Jun/2023:17:48:53 +0100] - 400 - - - 0.000
0:0:0:0:0:0:0:1 - - [17/Jun/2023:17:48:53 +0100] - 400 - - - 0.000
0:0:0:0:0:0:0:1 - - [17/Jun/2023:17:48:53 +0100] - 400 - - - 0.000
0:0:0:0:0:0:0:1 - - [17/Jun/2023:17:48:53 +0100] - 400 - - - 0.000
0:0:0:0:0:0:0:1 - - [17/Jun/2023:17:48:53 +0100] GET /publisher/site/public/dist/vendors~DeferredDetails~ServiceOverviewSwaggerUI.3ea84b30051dfc22c735.bundle.js HTTP/1.1 200 291792 https://localhost:9443/publisher/apis/d02418ae-ab94-438a-87c1-83b37ef15067/overview Mozilla/5.0 (Windows NT 10.0; Win64; x64) AppleWebKit/537.36 (KHTML, like Gecko) Chrome/114.0.0.0 Safari/537.36 0.050
0:0:0:0:0:0:0:1 - - [17/Jun/2023:17:48:53 +0100] GET /publisher/site/public/dist/vendors~APICreateRoutes~DeferredDetails.0ce2ce98475cbbfdf471.bundle.js HTTP/1.1 200 233218 https://localhost:9443/publisher/apis/d02418ae-ab94-438a-87c1-83b37ef15067/overview Mozilla/5.0 (Windows NT 10.0; Win64; x64) AppleWebKit/537.36 (KHTML, like Gecko) Chrome/114.0.0.0 Safari/537.36 0.051
0:0:0:0:0:0:0:1 - - [17/Jun/2023:17:48:53 +0100] GET /publisher/site/public/dist/DeferredDetails.3ff6471ca073c3fae95c.bundle.js HTTP/1.1 200 362428 https://localhost:9443/publisher/apis/d02418ae-ab94-438a-87c1-83b37ef15067/overview Mozilla/5.0 (Windows NT 10.0; Win64; x64) AppleWebKit/537.36 (KHTML, like Gecko) Chrome/114.0.0.0 Safari/537.36 0.073
0:0:0:0:0:0:0:1 - - [17/Jun/2023:17:48:53 +0100] GET /publisher/site/public/dist/vendors~APIDefMonacoEditor~DeferredDetails.0410733b10571837e5bf.bundle.js HTTP/1.1 200 597949 https://localhost:9443/publisher/apis/d02418ae-ab94-438a-87c1-83b37ef15067/overview Mozilla/5.0 (Windows NT 10.0; Win64; x64) AppleWebKit/537.36 (KHTML, like Gecko) Chrome/114.0.0.0 Safari/537.36 0.108
0:0:0:0:0:0:0:1 - - [17/Jun/2023:17:48:53 +0100] GET /publisher/site/public/dist/vendors~DeferredDetails.d8226739a0c79035996f.bundle.js HTTP/1.1 200 816453 https://localhost:9443/publisher/apis/d02418ae-ab94-438a-87c1-83b37ef15067/overview Mozilla/5.0 (Windows NT 10.0; Win64; x64) AppleWebKit/537.36 (KHTML, like Gecko) Chrome/114.0.0.0 Safari/537.36 0.152
0:0:0:0:0:0:0:1 - - [17/Jun/2023:17:48:54 +0100] GET /api/am/publisher/v4/tenants?state=active HTTP/1.1 200 96 https://localhost:9443/publisher/apis/d02418ae-ab94-438a-87c1-83b37ef15067/overview Mozilla/5.0 (Windows NT 10.0; Win64; x64) AppleWebKit/537.36 (KHTML, like Gecko) Chrome/114.0.0.0 Safari/537.36 0.012
0:0:0:0:0:0:0:1 - - [17/Jun/2023:17:48:54 +0100] GET /api/am/publisher/v4/apis/d02418ae-ab94-438a-87c1-83b37ef15067 HTTP/1.1 200 1657 https://localhost:9443/publisher/apis/d02418ae-ab94-438a-87c1-83b37ef15067/overview Mozilla/5.0 (Windows NT 10.0; Win64; x64) AppleWebKit/537.36 (KHTML, like Gecko) Chrome/114.0.0.0 Safari/537.36 0.198
0:0:0:0:0:0:0:1 - - [17/Jun/2023:17:48:54 +0100] GET /api/am/publisher/v4/settings HTTP/1.1 200 726 https://localhost:9443/publisher/apis/d02418ae-ab94-438a-87c1-83b37ef15067/overview Mozilla/5.0 (Windows NT 10.0; Win64; x64) AppleWebKit/537.36 (KHTML, like Gecko) Chrome/114.0.0.0 Safari/537.36 0.375
0:0:0:0:0:0:0:1 - - [17/Jun/2023:17:48:54 +0100] GET /api/am/publisher/v4/apis/d02418ae-ab94-438a-87c1-83b37ef15067/revisions HTTP/1.1 200 412 https://localhost:9443/publisher/apis/d02418ae-ab94-438a-87c1-83b37ef15067/overview Mozilla/5.0 (Windows NT 10.0; Win64; x64) AppleWebKit/537.36 (KHTML, like Gecko) Chrome/114.0.0.0 Safari/537.36 0.042
0:0:0:0:0:0:0:1 - - [17/Jun/2023:17:48:54 +0100] GET /api/am/publisher/v4/apis/d02418ae-ab94-438a-87c1-83b37ef15067/revisions?query=deployed%3Atrue HTTP/1.1 200 389 https://localhost:9443/publisher/apis/d02418ae-ab94-438a-87c1-83b37ef15067/overview Mozilla/5.0 (Windows NT 10.0; Win64; x64) AppleWebKit/537.36 (KHTML, like Gecko) Chrome/114.0.0.0 Safari/537.36 0.042
0:0:0:0:0:0:0:1 - - [17/Jun/2023:17:48:54 +0100] GET /api/am/publisher/v4/apis/d02418ae-ab94-438a-87c1-83b37ef15067/revisions?query=deployed%3Atrue HTTP/1.1 200 389 https://localhost:9443/publisher/apis/d02418ae-ab94-438a-87c1-83b37ef15067/overview Mozilla/5.0 (Windows NT 10.0; Win64; x64) AppleWebKit/537.36 (KHTML, like Gecko) Chrome/114.0.0.0 Safari/537.36 0.005
0:0:0:0:0:0:0:1 - - [17/Jun/2023:17:48:54 +0100] GET /publisher/site/public/fonts/Open_Sans/mem5YaGs126MiZpBA-UN_r8OUuhpKKSTjw.woff2 HTTP/1.1 200 8732 https://localhost:9443/publisher/site/public/css/main.css Mozilla/5.0 (Windows NT 10.0; Win64; x64) AppleWebKit/537.36 (KHTML, like Gecko) Chrome/114.0.0.0 Safari/537.36 0.004
0:0:0:0:0:0:0:1 - - [17/Jun/2023:17:48:54 +0100] GET /api/am/publisher/v4/apis/d02418ae-ab94-438a-87c1-83b37ef15067/swagger HTTP/1.1 200 1277 https://localhost:9443/publisher/apis/d02418ae-ab94-438a-87c1-83b37ef15067/overview Mozilla/5.0 (Windows NT 10.0; Win64; x64) AppleWebKit/537.36 (KHTML, like Gecko) Chrome/114.0.0.0 Safari/537.36 0.061
0:0:0:0:0:0:0:1 - - [17/Jun/2023:17:48:54 +0100] - 400 - - - 0.000
0:0:0:0:0:0:0:1 - - [17/Jun/2023:17:48:54 +0100] - 400 - - - 0.000
0:0:0:0:0:0:0:1 - - [17/Jun/2023:17:48:54 +0100] GET /api/am/publisher/v4/apis/d02418ae-ab94-438a-87c1-83b37ef15067/revisions?query=deployed%3Atrue HTTP/1.1 200 389 https://localhost:9443/publisher/apis/d02418ae-ab94-438a-87c1-83b37ef15067/overview Mozilla/5.0 (Windows NT 10.0; Win64; x64) AppleWebKit/537.36 (KHTML, like Gecko) Chrome/114.0.0.0 Safari/537.36 0.007
0:0:0:0:0:0:0:1 - - [17/Jun/2023:17:48:54 +0100] GET /api/am/publisher/v4/apis/d02418ae-ab94-438a-87c1-83b37ef15067/swagger HTTP/1.1 200 1277 https://localhost:9443/publisher/apis/d02418ae-ab94-438a-87c1-83b37ef15067/overview Mozilla/5.0 (Windows NT 10.0; Win64; x64) AppleWebKit/537.36 (KHTML, like Gecko) Chrome/114.0.0.0 Safari/537.36 0.027
0:0:0:0:0:0:0:1 - - [17/Jun/2023:17:48:55 +0100] GET /api/am/publisher/v4/apis/d02418ae-ab94-438a-87c1-83b37ef15067/revisions?query=deployed%3Atrue HTTP/1.1 200 389 https://localhost:9443/publisher/apis/d02418ae-ab94-438a-87c1-83b37ef15067/overview Mozilla/5.0 (Windows NT 10.0; Win64; x64) AppleWebKit/537.36 (KHTML, like Gecko) Chrome/114.0.0.0 Safari/537.36 0.005
0:0:0:0:0:0:0:1 - - [17/Jun/2023:17:48:55 +0100] GET /api/am/publisher/v4/apis/d02418ae-ab94-438a-87c1-83b37ef15067/swagger HTTP/1.1 200 1277 https://localhost:9443/publisher/apis/d02418ae-ab94-438a-87c1-83b37ef15067/overview Mozilla/5.0 (Windows NT 10.0; Win64; x64) AppleWebKit/537.36 (KHTML, like Gecko) Chrome/114.0.0.0 Safari/537.36 0.024
127.0.0.1 - - [17/Jun/2023:17:49:14 +0100] GET /api/am/service-catalog/v1/services HTTP/1.1 200 976 - Java/11.0.8-internal 0.174
127.0.0.1 - - [17/Jun/2023:17:49:14 +0100] POST /api/am/service-catalog/v1/services/import?overwrite=true HTTP/1.1 200 32 - Java/11.0.8-internal 0.311
127.0.0.1 - - [17/Jun/2023:17:50:24 +0100] GET /oauth2/jwks HTTP/1.1 200 1919 - Apache-HttpClient/4.5.13 (Java/17.0.6) 0.129
0:0:0:0:0:0:0:1 - - [17/Jun/2023:17:50:31 +0100] - 400 - - - 0.000
0:0:0:0:0:0:0:1 - - [17/Jun/2023:17:50:31 +0100] - 400 - - - 0.000
0:0:0:0:0:0:0:1 - - [17/Jun/2023:17:50:31 +0100] GET /devportal/apis/d02418ae-ab94-438a-87c1-83b37ef15067/test HTTP/1.1 200 1691 https://localhost:9443/devportal/apis Mozilla/5.0 (Windows NT 10.0; Win64; x64) AppleWebKit/537.36 (KHTML, like Gecko) Chrome/114.0.0.0 Safari/537.36 0.055
0:0:0:0:0:0:0:1 - - [17/Jun/2023:17:50:31 +0100] - 400 - - - 0.000
0:0:0:0:0:0:0:1 - - [17/Jun/2023:17:50:31 +0100] - 400 - - - 0.000
0:0:0:0:0:0:0:1 - - [17/Jun/2023:17:50:31 +0100] GET /devportal/site/public/css/main.css HTTP/1.1 200 2092 https://localhost:9443/devportal/apis/d02418ae-ab94-438a-87c1-83b37ef15067/test Mozilla/5.0 (Windows NT 10.0; Win64; x64) AppleWebKit/537.36 (KHTML, like Gecko) Chrome/114.0.0.0 Safari/537.36 0.005
0:0:0:0:0:0:0:1 - - [17/Jun/2023:17:50:31 +0100] - 400 - - - 0.000
0:0:0:0:0:0:0:1 - - [17/Jun/2023:17:50:31 +0100] - 400 - - - 0.000
0:0:0:0:0:0:0:1 - - [17/Jun/2023:17:50:31 +0100] - 400 - - - 0.000
0:0:0:0:0:0:0:1 - - [17/Jun/2023:17:50:31 +0100] - 400 - - - 0.000
0:0:0:0:0:0:0:1 - - [17/Jun/2023:17:50:31 +0100] GET /devportal/site/public/fonts/iconfont/material-icons.css HTTP/1.1 200 970 https://localhost:9443/devportal/apis/d02418ae-ab94-438a-87c1-83b37ef15067/test Mozilla/5.0 (Windows NT 10.0; Win64; x64) AppleWebKit/537.36 (KHTML, like Gecko) Chrome/114.0.0.0 Safari/537.36 0.005
0:0:0:0:0:0:0:1 - - [17/Jun/2023:17:50:31 +0100] GET /devportal/site/public/css/overrides.css HTTP/1.1 200 - https://localhost:9443/devportal/apis/d02418ae-ab94-438a-87c1-83b37ef15067/test Mozilla/5.0 (Windows NT 10.0; Win64; x64) AppleWebKit/537.36 (KHTML, like Gecko) Chrome/114.0.0.0 Safari/537.36 0.004
0:0:0:0:0:0:0:1 - - [17/Jun/2023:17:50:31 +0100] GET /devportal/site/public/theme/userTheme.js HTTP/1.1 200 96 https://localhost:9443/devportal/apis/d02418ae-ab94-438a-87c1-83b37ef15067/test Mozilla/5.0 (Windows NT 10.0; Win64; x64) AppleWebKit/537.36 (KHTML, like Gecko) Chrome/114.0.0.0 Safari/537.36 0.015
0:0:0:0:0:0:0:1 - - [17/Jun/2023:17:50:31 +0100] GET /devportal/site/public/fonts/iconfont/MaterialIcons.js HTTP/1.1 200 6703 https://localhost:9443/devportal/apis/d02418ae-ab94-438a-87c1-83b37ef15067/test Mozilla/5.0 (Windows NT 10.0; Win64; x64) AppleWebKit/537.36 (KHTML, like Gecko) Chrome/114.0.0.0 Safari/537.36 0.016
0:0:0:0:0:0:0:1 - - [17/Jun/2023:17:50:31 +0100] GET /devportal/services/settings/settings.js HTTP/1.1 200 1474 https://localhost:9443/devportal/apis/d02418ae-ab94-438a-87c1-83b37ef15067/test Mozilla/5.0 (Windows NT 10.0; Win64; x64) AppleWebKit/537.36 (KHTML, like Gecko) Chrome/114.0.0.0 Safari/537.36 0.016
0:0:0:0:0:0:0:1 - - [17/Jun/2023:17:50:31 +0100] GET /devportal/site/public/dist/index.e79b6b708401484695fc.bundle.js HTTP/1.1 200 271108 https://localhost:9443/devportal/apis/d02418ae-ab94-438a-87c1-83b37ef15067/test Mozilla/5.0 (Windows NT 10.0; Win64; x64) AppleWebKit/537.36 (KHTML, like Gecko) Chrome/114.0.0.0 Safari/537.36 0.056
