0:0:0:0:0:0:0:1 - - [13/Jun/2023:23:22:18 +0100] GET /api/am/publisher/v4/apis/c6b17439-fa73-4d33-a618-bf5b18176cd8 HTTP/1.1 200 1599 https://localhost:9443/publisher/apis/c6b17439-fa73-4d33-a618-bf5b18176cd8/subscriptions Mozilla/5.0 (Windows NT 10.0; Win64; x64) AppleWebKit/537.36 (KHTML, like Gecko) Chrome/114.0.0.0 Safari/537.36 0.036
0:0:0:0:0:0:0:1 - - [13/Jun/2023:23:22:18 +0100] GET /api/am/publisher/v4/apis/c6b17439-fa73-4d33-a618-bf5b18176cd8/revisions?query=deployed%3Atrue HTTP/1.1 200 388 https://localhost:9443/publisher/apis/c6b17439-fa73-4d33-a618-bf5b18176cd8/subscriptions Mozilla/5.0 (Windows NT 10.0; Win64; x64) AppleWebKit/537.36 (KHTML, like Gecko) Chrome/114.0.0.0 Safari/537.36 0.005
0:0:0:0:0:0:0:1 - - [13/Jun/2023:23:22:18 +0100] GET /api/am/publisher/v4/apis/c6b17439-fa73-4d33-a618-bf5b18176cd8/revisions HTTP/1.1 200 582 https://localhost:9443/publisher/apis/c6b17439-fa73-4d33-a618-bf5b18176cd8/subscriptions Mozilla/5.0 (Windows NT 10.0; Win64; x64) AppleWebKit/537.36 (KHTML, like Gecko) Chrome/114.0.0.0 Safari/537.36 0.005
0:0:0:0:0:0:0:1 - - [13/Jun/2023:23:22:18 +0100] GET /api/am/publisher/v4/settings HTTP/1.1 200 726 https://localhost:9443/publisher/apis/c6b17439-fa73-4d33-a618-bf5b18176cd8/subscriptions Mozilla/5.0 (Windows NT 10.0; Win64; x64) AppleWebKit/537.36 (KHTML, like Gecko) Chrome/114.0.0.0 Safari/537.36 0.228
0:0:0:0:0:0:0:1 - - [13/Jun/2023:23:22:18 +0100] GET /api/am/publisher/v4/tenants?state=ACTIVE HTTP/1.1 200 96 https://localhost:9443/publisher/apis/c6b17439-fa73-4d33-a618-bf5b18176cd8/subscriptions Mozilla/5.0 (Windows NT 10.0; Win64; x64) AppleWebKit/537.36 (KHTML, like Gecko) Chrome/114.0.0.0 Safari/537.36 0.002
0:0:0:0:0:0:0:1 - - [13/Jun/2023:23:22:18 +0100] GET /api/am/publisher/v4/subscriptions?apiId=c6b17439-fa73-4d33-a618-bf5b18176cd8 HTTP/1.1 200 360 https://localhost:9443/publisher/apis/c6b17439-fa73-4d33-a618-bf5b18176cd8/subscriptions Mozilla/5.0 (Windows NT 10.0; Win64; x64) AppleWebKit/537.36 (KHTML, like Gecko) Chrome/114.0.0.0 Safari/537.36 0.003
0:0:0:0:0:0:0:1 - - [13/Jun/2023:23:22:18 +0100] GET /publisher/site/public/fonts/Open_Sans/mem5YaGs126MiZpBA-UN_r8OUuhpKKSTjw.woff2 HTTP/1.1 200 8732 https://localhost:9443/publisher/site/public/css/main.css Mozilla/5.0 (Windows NT 10.0; Win64; x64) AppleWebKit/537.36 (KHTML, like Gecko) Chrome/114.0.0.0 Safari/537.36 0.002
0:0:0:0:0:0:0:1 - - [13/Jun/2023:23:22:18 +0100] GET /publisher/site/public/fonts/Open_Sans/mem5YaGs126MiZpBA-UNirkOUuhpKKSTjw.woff2 HTTP/1.1 200 8916 https://localhost:9443/publisher/site/public/css/main.css Mozilla/5.0 (Windows NT 10.0; Win64; x64) AppleWebKit/537.36 (KHTML, like Gecko) Chrome/114.0.0.0 Safari/537.36 0.002
0:0:0:0:0:0:0:1 - - [13/Jun/2023:23:22:18 +0100] GET /api/am/publisher/v4/subscriptions?apiId=c6b17439-fa73-4d33-a618-bf5b18176cd8&limit=5&offset=0 HTTP/1.1 200 359 https://localhost:9443/publisher/apis/c6b17439-fa73-4d33-a618-bf5b18176cd8/subscriptions Mozilla/5.0 (Windows NT 10.0; Win64; x64) AppleWebKit/537.36 (KHTML, like Gecko) Chrome/114.0.0.0 Safari/537.36 0.005
0:0:0:0:0:0:0:1 - - [13/Jun/2023:23:22:18 +0100] GET /api/am/publisher/v4/throttling-policies/subscription HTTP/1.1 200 407 https://localhost:9443/publisher/apis/c6b17439-fa73-4d33-a618-bf5b18176cd8/subscriptions Mozilla/5.0 (Windows NT 10.0; Win64; x64) AppleWebKit/537.36 (KHTML, like Gecko) Chrome/114.0.0.0 Safari/537.36 0.005
0:0:0:0:0:0:0:1 - - [13/Jun/2023:23:22:18 +0100] GET /api/am/publisher/v4/apis/c6b17439-fa73-4d33-a618-bf5b18176cd8/monetization HTTP/1.1 200 33 https://localhost:9443/publisher/apis/c6b17439-fa73-4d33-a618-bf5b18176cd8/subscriptions Mozilla/5.0 (Windows NT 10.0; Win64; x64) AppleWebKit/537.36 (KHTML, like Gecko) Chrome/114.0.0.0 Safari/537.36 0.015
0:0:0:0:0:0:0:1 - - [13/Jun/2023:23:22:18 +0100] GET /api/am/publisher/v4/apis/c6b17439-fa73-4d33-a618-bf5b18176cd8/subscription-policies HTTP/1.1 200 314 https://localhost:9443/publisher/apis/c6b17439-fa73-4d33-a618-bf5b18176cd8/subscriptions Mozilla/5.0 (Windows NT 10.0; Win64; x64) AppleWebKit/537.36 (KHTML, like Gecko) Chrome/114.0.0.0 Safari/537.36 0.020
0:0:0:0:0:0:0:1 - - [13/Jun/2023:23:22:18 +0100] GET /api/am/publisher/v4/subscriptions/049ee4ad-dfdf-4096-a2c2-31b4471c0b8b/subscriber-info HTTP/1.1 200 332 https://localhost:9443/publisher/apis/c6b17439-fa73-4d33-a618-bf5b18176cd8/subscriptions Mozilla/5.0 (Windows NT 10.0; Win64; x64) AppleWebKit/537.36 (KHTML, like Gecko) Chrome/114.0.0.0 Safari/537.36 0.004
0:0:0:0:0:0:0:1 - - [13/Jun/2023:23:22:21 +0100] - 400 - - - 0.000
0:0:0:0:0:0:0:1 - - [13/Jun/2023:23:22:27 +0100] - 400 - - - 0.000
0:0:0:0:0:0:0:1 - - [13/Jun/2023:23:22:27 +0100] - 400 - - - 0.000
0:0:0:0:0:0:0:1 - - [13/Jun/2023:23:22:27 +0100] - 400 - - - 0.000
0:0:0:0:0:0:0:1 - - [13/Jun/2023:23:22:27 +0100] - 400 - - - 0.000
0:0:0:0:0:0:0:1 - - [13/Jun/2023:23:22:27 +0100] - 400 - - - 0.000
0:0:0:0:0:0:0:1 - - [13/Jun/2023:23:22:27 +0100] GET /api/am/devportal/v3/applications?limit=5000 HTTP/1.1 200 493 https://localhost:9443/devportal/apis/c6b17439-fa73-4d33-a618-bf5b18176cd8 Mozilla/5.0 (Windows NT 10.0; Win64; x64) AppleWebKit/537.36 (KHTML, like Gecko) Chrome/114.0.0.0 Safari/537.36 0.009
0:0:0:0:0:0:0:1 - - [13/Jun/2023:23:22:27 +0100] GET /devportal/site/public/images/_favicon.ico HTTP/1.1 200 1150 https://localhost:9443/devportal/apis/c6b17439-fa73-4d33-a618-bf5b18176cd8 Mozilla/5.0 (Windows NT 10.0; Win64; x64) AppleWebKit/537.36 (KHTML, like Gecko) Chrome/114.0.0.0 Safari/537.36 0.004
0:0:0:0:0:0:0:1 - - [13/Jun/2023:23:22:27 +0100] GET /api/am/devportal/v3/apis/c6b17439-fa73-4d33-a618-bf5b18176cd8 HTTP/1.1 200 1553 https://localhost:9443/devportal/apis/c6b17439-fa73-4d33-a618-bf5b18176cd8 Mozilla/5.0 (Windows NT 10.0; Win64; x64) AppleWebKit/537.36 (KHTML, like Gecko) Chrome/114.0.0.0 Safari/537.36 0.017
127.0.0.1 - - [13/Jun/2023:23:22:27 +0100] GET /keymanager-operations/dcr/register/X3RlaklKb3BTa1J4YUo3ZGpxa213RFFzUmZBYQ%3D%3D HTTP/1.1 200 720 - Apache-HttpClient/4.5.13 (Java/17.0.6) 0.004
127.0.0.1 - - [13/Jun/2023:23:22:27 +0100] GET /keymanager-operations/dcr/register/X3RlaklKb3BTa1J4YUo3ZGpxa213RFFzUmZBYQ%3D%3D HTTP/1.1 200 720 - Apache-HttpClient/4.5.13 (Java/17.0.6) 0.004
0:0:0:0:0:0:0:1 - - [13/Jun/2023:23:22:27 +0100] GET /api/am/devportal/v3/subscriptions?apiId=c6b17439-fa73-4d33-a618-bf5b18176cd8&limit=25 HTTP/1.1 200 708 https://localhost:9443/devportal/apis/c6b17439-fa73-4d33-a618-bf5b18176cd8 Mozilla/5.0 (Windows NT 10.0; Win64; x64) AppleWebKit/537.36 (KHTML, like Gecko) Chrome/114.0.0.0 Safari/537.36 0.029
0:0:0:0:0:0:0:1 - - [13/Jun/2023:23:22:27 +0100] GET /api/am/devportal/v3/subscriptions?apiId=c6b17439-fa73-4d33-a618-bf5b18176cd8&limit=5000 HTTP/1.1 200 710 https://localhost:9443/devportal/apis/c6b17439-fa73-4d33-a618-bf5b18176cd8 Mozilla/5.0 (Windows NT 10.0; Win64; x64) AppleWebKit/537.36 (KHTML, like Gecko) Chrome/114.0.0.0 Safari/537.36 0.029
0:0:0:0:0:0:0:1 - - [13/Jun/2023:23:22:27 +0100] GET /api/am/devportal/v3/throttling-policies/subscription HTTP/1.1 200 634 https://localhost:9443/devportal/apis/c6b17439-fa73-4d33-a618-bf5b18176cd8/overview Mozilla/5.0 (Windows NT 10.0; Win64; x64) AppleWebKit/537.36 (KHTML, like Gecko) Chrome/114.0.0.0 Safari/537.36 0.004
0:0:0:0:0:0:0:1 - - [13/Jun/2023:23:22:27 +0100] GET /api/am/devportal/v3/throttling-policies/subscription HTTP/1.1 200 634 https://localhost:9443/devportal/apis/c6b17439-fa73-4d33-a618-bf5b18176cd8/overview Mozilla/5.0 (Windows NT 10.0; Win64; x64) AppleWebKit/537.36 (KHTML, like Gecko) Chrome/114.0.0.0 Safari/537.36 0.005
0:0:0:0:0:0:0:1 - - [13/Jun/2023:23:22:27 +0100] GET /api/am/devportal/v3/apis/c6b17439-fa73-4d33-a618-bf5b18176cd8/documents HTTP/1.1 200 92 https://localhost:9443/devportal/apis/c6b17439-fa73-4d33-a618-bf5b18176cd8/overview Mozilla/5.0 (Windows NT 10.0; Win64; x64) AppleWebKit/537.36 (KHTML, like Gecko) Chrome/114.0.0.0 Safari/537.36 0.010
0:0:0:0:0:0:0:1 - - [13/Jun/2023:23:22:27 +0100] GET /devportal/site/public/images/_favicon.ico HTTP/1.1 200 1150 https://localhost:9443/devportal/apis/c6b17439-fa73-4d33-a618-bf5b18176cd8/overview Mozilla/5.0 (Windows NT 10.0; Win64; x64) AppleWebKit/537.36 (KHTML, like Gecko) Chrome/114.0.0.0 Safari/537.36 0.001
0:0:0:0:0:0:0:1 - - [13/Jun/2023:23:22:27 +0100] GET /api/am/devportal/v3/apis/c6b17439-fa73-4d33-a618-bf5b18176cd8/documents HTTP/1.1 200 92 https://localhost:9443/devportal/apis/c6b17439-fa73-4d33-a618-bf5b18176cd8/overview Mozilla/5.0 (Windows NT 10.0; Win64; x64) AppleWebKit/537.36 (KHTML, like Gecko) Chrome/114.0.0.0 Safari/537.36 0.011
0:0:0:0:0:0:0:1 - - [13/Jun/2023:23:22:27 +0100] GET /api/am/devportal/v3/apis/c6b17439-fa73-4d33-a618-bf5b18176cd8/ratings HTTP/1.1 200 125 https://localhost:9443/devportal/apis/c6b17439-fa73-4d33-a618-bf5b18176cd8/overview Mozilla/5.0 (Windows NT 10.0; Win64; x64) AppleWebKit/537.36 (KHTML, like Gecko) Chrome/114.0.0.0 Safari/537.36 0.006
0:0:0:0:0:0:0:1 - - [13/Jun/2023:23:22:27 +0100] GET /api/am/devportal/v3/apis/c6b17439-fa73-4d33-a618-bf5b18176cd8/comments?limit=5&offset=0 HTTP/1.1 200 101 https://localhost:9443/devportal/apis/c6b17439-fa73-4d33-a618-bf5b18176cd8/overview Mozilla/5.0 (Windows NT 10.0; Win64; x64) AppleWebKit/537.36 (KHTML, like Gecko) Chrome/114.0.0.0 Safari/537.36 0.007
0:0:0:0:0:0:0:1 - - [13/Jun/2023:23:22:27 +0100] GET /api/am/devportal/v3/apis/c6b17439-fa73-4d33-a618-bf5b18176cd8/thumbnail HTTP/1.1 204 - https://localhost:9443/devportal/apis/c6b17439-fa73-4d33-a618-bf5b18176cd8/overview Mozilla/5.0 (Windows NT 10.0; Win64; x64) AppleWebKit/537.36 (KHTML, like Gecko) Chrome/114.0.0.0 Safari/537.36 0.008
0:0:0:0:0:0:0:1 - - [13/Jun/2023:23:22:28 +0100] GET /devportal/site/public/images/_favicon.ico HTTP/1.1 200 1150 https://localhost:9443/devportal/apis/c6b17439-fa73-4d33-a618-bf5b18176cd8/credentials Mozilla/5.0 (Windows NT 10.0; Win64; x64) AppleWebKit/537.36 (KHTML, like Gecko) Chrome/114.0.0.0 Safari/537.36 0.001
0:0:0:0:0:0:0:1 - - [13/Jun/2023:23:22:38 +0100] - 400 - - - 0.000
0:0:0:0:0:0:0:1 - - [13/Jun/2023:23:22:38 +0100] - 400 - - - 0.000
0:0:0:0:0:0:0:1 - - [13/Jun/2023:23:22:38 +0100] GET /api/am/devportal/v3/swagger.yaml HTTP/1.1 200 26878 https://localhost:9443/devportal/apis/c6b17439-fa73-4d33-a618-bf5b18176cd8/credentials Mozilla/5.0 (Windows NT 10.0; Win64; x64) AppleWebKit/537.36 (KHTML, like Gecko) Chrome/114.0.0.0 Safari/537.36 0.008
0:0:0:0:0:0:0:1 - - [13/Jun/2023:23:22:38 +0100] - 400 - - - 0.000
127.0.0.1 - - [13/Jun/2023:23:22:38 +0100] GET /oauth2/token/.well-known/openid-configuration HTTP/1.1 200 2395 - Apache-HttpClient/4.5.13 (Java/17.0.6) 0.003
0:0:0:0:0:0:0:1 - - [13/Jun/2023:23:22:38 +0100] GET /api/am/devportal/v3/swagger.yaml HTTP/1.1 200 26878 https://localhost:9443/devportal/apis/c6b17439-fa73-4d33-a618-bf5b18176cd8/credentials Mozilla/5.0 (Windows NT 10.0; Win64; x64) AppleWebKit/537.36 (KHTML, like Gecko) Chrome/114.0.0.0 Safari/537.36 0.014
0:0:0:0:0:0:0:1 - - [13/Jun/2023:23:22:38 +0100] GET /api/am/devportal/v3/key-managers HTTP/1.1 200 763 https://localhost:9443/devportal/apis/c6b17439-fa73-4d33-a618-bf5b18176cd8/credentials Mozilla/5.0 (Windows NT 10.0; Win64; x64) AppleWebKit/537.36 (KHTML, like Gecko) Chrome/114.0.0.0 Safari/537.36 0.016
127.0.0.1 - - [13/Jun/2023:23:22:38 +0100] GET /keymanager-operations/dcr/register/X3RlaklKb3BTa1J4YUo3ZGpxa213RFFzUmZBYQ%3D%3D HTTP/1.1 200 720 - Apache-HttpClient/4.5.13 (Java/17.0.6) 0.003
0:0:0:0:0:0:0:1 - - [13/Jun/2023:23:22:38 +0100] GET /api/am/devportal/v3/applications/61ddaa0f-0c05-45ac-8f23-c232670ebd63 HTTP/1.1 200 490 https://localhost:9443/devportal/apis/c6b17439-fa73-4d33-a618-bf5b18176cd8/credentials Mozilla/5.0 (Windows NT 10.0; Win64; x64) AppleWebKit/537.36 (KHTML, like Gecko) Chrome/114.0.0.0 Safari/537.36 0.010
127.0.0.1 - - [13/Jun/2023:23:22:38 +0100] GET /keymanager-operations/dcr/register/X3RlaklKb3BTa1J4YUo3ZGpxa213RFFzUmZBYQ%3D%3D HTTP/1.1 200 720 - Apache-HttpClient/4.5.13 (Java/17.0.6) 0.002
0:0:0:0:0:0:0:1 - - [13/Jun/2023:23:22:38 +0100] GET /api/am/devportal/v3/applications/61ddaa0f-0c05-45ac-8f23-c232670ebd63 HTTP/1.1 200 490 https://localhost:9443/devportal/apis/c6b17439-fa73-4d33-a618-bf5b18176cd8/credentials Mozilla/5.0 (Windows NT 10.0; Win64; x64) AppleWebKit/537.36 (KHTML, like Gecko) Chrome/114.0.0.0 Safari/537.36 0.008
127.0.0.1 - - [13/Jun/2023:23:22:38 +0100] GET /keymanager-operations/dcr/register/X3RlaklKb3BTa1J4YUo3ZGpxa213RFFzUmZBYQ%3D%3D HTTP/1.1 200 720 - Apache-HttpClient/4.5.13 (Java/17.0.6) 0.002
0:0:0:0:0:0:0:1 - - [13/Jun/2023:23:22:38 +0100] GET /api/am/devportal/v3/applications/61ddaa0f-0c05-45ac-8f23-c232670ebd63/oauth-keys HTTP/1.1 200 868 https://localhost:9443/devportal/apis/c6b17439-fa73-4d33-a618-bf5b18176cd8/credentials Mozilla/5.0 (Windows NT 10.0; Win64; x64) AppleWebKit/537.36 (KHTML, like Gecko) Chrome/114.0.0.0 Safari/537.36 0.007
0:0:0:0:0:0:0:1 - - [13/Jun/2023:23:22:38 +0100] GET /api/am/devportal/v3/swagger.yaml HTTP/1.1 200 26878 https://localhost:9443/devportal/apis/c6b17439-fa73-4d33-a618-bf5b18176cd8/credentials Mozilla/5.0 (Windows NT 10.0; Win64; x64) AppleWebKit/537.36 (KHTML, like Gecko) Chrome/114.0.0.0 Safari/537.36 0.005
127.0.0.1 - - [13/Jun/2023:23:22:39 +0100] GET /keymanager-operations/dcr/register/X3RlaklKb3BTa1J4YUo3ZGpxa213RFFzUmZBYQ%3D%3D HTTP/1.1 200 720 - Apache-HttpClient/4.5.13 (Java/17.0.6) 0.004
0:0:0:0:0:0:0:1 - - [13/Jun/2023:23:22:39 +0100] GET /api/am/devportal/v3/applications/61ddaa0f-0c05-45ac-8f23-c232670ebd63 HTTP/1.1 200 490 https://localhost:9443/devportal/apis/c6b17439-fa73-4d33-a618-bf5b18176cd8/credentials Mozilla/5.0 (Windows NT 10.0; Win64; x64) AppleWebKit/537.36 (KHTML, like Gecko) Chrome/114.0.0.0 Safari/537.36 0.016
127.0.0.1 - - [13/Jun/2023:23:22:39 +0100] GET /keymanager-operations/dcr/register/X3RlaklKb3BTa1J4YUo3ZGpxa213RFFzUmZBYQ%3D%3D HTTP/1.1 200 720 - Apache-HttpClient/4.5.13 (Java/17.0.6) 0.003
0:0:0:0:0:0:0:1 - - [13/Jun/2023:23:22:39 +0100] GET /api/am/devportal/v3/applications/61ddaa0f-0c05-45ac-8f23-c232670ebd63/oauth-keys HTTP/1.1 200 868 https://localhost:9443/devportal/apis/c6b17439-fa73-4d33-a618-bf5b18176cd8/credentials Mozilla/5.0 (Windows NT 10.0; Win64; x64) AppleWebKit/537.36 (KHTML, like Gecko) Chrome/114.0.0.0 Safari/537.36 0.017
0:0:0:0:0:0:0:1 - - [13/Jun/2023:23:22:45 +0100] - 400 - - - 0.000
0:0:0:0:0:0:0:1 - - [13/Jun/2023:23:22:45 +0100] - 400 - - - 0.000
0:0:0:0:0:0:0:1 - - [13/Jun/2023:23:22:45 +0100] - 400 - - - 0.000
0:0:0:0:0:0:0:1 - - [13/Jun/2023:23:22:45 +0100] GET /api/am/devportal/v3/swagger.yaml HTTP/1.1 200 26878 https://localhost:9443/devportal/apis/c6b17439-fa73-4d33-a618-bf5b18176cd8/credentials Mozilla/5.0 (Windows NT 10.0; Win64; x64) AppleWebKit/537.36 (KHTML, like Gecko) Chrome/114.0.0.0 Safari/537.36 0.011
127.0.0.1 - - [13/Jun/2023:23:22:45 +0100] GET /oauth2/token/.well-known/openid-configuration HTTP/1.1 200 2395 - Apache-HttpClient/4.5.13 (Java/17.0.6) 0.004
0:0:0:0:0:0:0:1 - - [13/Jun/2023:23:22:45 +0100] GET /api/am/devportal/v3/key-managers HTTP/1.1 200 763 https://localhost:9443/devportal/apis/c6b17439-fa73-4d33-a618-bf5b18176cd8/credentials Mozilla/5.0 (Windows NT 10.0; Win64; x64) AppleWebKit/537.36 (KHTML, like Gecko) Chrome/114.0.0.0 Safari/537.36 0.017
127.0.0.1 - - [13/Jun/2023:23:22:45 +0100] GET /keymanager-operations/dcr/register/X3RlaklKb3BTa1J4YUo3ZGpxa213RFFzUmZBYQ%3D%3D HTTP/1.1 200 720 - Apache-HttpClient/4.5.13 (Java/17.0.6) 0.004
0:0:0:0:0:0:0:1 - - [13/Jun/2023:23:22:45 +0100] GET /api/am/devportal/v3/applications/61ddaa0f-0c05-45ac-8f23-c232670ebd63/oauth-keys HTTP/1.1 200 868 https://localhost:9443/devportal/apis/c6b17439-fa73-4d33-a618-bf5b18176cd8/credentials Mozilla/5.0 (Windows NT 10.0; Win64; x64) AppleWebKit/537.36 (KHTML, like Gecko) Chrome/114.0.0.0 Safari/537.36 0.012
127.0.0.1 - - [13/Jun/2023:23:22:45 +0100] GET /keymanager-operations/dcr/register/X3RlaklKb3BTa1J4YUo3ZGpxa213RFFzUmZBYQ%3D%3D HTTP/1.1 200 720 - Apache-HttpClient/4.5.13 (Java/17.0.6) 0.002
0:0:0:0:0:0:0:1 - - [13/Jun/2023:23:22:45 +0100] GET /api/am/devportal/v3/applications/61ddaa0f-0c05-45ac-8f23-c232670ebd63 HTTP/1.1 200 490 https://localhost:9443/devportal/apis/c6b17439-fa73-4d33-a618-bf5b18176cd8/credentials Mozilla/5.0 (Windows NT 10.0; Win64; x64) AppleWebKit/537.36 (KHTML, like Gecko) Chrome/114.0.0.0 Safari/537.36 0.007
0:0:0:0:0:0:0:1 - - [13/Jun/2023:23:22:50 +0100] - 400 - - - 0.000
0:0:0:0:0:0:0:1 - - [13/Jun/2023:23:22:50 +0100] GET /devportal/site/public/dist/ApplicationDetails.84676b0e418ac76ec3ec.bundle.js HTTP/1.1 200 118257 https://localhost:9443/devportal/applications/61ddaa0f-0c05-45ac-8f23-c232670ebd63 Mozilla/5.0 (Windows NT 10.0; Win64; x64) AppleWebKit/537.36 (KHTML, like Gecko) Chrome/114.0.0.0 Safari/537.36 0.021
0:0:0:0:0:0:0:1 - - [13/Jun/2023:23:22:50 +0100] - 400 - - - 0.000
0:0:0:0:0:0:0:1 - - [13/Jun/2023:23:22:50 +0100] GET /devportal/site/public/images/_favicon.ico HTTP/1.1 200 1150 https://localhost:9443/devportal/applications/61ddaa0f-0c05-45ac-8f23-c232670ebd63 Mozilla/5.0 (Windows NT 10.0; Win64; x64) AppleWebKit/537.36 (KHTML, like Gecko) Chrome/114.0.0.0 Safari/537.36 0.003
127.0.0.1 - - [13/Jun/2023:23:22:50 +0100] GET /keymanager-operations/dcr/register/X3RlaklKb3BTa1J4YUo3ZGpxa213RFFzUmZBYQ%3D%3D HTTP/1.1 200 720 - Apache-HttpClient/4.5.13 (Java/17.0.6) 0.003
0:0:0:0:0:0:0:1 - - [13/Jun/2023:23:22:50 +0100] GET /api/am/devportal/v3/applications/61ddaa0f-0c05-45ac-8f23-c232670ebd63 HTTP/1.1 200 490 https://localhost:9443/devportal/applications/61ddaa0f-0c05-45ac-8f23-c232670ebd63 Mozilla/5.0 (Windows NT 10.0; Win64; x64) AppleWebKit/537.36 (KHTML, like Gecko) Chrome/114.0.0.0 Safari/537.36 0.009
0:0:0:0:0:0:0:1 - - [13/Jun/2023:23:22:50 +0100] - 400 - - - 0.000
127.0.0.1 - - [13/Jun/2023:23:22:50 +0100] GET /keymanager-operations/dcr/register/X3RlaklKb3BTa1J4YUo3ZGpxa213RFFzUmZBYQ%3D%3D HTTP/1.1 200 720 - Apache-HttpClient/4.5.13 (Java/17.0.6) 0.003
0:0:0:0:0:0:0:1 - - [13/Jun/2023:23:22:50 +0100] - 400 - - - 0.000
0:0:0:0:0:0:0:1 - - [13/Jun/2023:23:22:50 +0100] GET /api/am/devportal/v3/applications/61ddaa0f-0c05-45ac-8f23-c232670ebd63 HTTP/1.1 200 490 https://localhost:9443/devportal/applications/61ddaa0f-0c05-45ac-8f23-c232670ebd63/overview Mozilla/5.0 (Windows NT 10.0; Win64; x64) AppleWebKit/537.36 (KHTML, like Gecko) Chrome/114.0.0.0 Safari/537.36 0.013
0:0:0:0:0:0:0:1 - - [13/Jun/2023:23:22:50 +0100] GET /devportal/site/public/images/_favicon.ico HTTP/1.1 200 1150 https://localhost:9443/devportal/applications/61ddaa0f-0c05-45ac-8f23-c232670ebd63/overview Mozilla/5.0 (Windows NT 10.0; Win64; x64) AppleWebKit/537.36 (KHTML, like Gecko) Chrome/114.0.0.0 Safari/537.36 0.002
0:0:0:0:0:0:0:1 - - [13/Jun/2023:23:22:50 +0100] GET /api/am/devportal/v3/throttling-policies/application/10PerMin HTTP/1.1 200 493 https://localhost:9443/devportal/applications/61ddaa0f-0c05-45ac-8f23-c232670ebd63/overview Mozilla/5.0 (Windows NT 10.0; Win64; x64) AppleWebKit/537.36 (KHTML, like Gecko) Chrome/114.0.0.0 Safari/537.36 0.011
0:0:0:0:0:0:0:1 - - [13/Jun/2023:23:22:50 +0100] GET /api/am/devportal/v3/throttling-policies/application/10PerMin HTTP/1.1 200 493 https://localhost:9443/devportal/applications/61ddaa0f-0c05-45ac-8f23-c232670ebd63/overview Mozilla/5.0 (Windows NT 10.0; Win64; x64) AppleWebKit/537.36 (KHTML, like Gecko) Chrome/114.0.0.0 Safari/537.36 0.006
0:0:0:0:0:0:0:1 - - [13/Jun/2023:23:22:53 +0100] GET /api/am/devportal/v3/settings/application-attributes HTTP/1.1 200 21 https://localhost:9443/devportal/applications/61ddaa0f-0c05-45ac-8f23-c232670ebd63/edit/fromView Mozilla/5.0 (Windows NT 10.0; Win64; x64) AppleWebKit/537.36 (KHTML, like Gecko) Chrome/114.0.0.0 Safari/537.36 0.004
0:0:0:0:0:0:0:1 - - [13/Jun/2023:23:22:53 +0100] GET /api/am/devportal/v3/throttling-policies/application HTTP/1.1 200 473 https://localhost:9443/devportal/applications/61ddaa0f-0c05-45ac-8f23-c232670ebd63/edit/fromView Mozilla/5.0 (Windows NT 10.0; Win64; x64) AppleWebKit/537.36 (KHTML, like Gecko) Chrome/114.0.0.0 Safari/537.36 0.004
0:0:0:0:0:0:0:1 - - [13/Jun/2023:23:22:53 +0100] GET /api/am/devportal/v3/swagger.yaml HTTP/1.1 200 26878 https://localhost:9443/devportal/applications/61ddaa0f-0c05-45ac-8f23-c232670ebd63/edit/fromView Mozilla/5.0 (Windows NT 10.0; Win64; x64) AppleWebKit/537.36 (KHTML, like Gecko) Chrome/114.0.0.0 Safari/537.36 0.009
0:0:0:0:0:0:0:1 - - [13/Jun/2023:23:22:53 +0100] GET /devportal/site/public/images/_favicon.ico HTTP/1.1 200 1150 https://localhost:9443/devportal/applications/61ddaa0f-0c05-45ac-8f23-c232670ebd63/edit/fromView Mozilla/5.0 (Windows NT 10.0; Win64; x64) AppleWebKit/537.36 (KHTML, like Gecko) Chrome/114.0.0.0 Safari/537.36 0.001
127.0.0.1 - - [13/Jun/2023:23:22:53 +0100] GET /keymanager-operations/dcr/register/X3RlaklKb3BTa1J4YUo3ZGpxa213RFFzUmZBYQ%3D%3D HTTP/1.1 200 720 - Apache-HttpClient/4.5.13 (Java/17.0.6) 0.002
0:0:0:0:0:0:0:1 - - [13/Jun/2023:23:22:53 +0100] GET /api/am/devportal/v3/applications/61ddaa0f-0c05-45ac-8f23-c232670ebd63 HTTP/1.1 200 490 https://localhost:9443/devportal/applications/61ddaa0f-0c05-45ac-8f23-c232670ebd63/edit/fromView Mozilla/5.0 (Windows NT 10.0; Win64; x64) AppleWebKit/537.36 (KHTML, like Gecko) Chrome/114.0.0.0 Safari/537.36 0.014
127.0.0.1 - - [13/Jun/2023:23:22:56 +0100] GET /keymanager-operations/dcr/register/X3RlaklKb3BTa1J4YUo3ZGpxa213RFFzUmZBYQ%3D%3D HTTP/1.1 200 720 - Apache-HttpClient/4.5.13 (Java/17.0.6) 0.001
127.0.0.1 - - [13/Jun/2023:23:22:56 +0100] GET /keymanager-operations/dcr/register/X3RlaklKb3BTa1J4YUo3ZGpxa213RFFzUmZBYQ%3D%3D HTTP/1.1 200 720 - Apache-HttpClient/4.5.13 (Java/17.0.6) 0.002
0:0:0:0:0:0:0:1 - - [13/Jun/2023:23:22:56 +0100] PUT /api/am/devportal/v3/applications/61ddaa0f-0c05-45ac-8f23-c232670ebd63 HTTP/1.1 200 337 https://localhost:9443/devportal/applications/61ddaa0f-0c05-45ac-8f23-c232670ebd63/edit/fromView Mozilla/5.0 (Windows NT 10.0; Win64; x64) AppleWebKit/537.36 (KHTML, like Gecko) Chrome/114.0.0.0 Safari/537.36 0.012
0:0:0:0:0:0:0:1 - - [13/Jun/2023:23:22:56 +0100] GET /devportal/site/public/images/_favicon.ico HTTP/1.1 200 1150 https://localhost:9443/devportal/applications/61ddaa0f-0c05-45ac-8f23-c232670ebd63 Mozilla/5.0 (Windows NT 10.0; Win64; x64) AppleWebKit/537.36 (KHTML, like Gecko) Chrome/114.0.0.0 Safari/537.36 0.001
127.0.0.1 - - [13/Jun/2023:23:22:56 +0100] GET /keymanager-operations/dcr/register/X3RlaklKb3BTa1J4YUo3ZGpxa213RFFzUmZBYQ%3D%3D HTTP/1.1 200 720 - Apache-HttpClient/4.5.13 (Java/17.0.6) 0.002
0:0:0:0:0:0:0:1 - - [13/Jun/2023:23:22:56 +0100] GET /api/am/devportal/v3/applications/61ddaa0f-0c05-45ac-8f23-c232670ebd63 HTTP/1.1 200 490 https://localhost:9443/devportal/applications/61ddaa0f-0c05-45ac-8f23-c232670ebd63 Mozilla/5.0 (Windows NT 10.0; Win64; x64) AppleWebKit/537.36 (KHTML, like Gecko) Chrome/114.0.0.0 Safari/537.36 0.007
0:0:0:0:0:0:0:1 - - [13/Jun/2023:23:22:56 +0100] GET /api/am/devportal/v3/throttling-policies/application/10PerMin HTTP/1.1 200 493 https://localhost:9443/devportal/applications/61ddaa0f-0c05-45ac-8f23-c232670ebd63/overview Mozilla/5.0 (Windows NT 10.0; Win64; x64) AppleWebKit/537.36 (KHTML, like Gecko) Chrome/114.0.0.0 Safari/537.36 0.004
127.0.0.1 - - [13/Jun/2023:23:22:56 +0100] GET /keymanager-operations/dcr/register/X3RlaklKb3BTa1J4YUo3ZGpxa213RFFzUmZBYQ%3D%3D HTTP/1.1 200 720 - Apache-HttpClient/4.5.13 (Java/17.0.6) 0.003
0:0:0:0:0:0:0:1 - - [13/Jun/2023:23:22:56 +0100] GET /devportal/site/public/images/_favicon.ico HTTP/1.1 200 1150 https://localhost:9443/devportal/applications/61ddaa0f-0c05-45ac-8f23-c232670ebd63/overview Mozilla/5.0 (Windows NT 10.0; Win64; x64) AppleWebKit/537.36 (KHTML, like Gecko) Chrome/114.0.0.0 Safari/537.36 0.001
0:0:0:0:0:0:0:1 - - [13/Jun/2023:23:22:56 +0100] GET /api/am/devportal/v3/applications/61ddaa0f-0c05-45ac-8f23-c232670ebd63 HTTP/1.1 200 490 https://localhost:9443/devportal/applications/61ddaa0f-0c05-45ac-8f23-c232670ebd63/overview Mozilla/5.0 (Windows NT 10.0; Win64; x64) AppleWebKit/537.36 (KHTML, like Gecko) Chrome/114.0.0.0 Safari/537.36 0.011
0:0:0:0:0:0:0:1 - - [13/Jun/2023:23:22:56 +0100] GET /api/am/devportal/v3/throttling-policies/application/10PerMin HTTP/1.1 200 493 https://localhost:9443/devportal/applications/61ddaa0f-0c05-45ac-8f23-c232670ebd63/overview Mozilla/5.0 (Windows NT 10.0; Win64; x64) AppleWebKit/537.36 (KHTML, like Gecko) Chrome/114.0.0.0 Safari/537.36 0.004
0:0:0:0:0:0:0:1 - - [13/Jun/2023:23:22:58 +0100] GET /api/am/devportal/v3/throttling-policies/application HTTP/1.1 200 473 https://localhost:9443/devportal/applications/61ddaa0f-0c05-45ac-8f23-c232670ebd63/edit/fromView Mozilla/5.0 (Windows NT 10.0; Win64; x64) AppleWebKit/537.36 (KHTML, like Gecko) Chrome/114.0.0.0 Safari/537.36 0.004
0:0:0:0:0:0:0:1 - - [13/Jun/2023:23:22:58 +0100] GET /api/am/devportal/v3/swagger.yaml HTTP/1.1 200 26878 https://localhost:9443/devportal/applications/61ddaa0f-0c05-45ac-8f23-c232670ebd63/edit/fromView Mozilla/5.0 (Windows NT 10.0; Win64; x64) AppleWebKit/537.36 (KHTML, like Gecko) Chrome/114.0.0.0 Safari/537.36 0.014
0:0:0:0:0:0:0:1 - - [13/Jun/2023:23:22:58 +0100] GET /api/am/devportal/v3/settings/application-attributes HTTP/1.1 200 21 https://localhost:9443/devportal/applications/61ddaa0f-0c05-45ac-8f23-c232670ebd63/edit/fromView Mozilla/5.0 (Windows NT 10.0; Win64; x64) AppleWebKit/537.36 (KHTML, like Gecko) Chrome/114.0.0.0 Safari/537.36 0.005
0:0:0:0:0:0:0:1 - - [13/Jun/2023:23:22:58 +0100] GET /devportal/site/public/images/_favicon.ico HTTP/1.1 200 1150 https://localhost:9443/devportal/applications/61ddaa0f-0c05-45ac-8f23-c232670ebd63/edit/fromView Mozilla/5.0 (Windows NT 10.0; Win64; x64) AppleWebKit/537.36 (KHTML, like Gecko) Chrome/114.0.0.0 Safari/537.36 0.002
127.0.0.1 - - [13/Jun/2023:23:22:58 +0100] GET /keymanager-operations/dcr/register/X3RlaklKb3BTa1J4YUo3ZGpxa213RFFzUmZBYQ%3D%3D HTTP/1.1 200 720 - Apache-HttpClient/4.5.13 (Java/17.0.6) 0.001
0:0:0:0:0:0:0:1 - - [13/Jun/2023:23:22:58 +0100] GET /api/am/devportal/v3/applications/61ddaa0f-0c05-45ac-8f23-c232670ebd63 HTTP/1.1 200 490 https://localhost:9443/devportal/applications/61ddaa0f-0c05-45ac-8f23-c232670ebd63/edit/fromView Mozilla/5.0 (Windows NT 10.0; Win64; x64) AppleWebKit/537.36 (KHTML, like Gecko) Chrome/114.0.0.0 Safari/537.36 0.008
0:0:0:0:0:0:0:1 - - [13/Jun/2023:23:23:03 +0100] - 400 - - - 0.000
0:0:0:0:0:0:0:1 - - [13/Jun/2023:23:23:03 +0100] - 400 - - - 0.000
0:0:0:0:0:0:0:1 - - [13/Jun/2023:23:23:03 +0100] GET /devportal/site/public/images/_favicon.ico HTTP/1.1 200 1150 https://localhost:9443/devportal/applications/61ddaa0f-0c05-45ac-8f23-c232670ebd63/ Mozilla/5.0 (Windows NT 10.0; Win64; x64) AppleWebKit/537.36 (KHTML, like Gecko) Chrome/114.0.0.0 Safari/537.36 0.003
127.0.0.1 - - [13/Jun/2023:23:23:03 +0100] GET /keymanager-operations/dcr/register/X3RlaklKb3BTa1J4YUo3ZGpxa213RFFzUmZBYQ%3D%3D HTTP/1.1 200 720 - Apache-HttpClient/4.5.13 (Java/17.0.6) 0.003
0:0:0:0:0:0:0:1 - - [13/Jun/2023:23:23:03 +0100] GET /api/am/devportal/v3/applications/61ddaa0f-0c05-45ac-8f23-c232670ebd63 HTTP/1.1 200 490 https://localhost:9443/devportal/applications/61ddaa0f-0c05-45ac-8f23-c232670ebd63/ Mozilla/5.0 (Windows NT 10.0; Win64; x64) AppleWebKit/537.36 (KHTML, like Gecko) Chrome/114.0.0.0 Safari/537.36 0.013
0:0:0:0:0:0:0:1 - - [13/Jun/2023:23:23:03 +0100] GET /api/am/devportal/v3/throttling-policies/application/10PerMin HTTP/1.1 200 493 https://localhost:9443/devportal/applications/61ddaa0f-0c05-45ac-8f23-c232670ebd63/overview Mozilla/5.0 (Windows NT 10.0; Win64; x64) AppleWebKit/537.36 (KHTML, like Gecko) Chrome/114.0.0.0 Safari/537.36 0.005
127.0.0.1 - - [13/Jun/2023:23:23:03 +0100] GET /keymanager-operations/dcr/register/X3RlaklKb3BTa1J4YUo3ZGpxa213RFFzUmZBYQ%3D%3D HTTP/1.1 200 720 - Apache-HttpClient/4.5.13 (Java/17.0.6) 0.005
0:0:0:0:0:0:0:1 - - [13/Jun/2023:23:23:03 +0100] GET /devportal/site/public/images/_favicon.ico HTTP/1.1 200 1150 https://localhost:9443/devportal/applications/61ddaa0f-0c05-45ac-8f23-c232670ebd63/overview Mozilla/5.0 (Windows NT 10.0; Win64; x64) AppleWebKit/537.36 (KHTML, like Gecko) Chrome/114.0.0.0 Safari/537.36 0.001
0:0:0:0:0:0:0:1 - - [13/Jun/2023:23:23:03 +0100] GET /api/am/devportal/v3/applications/61ddaa0f-0c05-45ac-8f23-c232670ebd63 HTTP/1.1 200 490 https://localhost:9443/devportal/applications/61ddaa0f-0c05-45ac-8f23-c232670ebd63/overview Mozilla/5.0 (Windows NT 10.0; Win64; x64) AppleWebKit/537.36 (KHTML, like Gecko) Chrome/114.0.0.0 Safari/537.36 0.014
0:0:0:0:0:0:0:1 - - [13/Jun/2023:23:23:03 +0100] GET /api/am/devportal/v3/throttling-policies/application/10PerMin HTTP/1.1 200 493 https://localhost:9443/devportal/applications/61ddaa0f-0c05-45ac-8f23-c232670ebd63/overview Mozilla/5.0 (Windows NT 10.0; Win64; x64) AppleWebKit/537.36 (KHTML, like Gecko) Chrome/114.0.0.0 Safari/537.36 0.003
0:0:0:0:0:0:0:1 - - [13/Jun/2023:23:23:07 +0100] GET /api/am/devportal/v3/swagger.yaml HTTP/1.1 200 26878 https://localhost:9443/devportal/applications/61ddaa0f-0c05-45ac-8f23-c232670ebd63/overview Mozilla/5.0 (Windows NT 10.0; Win64; x64) AppleWebKit/537.36 (KHTML, like Gecko) Chrome/114.0.0.0 Safari/537.36 0.012
127.0.0.1 - - [13/Jun/2023:23:23:07 +0100] DELETE /keymanager-operations/dcr/register/X3RlaklKb3BTa1J4YUo3ZGpxa213RFFzUmZBYQ%3D%3D HTTP/1.1 204 - - Apache-HttpClient/4.5.13 (Java/17.0.6) 0.012
0:0:0:0:0:0:0:1 - - [13/Jun/2023:23:23:07 +0100] DELETE /api/am/devportal/v3/applications/61ddaa0f-0c05-45ac-8f23-c232670ebd63 HTTP/1.1 200 - https://localhost:9443/devportal/applications/61ddaa0f-0c05-45ac-8f23-c232670ebd63/overview Mozilla/5.0 (Windows NT 10.0; Win64; x64) AppleWebKit/537.36 (KHTML, like Gecko) Chrome/114.0.0.0 Safari/537.36 0.023
0:0:0:0:0:0:0:1 - - [13/Jun/2023:23:23:07 +0100] GET /devportal/site/public/dist/ApiListing.124eade6a6be03879d65.bundle.js HTTP/1.1 200 8080 https://localhost:9443/devportal/applications Mozilla/5.0 (Windows NT 10.0; Win64; x64) AppleWebKit/537.36 (KHTML, like Gecko) Chrome/114.0.0.0 Safari/537.36 0.005
0:0:0:0:0:0:0:1 - - [13/Jun/2023:23:23:07 +0100] GET /devportal/site/public/images/_favicon.ico HTTP/1.1 200 1150 https://localhost:9443/devportal/applications Mozilla/5.0 (Windows NT 10.0; Win64; x64) AppleWebKit/537.36 (KHTML, like Gecko) Chrome/114.0.0.0 Safari/537.36 0.002
0:0:0:0:0:0:0:1 - - [13/Jun/2023:23:23:07 +0100] GET /api/am/devportal/v3/swagger.yaml HTTP/1.1 200 26878 https://localhost:9443/devportal/applications Mozilla/5.0 (Windows NT 10.0; Win64; x64) AppleWebKit/537.36 (KHTML, like Gecko) Chrome/114.0.0.0 Safari/537.36 0.010
0:0:0:0:0:0:0:1 - - [13/Jun/2023:23:23:07 +0100] GET /api/am/devportal/v3/applications?sortBy=name&sortOrder=asc&limit=10&offset=0 HTTP/1.1 200 1004 https://localhost:9443/devportal/applications Mozilla/5.0 (Windows NT 10.0; Win64; x64) AppleWebKit/537.36 (KHTML, like Gecko) Chrome/114.0.0.0 Safari/537.36 0.005
0:0:0:0:0:0:0:1 - - [13/Jun/2023:23:23:13 +0100] - 400 - - - 0.000
0:0:0:0:0:0:0:1 - - [13/Jun/2023:23:23:13 +0100] - 400 - - - 0.000
0:0:0:0:0:0:0:1 - - [13/Jun/2023:23:23:13 +0100] - 400 - - - 0.000
0:0:0:0:0:0:0:1 - - [13/Jun/2023:23:23:13 +0100] GET /api/am/devportal/v3/settings/application-attributes HTTP/1.1 200 21 https://localhost:9443/devportal/applications/create Mozilla/5.0 (Windows NT 10.0; Win64; x64) AppleWebKit/537.36 (KHTML, like Gecko) Chrome/114.0.0.0 Safari/537.36 0.003
0:0:0:0:0:0:0:1 - - [13/Jun/2023:23:23:13 +0100] GET /api/am/devportal/v3/throttling-policies/application HTTP/1.1 200 473 https://localhost:9443/devportal/applications/create Mozilla/5.0 (Windows NT 10.0; Win64; x64) AppleWebKit/537.36 (KHTML, like Gecko) Chrome/114.0.0.0 Safari/537.36 0.003
0:0:0:0:0:0:0:1 - - [13/Jun/2023:23:23:13 +0100] GET /devportal/site/public/images/_favicon.ico HTTP/1.1 200 1150 https://localhost:9443/devportal/applications/create Mozilla/5.0 (Windows NT 10.0; Win64; x64) AppleWebKit/537.36 (KHTML, like Gecko) Chrome/114.0.0.0 Safari/537.36 0.002
0:0:0:0:0:0:0:1 - - [13/Jun/2023:23:23:20 +0100] - 400 - - - 0.000
0:0:0:0:0:0:0:1 - - [13/Jun/2023:23:23:20 +0100] POST /api/am/devportal/v3/applications HTTP/1.1 201 337 https://localhost:9443/devportal/applications/create Mozilla/5.0 (Windows NT 10.0; Win64; x64) AppleWebKit/537.36 (KHTML, like Gecko) Chrome/114.0.0.0 Safari/537.36 0.007
0:0:0:0:0:0:0:1 - - [13/Jun/2023:23:23:20 +0100] - 400 - - - 0.000
0:0:0:0:0:0:0:1 - - [13/Jun/2023:23:23:20 +0100] GET /api/am/devportal/v3/applications/1ced8c6f-19af-45ac-8773-ee11ac0d11c7 HTTP/1.1 200 338 https://localhost:9443/devportal/applications/1ced8c6f-19af-45ac-8773-ee11ac0d11c7 Mozilla/5.0 (Windows NT 10.0; Win64; x64) AppleWebKit/537.36 (KHTML, like Gecko) Chrome/114.0.0.0 Safari/537.36 0.006
0:0:0:0:0:0:0:1 - - [13/Jun/2023:23:23:20 +0100] GET /devportal/site/public/images/_favicon.ico HTTP/1.1 200 1150 https://localhost:9443/devportal/applications/1ced8c6f-19af-45ac-8773-ee11ac0d11c7 Mozilla/5.0 (Windows NT 10.0; Win64; x64) AppleWebKit/537.36 (KHTML, like Gecko) Chrome/114.0.0.0 Safari/537.36 0.002
0:0:0:0:0:0:0:1 - - [13/Jun/2023:23:23:20 +0100] GET /api/am/devportal/v3/throttling-policies/application/10PerMin HTTP/1.1 200 493 https://localhost:9443/devportal/applications/1ced8c6f-19af-45ac-8773-ee11ac0d11c7/overview Mozilla/5.0 (Windows NT 10.0; Win64; x64) AppleWebKit/537.36 (KHTML, like Gecko) Chrome/114.0.0.0 Safari/537.36 0.005
0:0:0:0:0:0:0:1 - - [13/Jun/2023:23:23:20 +0100] GET /api/am/devportal/v3/applications/1ced8c6f-19af-45ac-8773-ee11ac0d11c7 HTTP/1.1 200 338 https://localhost:9443/devportal/applications/1ced8c6f-19af-45ac-8773-ee11ac0d11c7/overview Mozilla/5.0 (Windows NT 10.0; Win64; x64) AppleWebKit/537.36 (KHTML, like Gecko) Chrome/114.0.0.0 Safari/537.36 0.006
0:0:0:0:0:0:0:1 - - [13/Jun/2023:23:23:20 +0100] GET /devportal/site/public/images/_favicon.ico HTTP/1.1 200 1150 https://localhost:9443/devportal/applications/1ced8c6f-19af-45ac-8773-ee11ac0d11c7/overview Mozilla/5.0 (Windows NT 10.0; Win64; x64) AppleWebKit/537.36 (KHTML, like Gecko) Chrome/114.0.0.0 Safari/537.36 0.002
0:0:0:0:0:0:0:1 - - [13/Jun/2023:23:23:20 +0100] GET /api/am/devportal/v3/throttling-policies/application/10PerMin HTTP/1.1 200 493 https://localhost:9443/devportal/applications/1ced8c6f-19af-45ac-8773-ee11ac0d11c7/overview Mozilla/5.0 (Windows NT 10.0; Win64; x64) AppleWebKit/537.36 (KHTML, like Gecko) Chrome/114.0.0.0 Safari/537.36 0.003
0:0:0:0:0:0:0:1 - - [13/Jun/2023:23:23:23 +0100] - 400 - - - 0.000
0:0:0:0:0:0:0:1 - - [13/Jun/2023:23:23:23 +0100] GET /api/am/devportal/v3/swagger.yaml HTTP/1.1 200 26878 https://localhost:9443/devportal/applications/1ced8c6f-19af-45ac-8773-ee11ac0d11c7/productionkeys/oauth Mozilla/5.0 (Windows NT 10.0; Win64; x64) AppleWebKit/537.36 (KHTML, like Gecko) Chrome/114.0.0.0 Safari/537.36 0.013
0:0:0:0:0:0:0:1 - - [13/Jun/2023:23:23:23 +0100] GET /devportal/site/public/images/_favicon.ico HTTP/1.1 200 1150 https://localhost:9443/devportal/applications/1ced8c6f-19af-45ac-8773-ee11ac0d11c7/productionkeys/oauth Mozilla/5.0 (Windows NT 10.0; Win64; x64) AppleWebKit/537.36 (KHTML, like Gecko) Chrome/114.0.0.0 Safari/537.36 0.001
127.0.0.1 - - [13/Jun/2023:23:23:23 +0100] GET /oauth2/token/.well-known/openid-configuration HTTP/1.1 200 2395 - Apache-HttpClient/4.5.13 (Java/17.0.6) 0.004
0:0:0:0:0:0:0:1 - - [13/Jun/2023:23:23:23 +0100] GET /api/am/devportal/v3/key-managers HTTP/1.1 200 763 https://localhost:9443/devportal/applications/1ced8c6f-19af-45ac-8773-ee11ac0d11c7/productionkeys/oauth Mozilla/5.0 (Windows NT 10.0; Win64; x64) AppleWebKit/537.36 (KHTML, like Gecko) Chrome/114.0.0.0 Safari/537.36 0.017
0:0:0:0:0:0:0:1 - - [13/Jun/2023:23:23:24 +0100] GET /api/am/devportal/v3/applications/1ced8c6f-19af-45ac-8773-ee11ac0d11c7 HTTP/1.1 200 338 https://localhost:9443/devportal/applications/1ced8c6f-19af-45ac-8773-ee11ac0d11c7/productionkeys/oauth Mozilla/5.0 (Windows NT 10.0; Win64; x64) AppleWebKit/537.36 (KHTML, like Gecko) Chrome/114.0.0.0 Safari/537.36 0.004
0:0:0:0:0:0:0:1 - - [13/Jun/2023:23:23:24 +0100] GET /api/am/devportal/v3/applications/1ced8c6f-19af-45ac-8773-ee11ac0d11c7/oauth-keys HTTP/1.1 200 21 https://localhost:9443/devportal/applications/1ced8c6f-19af-45ac-8773-ee11ac0d11c7/productionkeys/oauth Mozilla/5.0 (Windows NT 10.0; Win64; x64) AppleWebKit/537.36 (KHTML, like Gecko) Chrome/114.0.0.0 Safari/537.36 0.003
0:0:0:0:0:0:0:1 - - [13/Jun/2023:23:23:24 +0100] GET /api/am/devportal/v3/swagger.yaml HTTP/1.1 200 26878 https://localhost:9443/devportal/applications/1ced8c6f-19af-45ac-8773-ee11ac0d11c7/productionkeys/oauth Mozilla/5.0 (Windows NT 10.0; Win64; x64) AppleWebKit/537.36 (KHTML, like Gecko) Chrome/114.0.0.0 Safari/537.36 0.008
0:0:0:0:0:0:0:1 - - [13/Jun/2023:23:23:24 +0100] GET /api/am/devportal/v3/applications/1ced8c6f-19af-45ac-8773-ee11ac0d11c7 HTTP/1.1 200 338 https://localhost:9443/devportal/applications/1ced8c6f-19af-45ac-8773-ee11ac0d11c7/productionkeys/oauth Mozilla/5.0 (Windows NT 10.0; Win64; x64) AppleWebKit/537.36 (KHTML, like Gecko) Chrome/114.0.0.0 Safari/537.36 0.005
0:0:0:0:0:0:0:1 - - [13/Jun/2023:23:23:24 +0100] GET /api/am/devportal/v3/applications/1ced8c6f-19af-45ac-8773-ee11ac0d11c7/oauth-keys HTTP/1.1 200 21 https://localhost:9443/devportal/applications/1ced8c6f-19af-45ac-8773-ee11ac0d11c7/productionkeys/oauth Mozilla/5.0 (Windows NT 10.0; Win64; x64) AppleWebKit/537.36 (KHTML, like Gecko) Chrome/114.0.0.0 Safari/537.36 0.003
0:0:0:0:0:0:0:1 - - [13/Jun/2023:23:23:24 +0100] GET /api/am/devportal/v3/applications/1ced8c6f-19af-45ac-8773-ee11ac0d11c7 HTTP/1.1 200 338 https://localhost:9443/devportal/applications/1ced8c6f-19af-45ac-8773-ee11ac0d11c7/overview Mozilla/5.0 (Windows NT 10.0; Win64; x64) AppleWebKit/537.36 (KHTML, like Gecko) Chrome/114.0.0.0 Safari/537.36 0.006
0:0:0:0:0:0:0:1 - - [13/Jun/2023:23:23:24 +0100] GET /devportal/site/public/images/_favicon.ico HTTP/1.1 200 1150 https://localhost:9443/devportal/applications/1ced8c6f-19af-45ac-8773-ee11ac0d11c7/overview Mozilla/5.0 (Windows NT 10.0; Win64; x64) AppleWebKit/537.36 (KHTML, like Gecko) Chrome/114.0.0.0 Safari/537.36 0.002
0:0:0:0:0:0:0:1 - - [13/Jun/2023:23:23:24 +0100] GET /api/am/devportal/v3/throttling-policies/application/10PerMin HTTP/1.1 200 493 https://localhost:9443/devportal/applications/1ced8c6f-19af-45ac-8773-ee11ac0d11c7/overview Mozilla/5.0 (Windows NT 10.0; Win64; x64) AppleWebKit/537.36 (KHTML, like Gecko) Chrome/114.0.0.0 Safari/537.36 0.004
0:0:0:0:0:0:0:1 - - [13/Jun/2023:23:23:25 +0100] GET /api/am/devportal/v3/swagger.yaml HTTP/1.1 200 26878 https://localhost:9443/devportal/applications/1ced8c6f-19af-45ac-8773-ee11ac0d11c7/productionkeys/oauth Mozilla/5.0 (Windows NT 10.0; Win64; x64) AppleWebKit/537.36 (KHTML, like Gecko) Chrome/114.0.0.0 Safari/537.36 0.012
127.0.0.1 - - [13/Jun/2023:23:23:25 +0100] GET /oauth2/token/.well-known/openid-configuration HTTP/1.1 200 2395 - Apache-HttpClient/4.5.13 (Java/17.0.6) 0.005
0:0:0:0:0:0:0:1 - - [13/Jun/2023:23:23:25 +0100] GET /devportal/site/public/images/_favicon.ico HTTP/1.1 200 1150 https://localhost:9443/devportal/applications/1ced8c6f-19af-45ac-8773-ee11ac0d11c7/productionkeys/oauth Mozilla/5.0 (Windows NT 10.0; Win64; x64) AppleWebKit/537.36 (KHTML, like Gecko) Chrome/114.0.0.0 Safari/537.36 0.004
0:0:0:0:0:0:0:1 - - [13/Jun/2023:23:23:25 +0100] GET /api/am/devportal/v3/key-managers HTTP/1.1 200 763 https://localhost:9443/devportal/applications/1ced8c6f-19af-45ac-8773-ee11ac0d11c7/productionkeys/oauth Mozilla/5.0 (Windows NT 10.0; Win64; x64) AppleWebKit/537.36 (KHTML, like Gecko) Chrome/114.0.0.0 Safari/537.36 0.022
0:0:0:0:0:0:0:1 - - [13/Jun/2023:23:23:25 +0100] GET /api/am/devportal/v3/applications/1ced8c6f-19af-45ac-8773-ee11ac0d11c7 HTTP/1.1 200 338 https://localhost:9443/devportal/applications/1ced8c6f-19af-45ac-8773-ee11ac0d11c7/productionkeys/oauth Mozilla/5.0 (Windows NT 10.0; Win64; x64) AppleWebKit/537.36 (KHTML, like Gecko) Chrome/114.0.0.0 Safari/537.36 0.003
0:0:0:0:0:0:0:1 - - [13/Jun/2023:23:23:25 +0100] GET /api/am/devportal/v3/applications/1ced8c6f-19af-45ac-8773-ee11ac0d11c7/oauth-keys HTTP/1.1 200 21 https://localhost:9443/devportal/applications/1ced8c6f-19af-45ac-8773-ee11ac0d11c7/productionkeys/oauth Mozilla/5.0 (Windows NT 10.0; Win64; x64) AppleWebKit/537.36 (KHTML, like Gecko) Chrome/114.0.0.0 Safari/537.36 0.003
0:0:0:0:0:0:0:1 - - [13/Jun/2023:23:23:25 +0100] GET /api/am/devportal/v3/swagger.yaml HTTP/1.1 200 26878 https://localhost:9443/devportal/applications/1ced8c6f-19af-45ac-8773-ee11ac0d11c7/productionkeys/oauth Mozilla/5.0 (Windows NT 10.0; Win64; x64) AppleWebKit/537.36 (KHTML, like Gecko) Chrome/114.0.0.0 Safari/537.36 0.006
0:0:0:0:0:0:0:1 - - [13/Jun/2023:23:23:25 +0100] GET /api/am/devportal/v3/applications/1ced8c6f-19af-45ac-8773-ee11ac0d11c7 HTTP/1.1 200 338 https://localhost:9443/devportal/applications/1ced8c6f-19af-45ac-8773-ee11ac0d11c7/productionkeys/oauth Mozilla/5.0 (Windows NT 10.0; Win64; x64) AppleWebKit/537.36 (KHTML, like Gecko) Chrome/114.0.0.0 Safari/537.36 0.005
0:0:0:0:0:0:0:1 - - [13/Jun/2023:23:23:25 +0100] GET /api/am/devportal/v3/applications/1ced8c6f-19af-45ac-8773-ee11ac0d11c7/oauth-keys HTTP/1.1 200 21 https://localhost:9443/devportal/applications/1ced8c6f-19af-45ac-8773-ee11ac0d11c7/productionkeys/oauth Mozilla/5.0 (Windows NT 10.0; Win64; x64) AppleWebKit/537.36 (KHTML, like Gecko) Chrome/114.0.0.0 Safari/537.36 0.003
0:0:0:0:0:0:0:1 - - [13/Jun/2023:23:23:26 +0100] GET /api/am/devportal/v3/swagger.yaml HTTP/1.1 200 26878 https://localhost:9443/devportal/applications/1ced8c6f-19af-45ac-8773-ee11ac0d11c7/productionkeys/oauth Mozilla/5.0 (Windows NT 10.0; Win64; x64) AppleWebKit/537.36 (KHTML, like Gecko) Chrome/114.0.0.0 Safari/537.36 0.015
127.0.0.1 - - [13/Jun/2023:23:23:26 +0100] GET /oauth2/token/.well-known/openid-configuration HTTP/1.1 200 2395 - Apache-HttpClient/4.5.13 (Java/17.0.6) 0.003
0:0:0:0:0:0:0:1 - - [13/Jun/2023:23:23:26 +0100] GET /api/am/devportal/v3/key-managers HTTP/1.1 200 763 https://localhost:9443/devportal/applications/1ced8c6f-19af-45ac-8773-ee11ac0d11c7/productionkeys/oauth Mozilla/5.0 (Windows NT 10.0; Win64; x64) AppleWebKit/537.36 (KHTML, like Gecko) Chrome/114.0.0.0 Safari/537.36 0.020
0:0:0:0:0:0:0:1 - - [13/Jun/2023:23:23:27 +0100] GET /api/am/devportal/v3/applications/1ced8c6f-19af-45ac-8773-ee11ac0d11c7 HTTP/1.1 200 338 https://localhost:9443/devportal/applications/1ced8c6f-19af-45ac-8773-ee11ac0d11c7/productionkeys/oauth Mozilla/5.0 (Windows NT 10.0; Win64; x64) AppleWebKit/537.36 (KHTML, like Gecko) Chrome/114.0.0.0 Safari/537.36 0.003
0:0:0:0:0:0:0:1 - - [13/Jun/2023:23:23:27 +0100] GET /api/am/devportal/v3/applications/1ced8c6f-19af-45ac-8773-ee11ac0d11c7/oauth-keys HTTP/1.1 200 21 https://localhost:9443/devportal/applications/1ced8c6f-19af-45ac-8773-ee11ac0d11c7/productionkeys/oauth Mozilla/5.0 (Windows NT 10.0; Win64; x64) AppleWebKit/537.36 (KHTML, like Gecko) Chrome/114.0.0.0 Safari/537.36 0.003
0:0:0:0:0:0:0:1 - - [13/Jun/2023:23:23:27 +0100] GET /api/am/devportal/v3/swagger.yaml HTTP/1.1 200 26878 https://localhost:9443/devportal/applications/1ced8c6f-19af-45ac-8773-ee11ac0d11c7/productionkeys/oauth Mozilla/5.0 (Windows NT 10.0; Win64; x64) AppleWebKit/537.36 (KHTML, like Gecko) Chrome/114.0.0.0 Safari/537.36 0.012
0:0:0:0:0:0:0:1 - - [13/Jun/2023:23:23:27 +0100] GET /api/am/devportal/v3/applications/1ced8c6f-19af-45ac-8773-ee11ac0d11c7 HTTP/1.1 200 338 https://localhost:9443/devportal/applications/1ced8c6f-19af-45ac-8773-ee11ac0d11c7/productionkeys/oauth Mozilla/5.0 (Windows NT 10.0; Win64; x64) AppleWebKit/537.36 (KHTML, like Gecko) Chrome/114.0.0.0 Safari/537.36 0.003
0:0:0:0:0:0:0:1 - - [13/Jun/2023:23:23:27 +0100] GET /api/am/devportal/v3/applications/1ced8c6f-19af-45ac-8773-ee11ac0d11c7/oauth-keys HTTP/1.1 200 21 https://localhost:9443/devportal/applications/1ced8c6f-19af-45ac-8773-ee11ac0d11c7/productionkeys/oauth Mozilla/5.0 (Windows NT 10.0; Win64; x64) AppleWebKit/537.36 (KHTML, like Gecko) Chrome/114.0.0.0 Safari/537.36 0.004
0:0:0:0:0:0:0:1 - - [13/Jun/2023:23:23:27 +0100] GET /devportal/site/public/images/_favicon.ico HTTP/1.1 200 1150 https://localhost:9443/devportal/applications/1ced8c6f-19af-45ac-8773-ee11ac0d11c7/productionkeys/apikey Mozilla/5.0 (Windows NT 10.0; Win64; x64) AppleWebKit/537.36 (KHTML, like Gecko) Chrome/114.0.0.0 Safari/537.36 0.001
0:0:0:0:0:0:0:1 - - [13/Jun/2023:23:23:31 +0100] - 400 - - - 0.000
0:0:0:0:0:0:0:1 - - [13/Jun/2023:23:23:31 +0100] - 400 - - - 0.000
0:0:0:0:0:0:0:1 - - [13/Jun/2023:23:23:31 +0100] GET /api/am/devportal/v3/swagger.yaml HTTP/1.1 200 26878 https://localhost:9443/devportal/applications/1ced8c6f-19af-45ac-8773-ee11ac0d11c7/sandboxkeys/oauth Mozilla/5.0 (Windows NT 10.0; Win64; x64) AppleWebKit/537.36 (KHTML, like Gecko) Chrome/114.0.0.0 Safari/537.36 0.010
0:0:0:0:0:0:0:1 - - [13/Jun/2023:23:23:31 +0100] - 400 - - - 0.000
0:0:0:0:0:0:0:1 - - [13/Jun/2023:23:23:31 +0100] GET /devportal/site/public/images/_favicon.ico HTTP/1.1 200 1150 https://localhost:9443/devportal/applications/1ced8c6f-19af-45ac-8773-ee11ac0d11c7/sandboxkeys/oauth Mozilla/5.0 (Windows NT 10.0; Win64; x64) AppleWebKit/537.36 (KHTML, like Gecko) Chrome/114.0.0.0 Safari/537.36 0.002
127.0.0.1 - - [13/Jun/2023:23:23:31 +0100] GET /oauth2/token/.well-known/openid-configuration HTTP/1.1 200 2395 - Apache-HttpClient/4.5.13 (Java/17.0.6) 0.006
0:0:0:0:0:0:0:1 - - [13/Jun/2023:23:23:31 +0100] GET /api/am/devportal/v3/key-managers HTTP/1.1 200 763 https://localhost:9443/devportal/applications/1ced8c6f-19af-45ac-8773-ee11ac0d11c7/sandboxkeys/oauth Mozilla/5.0 (Windows NT 10.0; Win64; x64) AppleWebKit/537.36 (KHTML, like Gecko) Chrome/114.0.0.0 Safari/537.36 0.023
0:0:0:0:0:0:0:1 - - [13/Jun/2023:23:23:31 +0100] GET /api/am/devportal/v3/applications/1ced8c6f-19af-45ac-8773-ee11ac0d11c7 HTTP/1.1 200 338 https://localhost:9443/devportal/applications/1ced8c6f-19af-45ac-8773-ee11ac0d11c7/sandboxkeys/oauth Mozilla/5.0 (Windows NT 10.0; Win64; x64) AppleWebKit/537.36 (KHTML, like Gecko) Chrome/114.0.0.0 Safari/537.36 0.003
0:0:0:0:0:0:0:1 - - [13/Jun/2023:23:23:31 +0100] GET /api/am/devportal/v3/applications/1ced8c6f-19af-45ac-8773-ee11ac0d11c7/oauth-keys HTTP/1.1 200 21 https://localhost:9443/devportal/applications/1ced8c6f-19af-45ac-8773-ee11ac0d11c7/sandboxkeys/oauth Mozilla/5.0 (Windows NT 10.0; Win64; x64) AppleWebKit/537.36 (KHTML, like Gecko) Chrome/114.0.0.0 Safari/537.36 0.002
0:0:0:0:0:0:0:1 - - [13/Jun/2023:23:23:31 +0100] GET /api/am/devportal/v3/swagger.yaml HTTP/1.1 200 26878 https://localhost:9443/devportal/applications/1ced8c6f-19af-45ac-8773-ee11ac0d11c7/sandboxkeys/oauth Mozilla/5.0 (Windows NT 10.0; Win64; x64) AppleWebKit/537.36 (KHTML, like Gecko) Chrome/114.0.0.0 Safari/537.36 0.005
0:0:0:0:0:0:0:1 - - [13/Jun/2023:23:23:31 +0100] GET /api/am/devportal/v3/applications/1ced8c6f-19af-45ac-8773-ee11ac0d11c7 HTTP/1.1 200 338 https://localhost:9443/devportal/applications/1ced8c6f-19af-45ac-8773-ee11ac0d11c7/sandboxkeys/oauth Mozilla/5.0 (Windows NT 10.0; Win64; x64) AppleWebKit/537.36 (KHTML, like Gecko) Chrome/114.0.0.0 Safari/537.36 0.003
0:0:0:0:0:0:0:1 - - [13/Jun/2023:23:23:31 +0100] GET /api/am/devportal/v3/applications/1ced8c6f-19af-45ac-8773-ee11ac0d11c7/oauth-keys HTTP/1.1 200 21 https://localhost:9443/devportal/applications/1ced8c6f-19af-45ac-8773-ee11ac0d11c7/sandboxkeys/oauth Mozilla/5.0 (Windows NT 10.0; Win64; x64) AppleWebKit/537.36 (KHTML, like Gecko) Chrome/114.0.0.0 Safari/537.36 0.003
0:0:0:0:0:0:0:1 - - [13/Jun/2023:23:23:31 +0100] GET /api/am/devportal/v3/swagger.yaml HTTP/1.1 200 26878 https://localhost:9443/devportal/applications/1ced8c6f-19af-45ac-8773-ee11ac0d11c7/sandboxkeys/oauth Mozilla/5.0 (Windows NT 10.0; Win64; x64) AppleWebKit/537.36 (KHTML, like Gecko) Chrome/114.0.0.0 Safari/537.36 0.006
127.0.0.1 - - [13/Jun/2023:23:23:31 +0100] GET /oauth2/token/.well-known/openid-configuration HTTP/1.1 200 2395 - Apache-HttpClient/4.5.13 (Java/17.0.6) 0.005
0:0:0:0:0:0:0:1 - - [13/Jun/2023:23:23:31 +0100] GET /api/am/devportal/v3/key-managers HTTP/1.1 200 763 https://localhost:9443/devportal/applications/1ced8c6f-19af-45ac-8773-ee11ac0d11c7/sandboxkeys/oauth Mozilla/5.0 (Windows NT 10.0; Win64; x64) AppleWebKit/537.36 (KHTML, like Gecko) Chrome/114.0.0.0 Safari/537.36 0.016
0:0:0:0:0:0:0:1 - - [13/Jun/2023:23:23:31 +0100] GET /api/am/devportal/v3/applications/1ced8c6f-19af-45ac-8773-ee11ac0d11c7 HTTP/1.1 200 338 https://localhost:9443/devportal/applications/1ced8c6f-19af-45ac-8773-ee11ac0d11c7/sandboxkeys/oauth Mozilla/5.0 (Windows NT 10.0; Win64; x64) AppleWebKit/537.36 (KHTML, like Gecko) Chrome/114.0.0.0 Safari/537.36 0.005
0:0:0:0:0:0:0:1 - - [13/Jun/2023:23:23:31 +0100] GET /api/am/devportal/v3/applications/1ced8c6f-19af-45ac-8773-ee11ac0d11c7/oauth-keys HTTP/1.1 200 21 https://localhost:9443/devportal/applications/1ced8c6f-19af-45ac-8773-ee11ac0d11c7/sandboxkeys/oauth Mozilla/5.0 (Windows NT 10.0; Win64; x64) AppleWebKit/537.36 (KHTML, like Gecko) Chrome/114.0.0.0 Safari/537.36 0.004
0:0:0:0:0:0:0:1 - - [13/Jun/2023:23:23:31 +0100] GET /api/am/devportal/v3/swagger.yaml HTTP/1.1 200 26878 https://localhost:9443/devportal/applications/1ced8c6f-19af-45ac-8773-ee11ac0d11c7/sandboxkeys/oauth Mozilla/5.0 (Windows NT 10.0; Win64; x64) AppleWebKit/537.36 (KHTML, like Gecko) Chrome/114.0.0.0 Safari/537.36 0.004
0:0:0:0:0:0:0:1 - - [13/Jun/2023:23:23:31 +0100] GET /api/am/devportal/v3/applications/1ced8c6f-19af-45ac-8773-ee11ac0d11c7 HTTP/1.1 200 338 https://localhost:9443/devportal/applications/1ced8c6f-19af-45ac-8773-ee11ac0d11c7/sandboxkeys/oauth Mozilla/5.0 (Windows NT 10.0; Win64; x64) AppleWebKit/537.36 (KHTML, like Gecko) Chrome/114.0.0.0 Safari/537.36 0.004
0:0:0:0:0:0:0:1 - - [13/Jun/2023:23:23:31 +0100] GET /api/am/devportal/v3/applications/1ced8c6f-19af-45ac-8773-ee11ac0d11c7/oauth-keys HTTP/1.1 200 21 https://localhost:9443/devportal/applications/1ced8c6f-19af-45ac-8773-ee11ac0d11c7/sandboxkeys/oauth Mozilla/5.0 (Windows NT 10.0; Win64; x64) AppleWebKit/537.36 (KHTML, like Gecko) Chrome/114.0.0.0 Safari/537.36 0.005
