0:0:0:0:0:0:0:1 - - [14/Jun/2023:23:08:14 +0100] POST /api/am/publisher/v4/apis/c6b17439-fa73-4d33-a618-bf5b18176cd8/deploy-revision?revisionId=23be55a9-374c-4748-9b69-57b6b302d5a9 HTTP/1.1 201 176 https://localhost:9443/publisher/apis/c6b17439-fa73-4d33-a618-bf5b18176cd8/deployments Mozilla/5.0 (Windows NT 10.0; Win64; x64) AppleWebKit/537.36 (KHTML, like Gecko) Chrome/114.0.0.0 Safari/537.36 0.036
0:0:0:0:0:0:0:1 - - [14/Jun/2023:23:08:15 +0100] - 400 - - - 0.000
0:0:0:0:0:0:0:1 - - [14/Jun/2023:23:08:15 +0100] - 400 - - - 0.000
0:0:0:0:0:0:0:1 - - [14/Jun/2023:23:08:15 +0100] GET /api/am/publisher/v4/apis/c6b17439-fa73-4d33-a618-bf5b18176cd8/revisions HTTP/1.1 200 970 https://localhost:9443/publisher/apis/c6b17439-fa73-4d33-a618-bf5b18176cd8/deployments Mozilla/5.0 (Windows NT 10.0; Win64; x64) AppleWebKit/537.36 (KHTML, like Gecko) Chrome/114.0.0.0 Safari/537.36 0.004
0:0:0:0:0:0:0:1 - - [14/Jun/2023:23:08:15 +0100] GET /api/am/publisher/v4/apis/c6b17439-fa73-4d33-a618-bf5b18176cd8/revisions?query=deployed%3Atrue HTTP/1.1 200 388 https://localhost:9443/publisher/apis/c6b17439-fa73-4d33-a618-bf5b18176cd8/deployments Mozilla/5.0 (Windows NT 10.0; Win64; x64) AppleWebKit/537.36 (KHTML, like Gecko) Chrome/114.0.0.0 Safari/537.36 0.004
0:0:0:0:0:0:0:1 - - [14/Jun/2023:23:08:15 +0100] GET /api/am/publisher/v4/apis/c6b17439-fa73-4d33-a618-bf5b18176cd8/asyncapi HTTP/1.1 200 - https://localhost:9443/publisher/apis/c6b17439-fa73-4d33-a618-bf5b18176cd8/deployments Mozilla/5.0 (Windows NT 10.0; Win64; x64) AppleWebKit/537.36 (KHTML, like Gecko) Chrome/114.0.0.0 Safari/537.36 0.013
0:0:0:0:0:0:0:1 - - [14/Jun/2023:23:08:15 +0100] GET /api/am/publisher/v4/apis/c6b17439-fa73-4d33-a618-bf5b18176cd8/asyncapi HTTP/1.1 200 - https://localhost:9443/publisher/apis/c6b17439-fa73-4d33-a618-bf5b18176cd8/deployments Mozilla/5.0 (Windows NT 10.0; Win64; x64) AppleWebKit/537.36 (KHTML, like Gecko) Chrome/114.0.0.0 Safari/537.36 0.013
0:0:0:0:0:0:0:1 - - [14/Jun/2023:23:08:15 +0100] GET /api/am/publisher/v4/apis/c6b17439-fa73-4d33-a618-bf5b18176cd8/asyncapi HTTP/1.1 200 - https://localhost:9443/publisher/apis/c6b17439-fa73-4d33-a618-bf5b18176cd8/deployments Mozilla/5.0 (Windows NT 10.0; Win64; x64) AppleWebKit/537.36 (KHTML, like Gecko) Chrome/114.0.0.0 Safari/537.36 0.011
127.0.0.1 - - [14/Jun/2023:23:08:20 +0100] GET /internal/data/v1/apis?context=/acme_pt/1.0.0&version=1.0.0&gatewayLabel=Default HTTP/1.1 200 596 - Apache-HttpClient/4.5.13 (Java/17.0.6) 0.007
127.0.0.1 - - [14/Jun/2023:23:08:25 +0100] GET /internal/data/v1/runtime-artifacts?apiId=c6b17439-fa73-4d33-a618-bf5b18176cd8&gatewayLabel=RGVmYXVsdA&type=Synapse HTTP/1.1 200 5363 - Apache-HttpClient/4.5.13 (Java/17.0.6) 0.530
127.0.0.1 - - [14/Jun/2023:23:08:26 +0100] GET /internal/data/v1/apis?context=/acme_pt/1.0.0&version=1.0.0&gatewayLabel=Default HTTP/1.1 200 596 - Apache-HttpClient/4.5.13 (Java/17.0.6) 0.029
0:0:0:0:0:0:0:1 - - [14/Jun/2023:23:08:42 +0100] - 400 - - - 0.000
0:0:0:0:0:0:0:1 - - [14/Jun/2023:23:08:42 +0100] - 400 - - - 0.000
0:0:0:0:0:0:0:1 - - [14/Jun/2023:23:08:42 +0100] GET /devportal/apis/c6b17439-fa73-4d33-a618-bf5b18176cd8/overview HTTP/1.1 200 1691 - Mozilla/5.0 (Windows NT 10.0; Win64; x64) AppleWebKit/537.36 (KHTML, like Gecko) Chrome/114.0.0.0 Safari/537.36 0.124
0:0:0:0:0:0:0:1 - - [14/Jun/2023:23:08:42 +0100] GET /devportal/site/public/css/main.css HTTP/1.1 200 2092 https://localhost:9443/devportal/apis/c6b17439-fa73-4d33-a618-bf5b18176cd8/overview Mozilla/5.0 (Windows NT 10.0; Win64; x64) AppleWebKit/537.36 (KHTML, like Gecko) Chrome/114.0.0.0 Safari/537.36 0.004
0:0:0:0:0:0:0:1 - - [14/Jun/2023:23:08:42 +0100] - 400 - - - 0.000
0:0:0:0:0:0:0:1 - - [14/Jun/2023:23:08:42 +0100] - 400 - - - 0.000
0:0:0:0:0:0:0:1 - - [14/Jun/2023:23:08:42 +0100] - 400 - - - 0.000
0:0:0:0:0:0:0:1 - - [14/Jun/2023:23:08:42 +0100] - 400 - - - 0.000
0:0:0:0:0:0:0:1 - - [14/Jun/2023:23:08:42 +0100] - 400 - - - 0.000
0:0:0:0:0:0:0:1 - - [14/Jun/2023:23:08:42 +0100] GET /devportal/services/settings/settings.js HTTP/1.1 200 1474 https://localhost:9443/devportal/apis/c6b17439-fa73-4d33-a618-bf5b18176cd8/overview Mozilla/5.0 (Windows NT 10.0; Win64; x64) AppleWebKit/537.36 (KHTML, like Gecko) Chrome/114.0.0.0 Safari/537.36 0.006
0:0:0:0:0:0:0:1 - - [14/Jun/2023:23:08:42 +0100] GET /devportal/site/public/fonts/iconfont/material-icons.css HTTP/1.1 200 970 https://localhost:9443/devportal/apis/c6b17439-fa73-4d33-a618-bf5b18176cd8/overview Mozilla/5.0 (Windows NT 10.0; Win64; x64) AppleWebKit/537.36 (KHTML, like Gecko) Chrome/114.0.0.0 Safari/537.36 0.003
0:0:0:0:0:0:0:1 - - [14/Jun/2023:23:08:42 +0100] GET /devportal/site/public/css/overrides.css HTTP/1.1 200 - https://localhost:9443/devportal/apis/c6b17439-fa73-4d33-a618-bf5b18176cd8/overview Mozilla/5.0 (Windows NT 10.0; Win64; x64) AppleWebKit/537.36 (KHTML, like Gecko) Chrome/114.0.0.0 Safari/537.36 0.007
0:0:0:0:0:0:0:1 - - [14/Jun/2023:23:08:42 +0100] GET /devportal/site/public/fonts/iconfont/MaterialIcons.js HTTP/1.1 200 6703 https://localhost:9443/devportal/apis/c6b17439-fa73-4d33-a618-bf5b18176cd8/overview Mozilla/5.0 (Windows NT 10.0; Win64; x64) AppleWebKit/537.36 (KHTML, like Gecko) Chrome/114.0.0.0 Safari/537.36 0.011
0:0:0:0:0:0:0:1 - - [14/Jun/2023:23:08:42 +0100] GET /devportal/site/public/theme/userTheme.js HTTP/1.1 200 96 https://localhost:9443/devportal/apis/c6b17439-fa73-4d33-a618-bf5b18176cd8/overview Mozilla/5.0 (Windows NT 10.0; Win64; x64) AppleWebKit/537.36 (KHTML, like Gecko) Chrome/114.0.0.0 Safari/537.36 0.013
0:0:0:0:0:0:0:1 - - [14/Jun/2023:23:08:42 +0100] GET /devportal/site/public/dist/index.e79b6b708401484695fc.bundle.js HTTP/1.1 200 271108 https://localhost:9443/devportal/apis/c6b17439-fa73-4d33-a618-bf5b18176cd8/overview Mozilla/5.0 (Windows NT 10.0; Win64; x64) AppleWebKit/537.36 (KHTML, like Gecko) Chrome/114.0.0.0 Safari/537.36 0.044
0:0:0:0:0:0:0:1 - - [14/Jun/2023:23:08:42 +0100] GET /devportal/site/public/locales/en.json HTTP/1.1 200 57092 https://localhost:9443/devportal/apis/c6b17439-fa73-4d33-a618-bf5b18176cd8/overview Mozilla/5.0 (Windows NT 10.0; Win64; x64) AppleWebKit/537.36 (KHTML, like Gecko) Chrome/114.0.0.0 Safari/537.36 0.002
0:0:0:0:0:0:0:1 - - [14/Jun/2023:23:08:42 +0100] GET /api/am/devportal/v3/swagger.yaml HTTP/1.1 200 26878 https://localhost:9443/devportal/apis/c6b17439-fa73-4d33-a618-bf5b18176cd8/overview Mozilla/5.0 (Windows NT 10.0; Win64; x64) AppleWebKit/537.36 (KHTML, like Gecko) Chrome/114.0.0.0 Safari/537.36 0.034
0:0:0:0:0:0:0:1 - - [14/Jun/2023:23:08:43 +0100] GET /devportal/site/public/images/_favicon.ico HTTP/1.1 200 1150 https://localhost:9443/devportal/apis/c6b17439-fa73-4d33-a618-bf5b18176cd8/overview Mozilla/5.0 (Windows NT 10.0; Win64; x64) AppleWebKit/537.36 (KHTML, like Gecko) Chrome/114.0.0.0 Safari/537.36 0.002
127.0.0.1 - - [14/Jun/2023:23:08:43 +0100] POST /oauth2/token HTTP/1.1 415 - - Java-http-client/17.0.6 0.020
0:0:0:0:0:0:0:1 - - [14/Jun/2023:23:08:43 +0100] POST /devportal/services/refresh HTTP/1.1 500 87 https://localhost:9443/devportal/apis/c6b17439-fa73-4d33-a618-bf5b18176cd8/overview Mozilla/5.0 (Windows NT 10.0; Win64; x64) AppleWebKit/537.36 (KHTML, like Gecko) Chrome/114.0.0.0 Safari/537.36 0.054
0:0:0:0:0:0:0:1 - - [14/Jun/2023:23:08:43 +0100] GET /api/am/devportal/v3/settings HTTP/1.1 401 101 https://localhost:9443/devportal/apis/c6b17439-fa73-4d33-a618-bf5b18176cd8/overview Mozilla/5.0 (Windows NT 10.0; Win64; x64) AppleWebKit/537.36 (KHTML, like Gecko) Chrome/114.0.0.0 Safari/537.36 0.011
0:0:0:0:0:0:0:1 - - [14/Jun/2023:23:08:43 +0100] GET /devportal/services/auth/callback/logout HTTP/1.1 302 - https://localhost:9443/devportal/apis/c6b17439-fa73-4d33-a618-bf5b18176cd8/overview Mozilla/5.0 (Windows NT 10.0; Win64; x64) AppleWebKit/537.36 (KHTML, like Gecko) Chrome/114.0.0.0 Safari/537.36 0.009
0:0:0:0:0:0:0:1 - - [14/Jun/2023:23:08:43 +0100] GET /devportal/logout?referrer=/apis HTTP/1.1 200 1691 https://localhost:9443/devportal/apis/c6b17439-fa73-4d33-a618-bf5b18176cd8/overview Mozilla/5.0 (Windows NT 10.0; Win64; x64) AppleWebKit/537.36 (KHTML, like Gecko) Chrome/114.0.0.0 Safari/537.36 0.003
0:0:0:0:0:0:0:1 - - [14/Jun/2023:23:08:43 +0100] GET /devportal/site/public/theme/userTheme.js HTTP/1.1 200 96 https://localhost:9443/devportal/logout?referrer=/apis Mozilla/5.0 (Windows NT 10.0; Win64; x64) AppleWebKit/537.36 (KHTML, like Gecko) Chrome/114.0.0.0 Safari/537.36 0.002
0:0:0:0:0:0:0:1 - - [14/Jun/2023:23:08:43 +0100] GET /devportal/services/settings/settings.js HTTP/1.1 200 1474 https://localhost:9443/devportal/logout?referrer=/apis Mozilla/5.0 (Windows NT 10.0; Win64; x64) AppleWebKit/537.36 (KHTML, like Gecko) Chrome/114.0.0.0 Safari/537.36 0.003
0:0:0:0:0:0:0:1 - - [14/Jun/2023:23:08:43 +0100] GET /devportal/site/public/locales/en.json HTTP/1.1 200 57092 https://localhost:9443/devportal/logout?referrer=/apis Mozilla/5.0 (Windows NT 10.0; Win64; x64) AppleWebKit/537.36 (KHTML, like Gecko) Chrome/114.0.0.0 Safari/537.36 0.002
0:0:0:0:0:0:0:1 - - [14/Jun/2023:23:08:43 +0100] GET /api/am/devportal/v3/swagger.yaml HTTP/1.1 200 26878 https://localhost:9443/devportal/logout?referrer=/apis Mozilla/5.0 (Windows NT 10.0; Win64; x64) AppleWebKit/537.36 (KHTML, like Gecko) Chrome/114.0.0.0 Safari/537.36 0.009
0:0:0:0:0:0:0:1 - - [14/Jun/2023:23:08:43 +0100] GET /devportal/site/public/images/_favicon.ico HTTP/1.1 200 1150 https://localhost:9443/devportal/logout?referrer=/apis Mozilla/5.0 (Windows NT 10.0; Win64; x64) AppleWebKit/537.36 (KHTML, like Gecko) Chrome/114.0.0.0 Safari/537.36 0.002
0:0:0:0:0:0:0:1 - - [14/Jun/2023:23:08:43 +0100] GET /api/am/devportal/v3/settings HTTP/1.1 200 592 https://localhost:9443/devportal/logout?referrer=/apis Mozilla/5.0 (Windows NT 10.0; Win64; x64) AppleWebKit/537.36 (KHTML, like Gecko) Chrome/114.0.0.0 Safari/537.36 0.230
0:0:0:0:0:0:0:1 - - [14/Jun/2023:23:08:44 +0100] GET /devportal/site/public/dist/ProtectedApp.42893a52cd015332b409.bundle.js HTTP/1.1 200 70963 https://localhost:9443/devportal/apis Mozilla/5.0 (Windows NT 10.0; Win64; x64) AppleWebKit/537.36 (KHTML, like Gecko) Chrome/114.0.0.0 Safari/537.36 0.010
0:0:0:0:0:0:0:1 - - [14/Jun/2023:23:08:44 +0100] GET /devportal/site/public/images/_favicon.ico HTTP/1.1 200 1150 https://localhost:9443/devportal/apis Mozilla/5.0 (Windows NT 10.0; Win64; x64) AppleWebKit/537.36 (KHTML, like Gecko) Chrome/114.0.0.0 Safari/537.36 0.008
0:0:0:0:0:0:0:1 - - [14/Jun/2023:23:08:44 +0100] GET /devportal/site/public/dist/vendors~ProtectedApp.018eeb6bd33ca37011cd.bundle.js HTTP/1.1 200 126488 https://localhost:9443/devportal/apis Mozilla/5.0 (Windows NT 10.0; Win64; x64) AppleWebKit/537.36 (KHTML, like Gecko) Chrome/114.0.0.0 Safari/537.36 0.035
127.0.0.1 - - [14/Jun/2023:23:08:44 +0100] GET /api/am/devportal/v3/settings HTTP/1.1 200 604 - Java-http-client/17.0.6 0.230
0:0:0:0:0:0:0:1 - - [14/Jun/2023:23:08:44 +0100] GET /devportal/services/configs?loginPrompt=false HTTP/1.1 302 - https://localhost:9443/devportal/apis Mozilla/5.0 (Windows NT 10.0; Win64; x64) AppleWebKit/537.36 (KHTML, like Gecko) Chrome/114.0.0.0 Safari/537.36 0.271
0:0:0:0:0:0:0:1 - - [14/Jun/2023:23:08:44 +0100] GET /oauth2/authorize?response_type=code&client_id=on910Eic3ALVOI0ssrp4olzhtsAa&scope=apim:admin%20apim:api_key%20apim:app_import_export%20apim:app_manage%20apim:store_settings%20apim:sub_alert_manage%20apim:sub_manage%20apim:subscribe%20openid&state=%2Fapis&redirect_uri=https://localhost:9443/devportal/services/auth/callback/login&prompt=none HTTP/1.1 302 - https://localhost:9443/devportal/apis Mozilla/5.0 (Windows NT 10.0; Win64; x64) AppleWebKit/537.36 (KHTML, like Gecko) Chrome/114.0.0.0 Safari/537.36 0.170
127.0.0.1 - - [14/Jun/2023:23:08:44 +0100] POST /oauth2/token HTTP/1.1 200 1482 - Java-http-client/17.0.6 0.014
0:0:0:0:0:0:0:1 - - [14/Jun/2023:23:08:44 +0100] GET /devportal/services/auth/callback/login?code=40ea4414-a15a-3a15-9a1a-d08d2fd33d9b&state=%2Fapis&session_state=97a2939d647e72b72905d2627210c241bdedff6637488c7f44d1f3d42055aace.VNobUqrCbY9p_9CVeje8Vw HTTP/1.1 302 - https://localhost:9443/devportal/apis Mozilla/5.0 (Windows NT 10.0; Win64; x64) AppleWebKit/537.36 (KHTML, like Gecko) Chrome/114.0.0.0 Safari/537.36 0.031
0:0:0:0:0:0:0:1 - - [14/Jun/2023:23:08:44 +0100] GET /devportal/apis HTTP/1.1 200 1691 https://localhost:9443/devportal/apis Mozilla/5.0 (Windows NT 10.0; Win64; x64) AppleWebKit/537.36 (KHTML, like Gecko) Chrome/114.0.0.0 Safari/537.36 0.004
0:0:0:0:0:0:0:1 - - [14/Jun/2023:23:08:44 +0100] GET /devportal/site/public/theme/userTheme.js HTTP/1.1 200 96 https://localhost:9443/devportal/apis Mozilla/5.0 (Windows NT 10.0; Win64; x64) AppleWebKit/537.36 (KHTML, like Gecko) Chrome/114.0.0.0 Safari/537.36 0.002
0:0:0:0:0:0:0:1 - - [14/Jun/2023:23:08:44 +0100] GET /devportal/services/settings/settings.js HTTP/1.1 200 1474 https://localhost:9443/devportal/apis Mozilla/5.0 (Windows NT 10.0; Win64; x64) AppleWebKit/537.36 (KHTML, like Gecko) Chrome/114.0.0.0 Safari/537.36 0.004
0:0:0:0:0:0:0:1 - - [14/Jun/2023:23:08:44 +0100] GET /devportal/site/public/locales/en.json HTTP/1.1 200 57092 https://localhost:9443/devportal/apis Mozilla/5.0 (Windows NT 10.0; Win64; x64) AppleWebKit/537.36 (KHTML, like Gecko) Chrome/114.0.0.0 Safari/537.36 0.001
0:0:0:0:0:0:0:1 - - [14/Jun/2023:23:08:44 +0100] GET /api/am/devportal/v3/swagger.yaml HTTP/1.1 200 26878 https://localhost:9443/devportal/apis Mozilla/5.0 (Windows NT 10.0; Win64; x64) AppleWebKit/537.36 (KHTML, like Gecko) Chrome/114.0.0.0 Safari/537.36 0.011
0:0:0:0:0:0:0:1 - - [14/Jun/2023:23:08:44 +0100] GET /devportal/site/public/images/_favicon.ico HTTP/1.1 200 1150 https://localhost:9443/devportal/apis Mozilla/5.0 (Windows NT 10.0; Win64; x64) AppleWebKit/537.36 (KHTML, like Gecko) Chrome/114.0.0.0 Safari/537.36 0.001
0:0:0:0:0:0:0:1 - - [14/Jun/2023:23:08:45 +0100] GET /api/am/devportal/v3/settings HTTP/1.1 200 592 https://localhost:9443/devportal/apis Mozilla/5.0 (Windows NT 10.0; Win64; x64) AppleWebKit/537.36 (KHTML, like Gecko) Chrome/114.0.0.0 Safari/537.36 0.221
0:0:0:0:0:0:0:1 - - [14/Jun/2023:23:08:45 +0100] GET /devportal/site/public/theme/temporary_features_config.json HTTP/1.1 200 - https://localhost:9443/devportal/apis Mozilla/5.0 (Windows NT 10.0; Win64; x64) AppleWebKit/537.36 (KHTML, like Gecko) Chrome/114.0.0.0 Safari/537.36 0.002
0:0:0:0:0:0:0:1 - - [14/Jun/2023:23:08:45 +0100] GET /devportal/site/public/theme/temporary_environments_config.json HTTP/1.1 200 - https://localhost:9443/devportal/apis Mozilla/5.0 (Windows NT 10.0; Win64; x64) AppleWebKit/537.36 (KHTML, like Gecko) Chrome/114.0.0.0 Safari/537.36 0.002
127.0.0.1 - - [14/Jun/2023:23:08:45 +0100] GET /oauth2/userinfo HTTP/1.1 200 15 - Java-http-client/17.0.6 0.004
0:0:0:0:0:0:0:1 - - [14/Jun/2023:23:08:45 +0100] GET /api/am/devportal/v3/tenants?state=active HTTP/1.1 200 96 https://localhost:9443/devportal/apis Mozilla/5.0 (Windows NT 10.0; Win64; x64) AppleWebKit/537.36 (KHTML, like Gecko) Chrome/114.0.0.0 Safari/537.36 0.014
127.0.0.1 - - [14/Jun/2023:23:08:45 +0100] POST /oauth2/introspect HTTP/1.1 200 341 - Java-http-client/17.0.6 0.007
0:0:0:0:0:0:0:1 - - [14/Jun/2023:23:08:45 +0100] GET /devportal/services/auth/introspect HTTP/1.1 200 376 https://localhost:9443/devportal/apis Mozilla/5.0 (Windows NT 10.0; Win64; x64) AppleWebKit/537.36 (KHTML, like Gecko) Chrome/114.0.0.0 Safari/537.36 0.025
0:0:0:0:0:0:0:1 - - [14/Jun/2023:23:08:45 +0100] GET /devportal/site/public/dist/vendors~ApiListing~Apis~ApplicationDetails.720bc2e40480316deaca.bundle.js HTTP/1.1 200 3839 https://localhost:9443/devportal/apis Mozilla/5.0 (Windows NT 10.0; Win64; x64) AppleWebKit/537.36 (KHTML, like Gecko) Chrome/114.0.0.0 Safari/537.36 0.005
0:0:0:0:0:0:0:1 - - [14/Jun/2023:23:08:45 +0100] GET /devportal/site/public/dist/Apis~Landing.44f03df4105c342867a1.bundle.js HTTP/1.1 200 6722 https://localhost:9443/devportal/apis Mozilla/5.0 (Windows NT 10.0; Win64; x64) AppleWebKit/537.36 (KHTML, like Gecko) Chrome/114.0.0.0 Safari/537.36 0.004
0:0:0:0:0:0:0:1 - - [14/Jun/2023:23:08:45 +0100] GET /devportal/site/public/dist/vendors~Apis~Landing.e9d0b010bafc4e7686f8.bundle.js HTTP/1.1 200 4090 https://localhost:9443/devportal/apis Mozilla/5.0 (Windows NT 10.0; Win64; x64) AppleWebKit/537.36 (KHTML, like Gecko) Chrome/114.0.0.0 Safari/537.36 0.009
0:0:0:0:0:0:0:1 - - [14/Jun/2023:23:08:45 +0100] GET /devportal/site/public/dist/Apis.800351a0eb878c789ea9.bundle.js HTTP/1.1 200 25570 https://localhost:9443/devportal/apis Mozilla/5.0 (Windows NT 10.0; Win64; x64) AppleWebKit/537.36 (KHTML, like Gecko) Chrome/114.0.0.0 Safari/537.36 0.008
0:0:0:0:0:0:0:1 - - [14/Jun/2023:23:08:45 +0100] GET /oidc/checksession?client_id=on910Eic3ALVOI0ssrp4olzhtsAa&redirect_uri=https://localhost:9443/devportal/services/auth/callback/login HTTP/1.1 200 3134 https://localhost:9443/devportal/apis Mozilla/5.0 (Windows NT 10.0; Win64; x64) AppleWebKit/537.36 (KHTML, like Gecko) Chrome/114.0.0.0 Safari/537.36 0.005
0:0:0:0:0:0:0:1 - - [14/Jun/2023:23:08:45 +0100] GET /devportal/site/public/dist/vendors~Apis.3a6169883ec8c6c5366d.bundle.js HTTP/1.1 200 87282 https://localhost:9443/devportal/apis Mozilla/5.0 (Windows NT 10.0; Win64; x64) AppleWebKit/537.36 (KHTML, like Gecko) Chrome/114.0.0.0 Safari/537.36 0.020
0:0:0:0:0:0:0:1 - - [14/Jun/2023:23:08:45 +0100] GET /devportal/site/public/images/logo.svg HTTP/1.1 200 74991 https://localhost:9443/devportal/apis Mozilla/5.0 (Windows NT 10.0; Win64; x64) AppleWebKit/537.36 (KHTML, like Gecko) Chrome/114.0.0.0 Safari/537.36 0.002
0:0:0:0:0:0:0:1 - - [14/Jun/2023:23:08:45 +0100] GET /devportal HTTP/1.1 302 - https://localhost:9443/devportal/apis Mozilla/5.0 (Windows NT 10.0; Win64; x64) AppleWebKit/537.36 (KHTML, like Gecko) Chrome/114.0.0.0 Safari/537.36 0.000
0:0:0:0:0:0:0:1 - - [14/Jun/2023:23:08:45 +0100] GET /devportal/site/public/images/appbarBack.png HTTP/1.1 200 1964 https://localhost:9443/devportal/apis Mozilla/5.0 (Windows NT 10.0; Win64; x64) AppleWebKit/537.36 (KHTML, like Gecko) Chrome/114.0.0.0 Safari/537.36 0.003
0:0:0:0:0:0:0:1 - - [14/Jun/2023:23:08:45 +0100] GET /devportal/site/public/fonts/Open_Sans/mem8YaGs126MiZpBA-UFVZ0bf8pkAg.woff2 HTTP/1.1 200 8892 https://localhost:9443/devportal/site/public/css/main.css Mozilla/5.0 (Windows NT 10.0; Win64; x64) AppleWebKit/537.36 (KHTML, like Gecko) Chrome/114.0.0.0 Safari/537.36 0.010
0:0:0:0:0:0:0:1 - - [14/Jun/2023:23:08:45 +0100] GET /devportal/ HTTP/1.1 200 1691 https://localhost:9443/devportal/apis Mozilla/5.0 (Windows NT 10.0; Win64; x64) AppleWebKit/537.36 (KHTML, like Gecko) Chrome/114.0.0.0 Safari/537.36 0.010
0:0:0:0:0:0:0:1 - - [14/Jun/2023:23:08:45 +0100] GET /devportal/site/public/fonts/Open_Sans/mem5YaGs126MiZpBA-UN7rgOUuhpKKSTjw.woff2 HTTP/1.1 200 8800 https://localhost:9443/devportal/site/public/css/main.css Mozilla/5.0 (Windows NT 10.0; Win64; x64) AppleWebKit/537.36 (KHTML, like Gecko) Chrome/114.0.0.0 Safari/537.36 0.003
0:0:0:0:0:0:0:1 - - [14/Jun/2023:23:08:45 +0100] GET /devportal/site/public/fonts/iconfont/MaterialIcons-Regular.woff2 HTTP/1.1 200 60840 https://localhost:9443/devportal/site/public/fonts/iconfont/material-icons.css Mozilla/5.0 (Windows NT 10.0; Win64; x64) AppleWebKit/537.36 (KHTML, like Gecko) Chrome/114.0.0.0 Safari/537.36 0.005
0:0:0:0:0:0:0:1 - - [14/Jun/2023:23:08:45 +0100] GET /api/am/devportal/v3/api-categories HTTP/1.1 200 21 https://localhost:9443/devportal/apis Mozilla/5.0 (Windows NT 10.0; Win64; x64) AppleWebKit/537.36 (KHTML, like Gecko) Chrome/114.0.0.0 Safari/537.36 0.005
0:0:0:0:0:0:0:1 - - [14/Jun/2023:23:08:45 +0100] GET /api/am/devportal/v3/tags HTTP/1.1 200 92 https://localhost:9443/devportal/apis Mozilla/5.0 (Windows NT 10.0; Win64; x64) AppleWebKit/537.36 (KHTML, like Gecko) Chrome/114.0.0.0 Safari/537.36 0.032
0:0:0:0:0:0:0:1 - - [14/Jun/2023:23:08:45 +0100] GET /api/am/devportal/v3/apis?limit=10&offset=0 HTTP/1.1 200 610 https://localhost:9443/devportal/apis Mozilla/5.0 (Windows NT 10.0; Win64; x64) AppleWebKit/537.36 (KHTML, like Gecko) Chrome/114.0.0.0 Safari/537.36 0.079
0:0:0:0:0:0:0:1 - - [14/Jun/2023:23:08:45 +0100] GET /api/am/devportal/v3/settings HTTP/1.1 200 915 https://localhost:9443/devportal/apis Mozilla/5.0 (Windows NT 10.0; Win64; x64) AppleWebKit/537.36 (KHTML, like Gecko) Chrome/114.0.0.0 Safari/537.36 0.262
0:0:0:0:0:0:0:1 - - [14/Jun/2023:23:08:45 +0100] - 400 - - - 0.000
0:0:0:0:0:0:0:1 - - [14/Jun/2023:23:08:45 +0100] GET /api/am/devportal/v3/apis/d02418ae-ab94-438a-87c1-83b37ef15067/ratings HTTP/1.1 200 125 https://localhost:9443/devportal/apis Mozilla/5.0 (Windows NT 10.0; Win64; x64) AppleWebKit/537.36 (KHTML, like Gecko) Chrome/114.0.0.0 Safari/537.36 0.021
0:0:0:0:0:0:0:1 - - [14/Jun/2023:23:08:45 +0100] GET /api/am/devportal/v3/apis/c6b17439-fa73-4d33-a618-bf5b18176cd8/ratings HTTP/1.1 200 125 https://localhost:9443/devportal/apis Mozilla/5.0 (Windows NT 10.0; Win64; x64) AppleWebKit/537.36 (KHTML, like Gecko) Chrome/114.0.0.0 Safari/537.36 0.034
0:0:0:0:0:0:0:1 - - [14/Jun/2023:23:08:45 +0100] GET /api/am/devportal/v3/apis/6f7f8f85-a5f3-428e-b187-cbdb08192bba/ratings HTTP/1.1 200 125 https://localhost:9443/devportal/apis Mozilla/5.0 (Windows NT 10.0; Win64; x64) AppleWebKit/537.36 (KHTML, like Gecko) Chrome/114.0.0.0 Safari/537.36 0.035
0:0:0:0:0:0:0:1 - - [14/Jun/2023:23:08:45 +0100] GET /api/am/devportal/v3/apis/c6b17439-fa73-4d33-a618-bf5b18176cd8/thumbnail HTTP/1.1 204 - https://localhost:9443/devportal/apis Mozilla/5.0 (Windows NT 10.0; Win64; x64) AppleWebKit/537.36 (KHTML, like Gecko) Chrome/114.0.0.0 Safari/537.36 0.056
0:0:0:0:0:0:0:1 - - [14/Jun/2023:23:08:45 +0100] GET /api/am/devportal/v3/apis/6f7f8f85-a5f3-428e-b187-cbdb08192bba/thumbnail HTTP/1.1 204 - https://localhost:9443/devportal/apis Mozilla/5.0 (Windows NT 10.0; Win64; x64) AppleWebKit/537.36 (KHTML, like Gecko) Chrome/114.0.0.0 Safari/537.36 0.051
0:0:0:0:0:0:0:1 - - [14/Jun/2023:23:08:45 +0100] GET /api/am/devportal/v3/apis/d02418ae-ab94-438a-87c1-83b37ef15067/thumbnail HTTP/1.1 204 - https://localhost:9443/devportal/apis Mozilla/5.0 (Windows NT 10.0; Win64; x64) AppleWebKit/537.36 (KHTML, like Gecko) Chrome/114.0.0.0 Safari/537.36 0.061
0:0:0:0:0:0:0:1 - - [14/Jun/2023:23:08:46 +0100] GET /devportal/site/public/images/_favicon.ico HTTP/1.1 200 1150 https://localhost:9443/devportal/apis/c6b17439-fa73-4d33-a618-bf5b18176cd8 Mozilla/5.0 (Windows NT 10.0; Win64; x64) AppleWebKit/537.36 (KHTML, like Gecko) Chrome/114.0.0.0 Safari/537.36 0.002
0:0:0:0:0:0:0:1 - - [14/Jun/2023:23:08:46 +0100] GET /api/am/devportal/v3/apis/c6b17439-fa73-4d33-a618-bf5b18176cd8 HTTP/1.1 200 1650 https://localhost:9443/devportal/apis/c6b17439-fa73-4d33-a618-bf5b18176cd8 Mozilla/5.0 (Windows NT 10.0; Win64; x64) AppleWebKit/537.36 (KHTML, like Gecko) Chrome/114.0.0.0 Safari/537.36 0.013
0:0:0:0:0:0:0:1 - - [14/Jun/2023:23:08:46 +0100] GET /api/am/devportal/v3/applications?limit=5000 HTTP/1.1 200 493 https://localhost:9443/devportal/apis/c6b17439-fa73-4d33-a618-bf5b18176cd8 Mozilla/5.0 (Windows NT 10.0; Win64; x64) AppleWebKit/537.36 (KHTML, like Gecko) Chrome/114.0.0.0 Safari/537.36 0.020
127.0.0.1 - - [14/Jun/2023:23:08:46 +0100] GET /keymanager-operations/dcr/register/R1cwOWxVbHVSNFVqbkJBRVJjVmVIck03SEc0YQ%3D%3D HTTP/1.1 200 515 - Apache-HttpClient/4.5.13 (Java/17.0.6) 0.036
127.0.0.1 - - [14/Jun/2023:23:08:46 +0100] GET /keymanager-operations/dcr/register/R1cwOWxVbHVSNFVqbkJBRVJjVmVIck03SEc0YQ%3D%3D HTTP/1.1 200 515 - Apache-HttpClient/4.5.13 (Java/17.0.6) 0.036
0:0:0:0:0:0:0:1 - - [14/Jun/2023:23:08:46 +0100] GET /devportal/site/public/dist/vendors~APIComments~APIOverview~ApplicationDetails.9553ed9b23431ac21302.bundle.js HTTP/1.1 200 5490 https://localhost:9443/devportal/apis/c6b17439-fa73-4d33-a618-bf5b18176cd8/overview Mozilla/5.0 (Windows NT 10.0; Win64; x64) AppleWebKit/537.36 (KHTML, like Gecko) Chrome/114.0.0.0 Safari/537.36 0.004
127.0.0.1 - - [14/Jun/2023:23:08:46 +0100] GET /keymanager-operations/dcr/register/N3VqNDVWeW96NUpjek1JT1dzMDFYRXNBTnpJYQ%3D%3D HTTP/1.1 200 518 - Apache-HttpClient/4.5.13 (Java/17.0.6) 0.004
127.0.0.1 - - [14/Jun/2023:23:08:46 +0100] GET /keymanager-operations/dcr/register/N3VqNDVWeW96NUpjek1JT1dzMDFYRXNBTnpJYQ%3D%3D HTTP/1.1 200 518 - Apache-HttpClient/4.5.13 (Java/17.0.6) 0.004
0:0:0:0:0:0:0:1 - - [14/Jun/2023:23:08:46 +0100] GET /devportal/site/public/dist/vendors~APIOverview~MDReactMarkdown.c8e68cd152f6972597f4.bundle.js HTTP/1.1 200 23172 https://localhost:9443/devportal/apis/c6b17439-fa73-4d33-a618-bf5b18176cd8/overview Mozilla/5.0 (Windows NT 10.0; Win64; x64) AppleWebKit/537.36 (KHTML, like Gecko) Chrome/114.0.0.0 Safari/537.36 0.008
0:0:0:0:0:0:0:1 - - [14/Jun/2023:23:08:46 +0100] GET /devportal/site/public/dist/vendors~APIDocuments~APIOverview.f394ac01608a94b6dd74.bundle.js HTTP/1.1 200 34374 https://localhost:9443/devportal/apis/c6b17439-fa73-4d33-a618-bf5b18176cd8/overview Mozilla/5.0 (Windows NT 10.0; Win64; x64) AppleWebKit/537.36 (KHTML, like Gecko) Chrome/114.0.0.0 Safari/537.36 0.009
0:0:0:0:0:0:0:1 - - [14/Jun/2023:23:08:46 +0100] GET /devportal/site/public/images/leftMenuBack.png HTTP/1.1 200 5308 https://localhost:9443/devportal/apis/c6b17439-fa73-4d33-a618-bf5b18176cd8/overview Mozilla/5.0 (Windows NT 10.0; Win64; x64) AppleWebKit/537.36 (KHTML, like Gecko) Chrome/114.0.0.0 Safari/537.36 0.002
0:0:0:0:0:0:0:1 - - [14/Jun/2023:23:08:46 +0100] GET /devportal/site/public/dist/APIOverview.9b9a6e01add6e880d662.bundle.js HTTP/1.1 200 20063 https://localhost:9443/devportal/apis/c6b17439-fa73-4d33-a618-bf5b18176cd8/overview Mozilla/5.0 (Windows NT 10.0; Win64; x64) AppleWebKit/537.36 (KHTML, like Gecko) Chrome/114.0.0.0 Safari/537.36 0.007
0:0:0:0:0:0:0:1 - - [14/Jun/2023:23:08:46 +0100] GET /api/am/devportal/v3/subscriptions?apiId=c6b17439-fa73-4d33-a618-bf5b18176cd8&limit=5000 HTTP/1.1 200 706 https://localhost:9443/devportal/apis/c6b17439-fa73-4d33-a618-bf5b18176cd8 Mozilla/5.0 (Windows NT 10.0; Win64; x64) AppleWebKit/537.36 (KHTML, like Gecko) Chrome/114.0.0.0 Safari/537.36 0.076
0:0:0:0:0:0:0:1 - - [14/Jun/2023:23:08:46 +0100] GET /api/am/devportal/v3/subscriptions?apiId=c6b17439-fa73-4d33-a618-bf5b18176cd8&limit=25 HTTP/1.1 200 706 https://localhost:9443/devportal/apis/c6b17439-fa73-4d33-a618-bf5b18176cd8 Mozilla/5.0 (Windows NT 10.0; Win64; x64) AppleWebKit/537.36 (KHTML, like Gecko) Chrome/114.0.0.0 Safari/537.36 0.076
0:0:0:0:0:0:0:1 - - [14/Jun/2023:23:08:46 +0100] GET /devportal/site/public/images/_favicon.ico HTTP/1.1 200 1150 https://localhost:9443/devportal/apis/c6b17439-fa73-4d33-a618-bf5b18176cd8/overview Mozilla/5.0 (Windows NT 10.0; Win64; x64) AppleWebKit/537.36 (KHTML, like Gecko) Chrome/114.0.0.0 Safari/537.36 0.001
0:0:0:0:0:0:0:1 - - [14/Jun/2023:23:08:46 +0100] GET /devportal/site/public/dist/vendors~APIConsole~APIDocuments~APIOverview.351585fe0b19dbf2f65f.bundle.js HTTP/1.1 200 224002 https://localhost:9443/devportal/apis/c6b17439-fa73-4d33-a618-bf5b18176cd8/overview Mozilla/5.0 (Windows NT 10.0; Win64; x64) AppleWebKit/537.36 (KHTML, like Gecko) Chrome/114.0.0.0 Safari/537.36 0.033
0:0:0:0:0:0:0:1 - - [14/Jun/2023:23:08:46 +0100] GET /api/am/devportal/v3/throttling-policies/subscription HTTP/1.1 200 634 https://localhost:9443/devportal/apis/c6b17439-fa73-4d33-a618-bf5b18176cd8/overview Mozilla/5.0 (Windows NT 10.0; Win64; x64) AppleWebKit/537.36 (KHTML, like Gecko) Chrome/114.0.0.0 Safari/537.36 0.051
0:0:0:0:0:0:0:1 - - [14/Jun/2023:23:08:46 +0100] GET /api/am/devportal/v3/apis/c6b17439-fa73-4d33-a618-bf5b18176cd8/documents HTTP/1.1 200 92 https://localhost:9443/devportal/apis/c6b17439-fa73-4d33-a618-bf5b18176cd8/overview Mozilla/5.0 (Windows NT 10.0; Win64; x64) AppleWebKit/537.36 (KHTML, like Gecko) Chrome/114.0.0.0 Safari/537.36 0.054
0:0:0:0:0:0:0:1 - - [14/Jun/2023:23:08:46 +0100] GET /api/am/devportal/v3/throttling-policies/subscription HTTP/1.1 200 634 https://localhost:9443/devportal/apis/c6b17439-fa73-4d33-a618-bf5b18176cd8/overview Mozilla/5.0 (Windows NT 10.0; Win64; x64) AppleWebKit/537.36 (KHTML, like Gecko) Chrome/114.0.0.0 Safari/537.36 0.004
0:0:0:0:0:0:0:1 - - [14/Jun/2023:23:08:46 +0100] GET /api/am/devportal/v3/apis/c6b17439-fa73-4d33-a618-bf5b18176cd8/documents HTTP/1.1 200 92 https://localhost:9443/devportal/apis/c6b17439-fa73-4d33-a618-bf5b18176cd8/overview Mozilla/5.0 (Windows NT 10.0; Win64; x64) AppleWebKit/537.36 (KHTML, like Gecko) Chrome/114.0.0.0 Safari/537.36 0.008
0:0:0:0:0:0:0:1 - - [14/Jun/2023:23:08:46 +0100] GET /api/am/devportal/v3/apis/c6b17439-fa73-4d33-a618-bf5b18176cd8/ratings HTTP/1.1 200 125 https://localhost:9443/devportal/apis/c6b17439-fa73-4d33-a618-bf5b18176cd8/overview Mozilla/5.0 (Windows NT 10.0; Win64; x64) AppleWebKit/537.36 (KHTML, like Gecko) Chrome/114.0.0.0 Safari/537.36 0.023
0:0:0:0:0:0:0:1 - - [14/Jun/2023:23:08:46 +0100] GET /api/am/devportal/v3/apis/c6b17439-fa73-4d33-a618-bf5b18176cd8/thumbnail HTTP/1.1 204 - https://localhost:9443/devportal/apis/c6b17439-fa73-4d33-a618-bf5b18176cd8/overview Mozilla/5.0 (Windows NT 10.0; Win64; x64) AppleWebKit/537.36 (KHTML, like Gecko) Chrome/114.0.0.0 Safari/537.36 0.031
0:0:0:0:0:0:0:1 - - [14/Jun/2023:23:08:46 +0100] GET /api/am/devportal/v3/apis/c6b17439-fa73-4d33-a618-bf5b18176cd8/comments?limit=5&offset=0 HTTP/1.1 200 101 https://localhost:9443/devportal/apis/c6b17439-fa73-4d33-a618-bf5b18176cd8/overview Mozilla/5.0 (Windows NT 10.0; Win64; x64) AppleWebKit/537.36 (KHTML, like Gecko) Chrome/114.0.0.0 Safari/537.36 0.035
0:0:0:0:0:0:0:1 - - [14/Jun/2023:23:08:47 +0100] GET /devportal/site/public/dist/vendors~APIConsole~APIDocuments~ApplicationDetails.632f7f3618b917dd72cb.bundle.js HTTP/1.1 200 25476 https://localhost:9443/devportal/apis/c6b17439-fa73-4d33-a618-bf5b18176cd8/test Mozilla/5.0 (Windows NT 10.0; Win64; x64) AppleWebKit/537.36 (KHTML, like Gecko) Chrome/114.0.0.0 Safari/537.36 0.006
0:0:0:0:0:0:0:1 - - [14/Jun/2023:23:08:47 +0100] GET /devportal/site/public/images/_favicon.ico HTTP/1.1 200 1150 https://localhost:9443/devportal/apis/c6b17439-fa73-4d33-a618-bf5b18176cd8/test Mozilla/5.0 (Windows NT 10.0; Win64; x64) AppleWebKit/537.36 (KHTML, like Gecko) Chrome/114.0.0.0 Safari/537.36 0.002
0:0:0:0:0:0:0:1 - - [14/Jun/2023:23:08:47 +0100] GET /devportal/site/public/dist/vendors~APIConsole~GraphQLConsole.fdedfa5fe9df001a3725.bundle.js HTTP/1.1 200 55674 https://localhost:9443/devportal/apis/c6b17439-fa73-4d33-a618-bf5b18176cd8/test Mozilla/5.0 (Windows NT 10.0; Win64; x64) AppleWebKit/537.36 (KHTML, like Gecko) Chrome/114.0.0.0 Safari/537.36 0.010
0:0:0:0:0:0:0:1 - - [14/Jun/2023:23:08:47 +0100] GET /devportal/site/public/dist/5.57286c37eacce5fafae0.bundle.js HTTP/1.1 200 84080 https://localhost:9443/devportal/apis/c6b17439-fa73-4d33-a618-bf5b18176cd8/test Mozilla/5.0 (Windows NT 10.0; Win64; x64) AppleWebKit/537.36 (KHTML, like Gecko) Chrome/114.0.0.0 Safari/537.36 0.016
0:0:0:0:0:0:0:1 - - [14/Jun/2023:23:08:47 +0100] GET /devportal/site/public/dist/APIConsole.b3e80a9dce3816857c0c.bundle.js HTTP/1.1 200 1748096 https://localhost:9443/devportal/apis/c6b17439-fa73-4d33-a618-bf5b18176cd8/test Mozilla/5.0 (Windows NT 10.0; Win64; x64) AppleWebKit/537.36 (KHTML, like Gecko) Chrome/114.0.0.0 Safari/537.36 0.220
0:0:0:0:0:0:0:1 - - [14/Jun/2023:23:08:47 +0100] GET /api/am/devportal/v3/apis/c6b17439-fa73-4d33-a618-bf5b18176cd8 HTTP/1.1 200 1650 https://localhost:9443/devportal/apis/c6b17439-fa73-4d33-a618-bf5b18176cd8/test Mozilla/5.0 (Windows NT 10.0; Win64; x64) AppleWebKit/537.36 (KHTML, like Gecko) Chrome/114.0.0.0 Safari/537.36 0.012
0:0:0:0:0:0:0:1 - - [14/Jun/2023:23:08:47 +0100] GET /api/am/devportal/v3/apis/c6b17439-fa73-4d33-a618-bf5b18176cd8/swagger?environmentName=Default HTTP/1.1 200 893 https://localhost:9443/devportal/apis/c6b17439-fa73-4d33-a618-bf5b18176cd8/test Mozilla/5.0 (Windows NT 10.0; Win64; x64) AppleWebKit/537.36 (KHTML, like Gecko) Chrome/114.0.0.0 Safari/537.36 0.020
0:0:0:0:0:0:0:1 - - [14/Jun/2023:23:08:48 +0100] GET /api/am/devportal/v3/swagger.yaml HTTP/1.1 200 26878 https://localhost:9443/devportal/apis/c6b17439-fa73-4d33-a618-bf5b18176cd8/test Mozilla/5.0 (Windows NT 10.0; Win64; x64) AppleWebKit/537.36 (KHTML, like Gecko) Chrome/114.0.0.0 Safari/537.36 0.022
127.0.0.1 - - [14/Jun/2023:23:08:48 +0100] GET /oauth2/token/.well-known/openid-configuration HTTP/1.1 200 2395 - Apache-HttpClient/4.5.13 (Java/17.0.6) 0.003
127.0.0.1 - - [14/Jun/2023:23:08:48 +0100] GET /keymanager-operations/dcr/register/N3VqNDVWeW96NUpjek1JT1dzMDFYRXNBTnpJYQ%3D%3D HTTP/1.1 200 518 - Apache-HttpClient/4.5.13 (Java/17.0.6) 0.003
127.0.0.1 - - [14/Jun/2023:23:08:48 +0100] GET /keymanager-operations/dcr/register/R1cwOWxVbHVSNFVqbkJBRVJjVmVIck03SEc0YQ%3D%3D HTTP/1.1 200 515 - Apache-HttpClient/4.5.13 (Java/17.0.6) 0.003
0:0:0:0:0:0:0:1 - - [14/Jun/2023:23:08:48 +0100] GET /api/am/devportal/v3/key-managers HTTP/1.1 200 763 https://localhost:9443/devportal/apis/c6b17439-fa73-4d33-a618-bf5b18176cd8/test Mozilla/5.0 (Windows NT 10.0; Win64; x64) AppleWebKit/537.36 (KHTML, like Gecko) Chrome/114.0.0.0 Safari/537.36 0.036
0:0:0:0:0:0:0:1 - - [14/Jun/2023:23:08:48 +0100] GET /api/am/devportal/v3/subscriptions?apiId=c6b17439-fa73-4d33-a618-bf5b18176cd8&limit=25 HTTP/1.1 200 706 https://localhost:9443/devportal/apis/c6b17439-fa73-4d33-a618-bf5b18176cd8/test Mozilla/5.0 (Windows NT 10.0; Win64; x64) AppleWebKit/537.36 (KHTML, like Gecko) Chrome/114.0.0.0 Safari/537.36 0.041
127.0.0.1 - - [14/Jun/2023:23:08:48 +0100] GET /keymanager-operations/dcr/register/R1cwOWxVbHVSNFVqbkJBRVJjVmVIck03SEc0YQ%3D%3D HTTP/1.1 200 515 - Apache-HttpClient/4.5.13 (Java/17.0.6) 0.002
127.0.0.1 - - [14/Jun/2023:23:08:48 +0100] GET /keymanager-operations/dcr/register/N3VqNDVWeW96NUpjek1JT1dzMDFYRXNBTnpJYQ%3D%3D HTTP/1.1 200 518 - Apache-HttpClient/4.5.13 (Java/17.0.6) 0.002
0:0:0:0:0:0:0:1 - - [14/Jun/2023:23:08:48 +0100] GET /api/am/devportal/v3/subscriptions?apiId=c6b17439-fa73-4d33-a618-bf5b18176cd8&limit=25 HTTP/1.1 200 706 https://localhost:9443/devportal/apis/c6b17439-fa73-4d33-a618-bf5b18176cd8/test Mozilla/5.0 (Windows NT 10.0; Win64; x64) AppleWebKit/537.36 (KHTML, like Gecko) Chrome/114.0.0.0 Safari/537.36 0.032
0:0:0:0:0:0:0:1 - - [14/Jun/2023:23:08:48 +0100] GET /api/am/devportal/v3/applications/ HTTP/1.1 200 492 https://localhost:9443/devportal/apis/c6b17439-fa73-4d33-a618-bf5b18176cd8/test Mozilla/5.0 (Windows NT 10.0; Win64; x64) AppleWebKit/537.36 (KHTML, like Gecko) Chrome/114.0.0.0 Safari/537.36 0.008
0:0:0:0:0:0:0:1 - - [14/Jun/2023:23:08:48 +0100] GET /api/am/devportal/v3/swagger.yaml HTTP/1.1 200 26878 https://localhost:9443/devportal/apis/c6b17439-fa73-4d33-a618-bf5b18176cd8/test Mozilla/5.0 (Windows NT 10.0; Win64; x64) AppleWebKit/537.36 (KHTML, like Gecko) Chrome/114.0.0.0 Safari/537.36 0.010
127.0.0.1 - - [14/Jun/2023:23:08:48 +0100] GET /keymanager-operations/dcr/register/N3VqNDVWeW96NUpjek1JT1dzMDFYRXNBTnpJYQ%3D%3D HTTP/1.1 200 518 - Apache-HttpClient/4.5.13 (Java/17.0.6) 0.002
127.0.0.1 - - [14/Jun/2023:23:08:48 +0100] GET /keymanager-operations/dcr/register/R1cwOWxVbHVSNFVqbkJBRVJjVmVIck03SEc0YQ%3D%3D HTTP/1.1 200 515 - Apache-HttpClient/4.5.13 (Java/17.0.6) 0.002
0:0:0:0:0:0:0:1 - - [14/Jun/2023:23:08:48 +0100] GET /api/am/devportal/v3/applications/1ced8c6f-19af-45ac-8773-ee11ac0d11c7 HTTP/1.1 200 490 https://localhost:9443/devportal/apis/c6b17439-fa73-4d33-a618-bf5b18176cd8/test Mozilla/5.0 (Windows NT 10.0; Win64; x64) AppleWebKit/537.36 (KHTML, like Gecko) Chrome/114.0.0.0 Safari/537.36 0.010
127.0.0.1 - - [14/Jun/2023:23:08:48 +0100] GET /keymanager-operations/dcr/register/R1cwOWxVbHVSNFVqbkJBRVJjVmVIck03SEc0YQ%3D%3D HTTP/1.1 200 515 - Apache-HttpClient/4.5.13 (Java/17.0.6) 0.001
127.0.0.1 - - [14/Jun/2023:23:08:48 +0100] GET /keymanager-operations/dcr/register/N3VqNDVWeW96NUpjek1JT1dzMDFYRXNBTnpJYQ%3D%3D HTTP/1.1 200 518 - Apache-HttpClient/4.5.13 (Java/17.0.6) 0.002
0:0:0:0:0:0:0:1 - - [14/Jun/2023:23:08:48 +0100] GET /api/am/devportal/v3/applications/1ced8c6f-19af-45ac-8773-ee11ac0d11c7/oauth-keys HTTP/1.1 200 541 https://localhost:9443/devportal/apis/c6b17439-fa73-4d33-a618-bf5b18176cd8/test Mozilla/5.0 (Windows NT 10.0; Win64; x64) AppleWebKit/537.36 (KHTML, like Gecko) Chrome/114.0.0.0 Safari/537.36 0.010
0:0:0:0:0:0:0:1 - - [14/Jun/2023:23:08:48 +0100] GET /api/am/devportal/v3/swagger.yaml HTTP/1.1 200 26878 https://localhost:9443/devportal/apis/c6b17439-fa73-4d33-a618-bf5b18176cd8/test Mozilla/5.0 (Windows NT 10.0; Win64; x64) AppleWebKit/537.36 (KHTML, like Gecko) Chrome/114.0.0.0 Safari/537.36 0.005
0:0:0:0:0:0:0:1 - - [14/Jun/2023:23:08:48 +0100] GET /api/am/devportal/v3/swagger.yaml HTTP/1.1 200 26878 https://localhost:9443/devportal/apis/c6b17439-fa73-4d33-a618-bf5b18176cd8/test Mozilla/5.0 (Windows NT 10.0; Win64; x64) AppleWebKit/537.36 (KHTML, like Gecko) Chrome/114.0.0.0 Safari/537.36 0.006
127.0.0.1 - - [14/Jun/2023:23:08:48 +0100] GET /keymanager-operations/dcr/register/R1cwOWxVbHVSNFVqbkJBRVJjVmVIck03SEc0YQ%3D%3D HTTP/1.1 200 515 - Apache-HttpClient/4.5.13 (Java/17.0.6) 0.001
127.0.0.1 - - [14/Jun/2023:23:08:48 +0100] GET /keymanager-operations/dcr/register/N3VqNDVWeW96NUpjek1JT1dzMDFYRXNBTnpJYQ%3D%3D HTTP/1.1 200 518 - Apache-HttpClient/4.5.13 (Java/17.0.6) 0.007
0:0:0:0:0:0:0:1 - - [14/Jun/2023:23:08:48 +0100] GET /api/am/devportal/v3/applications/1ced8c6f-19af-45ac-8773-ee11ac0d11c7 HTTP/1.1 200 490 https://localhost:9443/devportal/apis/c6b17439-fa73-4d33-a618-bf5b18176cd8/test Mozilla/5.0 (Windows NT 10.0; Win64; x64) AppleWebKit/537.36 (KHTML, like Gecko) Chrome/114.0.0.0 Safari/537.36 0.019
127.0.0.1 - - [14/Jun/2023:23:08:48 +0100] GET /keymanager-operations/dcr/register/R1cwOWxVbHVSNFVqbkJBRVJjVmVIck03SEc0YQ%3D%3D HTTP/1.1 200 515 - Apache-HttpClient/4.5.13 (Java/17.0.6) 0.003
127.0.0.1 - - [14/Jun/2023:23:08:48 +0100] GET /keymanager-operations/dcr/register/N3VqNDVWeW96NUpjek1JT1dzMDFYRXNBTnpJYQ%3D%3D HTTP/1.1 200 518 - Apache-HttpClient/4.5.13 (Java/17.0.6) 0.001
127.0.0.1 - - [14/Jun/2023:23:08:48 +0100] GET /keymanager-operations/dcr/register/N3VqNDVWeW96NUpjek1JT1dzMDFYRXNBTnpJYQ%3D%3D HTTP/1.1 200 518 - Apache-HttpClient/4.5.13 (Java/17.0.6) 0.002
0:0:0:0:0:0:0:1 - - [14/Jun/2023:23:08:48 +0100] GET /api/am/devportal/v3/applications/1ced8c6f-19af-45ac-8773-ee11ac0d11c7 HTTP/1.1 200 490 https://localhost:9443/devportal/apis/c6b17439-fa73-4d33-a618-bf5b18176cd8/test Mozilla/5.0 (Windows NT 10.0; Win64; x64) AppleWebKit/537.36 (KHTML, like Gecko) Chrome/114.0.0.0 Safari/537.36 0.012
127.0.0.1 - - [14/Jun/2023:23:08:48 +0100] GET /keymanager-operations/dcr/register/R1cwOWxVbHVSNFVqbkJBRVJjVmVIck03SEc0YQ%3D%3D HTTP/1.1 200 515 - Apache-HttpClient/4.5.13 (Java/17.0.6) 0.002
0:0:0:0:0:0:0:1 - - [14/Jun/2023:23:08:48 +0100] GET /api/am/devportal/v3/applications/1ced8c6f-19af-45ac-8773-ee11ac0d11c7/oauth-keys HTTP/1.1 200 541 https://localhost:9443/devportal/apis/c6b17439-fa73-4d33-a618-bf5b18176cd8/test Mozilla/5.0 (Windows NT 10.0; Win64; x64) AppleWebKit/537.36 (KHTML, like Gecko) Chrome/114.0.0.0 Safari/537.36 0.017
127.0.0.1 - - [14/Jun/2023:23:08:48 +0100] GET /keymanager-operations/dcr/register/N3VqNDVWeW96NUpjek1JT1dzMDFYRXNBTnpJYQ%3D%3D HTTP/1.1 200 518 - Apache-HttpClient/4.5.13 (Java/17.0.6) 0.003
127.0.0.1 - - [14/Jun/2023:23:08:48 +0100] GET /keymanager-operations/dcr/register/R1cwOWxVbHVSNFVqbkJBRVJjVmVIck03SEc0YQ%3D%3D HTTP/1.1 200 515 - Apache-HttpClient/4.5.13 (Java/17.0.6) 0.005
0:0:0:0:0:0:0:1 - - [14/Jun/2023:23:08:48 +0100] GET /api/am/devportal/v3/applications/1ced8c6f-19af-45ac-8773-ee11ac0d11c7/oauth-keys HTTP/1.1 200 541 https://localhost:9443/devportal/apis/c6b17439-fa73-4d33-a618-bf5b18176cd8/test Mozilla/5.0 (Windows NT 10.0; Win64; x64) AppleWebKit/537.36 (KHTML, like Gecko) Chrome/114.0.0.0 Safari/537.36 0.036
0:0:0:0:0:0:0:1 - - [14/Jun/2023:23:08:49 +0100] GET /api/am/devportal/v3/swagger.yaml HTTP/1.1 200 26878 https://localhost:9443/devportal/apis/c6b17439-fa73-4d33-a618-bf5b18176cd8/test Mozilla/5.0 (Windows NT 10.0; Win64; x64) AppleWebKit/537.36 (KHTML, like Gecko) Chrome/114.0.0.0 Safari/537.36 0.008
127.0.0.1 - - [14/Jun/2023:23:08:49 +0100] GET /keymanager-operations/dcr/register/R1cwOWxVbHVSNFVqbkJBRVJjVmVIck03SEc0YQ%3D%3D HTTP/1.1 200 515 - Apache-HttpClient/4.5.13 (Java/17.0.6) 0.002
127.0.0.1 - - [14/Jun/2023:23:08:49 +0100] GET /keymanager-operations/dcr/register/N3VqNDVWeW96NUpjek1JT1dzMDFYRXNBTnpJYQ%3D%3D HTTP/1.1 200 518 - Apache-HttpClient/4.5.13 (Java/17.0.6) 0.010
0:0:0:0:0:0:0:1 - - [14/Jun/2023:23:08:49 +0100] GET /api/am/devportal/v3/applications/1ced8c6f-19af-45ac-8773-ee11ac0d11c7 HTTP/1.1 200 490 https://localhost:9443/devportal/apis/c6b17439-fa73-4d33-a618-bf5b18176cd8/test Mozilla/5.0 (Windows NT 10.0; Win64; x64) AppleWebKit/537.36 (KHTML, like Gecko) Chrome/114.0.0.0 Safari/537.36 0.026
127.0.0.1 - - [14/Jun/2023:23:08:49 +0100] GET /keymanager-operations/dcr/register/N3VqNDVWeW96NUpjek1JT1dzMDFYRXNBTnpJYQ%3D%3D HTTP/1.1 200 518 - Apache-HttpClient/4.5.13 (Java/17.0.6) 0.002
127.0.0.1 - - [14/Jun/2023:23:08:49 +0100] GET /keymanager-operations/dcr/register/R1cwOWxVbHVSNFVqbkJBRVJjVmVIck03SEc0YQ%3D%3D HTTP/1.1 200 515 - Apache-HttpClient/4.5.13 (Java/17.0.6) 0.002
0:0:0:0:0:0:0:1 - - [14/Jun/2023:23:08:49 +0100] GET /api/am/devportal/v3/applications/1ced8c6f-19af-45ac-8773-ee11ac0d11c7/oauth-keys HTTP/1.1 200 541 https://localhost:9443/devportal/apis/c6b17439-fa73-4d33-a618-bf5b18176cd8/test Mozilla/5.0 (Windows NT 10.0; Win64; x64) AppleWebKit/537.36 (KHTML, like Gecko) Chrome/114.0.0.0 Safari/537.36 0.015
127.0.0.1 - - [14/Jun/2023:23:08:49 +0100] GET /keymanager-operations/dcr/register/N3VqNDVWeW96NUpjek1JT1dzMDFYRXNBTnpJYQ%3D%3D HTTP/1.1 200 518 - Apache-HttpClient/4.5.13 (Java/17.0.6) 0.002
127.0.0.1 - - [14/Jun/2023:23:08:49 +0100] GET /keymanager-operations/dcr/register/R1cwOWxVbHVSNFVqbkJBRVJjVmVIck03SEc0YQ%3D%3D HTTP/1.1 200 515 - Apache-HttpClient/4.5.13 (Java/17.0.6) 0.002
127.0.0.1 - - [14/Jun/2023:23:08:49 +0100] GET /keymanager-operations/dcr/register/R1cwOWxVbHVSNFVqbkJBRVJjVmVIck03SEc0YQ%3D%3D HTTP/1.1 200 515 - Apache-HttpClient/4.5.13 (Java/17.0.6) 0.002
127.0.0.1 - - [14/Jun/2023:23:08:49 +0100] POST /oauth2/token HTTP/1.1 200 1190 - Apache-HttpClient/4.5.13 (Java/17.0.6) 0.018
0:0:0:0:0:0:0:1 - - [14/Jun/2023:23:08:49 +0100] POST /api/am/devportal/v3/applications/1ced8c6f-19af-45ac-8773-ee11ac0d11c7/oauth-keys/dcd7b7a7-5649-4685-b411-7d5e1addf807/generate-token HTTP/1.1 200 899 https://localhost:9443/devportal/apis/c6b17439-fa73-4d33-a618-bf5b18176cd8/test Mozilla/5.0 (Windows NT 10.0; Win64; x64) AppleWebKit/537.36 (KHTML, like Gecko) Chrome/114.0.0.0 Safari/537.36 0.076
127.0.0.1 - - [14/Jun/2023:23:08:49 +0100] POST /internal/data/v1/notify HTTP/1.1 200 - - Apache-HttpClient/4.5.13 (Java/17.0.6) 0.020
0:0:0:0:0:0:0:1 - - [14/Jun/2023:23:09:54 +0100] - 400 - - - 0.000
0:0:0:0:0:0:0:1 - - [14/Jun/2023:23:09:54 +0100] - 400 - - - 0.000
0:0:0:0:0:0:0:1 - - [14/Jun/2023:23:09:54 +0100] - 400 - - - 0.000
0:0:0:0:0:0:0:1 - - [14/Jun/2023:23:09:54 +0100] - 400 - - - 0.000
0:0:0:0:0:0:0:1 - - [14/Jun/2023:23:09:54 +0100] GET /api/am/publisher/v4/scopes HTTP/1.1 200 388 https://localhost:9443/publisher/apis/c6b17439-fa73-4d33-a618-bf5b18176cd8/resources Mozilla/5.0 (Windows NT 10.0; Win64; x64) AppleWebKit/537.36 (KHTML, like Gecko) Chrome/114.0.0.0 Safari/537.36 0.005
0:0:0:0:0:0:0:1 - - [14/Jun/2023:23:09:54 +0100] GET /api/am/publisher/v4/throttling-policies/api?limit=80 HTTP/1.1 200 395 https://localhost:9443/publisher/apis/c6b17439-fa73-4d33-a618-bf5b18176cd8/resources Mozilla/5.0 (Windows NT 10.0; Win64; x64) AppleWebKit/537.36 (KHTML, like Gecko) Chrome/114.0.0.0 Safari/537.36 0.005
0:0:0:0:0:0:0:1 - - [14/Jun/2023:23:09:54 +0100] GET /api/am/publisher/v4/apis/c6b17439-fa73-4d33-a618-bf5b18176cd8/amznResourceNames HTTP/1.1 200 2 https://localhost:9443/publisher/apis/c6b17439-fa73-4d33-a618-bf5b18176cd8/resources Mozilla/5.0 (Windows NT 10.0; Win64; x64) AppleWebKit/537.36 (KHTML, like Gecko) Chrome/114.0.0.0 Safari/537.36 0.028
0:0:0:0:0:0:0:1 - - [14/Jun/2023:23:09:54 +0100] GET /api/am/publisher/v4/apis/c6b17439-fa73-4d33-a618-bf5b18176cd8/swagger HTTP/1.1 200 1231 https://localhost:9443/publisher/apis/c6b17439-fa73-4d33-a618-bf5b18176cd8/resources Mozilla/5.0 (Windows NT 10.0; Win64; x64) AppleWebKit/537.36 (KHTML, like Gecko) Chrome/114.0.0.0 Safari/537.36 0.051
127.0.0.1 - - [14/Jun/2023:23:10:53 +0100] GET /internal/data/v1/subscriptions?apiId=3&appId=37 HTTP/1.1 200 39 - Apache-HttpClient/4.5.13 (Java/17.0.6) 0.019
0:0:0:0:0:0:0:1 - - [14/Jun/2023:23:11:11 +0100] - 400 - - - 0.000
0:0:0:0:0:0:0:1 - - [14/Jun/2023:23:11:11 +0100] GET /api/am/publisher/v4/apis?limit=10&offset=0 HTTP/1.1 200 522 https://localhost:9443/publisher/apis Mozilla/5.0 (Windows NT 10.0; Win64; x64) AppleWebKit/537.36 (KHTML, like Gecko) Chrome/114.0.0.0 Safari/537.36 0.033
0:0:0:0:0:0:0:1 - - [14/Jun/2023:23:11:12 +0100] - 400 - - - 0.000
0:0:0:0:0:0:0:1 - - [14/Jun/2023:23:11:12 +0100] GET /api/am/publisher/v4/tenants?state=active HTTP/1.1 200 96 https://localhost:9443/publisher/apis/d02418ae-ab94-438a-87c1-83b37ef15067/overview Mozilla/5.0 (Windows NT 10.0; Win64; x64) AppleWebKit/537.36 (KHTML, like Gecko) Chrome/114.0.0.0 Safari/537.36 0.006
0:0:0:0:0:0:0:1 - - [14/Jun/2023:23:11:12 +0100] GET /api/am/publisher/v4/apis/d02418ae-ab94-438a-87c1-83b37ef15067 HTTP/1.1 200 1626 https://localhost:9443/publisher/apis/d02418ae-ab94-438a-87c1-83b37ef15067/overview Mozilla/5.0 (Windows NT 10.0; Win64; x64) AppleWebKit/537.36 (KHTML, like Gecko) Chrome/114.0.0.0 Safari/537.36 0.047
0:0:0:0:0:0:0:1 - - [14/Jun/2023:23:11:13 +0100] - 400 - - - 0.000
0:0:0:0:0:0:0:1 - - [14/Jun/2023:23:11:13 +0100] GET /api/am/publisher/v4/apis/d02418ae-ab94-438a-87c1-83b37ef15067/revisions?query=deployed%3Atrue HTTP/1.1 200 388 https://localhost:9443/publisher/apis/d02418ae-ab94-438a-87c1-83b37ef15067/overview Mozilla/5.0 (Windows NT 10.0; Win64; x64) AppleWebKit/537.36 (KHTML, like Gecko) Chrome/114.0.0.0 Safari/537.36 0.008
0:0:0:0:0:0:0:1 - - [14/Jun/2023:23:11:13 +0100] GET /api/am/publisher/v4/apis/d02418ae-ab94-438a-87c1-83b37ef15067/revisions HTTP/1.1 200 429 https://localhost:9443/publisher/apis/d02418ae-ab94-438a-87c1-83b37ef15067/overview Mozilla/5.0 (Windows NT 10.0; Win64; x64) AppleWebKit/537.36 (KHTML, like Gecko) Chrome/114.0.0.0 Safari/537.36 0.005
0:0:0:0:0:0:0:1 - - [14/Jun/2023:23:11:13 +0100] GET /api/am/publisher/v4/apis/d02418ae-ab94-438a-87c1-83b37ef15067/revisions?query=deployed%3Atrue HTTP/1.1 200 388 https://localhost:9443/publisher/apis/d02418ae-ab94-438a-87c1-83b37ef15067/overview Mozilla/5.0 (Windows NT 10.0; Win64; x64) AppleWebKit/537.36 (KHTML, like Gecko) Chrome/114.0.0.0 Safari/537.36 0.005
0:0:0:0:0:0:0:1 - - [14/Jun/2023:23:11:13 +0100] GET /api/am/publisher/v4/apis/d02418ae-ab94-438a-87c1-83b37ef15067/swagger HTTP/1.1 200 1221 https://localhost:9443/publisher/apis/d02418ae-ab94-438a-87c1-83b37ef15067/overview Mozilla/5.0 (Windows NT 10.0; Win64; x64) AppleWebKit/537.36 (KHTML, like Gecko) Chrome/114.0.0.0 Safari/537.36 0.019
0:0:0:0:0:0:0:1 - - [14/Jun/2023:23:11:13 +0100] GET /api/am/publisher/v4/apis/d02418ae-ab94-438a-87c1-83b37ef15067/revisions?query=deployed%3Atrue HTTP/1.1 200 388 https://localhost:9443/publisher/apis/d02418ae-ab94-438a-87c1-83b37ef15067/overview Mozilla/5.0 (Windows NT 10.0; Win64; x64) AppleWebKit/537.36 (KHTML, like Gecko) Chrome/114.0.0.0 Safari/537.36 0.004
0:0:0:0:0:0:0:1 - - [14/Jun/2023:23:11:13 +0100] GET /api/am/publisher/v4/apis/d02418ae-ab94-438a-87c1-83b37ef15067/swagger HTTP/1.1 200 1221 https://localhost:9443/publisher/apis/d02418ae-ab94-438a-87c1-83b37ef15067/overview Mozilla/5.0 (Windows NT 10.0; Win64; x64) AppleWebKit/537.36 (KHTML, like Gecko) Chrome/114.0.0.0 Safari/537.36 0.029
0:0:0:0:0:0:0:1 - - [14/Jun/2023:23:11:13 +0100] GET /api/am/publisher/v4/apis/d02418ae-ab94-438a-87c1-83b37ef15067/revisions?query=deployed%3Atrue HTTP/1.1 200 388 https://localhost:9443/publisher/apis/d02418ae-ab94-438a-87c1-83b37ef15067/overview Mozilla/5.0 (Windows NT 10.0; Win64; x64) AppleWebKit/537.36 (KHTML, like Gecko) Chrome/114.0.0.0 Safari/537.36 0.003
0:0:0:0:0:0:0:1 - - [14/Jun/2023:23:11:13 +0100] GET /api/am/publisher/v4/apis/d02418ae-ab94-438a-87c1-83b37ef15067/swagger HTTP/1.1 200 1221 https://localhost:9443/publisher/apis/d02418ae-ab94-438a-87c1-83b37ef15067/overview Mozilla/5.0 (Windows NT 10.0; Win64; x64) AppleWebKit/537.36 (KHTML, like Gecko) Chrome/114.0.0.0 Safari/537.36 0.014
0:0:0:0:0:0:0:1 - - [14/Jun/2023:23:11:17 +0100] - 400 - - - 0.000
0:0:0:0:0:0:0:1 - - [14/Jun/2023:23:11:17 +0100] - 400 - - - 0.000
0:0:0:0:0:0:0:1 - - [14/Jun/2023:23:11:17 +0100] - 400 - - - 0.000
0:0:0:0:0:0:0:1 - - [14/Jun/2023:23:11:17 +0100] - 400 - - - 0.000
0:0:0:0:0:0:0:1 - - [14/Jun/2023:23:11:17 +0100] GET /api/am/publisher/v4/throttling-policies/api?limit=80 HTTP/1.1 200 395 https://localhost:9443/publisher/apis/d02418ae-ab94-438a-87c1-83b37ef15067/resources Mozilla/5.0 (Windows NT 10.0; Win64; x64) AppleWebKit/537.36 (KHTML, like Gecko) Chrome/114.0.0.0 Safari/537.36 0.006
0:0:0:0:0:0:0:1 - - [14/Jun/2023:23:11:17 +0100] GET /api/am/publisher/v4/scopes HTTP/1.1 200 388 https://localhost:9443/publisher/apis/d02418ae-ab94-438a-87c1-83b37ef15067/resources Mozilla/5.0 (Windows NT 10.0; Win64; x64) AppleWebKit/537.36 (KHTML, like Gecko) Chrome/114.0.0.0 Safari/537.36 0.013
0:0:0:0:0:0:0:1 - - [14/Jun/2023:23:11:17 +0100] GET /api/am/publisher/v4/apis/d02418ae-ab94-438a-87c1-83b37ef15067/amznResourceNames HTTP/1.1 200 2 https://localhost:9443/publisher/apis/d02418ae-ab94-438a-87c1-83b37ef15067/resources Mozilla/5.0 (Windows NT 10.0; Win64; x64) AppleWebKit/537.36 (KHTML, like Gecko) Chrome/114.0.0.0 Safari/537.36 0.028
0:0:0:0:0:0:0:1 - - [14/Jun/2023:23:11:17 +0100] GET /api/am/publisher/v4/apis/d02418ae-ab94-438a-87c1-83b37ef15067/swagger HTTP/1.1 200 1221 https://localhost:9443/publisher/apis/d02418ae-ab94-438a-87c1-83b37ef15067/resources Mozilla/5.0 (Windows NT 10.0; Win64; x64) AppleWebKit/537.36 (KHTML, like Gecko) Chrome/114.0.0.0 Safari/537.36 0.049
