- 0:0:0:0:0:0:0:1  - [17/Jun/2023:00:00:55.073 +0100] "- - " 500 - "-" "-"
- 0:0:0:0:0:0:0:1 - - [17/Jun/2023:00:02:51.341 +0100] "GET /acme/en/1.0.0/reviews/quantityByUser/1 HTTP/1.1" - - "-" "PostmanRuntime/7.32.3"
- 127.0.0.1  - [17/Jun/2023:00:02:51.410 +0100] "- - " 404 - "-" "-"
- 127.0.0.1 - - [17/Jun/2023:00:02:51.410 +0100] "GET /ACME/reviews/quantityByUser/1 HTTP/1.1" - - "-" "Synapse-PT-HttpComponents-NIO"
- 0:0:0:0:0:0:0:1  - [17/Jun/2023:00:02:51.341 +0100] "- - " 404 - "-" "-"
- 0:0:0:0:0:0:0:1 - - [17/Jun/2023:13:33:05.516 +0100] "GET /acme/en/1.0.0/reviews/quantityByUser/1 HTTP/1.1" - - "-" "PostmanRuntime/7.32.3"
- 0:0:0:0:0:0:0:1  - [17/Jun/2023:13:33:05.516 +0100] "- - " 401 - "-" "-"
- 127.0.0.1  - [17/Jun/2023:13:33:49.908 +0100] "- - " 404 - "-" "-"
- 0:0:0:0:0:0:0:1 - - [17/Jun/2023:13:33:47.920 +0100] "GET /acme/en/1.0.0/reviews/quantityByUser/1 HTTP/1.1" - - "-" "PostmanRuntime/7.32.3"
- 0:0:0:0:0:0:0:1  - [17/Jun/2023:13:33:49.920 +0100] "- - " 404 - "-" "-"
- 127.0.0.1 - - [17/Jun/2023:13:33:48.019 +0100] "GET /ACME/reviews/quantityByUser/1 HTTP/1.1" - - "-" "Synapse-PT-HttpComponents-NIO"
- 0:0:0:0:0:0:0:1 - - [17/Jun/2023:13:38:04.072 +0100] "GET /acme/en/1.0.0/reviews/1 HTTP/1.1" - - "-" "PostmanRuntime/7.32.3"
- 127.0.0.1  - [17/Jun/2023:13:38:04.077 +0100] "- - " 404 - "-" "-"
- 127.0.0.1 - - [17/Jun/2023:13:38:04.077 +0100] "GET /ACME/reviews/1 HTTP/1.1" - - "-" "Synapse-PT-HttpComponents-NIO"
- 0:0:0:0:0:0:0:1  - [17/Jun/2023:13:38:04.072 +0100] "- - " 404 - "-" "-"
- 0:0:0:0:0:0:0:1 - - [17/Jun/2023:13:41:33.840 +0100] "GET /acme/en/1.0.0/reviews/1 HTTP/1.1" - - "-" "PostmanRuntime/7.32.3"
- 127.0.0.1 - - [17/Jun/2023:13:41:33.846 +0100] "GET /ACME/reviews/1 HTTP/1.1" - - "-" "Synapse-PT-HttpComponents-NIO"
- 127.0.0.1  - [17/Jun/2023:13:42:40.368 +0100] "- - " 200 - "-" "-"
- 0:0:0:0:0:0:0:1 - - [17/Jun/2023:13:42:55.966 +0100] "GET /acme/en/1.0.0/reviews/quantityByUser/1 HTTP/1.1" - - "-" "PostmanRuntime/7.32.3"
- 127.0.0.1 - - [17/Jun/2023:13:42:55.970 +0100] "GET /ACME/reviews/quantityByUser/1 HTTP/1.1" - - "-" "Synapse-PT-HttpComponents-NIO"
- 0:0:0:0:0:0:0:1  - [17/Jun/2023:13:42:40.369 +0100] "- - " 200 - "-" "-"
- 0:0:0:0:0:0:0:1  - [17/Jun/2023:13:45:03.041 +0100] "- - " 500 - "-" "-"
- 127.0.0.1  - [17/Jun/2023:13:46:29.704 +0100] "- - " 200 - "-" "-"
- 0:0:0:0:0:0:0:1 - - [17/Jun/2023:13:46:12.885 +0100] "GET /acme/en/1.0.0/reviews/quantityByUser/1 HTTP/1.1" - - "-" "PostmanRuntime/7.32.3"
- 0:0:0:0:0:0:0:1  - [17/Jun/2023:13:46:29.706 +0100] "- - " 200 - "-" "-"
- 127.0.0.1 - - [17/Jun/2023:13:46:12.891 +0100] "GET /ACME/reviews/quantityByUser/1 HTTP/1.1" - - "-" "Synapse-PT-HttpComponents-NIO"
- 0:0:0:0:0:0:0:1 - - [17/Jun/2023:13:48:27.061 +0100] "GET /acme/en/1.0.0/reviews/quantityByUser/1 HTTP/1.1" - - "-" "PostmanRuntime/7.32.3"
- 127.0.0.1  - [17/Jun/2023:13:48:28.097 +0100] "- - " 200 - "-" "-"
- 127.0.0.1 - - [17/Jun/2023:13:48:27.066 +0100] "GET /ACME/reviews/quantityByUser/1 HTTP/1.1" - - "-" "Synapse-PT-HttpComponents-NIO"
- 0:0:0:0:0:0:0:1  - [17/Jun/2023:13:48:28.099 +0100] "- - " 200 - "-" "-"
- 0:0:0:0:0:0:0:1 - - [17/Jun/2023:13:55:34.487 +0100] "GET /acme/en/1.0.0/reviews/1 HTTP/1.1" - - "-" "PostmanRuntime/7.32.3"
- 127.0.0.1 - - [17/Jun/2023:13:55:34.493 +0100] "GET /ACME/reviews/1 HTTP/1.1" - - "-" "Synapse-PT-HttpComponents-NIO"
- 127.0.0.1  - [17/Jun/2023:13:55:34.493 +0100] "- - " 200 - "-" "-"
- 0:0:0:0:0:0:0:1  - [17/Jun/2023:13:55:34.487 +0100] "- - " 200 - "-" "-"
- 127.0.0.1  - [17/Jun/2023:13:55:43.078 +0100] "- - " 200 - "-" "-"
- 0:0:0:0:0:0:0:1 - - [17/Jun/2023:13:55:41.536 +0100] "GET /acme/en/1.0.0/reviews/quantityByUser/1 HTTP/1.1" - - "-" "PostmanRuntime/7.32.3"
- 127.0.0.1 - - [17/Jun/2023:13:55:41.542 +0100] "GET /ACME/reviews/quantityByUser/1 HTTP/1.1" - - "-" "Synapse-PT-HttpComponents-NIO"
- 0:0:0:0:0:0:0:1  - [17/Jun/2023:13:55:43.081 +0100] "- - " 200 - "-" "-"
- 0:0:0:0:0:0:0:1 - - [17/Jun/2023:14:03:39.650 +0100] "GET /acme/en/1.0.0/products/upvote/moreThan/0 HTTP/1.1" - - "-" "PostmanRuntime/7.32.3"
- 127.0.0.1 - - [17/Jun/2023:14:03:39.655 +0100] "GET /ACME/products/upvote/moreThan/0 HTTP/1.1" - - "-" "Synapse-PT-HttpComponents-NIO"
- 0:0:0:0:0:0:0:1 - - [17/Jun/2023:14:04:51.134 +0100] "GET /acme/en/1.0.0/products/upvote/moreThan/0 HTTP/1.1" - - "-" "PostmanRuntime/7.32.3"
- 127.0.0.1 - - [17/Jun/2023:14:04:51.140 +0100] "GET /ACME/products/upvote/moreThan/0 HTTP/1.1" - - "-" "Synapse-PT-HttpComponents-NIO"
- 0:0:0:0:0:0:0:1  - [17/Jun/2023:14:05:48.075 +0100] "- - " 500 - "-" "-"
- 0:0:0:0:0:0:0:1  - [17/Jun/2023:14:07:03.078 +0100] "- - " 500 - "-" "-"
- 0:0:0:0:0:0:0:1 - - [17/Jun/2023:14:20:50.097 +0100] "GET /acme/en/1.0.0/products/upvote/moreThan/0 HTTP/1.1" - - "-" "PostmanRuntime/7.32.3"
- 127.0.0.1 - - [17/Jun/2023:14:20:50.102 +0100] "GET /ACME/products/upvote/moreThan/0 HTTP/1.1" - - "-" "Synapse-PT-HttpComponents-NIO"
- 0:0:0:0:0:0:0:1  - [17/Jun/2023:14:23:03.111 +0100] "- - " 500 - "-" "-"
- 0:0:0:0:0:0:0:1  - [17/Jun/2023:14:38:03.345 +0100] "- - " 401 - "-" "-"
- 0:0:0:0:0:0:0:1 - - [17/Jun/2023:14:38:03.345 +0100] "GET /acme/en/1.0.0/products/upvote/moreThan/0 HTTP/1.1" - - "-" "PostmanRuntime/7.32.3"
- 0:0:0:0:0:0:0:1  - [17/Jun/2023:14:38:59.751 +0100] "- - " 500 - "-" "-"
- 0:0:0:0:0:0:0:1 - - [17/Jun/2023:14:38:38.708 +0100] "GET /acme/en/1.0.0/products/upvote/moreThan/0 HTTP/1.1" - - "-" "PostmanRuntime/7.32.3"
- 127.0.0.1 - - [17/Jun/2023:14:38:38.719 +0100] "GET /ACME/products/upvote/moreThan/0 HTTP/1.1" - - "-" "Synapse-PT-HttpComponents-NIO"
- 0:0:0:0:0:0:0:1 - - [17/Jun/2023:15:14:22.386 +0100] "GET /acme/en/1.0.0/products/upvote/moreThan/0 HTTP/1.1" - - "-" "PostmanRuntime/7.32.3"
- 127.0.0.1 - - [17/Jun/2023:15:14:22.398 +0100] "GET /ACME/products/upvote/moreThan/0 HTTP/1.1" - - "-" "Synapse-PT-HttpComponents-NIO"
- 0:0:0:0:0:0:0:1  - [17/Jun/2023:15:14:49.973 +0100] "- - " 500 - "-" "-"
- 0:0:0:0:0:0:0:1 - - [17/Jun/2023:15:16:03.843 +0100] "GET /acme/en/1.0.0/products/downvote/moreThan/0 HTTP/1.1" - - "-" "PostmanRuntime/7.32.3"
- 127.0.0.1 - - [17/Jun/2023:15:16:03.848 +0100] "GET /ACME/products/downvote/moreThan/0 HTTP/1.1" - - "-" "Synapse-PT-HttpComponents-NIO"
- 0:0:0:0:0:0:0:1  - [17/Jun/2023:15:18:18.236 +0100] "- - " 500 - "-" "-"
- 0:0:0:0:0:0:0:1 - - [17/Jun/2023:15:24:16.827 +0100] "GET /acme/en/1.0.0/products/downvote/moreThan/0 HTTP/1.1" - - "-" "PostmanRuntime/7.32.3"
- 0:0:0:0:0:0:0:1  - [17/Jun/2023:15:24:23.415 +0100] "- - " 500 - "-" "-"
- 127.0.0.1 - - [17/Jun/2023:15:24:16.834 +0100] "GET /ACME/products/downvote/moreThan/0 HTTP/1.1" - - "-" "Synapse-PT-HttpComponents-NIO"
- 0:0:0:0:0:0:0:1 - - [17/Jun/2023:15:25:12.880 +0100] "GET /acme/en/1.0.0/products/downvote/moreThan/0 HTTP/1.1" - - "-" "PostmanRuntime/7.32.3"
- 127.0.0.1 - - [17/Jun/2023:15:25:12.885 +0100] "GET /ACME/products/downvote/moreThan/0 HTTP/1.1" - - "-" "Synapse-PT-HttpComponents-NIO"
- 0:0:0:0:0:0:0:1  - [17/Jun/2023:15:26:16.128 +0100] "- - " 500 - "-" "-"
- 0:0:0:0:0:0:0:1 - - [17/Jun/2023:15:44:33.408 +0100] "GET /acme/en/1.0.0/products/downvote/moreThan/0 HTTP/1.1" - - "-" "PostmanRuntime/7.32.3"
- 0:0:0:0:0:0:0:1  - [17/Jun/2023:15:44:33.408 +0100] "- - " 401 - "-" "-"
- 0:0:0:0:0:0:0:1 - - [17/Jun/2023:15:45:06.047 +0100] "GET /acme/en/1.0.0/products/downvote/moreThan/0 HTTP/1.1" - - "-" "PostmanRuntime/7.32.3"
- 127.0.0.1 - - [17/Jun/2023:15:45:06.052 +0100] "GET /ACME/products/downvote/moreThan/0 HTTP/1.1" - - "-" "Synapse-PT-HttpComponents-NIO"
- 0:0:0:0:0:0:0:1  - [17/Jun/2023:15:47:18.295 +0100] "- - " 500 - "-" "-"
- 0:0:0:0:0:0:0:1 - - [17/Jun/2023:15:50:47.009 +0100] "GET /acme/en/1.0.0/products/downvote/moreThan/0 HTTP/1.1" - - "-" "PostmanRuntime/7.32.3"
- 127.0.0.1 - - [17/Jun/2023:15:50:47.015 +0100] "GET /ACME/products/downvote/moreThan/0 HTTP/1.1" - - "-" "Synapse-PT-HttpComponents-NIO"
- 0:0:0:0:0:0:0:1 - - [17/Jun/2023:15:52:18.685 +0100] "GET /acme/en/1.0.0/products/upvote/moreThan/0 HTTP/1.1" - - "-" "PostmanRuntime/7.32.3"
- 127.0.0.1 - - [17/Jun/2023:15:52:18.690 +0100] "GET /ACME/products/upvote/moreThan/0 HTTP/1.1" - - "-" "Synapse-PT-HttpComponents-NIO"
- 0:0:0:0:0:0:0:1 - - [17/Jun/2023:15:52:30.137 +0100] "GET /acme/en/1.0.0/products/upvote/moreThan/0 HTTP/1.1" - - "-" "PostmanRuntime/7.32.3"
- 127.0.0.1 - - [17/Jun/2023:15:52:30.140 +0100] "GET /ACME/products/upvote/moreThan/0 HTTP/1.1" - - "-" "Synapse-PT-HttpComponents-NIO"
- 0:0:0:0:0:0:0:1  - [17/Jun/2023:15:52:48.314 +0100] "- - " 500 - "-" "-"
- 0:0:0:0:0:0:0:1  - [17/Jun/2023:15:54:33.319 +0100] "- - " 500 - "-" "-"
- 0:0:0:0:0:0:0:1  - [17/Jun/2023:15:54:33.320 +0100] "- - " 500 - "-" "-"
- 0:0:0:0:0:0:0:1 - - [17/Jun/2023:15:54:56.387 +0100] "GET /acme/en/1.0.0/products/downvote/moreThan/0 HTTP/1.1" - - "-" "PostmanRuntime/7.32.3"
- 0:0:0:0:0:0:0:1  - [17/Jun/2023:15:54:56.387 +0100] "- - " 500 - "-" "-"
- 0:0:0:0:0:0:0:1 - - [17/Jun/2023:15:55:47.772 +0100] "GET /acme/en/1.0.0/products/downvote/moreThan/0 HTTP/1.1" - - "-" "PostmanRuntime/7.32.3"
- 127.0.0.1 - - [17/Jun/2023:15:55:47.777 +0100] "GET /ACME/products/downvote/moreThan/0 HTTP/1.1" - - "-" "Synapse-PT-HttpComponents-NIO"
- 0:0:0:0:0:0:0:1  - [17/Jun/2023:15:56:34.952 +0100] "- - " 500 - "-" "-"
- 0:0:0:0:0:0:0:1 - - [17/Jun/2023:15:58:39.848 +0100] "GET /acme/en/1.0.0/products/downvote/moreThan/0 HTTP/1.1" - - "-" "PostmanRuntime/7.32.3"
- 127.0.0.1 - - [17/Jun/2023:15:58:39.853 +0100] "GET /ACME/products/downvote/moreThan/0 HTTP/1.1" - - "-" "Synapse-PT-HttpComponents-NIO"
- 0:0:0:0:0:0:0:1  - [17/Jun/2023:16:00:48.330 +0100] "- - " 500 - "-" "-"
- 0:0:0:0:0:0:0:1 - - [17/Jun/2023:16:06:23.145 +0100] "GET /acme/en/1.0.0/products/downvote/moreThan/0 HTTP/1.1" - - "-" "PostmanRuntime/7.32.3"
- 127.0.0.1 - - [17/Jun/2023:16:06:23.150 +0100] "GET /ACME/products/downvote/moreThan/0 HTTP/1.1" - - "-" "Synapse-PT-HttpComponents-NIO"
- 0:0:0:0:0:0:0:1  - [17/Jun/2023:16:06:51.928 +0100] "- - " 500 - "-" "-"
- 0:0:0:0:0:0:0:1 - - [17/Jun/2023:16:11:15.140 +0100] "GET /acme/en/1.0.0/products/downvote/moreThan/0 HTTP/1.1" - - "-" "PostmanRuntime/7.32.3"
- 127.0.0.1 - - [17/Jun/2023:16:11:15.145 +0100] "GET /ACME/products/downvote/moreThan/0 HTTP/1.1" - - "-" "Synapse-PT-HttpComponents-NIO"
- 0:0:0:0:0:0:0:1  - [17/Jun/2023:16:13:14.586 +0100] "- - " 500 - "-" "-"
- 0:0:0:0:0:0:0:1 - - [17/Jun/2023:16:14:31.626 +0100] "GET /acme/en/1.0.0/products/downvote/moreThan/0 HTTP/1.1" - - "-" "PostmanRuntime/7.32.3"
- 127.0.0.1 - - [17/Jun/2023:16:14:31.631 +0100] "GET /ACME/products/downvote/moreThan/0 HTTP/1.1" - - "-" "Synapse-PT-HttpComponents-NIO"
- 127.0.0.1  - [17/Jun/2023:16:15:10.750 +0100] "- - " 200 - "-" "-"
- 0:0:0:0:0:0:0:1  - [17/Jun/2023:16:15:10.752 +0100] "- - " 200 - "-" "-"
- 0:0:0:0:0:0:0:1 - - [17/Jun/2023:16:17:32.467 +0100] "GET /acme/en/1.0.0/products/downvote/moreThan/0 HTTP/1.1" - - "-" "PostmanRuntime/7.32.3"
- 127.0.0.1 - - [17/Jun/2023:16:17:32.472 +0100] "GET /ACME/products/downvote/moreThan/0 HTTP/1.1" - - "-" "Synapse-PT-HttpComponents-NIO"
- 127.0.0.1  - [17/Jun/2023:16:17:32.472 +0100] "- - " 404 - "-" "-"
- 0:0:0:0:0:0:0:1  - [17/Jun/2023:16:17:32.467 +0100] "- - " 404 - "-" "-"
- 0:0:0:0:0:0:0:1 - - [17/Jun/2023:16:17:39.772 +0100] "GET /acme/en/1.0.0/products/downvote/moreThan/0 HTTP/1.1" - - "-" "PostmanRuntime/7.32.3"
- 127.0.0.1 - - [17/Jun/2023:16:17:39.776 +0100] "GET /ACME/products/downvote/moreThan/0 HTTP/1.1" - - "-" "Synapse-PT-HttpComponents-NIO"
- 127.0.0.1  - [17/Jun/2023:16:17:39.776 +0100] "- - " 404 - "-" "-"
- 0:0:0:0:0:0:0:1  - [17/Jun/2023:16:17:39.772 +0100] "- - " 404 - "-" "-"
- 0:0:0:0:0:0:0:1 - - [17/Jun/2023:16:23:43.847 +0100] "GET /acme/en/1.0.0/products/downvote/moreThan/0 HTTP/1.1" - - "-" "PostmanRuntime/7.32.3"
- 127.0.0.1  - [17/Jun/2023:16:23:43.854 +0100] "- - " 404 - "-" "-"
- 127.0.0.1 - - [17/Jun/2023:16:23:43.854 +0100] "GET /ACME/products/downvote/moreThan/0 HTTP/1.1" - - "-" "Synapse-PT-HttpComponents-NIO"
- 0:0:0:0:0:0:0:1  - [17/Jun/2023:16:23:43.847 +0100] "- - " 404 - "-" "-"
- 0:0:0:0:0:0:0:1  - [17/Jun/2023:16:24:59.684 +0100] "- - " 500 - "-" "-"
- 0:0:0:0:0:0:0:1 - - [17/Jun/2023:16:24:48.381 +0100] "GET /acme/en/1.0.0/products/upvote/moreThan/0 HTTP/1.1" - - "-" "PostmanRuntime/7.32.3"
- 127.0.0.1 - - [17/Jun/2023:16:24:48.384 +0100] "GET /ACME/products/upvote/moreThan/0 HTTP/1.1" - - "-" "Synapse-PT-HttpComponents-NIO"
- 0:0:0:0:0:0:0:1 - - [17/Jun/2023:16:25:28.363 +0100] "GET /acme/en/1.0.0/products/upvote/moreThan/0 HTTP/1.1" - - "-" "PostmanRuntime/7.32.3"
- 0:0:0:0:0:0:0:1  - [17/Jun/2023:16:25:28.363 +0100] "- - " 500 - "-" "-"
- 0:0:0:0:0:0:0:1 - - [17/Jun/2023:16:25:39.025 +0100] "GET /acme/en/1.0.0/products/upvote/moreThan/0 HTTP/1.1" - - "-" "PostmanRuntime/7.32.3"
- 127.0.0.1 - - [17/Jun/2023:16:25:39.030 +0100] "GET /ACME/products/upvote/moreThan/0 HTTP/1.1" - - "-" "Synapse-PT-HttpComponents-NIO"
- 0:0:0:0:0:0:0:1  - [17/Jun/2023:16:27:48.380 +0100] "- - " 500 - "-" "-"
- 0:0:0:0:0:0:0:1 - - [17/Jun/2023:16:30:04.031 +0100] "GET /acme/en/1.0.0/products/upvote/moreThan/0 HTTP/1.1" - - "-" "PostmanRuntime/7.32.3"
- 127.0.0.1  - [17/Jun/2023:16:30:04.037 +0100] "- - " 404 - "-" "-"
- 127.0.0.1 - - [17/Jun/2023:16:30:04.037 +0100] "GET /ACME/products/upvote/moreThan/0 HTTP/1.1" - - "-" "Synapse-PT-HttpComponents-NIO"
- 0:0:0:0:0:0:0:1  - [17/Jun/2023:16:30:04.031 +0100] "- - " 404 - "-" "-"
- 0:0:0:0:0:0:0:1 - - [17/Jun/2023:16:31:11.173 +0100] "GET /acme/en/1.0.0/products HTTP/1.1" - - "-" "PostmanRuntime/7.32.3"
- 127.0.0.1  - [17/Jun/2023:16:31:11.176 +0100] "- - " 200 - "-" "-"
- 127.0.0.1 - - [17/Jun/2023:16:31:11.176 +0100] "GET /ACME/products HTTP/1.1" - - "-" "Synapse-PT-HttpComponents-NIO"
- 0:0:0:0:0:0:0:1  - [17/Jun/2023:16:31:11.173 +0100] "- - " 200 - "-" "-"
- 0:0:0:0:0:0:0:1 - - [17/Jun/2023:16:37:45.129 +0100] "GET /acme/en/1.0.0/products HTTP/1.1" - - "-" "PostmanRuntime/7.32.3"
- 127.0.0.1 - - [17/Jun/2023:16:37:45.135 +0100] "GET /ACME/products HTTP/1.1" - - "-" "Synapse-PT-HttpComponents-NIO"
- 127.0.0.1  - [17/Jun/2023:16:37:45.135 +0100] "- - " 200 - "-" "-"
- 0:0:0:0:0:0:0:1 - - [17/Jun/2023:16:38:03.029 +0100] "GET /acme/en/1.0.0/products/upvote/moreThan/0 HTTP/1.1" - - "-" "PostmanRuntime/7.32.3"
- 127.0.0.1 - - [17/Jun/2023:16:38:03.033 +0100] "GET /ACME/products/upvote/moreThan/0 HTTP/1.1" - - "-" "Synapse-PT-HttpComponents-NIO"
- 0:0:0:0:0:0:0:1  - [17/Jun/2023:16:37:45.129 +0100] "- - " 200 - "-" "-"
- 127.0.0.1  - [17/Jun/2023:16:38:03.033 +0100] "- - " 404 - "-" "-"
- 0:0:0:0:0:0:0:1  - [17/Jun/2023:16:38:03.029 +0100] "- - " 404 - "-" "-"
- 0:0:0:0:0:0:0:1 - - [17/Jun/2023:16:39:03.251 +0100] "GET /acme/en/1.0.0/products HTTP/1.1" - - "-" "PostmanRuntime/7.32.3"
- 127.0.0.1  - [17/Jun/2023:16:39:03.257 +0100] "- - " 200 - "-" "-"
- 127.0.0.1 - - [17/Jun/2023:16:39:03.257 +0100] "GET /ACME/products HTTP/1.1" - - "-" "Synapse-PT-HttpComponents-NIO"
- 0:0:0:0:0:0:0:1  - [17/Jun/2023:16:39:03.251 +0100] "- - " 200 - "-" "-"
- 0:0:0:0:0:0:0:1 - - [17/Jun/2023:16:45:10.346 +0100] "GET /acme/en/1.0.0/products/upvote/moreThan/0 HTTP/1.1" - - "-" "PostmanRuntime/7.32.3"
- 0:0:0:0:0:0:0:1  - [17/Jun/2023:16:45:10.346 +0100] "- - " 401 - "-" "-"
- 0:0:0:0:0:0:0:1 - - [17/Jun/2023:16:45:42.558 +0100] "GET /acme/en/1.0.0/products/upvote/moreThan/0 HTTP/1.1" - - "-" "PostmanRuntime/7.32.3"
- 127.0.0.1  - [17/Jun/2023:16:45:42.565 +0100] "- - " 404 - "-" "-"
- 127.0.0.1 - - [17/Jun/2023:16:45:42.565 +0100] "GET /ACME/products/upvote/moreThan/0 HTTP/1.1" - - "-" "Synapse-PT-HttpComponents-NIO"
- 0:0:0:0:0:0:0:1  - [17/Jun/2023:16:45:42.558 +0100] "- - " 404 - "-" "-"
- 0:0:0:0:0:0:0:1 - - [17/Jun/2023:16:51:15.068 +0100] "GET /acme/en/1.0.0/products/upvote/moreThan/0 HTTP/1.1" - - "-" "PostmanRuntime/7.32.3"
- 127.0.0.1  - [17/Jun/2023:16:51:24.619 +0100] "- - " 200 - "-" "-"
- 127.0.0.1 - - [17/Jun/2023:16:51:15.073 +0100] "GET /ACME/products/upvote/moreThan/0 HTTP/1.1" - - "-" "Synapse-PT-HttpComponents-NIO"
- 0:0:0:0:0:0:0:1  - [17/Jun/2023:16:51:24.622 +0100] "- - " 200 - "-" "-"
- 0:0:0:0:0:0:0:1 - - [17/Jun/2023:16:55:18.244 +0100] "GET /acme/en/1.0.0/products/upvote/lower/100 HTTP/1.1" - - "-" "PostmanRuntime/7.32.3"
- 0:0:0:0:0:0:0:1 - - [17/Jun/2023:16:55:26.045 +0100] "GET /acme/en/1.0.0/products/upvote/lower/100 HTTP/1.1" - - "-" "PostmanRuntime/7.32.3"
- 0:0:0:0:0:0:0:1  - [17/Jun/2023:16:55:18.244 +0100] "- - " 401 - "-" "-"
- 127.0.0.1 - - [17/Jun/2023:16:55:26.050 +0100] "GET /ACME/products/upvote/lower/100 HTTP/1.1" - - "-" "Synapse-PT-HttpComponents-NIO"
- 0:0:0:0:0:0:0:1  - [17/Jun/2023:16:55:33.886 +0100] "- - " 500 - "-" "-"
- 0:0:0:0:0:0:0:1 - - [17/Jun/2023:16:56:10.511 +0100] "GET /acme/en/1.0.0/products/upvote/lower/100 HTTP/1.1" - - "-" "PostmanRuntime/7.32.3"
- 127.0.0.1  - [17/Jun/2023:16:56:11.521 +0100] "- - " 200 - "-" "-"
- 127.0.0.1 - - [17/Jun/2023:16:56:10.515 +0100] "GET /ACME/products/upvote/lower/100 HTTP/1.1" - - "-" "Synapse-PT-HttpComponents-NIO"
- 0:0:0:0:0:0:0:1  - [17/Jun/2023:16:56:11.524 +0100] "- - " 200 - "-" "-"
- 0:0:0:0:0:0:0:1 - - [17/Jun/2023:16:57:08.941 +0100] "GET /acme/en/1.0.0/products/upvote/moreThan/0 HTTP/1.1" - - "-" "PostmanRuntime/7.32.3"
- 127.0.0.1  - [17/Jun/2023:16:57:08.944 +0100] "- - " 200 - "-" "-"
- 127.0.0.1 - - [17/Jun/2023:16:57:08.944 +0100] "GET /ACME/products/upvote/moreThan/0 HTTP/1.1" - - "-" "Synapse-PT-HttpComponents-NIO"
- 0:0:0:0:0:0:0:1  - [17/Jun/2023:16:57:08.941 +0100] "- - " 200 - "-" "-"
- 0:0:0:0:0:0:0:1 - - [17/Jun/2023:17:02:51.351 +0100] "GET /acme/en/1.0.0/products/upvote/moreThan/0 HTTP/1.1" - - "-" "PostmanRuntime/7.32.3"
- 127.0.0.1  - [17/Jun/2023:17:02:51.356 +0100] "- - " 200 - "-" "-"
- 127.0.0.1 - - [17/Jun/2023:17:02:51.356 +0100] "GET /ACME/products/upvote/moreThan/0 HTTP/1.1" - - "-" "Synapse-PT-HttpComponents-NIO"
- 0:0:0:0:0:0:0:1  - [17/Jun/2023:17:02:51.351 +0100] "- - " 200 - "-" "-"
- 0:0:0:0:0:0:0:1 - - [17/Jun/2023:17:07:25.513 +0100] "GET /acme/en/1.0.0/products/upvote/moreThan/0 HTTP/1.1" - - "-" "PostmanRuntime/7.32.3"
- 127.0.0.1  - [17/Jun/2023:17:07:25.517 +0100] "- - " 200 - "-" "-"
- 127.0.0.1 - - [17/Jun/2023:17:07:25.517 +0100] "GET /ACME/products/upvote/moreThan/0 HTTP/1.1" - - "-" "Synapse-PT-HttpComponents-NIO"
- 0:0:0:0:0:0:0:1  - [17/Jun/2023:17:07:25.513 +0100] "- - " 200 - "-" "-"
- 0:0:0:0:0:0:0:1 - - [17/Jun/2023:17:08:13.381 +0100] "GET /acme/en/1.0.0/products/downvote/moreThan/0 HTTP/1.1" - - "-" "PostmanRuntime/7.32.3"
- 127.0.0.1  - [17/Jun/2023:17:08:14.704 +0100] "- - " 200 - "-" "-"
- 127.0.0.1 - - [17/Jun/2023:17:08:13.384 +0100] "GET /ACME/products/downvote/moreThan/0 HTTP/1.1" - - "-" "Synapse-PT-HttpComponents-NIO"
- 0:0:0:0:0:0:0:1  - [17/Jun/2023:17:08:14.706 +0100] "- - " 200 - "-" "-"
- 0:0:0:0:0:0:0:1 - - [17/Jun/2023:17:10:29.745 +0100] "GET /acme/en/1.0.0/products/downvote/moreThan/0 HTTP/1.1" - - "-" "PostmanRuntime/7.32.3"
- 127.0.0.1  - [17/Jun/2023:17:10:29.749 +0100] "- - " 200 - "-" "-"
- 127.0.0.1 - - [17/Jun/2023:17:10:29.749 +0100] "GET /ACME/products/downvote/moreThan/0 HTTP/1.1" - - "-" "Synapse-PT-HttpComponents-NIO"
- 0:0:0:0:0:0:0:1  - [17/Jun/2023:17:10:29.745 +0100] "- - " 200 - "-" "-"
- 0:0:0:0:0:0:0:1 - - [17/Jun/2023:17:10:37.249 +0100] "GET /acme/en/1.0.0/products/upvote/moreThan/0 HTTP/1.1" - - "-" "PostmanRuntime/7.32.3"
- 0:0:0:0:0:0:0:1  - [17/Jun/2023:17:10:53.314 +0100] "- - " 500 - "-" "-"
- 127.0.0.1 - - [17/Jun/2023:17:10:37.258 +0100] "GET /ACME/products/upvote/moreThan/0 HTTP/1.1" - - "-" "Synapse-PT-HttpComponents-NIO"
- 0:0:0:0:0:0:0:1 - - [17/Jun/2023:17:16:22.429 +0100] "GET /acme/en/1.0.0/products/upvote/moreThan/0 HTTP/1.1" - - "-" "PostmanRuntime/7.32.3"
- 127.0.0.1 - - [17/Jun/2023:17:16:22.433 +0100] "GET /ACME/products/upvote/moreThan/0 HTTP/1.1" - - "-" "Synapse-PT-HttpComponents-NIO"
- 0:0:0:0:0:0:0:1  - [17/Jun/2023:17:16:53.264 +0100] "- - " 500 - "-" "-"
- 127.0.0.1  - [17/Jun/2023:17:25:55.917 +0100] "- - " 404 - "-" "-"
- 0:0:0:0:0:0:0:1  - [17/Jun/2023:17:25:55.910 +0100] "- - " 404 - "-" "-"
- 0:0:0:0:0:0:0:1 - - [17/Jun/2023:17:25:55.910 +0100] "GET /acme/en/1.0.0/products/upvote/moreThan/0 HTTP/1.1" - - "-" "PostmanRuntime/7.32.3"
- 127.0.0.1 - - [17/Jun/2023:17:25:55.917 +0100] "GET /ACME/products/upvote/moreThan/0 HTTP/1.1" - - "-" "Synapse-PT-HttpComponents-NIO"
- 0:0:0:0:0:0:0:1 - - [17/Jun/2023:17:50:24.109 +0100] "GET /acme/en/1.0.0/products/upvote/moreThan/0 HTTP/1.1" - - "-" "PostmanRuntime/7.32.3"
- 0:0:0:0:0:0:0:1  - [17/Jun/2023:17:50:24.109 +0100] "- - " 401 - "-" "-"
- 0:0:0:0:0:0:0:1 - - [17/Jun/2023:17:51:11.711 +0100] "GET /acme/en/1.0.0/products/upvote/moreThan/0 HTTP/1.1" - - "-" "PostmanRuntime/7.32.3"
- 127.0.0.1 - - [17/Jun/2023:17:51:11.821 +0100] "GET /ACME/products/upvote/moreThan/0 HTTP/1.1" - - "-" "Synapse-PT-HttpComponents-NIO"
- 0:0:0:0:0:0:0:1  - [17/Jun/2023:17:53:11.812 +0100] "- - " 500 - "-" "-"
- 0:0:0:0:0:0:0:1  - [17/Jun/2023:20:05:11.126 +0100] "- - " 401 - "-" "-"
- 0:0:0:0:0:0:0:1 - - [17/Jun/2023:20:05:11.126 +0100] "GET /acme/en/1.0.0/products/upvote/moreThan/0 HTTP/1.1" - - "-" "PostmanRuntime/7.32.3"
- 127.0.0.1  - [17/Jun/2023:20:05:48.081 +0100] "- - " 200 - "-" "-"
- 0:0:0:0:0:0:0:1  - [17/Jun/2023:20:05:48.115 +0100] "- - " 200 - "-" "-"
- 0:0:0:0:0:0:0:1 - - [17/Jun/2023:20:05:37.667 +0100] "GET /acme/en/1.0.0/products/upvote/moreThan/0 HTTP/1.1" - - "-" "PostmanRuntime/7.32.3"
- 127.0.0.1 - - [17/Jun/2023:20:05:37.677 +0100] "GET /ACME/products/upvote/moreThan/0 HTTP/1.1" - - "-" "Synapse-PT-HttpComponents-NIO"
- 127.0.0.1  - [17/Jun/2023:20:09:03.488 +0100] "- - " 200 - "-" "-"
- 0:0:0:0:0:0:0:1  - [17/Jun/2023:20:09:03.490 +0100] "- - " 200 - "-" "-"
- 0:0:0:0:0:0:0:1 - - [17/Jun/2023:20:09:01.505 +0100] "GET /acme/en/1.0.0/products/upvote/moreThan/0 HTTP/1.1" - - "-" "PostmanRuntime/7.32.3"
- 127.0.0.1 - - [17/Jun/2023:20:09:01.509 +0100] "GET /ACME/products/upvote/moreThan/0 HTTP/1.1" - - "-" "Synapse-PT-HttpComponents-NIO"
- 0:0:0:0:0:0:0:1 - - [17/Jun/2023:20:12:06.578 +0100] "GET /acme/en/1.0.0/products/upvote/moreThan/0 HTTP/1.1" - - "-" "PostmanRuntime/7.32.3"
- 127.0.0.1 - - [17/Jun/2023:20:12:06.582 +0100] "GET /ACME/products/upvote/moreThan/0 HTTP/1.1" - - "-" "Synapse-PT-HttpComponents-NIO"
- 127.0.0.1  - [17/Jun/2023:20:12:14.189 +0100] "- - " 200 - "-" "-"
- 0:0:0:0:0:0:0:1  - [17/Jun/2023:20:12:14.191 +0100] "- - " 200 - "-" "-"
- 0:0:0:0:0:0:0:1 - - [17/Jun/2023:20:35:32.421 +0100] "GET /acme/en/1.0.0/reviews/upvote/moreXvotes/0 HTTP/1.1" - - "-" "PostmanRuntime/7.32.3"
- 127.0.0.1 - - [17/Jun/2023:20:35:32.427 +0100] "GET /ACME/reviews/upvote/moreXvotes/0 HTTP/1.1" - - "-" "Synapse-PT-HttpComponents-NIO"
- 0:0:0:0:0:0:0:1  - [17/Jun/2023:20:37:42.145 +0100] "- - " 500 - "-" "-"
- 0:0:0:0:0:0:0:1 - - [17/Jun/2023:20:49:52.757 +0100] "GET /acme/en/1.0.0/reviews/upvote/moreXvotes/0 HTTP/1.1" - - "-" "PostmanRuntime/7.32.3"
- 127.0.0.1  - [17/Jun/2023:20:49:52.762 +0100] "- - " 404 - "-" "-"
- 127.0.0.1 - - [17/Jun/2023:20:49:52.762 +0100] "GET /ACME/reviews/upvote/moreXvotes/0 HTTP/1.1" - - "-" "Synapse-PT-HttpComponents-NIO"
- 0:0:0:0:0:0:0:1  - [17/Jun/2023:20:49:52.757 +0100] "- - " 404 - "-" "-"
- 0:0:0:0:0:0:0:1  - [17/Jun/2023:20:56:00.615 +0100] "- - " 401 - "-" "-"
- 0:0:0:0:0:0:0:1 - - [17/Jun/2023:20:56:00.615 +0100] "GET /acme/en/1.0.0/reviews/1/upvote/moreXvotes/0 HTTP/1.1" - - "-" "PostmanRuntime/7.32.3"
- 0:0:0:0:0:0:0:1  - [17/Jun/2023:20:56:07.642 +0100] "- - " 500 - "-" "-"
- 0:0:0:0:0:0:0:1 - - [17/Jun/2023:20:56:07.642 +0100] "GET /acme/en/1.0.0/reviews/1/upvote/moreXvotes/0 HTTP/1.1" - - "-" "PostmanRuntime/7.32.3"
- 127.0.0.1  - [17/Jun/2023:20:57:49.919 +0100] "- - " 200 - "-" "-"
- 0:0:0:0:0:0:0:1 - - [17/Jun/2023:20:57:34.908 +0100] "GET /acme/en/1.0.0/reviews/1/upvote/moreXvotes/0 HTTP/1.1" - - "-" "PostmanRuntime/7.32.3"
- 0:0:0:0:0:0:0:1  - [17/Jun/2023:20:57:49.921 +0100] "- - " 200 - "-" "-"
- 127.0.0.1 - - [17/Jun/2023:20:57:34.913 +0100] "GET /ACME/reviews/1/upvote/moreXvotes/0 HTTP/1.1" - - "-" "Synapse-PT-HttpComponents-NIO"
- 0:0:0:0:0:0:0:1  - [17/Jun/2023:21:36:21.559 +0100] "- - " 401 - "-" "-"
- 0:0:0:0:0:0:0:1 - - [17/Jun/2023:21:36:21.559 +0100] "GET /acme/en/1.0.0/reviews/1/upvote/lessXvotes/100 HTTP/1.1" - - "-" "PostmanRuntime/7.32.3"
- 0:0:0:0:0:0:0:1 - - [17/Jun/2023:21:36:45.323 +0100] "GET /acme/en/1.0.0/reviews/1/upvote/lessXvotes/100 HTTP/1.1" - - "-" "PostmanRuntime/7.32.3"
- 127.0.0.1 - - [17/Jun/2023:21:36:45.332 +0100] "GET /ACME/reviews/1/upvote/lessXvotes/100 HTTP/1.1" - - "-" "Synapse-PT-HttpComponents-NIO"
- 0:0:0:0:0:0:0:1  - [17/Jun/2023:21:36:57.671 +0100] "- - " 500 - "-" "-"
- 0:0:0:0:0:0:0:1 - - [17/Jun/2023:21:40:44.458 +0100] "GET /acme/en/1.0.0/reviews/1/upvote/lessXvotes/100 HTTP/1.1" - - "-" "PostmanRuntime/7.32.3"
- 127.0.0.1 - - [17/Jun/2023:21:40:44.463 +0100] "GET /ACME/reviews/1/upvote/lessXvotes/100 HTTP/1.1" - - "-" "Synapse-PT-HttpComponents-NIO"
- 127.0.0.1  - [17/Jun/2023:21:41:02.931 +0100] "- - " 200 - "-" "-"
- 0:0:0:0:0:0:0:1  - [17/Jun/2023:21:41:02.941 +0100] "- - " 200 - "-" "-"
- 127.0.0.1  - [17/Jun/2023:21:59:53.146 +0100] "- - " 200 - "-" "-"
- 0:0:0:0:0:0:0:1  - [17/Jun/2023:21:59:53.148 +0100] "- - " 200 - "-" "-"
- 0:0:0:0:0:0:0:1 - - [17/Jun/2023:21:59:45.264 +0100] "GET /acme/en/1.0.0/products HTTP/1.1" - - "-" "PostmanRuntime/7.32.3"
- 127.0.0.1 - - [17/Jun/2023:21:59:45.270 +0100] "GET /ACME/products HTTP/1.1" - - "-" "Synapse-PT-HttpComponents-NIO"
- 0:0:0:0:0:0:0:1  - [17/Jun/2023:21:59:54.943 +0100] "- - " 429 - "-" "-"
- 0:0:0:0:0:0:0:1 - - [17/Jun/2023:21:59:54.943 +0100] "GET /acme/en/1.0.0/products HTTP/1.1" - - "-" "PostmanRuntime/7.32.3"
- 127.0.0.1  - [17/Jun/2023:22:41:16.989 +0100] "- - " 404 - "-" "-"
- 0:0:0:0:0:0:0:1  - [17/Jun/2023:22:41:16.976 +0100] "- - " 404 - "-" "-"
- 0:0:0:0:0:0:0:1 - - [17/Jun/2023:22:41:16.976 +0100] "GET /acme_pt/1.0.0/produtos HTTP/1.1" - - "-" "PostmanRuntime/7.32.3"
- 127.0.0.1 - - [17/Jun/2023:22:41:16.989 +0100] "GET /acme/en/1.0.0/products HTTP/1.1" - - "-" "Synapse-PT-HttpComponents-NIO"
- 127.0.0.1  - [17/Jun/2023:22:42:16.408 +0100] "- - " 404 - "-" "-"
- 0:0:0:0:0:0:0:1  - [17/Jun/2023:22:42:16.405 +0100] "- - " 404 - "-" "-"
- 0:0:0:0:0:0:0:1 - - [17/Jun/2023:22:42:16.405 +0100] "GET /acme_pt/1.0.0/produtos HTTP/1.1" - - "-" "PostmanRuntime/7.32.3"
- 127.0.0.1 - - [17/Jun/2023:22:42:16.408 +0100] "GET /acme/en/1.0.0/products HTTP/1.1" - - "-" "Synapse-PT-HttpComponents-NIO"
- 0:0:0:0:0:0:0:1  - [17/Jun/2023:22:44:59.990 +0100] "- - " 401 - "-" "-"
- 127.0.0.1  - [17/Jun/2023:22:45:14.445 +0100] "- - " 200 - "-" "-"
- 0:0:0:0:0:0:0:1  - [17/Jun/2023:22:45:14.447 +0100] "- - " 200 - "-" "-"
- 0:0:0:0:0:0:0:1 - - [17/Jun/2023:22:44:59.990 +0100] "GET /acme_pt/1.0.0/produtos HTTP/1.1" - - "-" "PostmanRuntime/7.32.3"
- 0:0:0:0:0:0:0:1 - - [17/Jun/2023:22:45:08.060 +0100] "GET /acme_pt/1.0.0/produtos HTTP/1.1" - - "-" "PostmanRuntime/7.32.3"
- 127.0.0.1 - - [17/Jun/2023:22:45:08.066 +0100] "GET /ACME/products HTTP/1.1" - - "-" "Synapse-PT-HttpComponents-NIO"
- 0:0:0:0:0:0:0:1  - [17/Jun/2023:23:10:03.459 +0100] "- - " 403 - "-" "-"
- 0:0:0:0:0:0:0:1 - - [17/Jun/2023:23:10:03.459 +0100] "GET /acme/en/1.0.0/products HTTP/1.1" - - "-" "PostmanRuntime/7.32.3"
