0:0:0:0:0:0:0:1 - - [18/Jun/2023:16:03:19 +0100] GET /api/am/devportal/v3/swagger.yaml HTTP/1.1 200 26878 https://localhost:9443/devportal/apis/c6b17439-fa73-4d33-a618-bf5b18176cd8/test Mozilla/5.0 (Windows NT 10.0; Win64; x64) AppleWebKit/537.36 (KHTML, like Gecko) Chrome/114.0.0.0 Safari/537.36 0.006
127.0.0.1 - - [18/Jun/2023:16:03:19 +0100] GET /oauth2/token/.well-known/openid-configuration HTTP/1.1 200 2395 - Apache-HttpClient/4.5.13 (Java/17.0.6) 0.003
127.0.0.1 - - [18/Jun/2023:16:03:19 +0100] GET /keymanager-operations/dcr/register/N3VqNDVWeW96NUpjek1JT1dzMDFYRXNBTnpJYQ%3D%3D HTTP/1.1 200 518 - Apache-HttpClient/4.5.13 (Java/17.0.6) 0.002
0:0:0:0:0:0:0:1 - - [18/Jun/2023:16:03:19 +0100] GET /api/am/devportal/v3/key-managers HTTP/1.1 200 763 https://localhost:9443/devportal/apis/c6b17439-fa73-4d33-a618-bf5b18176cd8/test Mozilla/5.0 (Windows NT 10.0; Win64; x64) AppleWebKit/537.36 (KHTML, like Gecko) Chrome/114.0.0.0 Safari/537.36 0.013
127.0.0.1 - - [18/Jun/2023:16:03:19 +0100] GET /keymanager-operations/dcr/register/R1cwOWxVbHVSNFVqbkJBRVJjVmVIck03SEc0YQ%3D%3D HTTP/1.1 200 515 - Apache-HttpClient/4.5.13 (Java/17.0.6) 0.002
0:0:0:0:0:0:0:1 - - [18/Jun/2023:16:03:19 +0100] GET /api/am/devportal/v3/subscriptions?apiId=c6b17439-fa73-4d33-a618-bf5b18176cd8&limit=25 HTTP/1.1 200 714 https://localhost:9443/devportal/apis/c6b17439-fa73-4d33-a618-bf5b18176cd8/test Mozilla/5.0 (Windows NT 10.0; Win64; x64) AppleWebKit/537.36 (KHTML, like Gecko) Chrome/114.0.0.0 Safari/537.36 0.023
127.0.0.1 - - [18/Jun/2023:16:03:19 +0100] GET /keymanager-operations/dcr/register/N3VqNDVWeW96NUpjek1JT1dzMDFYRXNBTnpJYQ%3D%3D HTTP/1.1 200 518 - Apache-HttpClient/4.5.13 (Java/17.0.6) 0.002
127.0.0.1 - - [18/Jun/2023:16:03:19 +0100] GET /keymanager-operations/dcr/register/R1cwOWxVbHVSNFVqbkJBRVJjVmVIck03SEc0YQ%3D%3D HTTP/1.1 200 515 - Apache-HttpClient/4.5.13 (Java/17.0.6) 0.003
0:0:0:0:0:0:0:1 - - [18/Jun/2023:16:03:19 +0100] GET /api/am/devportal/v3/subscriptions?apiId=c6b17439-fa73-4d33-a618-bf5b18176cd8&limit=25 HTTP/1.1 200 714 https://localhost:9443/devportal/apis/c6b17439-fa73-4d33-a618-bf5b18176cd8/test Mozilla/5.0 (Windows NT 10.0; Win64; x64) AppleWebKit/537.36 (KHTML, like Gecko) Chrome/114.0.0.0 Safari/537.36 0.031
0:0:0:0:0:0:0:1 - - [18/Jun/2023:16:03:20 +0100] GET /api/am/devportal/v3/applications/ HTTP/1.1 200 492 https://localhost:9443/devportal/apis/c6b17439-fa73-4d33-a618-bf5b18176cd8/test Mozilla/5.0 (Windows NT 10.0; Win64; x64) AppleWebKit/537.36 (KHTML, like Gecko) Chrome/114.0.0.0 Safari/537.36 0.006
0:0:0:0:0:0:0:1 - - [18/Jun/2023:16:03:20 +0100] GET /api/am/devportal/v3/swagger.yaml HTTP/1.1 200 26878 https://localhost:9443/devportal/apis/c6b17439-fa73-4d33-a618-bf5b18176cd8/test Mozilla/5.0 (Windows NT 10.0; Win64; x64) AppleWebKit/537.36 (KHTML, like Gecko) Chrome/114.0.0.0 Safari/537.36 0.005
127.0.0.1 - - [18/Jun/2023:16:03:20 +0100] GET /keymanager-operations/dcr/register/N3VqNDVWeW96NUpjek1JT1dzMDFYRXNBTnpJYQ%3D%3D HTTP/1.1 200 518 - Apache-HttpClient/4.5.13 (Java/17.0.6) 0.002
127.0.0.1 - - [18/Jun/2023:16:03:20 +0100] GET /keymanager-operations/dcr/register/R1cwOWxVbHVSNFVqbkJBRVJjVmVIck03SEc0YQ%3D%3D HTTP/1.1 200 515 - Apache-HttpClient/4.5.13 (Java/17.0.6) 0.002
0:0:0:0:0:0:0:1 - - [18/Jun/2023:16:03:20 +0100] GET /api/am/devportal/v3/applications/1ced8c6f-19af-45ac-8773-ee11ac0d11c7 HTTP/1.1 200 490 https://localhost:9443/devportal/apis/c6b17439-fa73-4d33-a618-bf5b18176cd8/test Mozilla/5.0 (Windows NT 10.0; Win64; x64) AppleWebKit/537.36 (KHTML, like Gecko) Chrome/114.0.0.0 Safari/537.36 0.009
127.0.0.1 - - [18/Jun/2023:16:03:20 +0100] GET /keymanager-operations/dcr/register/N3VqNDVWeW96NUpjek1JT1dzMDFYRXNBTnpJYQ%3D%3D HTTP/1.1 200 518 - Apache-HttpClient/4.5.13 (Java/17.0.6) 0.001
127.0.0.1 - - [18/Jun/2023:16:03:20 +0100] GET /keymanager-operations/dcr/register/R1cwOWxVbHVSNFVqbkJBRVJjVmVIck03SEc0YQ%3D%3D HTTP/1.1 200 515 - Apache-HttpClient/4.5.13 (Java/17.0.6) 0.001
0:0:0:0:0:0:0:1 - - [18/Jun/2023:16:03:20 +0100] GET /api/am/devportal/v3/applications/1ced8c6f-19af-45ac-8773-ee11ac0d11c7/oauth-keys HTTP/1.1 200 541 https://localhost:9443/devportal/apis/c6b17439-fa73-4d33-a618-bf5b18176cd8/test Mozilla/5.0 (Windows NT 10.0; Win64; x64) AppleWebKit/537.36 (KHTML, like Gecko) Chrome/114.0.0.0 Safari/537.36 0.008
0:0:0:0:0:0:0:1 - - [18/Jun/2023:16:03:20 +0100] GET /api/am/devportal/v3/swagger.yaml HTTP/1.1 200 26878 https://localhost:9443/devportal/apis/c6b17439-fa73-4d33-a618-bf5b18176cd8/test Mozilla/5.0 (Windows NT 10.0; Win64; x64) AppleWebKit/537.36 (KHTML, like Gecko) Chrome/114.0.0.0 Safari/537.36 0.005
0:0:0:0:0:0:0:1 - - [18/Jun/2023:16:03:20 +0100] GET /api/am/devportal/v3/swagger.yaml HTTP/1.1 200 26878 https://localhost:9443/devportal/apis/c6b17439-fa73-4d33-a618-bf5b18176cd8/test Mozilla/5.0 (Windows NT 10.0; Win64; x64) AppleWebKit/537.36 (KHTML, like Gecko) Chrome/114.0.0.0 Safari/537.36 0.007
127.0.0.1 - - [18/Jun/2023:16:03:20 +0100] GET /keymanager-operations/dcr/register/R1cwOWxVbHVSNFVqbkJBRVJjVmVIck03SEc0YQ%3D%3D HTTP/1.1 200 515 - Apache-HttpClient/4.5.13 (Java/17.0.6) 0.002
127.0.0.1 - - [18/Jun/2023:16:03:20 +0100] GET /keymanager-operations/dcr/register/N3VqNDVWeW96NUpjek1JT1dzMDFYRXNBTnpJYQ%3D%3D HTTP/1.1 200 518 - Apache-HttpClient/4.5.13 (Java/17.0.6) 0.001
0:0:0:0:0:0:0:1 - - [18/Jun/2023:16:03:20 +0100] GET /api/am/devportal/v3/applications/1ced8c6f-19af-45ac-8773-ee11ac0d11c7 HTTP/1.1 200 490 https://localhost:9443/devportal/apis/c6b17439-fa73-4d33-a618-bf5b18176cd8/test Mozilla/5.0 (Windows NT 10.0; Win64; x64) AppleWebKit/537.36 (KHTML, like Gecko) Chrome/114.0.0.0 Safari/537.36 0.009
127.0.0.1 - - [18/Jun/2023:16:03:20 +0100] GET /keymanager-operations/dcr/register/N3VqNDVWeW96NUpjek1JT1dzMDFYRXNBTnpJYQ%3D%3D HTTP/1.1 200 518 - Apache-HttpClient/4.5.13 (Java/17.0.6) 0.002
127.0.0.1 - - [18/Jun/2023:16:03:20 +0100] GET /keymanager-operations/dcr/register/N3VqNDVWeW96NUpjek1JT1dzMDFYRXNBTnpJYQ%3D%3D HTTP/1.1 200 518 - Apache-HttpClient/4.5.13 (Java/17.0.6) 0.002
127.0.0.1 - - [18/Jun/2023:16:03:20 +0100] GET /keymanager-operations/dcr/register/R1cwOWxVbHVSNFVqbkJBRVJjVmVIck03SEc0YQ%3D%3D HTTP/1.1 200 515 - Apache-HttpClient/4.5.13 (Java/17.0.6) 0.002
0:0:0:0:0:0:0:1 - - [18/Jun/2023:16:03:20 +0100] GET /api/am/devportal/v3/applications/1ced8c6f-19af-45ac-8773-ee11ac0d11c7 HTTP/1.1 200 490 https://localhost:9443/devportal/apis/c6b17439-fa73-4d33-a618-bf5b18176cd8/test Mozilla/5.0 (Windows NT 10.0; Win64; x64) AppleWebKit/537.36 (KHTML, like Gecko) Chrome/114.0.0.0 Safari/537.36 0.012
127.0.0.1 - - [18/Jun/2023:16:03:20 +0100] GET /keymanager-operations/dcr/register/R1cwOWxVbHVSNFVqbkJBRVJjVmVIck03SEc0YQ%3D%3D HTTP/1.1 200 515 - Apache-HttpClient/4.5.13 (Java/17.0.6) 0.002
0:0:0:0:0:0:0:1 - - [18/Jun/2023:16:03:20 +0100] GET /api/am/devportal/v3/applications/1ced8c6f-19af-45ac-8773-ee11ac0d11c7/oauth-keys HTTP/1.1 200 541 https://localhost:9443/devportal/apis/c6b17439-fa73-4d33-a618-bf5b18176cd8/test Mozilla/5.0 (Windows NT 10.0; Win64; x64) AppleWebKit/537.36 (KHTML, like Gecko) Chrome/114.0.0.0 Safari/537.36 0.012
127.0.0.1 - - [18/Jun/2023:16:03:20 +0100] GET /keymanager-operations/dcr/register/N3VqNDVWeW96NUpjek1JT1dzMDFYRXNBTnpJYQ%3D%3D HTTP/1.1 200 518 - Apache-HttpClient/4.5.13 (Java/17.0.6) 0.003
127.0.0.1 - - [18/Jun/2023:16:03:20 +0100] GET /keymanager-operations/dcr/register/R1cwOWxVbHVSNFVqbkJBRVJjVmVIck03SEc0YQ%3D%3D HTTP/1.1 200 515 - Apache-HttpClient/4.5.13 (Java/17.0.6) 0.003
0:0:0:0:0:0:0:1 - - [18/Jun/2023:16:03:20 +0100] GET /api/am/devportal/v3/applications/1ced8c6f-19af-45ac-8773-ee11ac0d11c7/oauth-keys HTTP/1.1 200 541 https://localhost:9443/devportal/apis/c6b17439-fa73-4d33-a618-bf5b18176cd8/test Mozilla/5.0 (Windows NT 10.0; Win64; x64) AppleWebKit/537.36 (KHTML, like Gecko) Chrome/114.0.0.0 Safari/537.36 0.012
0:0:0:0:0:0:0:1 - - [18/Jun/2023:16:03:39 +0100] GET /devportal/site/public/images/_favicon.ico HTTP/1.1 200 1150 https://localhost:9443/devportal/apis/c6b17439-fa73-4d33-a618-bf5b18176cd8/credentials Mozilla/5.0 (Windows NT 10.0; Win64; x64) AppleWebKit/537.36 (KHTML, like Gecko) Chrome/114.0.0.0 Safari/537.36 0.002
0:0:0:0:0:0:0:1 - - [18/Jun/2023:16:03:43 +0100] GET /devportal/site/public/dist/ApiListing.124eade6a6be03879d65.bundle.js HTTP/1.1 200 8080 https://localhost:9443/devportal/applications Mozilla/5.0 (Windows NT 10.0; Win64; x64) AppleWebKit/537.36 (KHTML, like Gecko) Chrome/114.0.0.0 Safari/537.36 0.003
0:0:0:0:0:0:0:1 - - [18/Jun/2023:16:03:43 +0100] GET /devportal/site/public/images/_favicon.ico HTTP/1.1 200 1150 https://localhost:9443/devportal/applications Mozilla/5.0 (Windows NT 10.0; Win64; x64) AppleWebKit/537.36 (KHTML, like Gecko) Chrome/114.0.0.0 Safari/537.36 0.003
0:0:0:0:0:0:0:1 - - [18/Jun/2023:16:03:43 +0100] GET /api/am/devportal/v3/swagger.yaml HTTP/1.1 200 26878 https://localhost:9443/devportal/applications Mozilla/5.0 (Windows NT 10.0; Win64; x64) AppleWebKit/537.36 (KHTML, like Gecko) Chrome/114.0.0.0 Safari/537.36 0.005
0:0:0:0:0:0:0:1 - - [18/Jun/2023:16:03:43 +0100] GET /api/am/devportal/v3/applications?sortBy=name&sortOrder=asc&limit=10&offset=0 HTTP/1.1 200 492 https://localhost:9443/devportal/applications Mozilla/5.0 (Windows NT 10.0; Win64; x64) AppleWebKit/537.36 (KHTML, like Gecko) Chrome/114.0.0.0 Safari/537.36 0.004
0:0:0:0:0:0:0:1 - - [18/Jun/2023:16:03:44 +0100] GET /api/am/devportal/v3/api-categories HTTP/1.1 200 21 https://localhost:9443/devportal/apis Mozilla/5.0 (Windows NT 10.0; Win64; x64) AppleWebKit/537.36 (KHTML, like Gecko) Chrome/114.0.0.0 Safari/537.36 0.003
0:0:0:0:0:0:0:1 - - [18/Jun/2023:16:03:44 +0100] GET /api/am/devportal/v3/tags HTTP/1.1 200 92 https://localhost:9443/devportal/apis Mozilla/5.0 (Windows NT 10.0; Win64; x64) AppleWebKit/537.36 (KHTML, like Gecko) Chrome/114.0.0.0 Safari/537.36 0.008
0:0:0:0:0:0:0:1 - - [18/Jun/2023:16:03:44 +0100] GET /devportal/site/public/images/_favicon.ico HTTP/1.1 200 1150 https://localhost:9443/devportal/apis Mozilla/5.0 (Windows NT 10.0; Win64; x64) AppleWebKit/537.36 (KHTML, like Gecko) Chrome/114.0.0.0 Safari/537.36 0.002
0:0:0:0:0:0:0:1 - - [18/Jun/2023:16:03:44 +0100] GET /api/am/devportal/v3/apis?limit=10&offset=0 HTTP/1.1 200 619 https://localhost:9443/devportal/apis Mozilla/5.0 (Windows NT 10.0; Win64; x64) AppleWebKit/537.36 (KHTML, like Gecko) Chrome/114.0.0.0 Safari/537.36 0.020
0:0:0:0:0:0:0:1 - - [18/Jun/2023:16:03:44 +0100] GET /api/am/devportal/v3/apis/6f7f8f85-a5f3-428e-b187-cbdb08192bba/ratings HTTP/1.1 200 125 https://localhost:9443/devportal/apis Mozilla/5.0 (Windows NT 10.0; Win64; x64) AppleWebKit/537.36 (KHTML, like Gecko) Chrome/114.0.0.0 Safari/537.36 0.008
0:0:0:0:0:0:0:1 - - [18/Jun/2023:16:03:44 +0100] GET /api/am/devportal/v3/apis/c6b17439-fa73-4d33-a618-bf5b18176cd8/ratings HTTP/1.1 200 125 https://localhost:9443/devportal/apis Mozilla/5.0 (Windows NT 10.0; Win64; x64) AppleWebKit/537.36 (KHTML, like Gecko) Chrome/114.0.0.0 Safari/537.36 0.008
0:0:0:0:0:0:0:1 - - [18/Jun/2023:16:03:44 +0100] GET /api/am/devportal/v3/apis/d02418ae-ab94-438a-87c1-83b37ef15067/ratings HTTP/1.1 200 125 https://localhost:9443/devportal/apis Mozilla/5.0 (Windows NT 10.0; Win64; x64) AppleWebKit/537.36 (KHTML, like Gecko) Chrome/114.0.0.0 Safari/537.36 0.009
0:0:0:0:0:0:0:1 - - [18/Jun/2023:16:03:44 +0100] GET /api/am/devportal/v3/apis/d02418ae-ab94-438a-87c1-83b37ef15067/thumbnail HTTP/1.1 204 - https://localhost:9443/devportal/apis Mozilla/5.0 (Windows NT 10.0; Win64; x64) AppleWebKit/537.36 (KHTML, like Gecko) Chrome/114.0.0.0 Safari/537.36 0.010
0:0:0:0:0:0:0:1 - - [18/Jun/2023:16:03:44 +0100] GET /api/am/devportal/v3/apis/c6b17439-fa73-4d33-a618-bf5b18176cd8/thumbnail HTTP/1.1 204 - https://localhost:9443/devportal/apis Mozilla/5.0 (Windows NT 10.0; Win64; x64) AppleWebKit/537.36 (KHTML, like Gecko) Chrome/114.0.0.0 Safari/537.36 0.010
0:0:0:0:0:0:0:1 - - [18/Jun/2023:16:03:44 +0100] GET /api/am/devportal/v3/apis/6f7f8f85-a5f3-428e-b187-cbdb08192bba/thumbnail HTTP/1.1 204 - https://localhost:9443/devportal/apis Mozilla/5.0 (Windows NT 10.0; Win64; x64) AppleWebKit/537.36 (KHTML, like Gecko) Chrome/114.0.0.0 Safari/537.36 0.010
0:0:0:0:0:0:0:1 - - [18/Jun/2023:16:03:45 +0100] GET /api/am/devportal/v3/api-categories HTTP/1.1 200 21 https://localhost:9443/devportal/apis Mozilla/5.0 (Windows NT 10.0; Win64; x64) AppleWebKit/537.36 (KHTML, like Gecko) Chrome/114.0.0.0 Safari/537.36 0.003
0:0:0:0:0:0:0:1 - - [18/Jun/2023:16:03:45 +0100] GET /devportal/site/public/images/_favicon.ico HTTP/1.1 200 1150 https://localhost:9443/devportal/apis Mozilla/5.0 (Windows NT 10.0; Win64; x64) AppleWebKit/537.36 (KHTML, like Gecko) Chrome/114.0.0.0 Safari/537.36 0.001
0:0:0:0:0:0:0:1 - - [18/Jun/2023:16:03:45 +0100] GET /devportal/site/public/images/_favicon.ico HTTP/1.1 200 1150 https://localhost:9443/devportal/apis Mozilla/5.0 (Windows NT 10.0; Win64; x64) AppleWebKit/537.36 (KHTML, like Gecko) Chrome/114.0.0.0 Safari/537.36 0.002
0:0:0:0:0:0:0:1 - - [18/Jun/2023:16:03:45 +0100] GET /api/am/devportal/v3/tags HTTP/1.1 200 92 https://localhost:9443/devportal/apis Mozilla/5.0 (Windows NT 10.0; Win64; x64) AppleWebKit/537.36 (KHTML, like Gecko) Chrome/114.0.0.0 Safari/537.36 0.010
0:0:0:0:0:0:0:1 - - [18/Jun/2023:16:03:45 +0100] GET /api/am/devportal/v3/apis?limit=10&offset=0 HTTP/1.1 200 619 https://localhost:9443/devportal/apis Mozilla/5.0 (Windows NT 10.0; Win64; x64) AppleWebKit/537.36 (KHTML, like Gecko) Chrome/114.0.0.0 Safari/537.36 0.019
0:0:0:0:0:0:0:1 - - [18/Jun/2023:16:03:45 +0100] GET /api/am/devportal/v3/apis/6f7f8f85-a5f3-428e-b187-cbdb08192bba/ratings HTTP/1.1 200 125 https://localhost:9443/devportal/apis Mozilla/5.0 (Windows NT 10.0; Win64; x64) AppleWebKit/537.36 (KHTML, like Gecko) Chrome/114.0.0.0 Safari/537.36 0.006
0:0:0:0:0:0:0:1 - - [18/Jun/2023:16:03:45 +0100] GET /api/am/devportal/v3/apis/c6b17439-fa73-4d33-a618-bf5b18176cd8/ratings HTTP/1.1 200 125 https://localhost:9443/devportal/apis Mozilla/5.0 (Windows NT 10.0; Win64; x64) AppleWebKit/537.36 (KHTML, like Gecko) Chrome/114.0.0.0 Safari/537.36 0.006
0:0:0:0:0:0:0:1 - - [18/Jun/2023:16:03:45 +0100] GET /api/am/devportal/v3/apis/d02418ae-ab94-438a-87c1-83b37ef15067/ratings HTTP/1.1 200 125 https://localhost:9443/devportal/apis Mozilla/5.0 (Windows NT 10.0; Win64; x64) AppleWebKit/537.36 (KHTML, like Gecko) Chrome/114.0.0.0 Safari/537.36 0.008
0:0:0:0:0:0:0:1 - - [18/Jun/2023:16:03:45 +0100] GET /api/am/devportal/v3/apis/6f7f8f85-a5f3-428e-b187-cbdb08192bba/thumbnail HTTP/1.1 204 - https://localhost:9443/devportal/apis Mozilla/5.0 (Windows NT 10.0; Win64; x64) AppleWebKit/537.36 (KHTML, like Gecko) Chrome/114.0.0.0 Safari/537.36 0.008
0:0:0:0:0:0:0:1 - - [18/Jun/2023:16:03:45 +0100] GET /api/am/devportal/v3/apis/c6b17439-fa73-4d33-a618-bf5b18176cd8/thumbnail HTTP/1.1 204 - https://localhost:9443/devportal/apis Mozilla/5.0 (Windows NT 10.0; Win64; x64) AppleWebKit/537.36 (KHTML, like Gecko) Chrome/114.0.0.0 Safari/537.36 0.008
0:0:0:0:0:0:0:1 - - [18/Jun/2023:16:03:45 +0100] GET /api/am/devportal/v3/apis/d02418ae-ab94-438a-87c1-83b37ef15067/thumbnail HTTP/1.1 204 - https://localhost:9443/devportal/apis Mozilla/5.0 (Windows NT 10.0; Win64; x64) AppleWebKit/537.36 (KHTML, like Gecko) Chrome/114.0.0.0 Safari/537.36 0.008
127.0.0.1 - - [18/Jun/2023:16:06:13 +0100] GET /api/am/service-catalog/v1/services HTTP/1.1 200 976 - Java/11.0.8-internal 4.704
127.0.0.1 - - [18/Jun/2023:16:06:13 +0100] POST /api/am/service-catalog/v1/services/import?overwrite=true HTTP/1.1 200 32 - Java/11.0.8-internal 0.253
0:0:0:0:0:0:0:1 - - [18/Jun/2023:16:06:48 +0100] - 400 - - - 0.000
0:0:0:0:0:0:0:1 - - [18/Jun/2023:16:06:48 +0100] - 400 - - - 0.000
0:0:0:0:0:0:0:1 - - [18/Jun/2023:16:06:48 +0100] - 400 - - - 0.000
0:0:0:0:0:0:0:1 - - [18/Jun/2023:16:06:48 +0100] - 400 - - - 0.000
0:0:0:0:0:0:0:1 - - [18/Jun/2023:16:06:48 +0100] - 400 - - - 0.000
0:0:0:0:0:0:0:1 - - [18/Jun/2023:16:06:48 +0100] GET /api/am/devportal/v3/applications?limit=5000 HTTP/1.1 200 493 https://localhost:9443/devportal/apis/c6b17439-fa73-4d33-a618-bf5b18176cd8 Mozilla/5.0 (Windows NT 10.0; Win64; x64) AppleWebKit/537.36 (KHTML, like Gecko) Chrome/114.0.0.0 Safari/537.36 0.006
0:0:0:0:0:0:0:1 - - [18/Jun/2023:16:06:48 +0100] GET /devportal/site/public/images/_favicon.ico HTTP/1.1 200 1150 https://localhost:9443/devportal/apis/c6b17439-fa73-4d33-a618-bf5b18176cd8 Mozilla/5.0 (Windows NT 10.0; Win64; x64) AppleWebKit/537.36 (KHTML, like Gecko) Chrome/114.0.0.0 Safari/537.36 0.003
0:0:0:0:0:0:0:1 - - [18/Jun/2023:16:06:48 +0100] GET /api/am/devportal/v3/apis/c6b17439-fa73-4d33-a618-bf5b18176cd8 HTTP/1.1 200 1703 https://localhost:9443/devportal/apis/c6b17439-fa73-4d33-a618-bf5b18176cd8 Mozilla/5.0 (Windows NT 10.0; Win64; x64) AppleWebKit/537.36 (KHTML, like Gecko) Chrome/114.0.0.0 Safari/537.36 0.022
127.0.0.1 - - [18/Jun/2023:16:06:49 +0100] GET /keymanager-operations/dcr/register/N3VqNDVWeW96NUpjek1JT1dzMDFYRXNBTnpJYQ%3D%3D HTTP/1.1 200 518 - Apache-HttpClient/4.5.13 (Java/17.0.6) 0.004
127.0.0.1 - - [18/Jun/2023:16:06:49 +0100] GET /keymanager-operations/dcr/register/R1cwOWxVbHVSNFVqbkJBRVJjVmVIck03SEc0YQ%3D%3D HTTP/1.1 200 515 - Apache-HttpClient/4.5.13 (Java/17.0.6) 0.004
127.0.0.1 - - [18/Jun/2023:16:06:49 +0100] GET /keymanager-operations/dcr/register/N3VqNDVWeW96NUpjek1JT1dzMDFYRXNBTnpJYQ%3D%3D HTTP/1.1 200 518 - Apache-HttpClient/4.5.13 (Java/17.0.6) 0.004
127.0.0.1 - - [18/Jun/2023:16:06:49 +0100] GET /keymanager-operations/dcr/register/R1cwOWxVbHVSNFVqbkJBRVJjVmVIck03SEc0YQ%3D%3D HTTP/1.1 200 515 - Apache-HttpClient/4.5.13 (Java/17.0.6) 0.004
0:0:0:0:0:0:0:1 - - [18/Jun/2023:16:06:49 +0100] GET /api/am/devportal/v3/subscriptions?apiId=c6b17439-fa73-4d33-a618-bf5b18176cd8&limit=25 HTTP/1.1 200 714 https://localhost:9443/devportal/apis/c6b17439-fa73-4d33-a618-bf5b18176cd8 Mozilla/5.0 (Windows NT 10.0; Win64; x64) AppleWebKit/537.36 (KHTML, like Gecko) Chrome/114.0.0.0 Safari/537.36 0.049
0:0:0:0:0:0:0:1 - - [18/Jun/2023:16:06:49 +0100] GET /api/am/devportal/v3/subscriptions?apiId=c6b17439-fa73-4d33-a618-bf5b18176cd8&limit=5000 HTTP/1.1 200 715 https://localhost:9443/devportal/apis/c6b17439-fa73-4d33-a618-bf5b18176cd8 Mozilla/5.0 (Windows NT 10.0; Win64; x64) AppleWebKit/537.36 (KHTML, like Gecko) Chrome/114.0.0.0 Safari/537.36 0.049
0:0:0:0:0:0:0:1 - - [18/Jun/2023:16:06:49 +0100] GET /api/am/devportal/v3/throttling-policies/subscription HTTP/1.1 200 657 https://localhost:9443/devportal/apis/c6b17439-fa73-4d33-a618-bf5b18176cd8/overview Mozilla/5.0 (Windows NT 10.0; Win64; x64) AppleWebKit/537.36 (KHTML, like Gecko) Chrome/114.0.0.0 Safari/537.36 0.007
0:0:0:0:0:0:0:1 - - [18/Jun/2023:16:06:49 +0100] GET /devportal/site/public/images/leftMenuBack.png HTTP/1.1 200 5308 https://localhost:9443/devportal/apis/c6b17439-fa73-4d33-a618-bf5b18176cd8/overview Mozilla/5.0 (Windows NT 10.0; Win64; x64) AppleWebKit/537.36 (KHTML, like Gecko) Chrome/114.0.0.0 Safari/537.36 0.003
0:0:0:0:0:0:0:1 - - [18/Jun/2023:16:06:49 +0100] GET /api/am/devportal/v3/throttling-policies/subscription HTTP/1.1 200 657 https://localhost:9443/devportal/apis/c6b17439-fa73-4d33-a618-bf5b18176cd8/overview Mozilla/5.0 (Windows NT 10.0; Win64; x64) AppleWebKit/537.36 (KHTML, like Gecko) Chrome/114.0.0.0 Safari/537.36 0.007
0:0:0:0:0:0:0:1 - - [18/Jun/2023:16:06:49 +0100] GET /devportal/site/public/images/_favicon.ico HTTP/1.1 200 1150 https://localhost:9443/devportal/apis/c6b17439-fa73-4d33-a618-bf5b18176cd8/overview Mozilla/5.0 (Windows NT 10.0; Win64; x64) AppleWebKit/537.36 (KHTML, like Gecko) Chrome/114.0.0.0 Safari/537.36 0.002
0:0:0:0:0:0:0:1 - - [18/Jun/2023:16:06:49 +0100] GET /api/am/devportal/v3/apis/c6b17439-fa73-4d33-a618-bf5b18176cd8/documents HTTP/1.1 200 92 https://localhost:9443/devportal/apis/c6b17439-fa73-4d33-a618-bf5b18176cd8/overview Mozilla/5.0 (Windows NT 10.0; Win64; x64) AppleWebKit/537.36 (KHTML, like Gecko) Chrome/114.0.0.0 Safari/537.36 0.016
0:0:0:0:0:0:0:1 - - [18/Jun/2023:16:06:49 +0100] GET /api/am/devportal/v3/apis/c6b17439-fa73-4d33-a618-bf5b18176cd8/documents HTTP/1.1 200 92 https://localhost:9443/devportal/apis/c6b17439-fa73-4d33-a618-bf5b18176cd8/overview Mozilla/5.0 (Windows NT 10.0; Win64; x64) AppleWebKit/537.36 (KHTML, like Gecko) Chrome/114.0.0.0 Safari/537.36 0.013
0:0:0:0:0:0:0:1 - - [18/Jun/2023:16:06:49 +0100] GET /api/am/devportal/v3/apis/c6b17439-fa73-4d33-a618-bf5b18176cd8/ratings HTTP/1.1 200 125 https://localhost:9443/devportal/apis/c6b17439-fa73-4d33-a618-bf5b18176cd8/overview Mozilla/5.0 (Windows NT 10.0; Win64; x64) AppleWebKit/537.36 (KHTML, like Gecko) Chrome/114.0.0.0 Safari/537.36 0.008
0:0:0:0:0:0:0:1 - - [18/Jun/2023:16:06:49 +0100] GET /api/am/devportal/v3/apis/c6b17439-fa73-4d33-a618-bf5b18176cd8/thumbnail HTTP/1.1 204 - https://localhost:9443/devportal/apis/c6b17439-fa73-4d33-a618-bf5b18176cd8/overview Mozilla/5.0 (Windows NT 10.0; Win64; x64) AppleWebKit/537.36 (KHTML, like Gecko) Chrome/114.0.0.0 Safari/537.36 0.012
0:0:0:0:0:0:0:1 - - [18/Jun/2023:16:06:49 +0100] GET /api/am/devportal/v3/apis/c6b17439-fa73-4d33-a618-bf5b18176cd8/comments?limit=5&offset=0 HTTP/1.1 200 101 https://localhost:9443/devportal/apis/c6b17439-fa73-4d33-a618-bf5b18176cd8/overview Mozilla/5.0 (Windows NT 10.0; Win64; x64) AppleWebKit/537.36 (KHTML, like Gecko) Chrome/114.0.0.0 Safari/537.36 0.012
0:0:0:0:0:0:0:1 - - [18/Jun/2023:16:06:50 +0100] GET /devportal/site/public/images/_favicon.ico HTTP/1.1 200 1150 https://localhost:9443/devportal/apis/c6b17439-fa73-4d33-a618-bf5b18176cd8/test Mozilla/5.0 (Windows NT 10.0; Win64; x64) AppleWebKit/537.36 (KHTML, like Gecko) Chrome/114.0.0.0 Safari/537.36 0.001
0:0:0:0:0:0:0:1 - - [18/Jun/2023:16:06:50 +0100] GET /api/am/devportal/v3/apis/c6b17439-fa73-4d33-a618-bf5b18176cd8 HTTP/1.1 200 1703 https://localhost:9443/devportal/apis/c6b17439-fa73-4d33-a618-bf5b18176cd8/test Mozilla/5.0 (Windows NT 10.0; Win64; x64) AppleWebKit/537.36 (KHTML, like Gecko) Chrome/114.0.0.0 Safari/537.36 0.012
0:0:0:0:0:0:0:1 - - [18/Jun/2023:16:06:50 +0100] GET /api/am/devportal/v3/apis/c6b17439-fa73-4d33-a618-bf5b18176cd8/swagger?environmentName=Default HTTP/1.1 200 935 https://localhost:9443/devportal/apis/c6b17439-fa73-4d33-a618-bf5b18176cd8/test Mozilla/5.0 (Windows NT 10.0; Win64; x64) AppleWebKit/537.36 (KHTML, like Gecko) Chrome/114.0.0.0 Safari/537.36 0.024
0:0:0:0:0:0:0:1 - - [18/Jun/2023:16:06:50 +0100] GET /api/am/devportal/v3/swagger.yaml HTTP/1.1 200 26878 https://localhost:9443/devportal/apis/c6b17439-fa73-4d33-a618-bf5b18176cd8/test Mozilla/5.0 (Windows NT 10.0; Win64; x64) AppleWebKit/537.36 (KHTML, like Gecko) Chrome/114.0.0.0 Safari/537.36 0.005
127.0.0.1 - - [18/Jun/2023:16:06:50 +0100] GET /oauth2/token/.well-known/openid-configuration HTTP/1.1 200 2395 - Apache-HttpClient/4.5.13 (Java/17.0.6) 0.002
127.0.0.1 - - [18/Jun/2023:16:06:50 +0100] GET /keymanager-operations/dcr/register/N3VqNDVWeW96NUpjek1JT1dzMDFYRXNBTnpJYQ%3D%3D HTTP/1.1 200 518 - Apache-HttpClient/4.5.13 (Java/17.0.6) 0.004
0:0:0:0:0:0:0:1 - - [18/Jun/2023:16:06:50 +0100] GET /api/am/devportal/v3/key-managers HTTP/1.1 200 763 https://localhost:9443/devportal/apis/c6b17439-fa73-4d33-a618-bf5b18176cd8/test Mozilla/5.0 (Windows NT 10.0; Win64; x64) AppleWebKit/537.36 (KHTML, like Gecko) Chrome/114.0.0.0 Safari/537.36 0.014
127.0.0.1 - - [18/Jun/2023:16:06:50 +0100] GET /keymanager-operations/dcr/register/R1cwOWxVbHVSNFVqbkJBRVJjVmVIck03SEc0YQ%3D%3D HTTP/1.1 200 515 - Apache-HttpClient/4.5.13 (Java/17.0.6) 0.002
0:0:0:0:0:0:0:1 - - [18/Jun/2023:16:06:50 +0100] GET /api/am/devportal/v3/subscriptions?apiId=c6b17439-fa73-4d33-a618-bf5b18176cd8&limit=25 HTTP/1.1 200 714 https://localhost:9443/devportal/apis/c6b17439-fa73-4d33-a618-bf5b18176cd8/test Mozilla/5.0 (Windows NT 10.0; Win64; x64) AppleWebKit/537.36 (KHTML, like Gecko) Chrome/114.0.0.0 Safari/537.36 0.023
127.0.0.1 - - [18/Jun/2023:16:06:50 +0100] GET /keymanager-operations/dcr/register/N3VqNDVWeW96NUpjek1JT1dzMDFYRXNBTnpJYQ%3D%3D HTTP/1.1 200 518 - Apache-HttpClient/4.5.13 (Java/17.0.6) 0.004
127.0.0.1 - - [18/Jun/2023:16:06:50 +0100] GET /keymanager-operations/dcr/register/R1cwOWxVbHVSNFVqbkJBRVJjVmVIck03SEc0YQ%3D%3D HTTP/1.1 200 515 - Apache-HttpClient/4.5.13 (Java/17.0.6) 0.002
0:0:0:0:0:0:0:1 - - [18/Jun/2023:16:06:50 +0100] GET /api/am/devportal/v3/subscriptions?apiId=c6b17439-fa73-4d33-a618-bf5b18176cd8&limit=25 HTTP/1.1 200 714 https://localhost:9443/devportal/apis/c6b17439-fa73-4d33-a618-bf5b18176cd8/test Mozilla/5.0 (Windows NT 10.0; Win64; x64) AppleWebKit/537.36 (KHTML, like Gecko) Chrome/114.0.0.0 Safari/537.36 0.026
0:0:0:0:0:0:0:1 - - [18/Jun/2023:16:06:50 +0100] GET /api/am/devportal/v3/applications/ HTTP/1.1 200 492 https://localhost:9443/devportal/apis/c6b17439-fa73-4d33-a618-bf5b18176cd8/test Mozilla/5.0 (Windows NT 10.0; Win64; x64) AppleWebKit/537.36 (KHTML, like Gecko) Chrome/114.0.0.0 Safari/537.36 0.004
0:0:0:0:0:0:0:1 - - [18/Jun/2023:16:06:50 +0100] GET /api/am/devportal/v3/swagger.yaml HTTP/1.1 200 26878 https://localhost:9443/devportal/apis/c6b17439-fa73-4d33-a618-bf5b18176cd8/test Mozilla/5.0 (Windows NT 10.0; Win64; x64) AppleWebKit/537.36 (KHTML, like Gecko) Chrome/114.0.0.0 Safari/537.36 0.004
127.0.0.1 - - [18/Jun/2023:16:06:50 +0100] GET /keymanager-operations/dcr/register/R1cwOWxVbHVSNFVqbkJBRVJjVmVIck03SEc0YQ%3D%3D HTTP/1.1 200 515 - Apache-HttpClient/4.5.13 (Java/17.0.6) 0.002
127.0.0.1 - - [18/Jun/2023:16:06:50 +0100] GET /keymanager-operations/dcr/register/N3VqNDVWeW96NUpjek1JT1dzMDFYRXNBTnpJYQ%3D%3D HTTP/1.1 200 518 - Apache-HttpClient/4.5.13 (Java/17.0.6) 0.003
0:0:0:0:0:0:0:1 - - [18/Jun/2023:16:06:50 +0100] GET /api/am/devportal/v3/applications/1ced8c6f-19af-45ac-8773-ee11ac0d11c7 HTTP/1.1 200 490 https://localhost:9443/devportal/apis/c6b17439-fa73-4d33-a618-bf5b18176cd8/test Mozilla/5.0 (Windows NT 10.0; Win64; x64) AppleWebKit/537.36 (KHTML, like Gecko) Chrome/114.0.0.0 Safari/537.36 0.010
127.0.0.1 - - [18/Jun/2023:16:06:50 +0100] GET /keymanager-operations/dcr/register/R1cwOWxVbHVSNFVqbkJBRVJjVmVIck03SEc0YQ%3D%3D HTTP/1.1 200 515 - Apache-HttpClient/4.5.13 (Java/17.0.6) 0.001
127.0.0.1 - - [18/Jun/2023:16:06:50 +0100] GET /keymanager-operations/dcr/register/N3VqNDVWeW96NUpjek1JT1dzMDFYRXNBTnpJYQ%3D%3D HTTP/1.1 200 518 - Apache-HttpClient/4.5.13 (Java/17.0.6) 0.001
0:0:0:0:0:0:0:1 - - [18/Jun/2023:16:06:50 +0100] GET /api/am/devportal/v3/applications/1ced8c6f-19af-45ac-8773-ee11ac0d11c7/oauth-keys HTTP/1.1 200 541 https://localhost:9443/devportal/apis/c6b17439-fa73-4d33-a618-bf5b18176cd8/test Mozilla/5.0 (Windows NT 10.0; Win64; x64) AppleWebKit/537.36 (KHTML, like Gecko) Chrome/114.0.0.0 Safari/537.36 0.009
0:0:0:0:0:0:0:1 - - [18/Jun/2023:16:06:50 +0100] GET /api/am/devportal/v3/swagger.yaml HTTP/1.1 200 26878 https://localhost:9443/devportal/apis/c6b17439-fa73-4d33-a618-bf5b18176cd8/test Mozilla/5.0 (Windows NT 10.0; Win64; x64) AppleWebKit/537.36 (KHTML, like Gecko) Chrome/114.0.0.0 Safari/537.36 0.005
0:0:0:0:0:0:0:1 - - [18/Jun/2023:16:06:50 +0100] GET /api/am/devportal/v3/swagger.yaml HTTP/1.1 200 26878 https://localhost:9443/devportal/apis/c6b17439-fa73-4d33-a618-bf5b18176cd8/test Mozilla/5.0 (Windows NT 10.0; Win64; x64) AppleWebKit/537.36 (KHTML, like Gecko) Chrome/114.0.0.0 Safari/537.36 0.006
127.0.0.1 - - [18/Jun/2023:16:06:50 +0100] GET /keymanager-operations/dcr/register/N3VqNDVWeW96NUpjek1JT1dzMDFYRXNBTnpJYQ%3D%3D HTTP/1.1 200 518 - Apache-HttpClient/4.5.13 (Java/17.0.6) 0.002
127.0.0.1 - - [18/Jun/2023:16:06:50 +0100] GET /keymanager-operations/dcr/register/R1cwOWxVbHVSNFVqbkJBRVJjVmVIck03SEc0YQ%3D%3D HTTP/1.1 200 515 - Apache-HttpClient/4.5.13 (Java/17.0.6) 0.002
0:0:0:0:0:0:0:1 - - [18/Jun/2023:16:06:50 +0100] GET /api/am/devportal/v3/applications/1ced8c6f-19af-45ac-8773-ee11ac0d11c7 HTTP/1.1 200 490 https://localhost:9443/devportal/apis/c6b17439-fa73-4d33-a618-bf5b18176cd8/test Mozilla/5.0 (Windows NT 10.0; Win64; x64) AppleWebKit/537.36 (KHTML, like Gecko) Chrome/114.0.0.0 Safari/537.36 0.009
127.0.0.1 - - [18/Jun/2023:16:06:50 +0100] GET /keymanager-operations/dcr/register/R1cwOWxVbHVSNFVqbkJBRVJjVmVIck03SEc0YQ%3D%3D HTTP/1.1 200 515 - Apache-HttpClient/4.5.13 (Java/17.0.6) 0.002
127.0.0.1 - - [18/Jun/2023:16:06:50 +0100] GET /keymanager-operations/dcr/register/N3VqNDVWeW96NUpjek1JT1dzMDFYRXNBTnpJYQ%3D%3D HTTP/1.1 200 518 - Apache-HttpClient/4.5.13 (Java/17.0.6) 0.001
127.0.0.1 - - [18/Jun/2023:16:06:50 +0100] GET /keymanager-operations/dcr/register/R1cwOWxVbHVSNFVqbkJBRVJjVmVIck03SEc0YQ%3D%3D HTTP/1.1 200 515 - Apache-HttpClient/4.5.13 (Java/17.0.6) 0.002
0:0:0:0:0:0:0:1 - - [18/Jun/2023:16:06:50 +0100] GET /api/am/devportal/v3/applications/1ced8c6f-19af-45ac-8773-ee11ac0d11c7 HTTP/1.1 200 490 https://localhost:9443/devportal/apis/c6b17439-fa73-4d33-a618-bf5b18176cd8/test Mozilla/5.0 (Windows NT 10.0; Win64; x64) AppleWebKit/537.36 (KHTML, like Gecko) Chrome/114.0.0.0 Safari/537.36 0.009
127.0.0.1 - - [18/Jun/2023:16:06:50 +0100] GET /keymanager-operations/dcr/register/N3VqNDVWeW96NUpjek1JT1dzMDFYRXNBTnpJYQ%3D%3D HTTP/1.1 200 518 - Apache-HttpClient/4.5.13 (Java/17.0.6) 0.002
0:0:0:0:0:0:0:1 - - [18/Jun/2023:16:06:50 +0100] GET /api/am/devportal/v3/applications/1ced8c6f-19af-45ac-8773-ee11ac0d11c7/oauth-keys HTTP/1.1 200 541 https://localhost:9443/devportal/apis/c6b17439-fa73-4d33-a618-bf5b18176cd8/test Mozilla/5.0 (Windows NT 10.0; Win64; x64) AppleWebKit/537.36 (KHTML, like Gecko) Chrome/114.0.0.0 Safari/537.36 0.009
127.0.0.1 - - [18/Jun/2023:16:06:50 +0100] GET /keymanager-operations/dcr/register/N3VqNDVWeW96NUpjek1JT1dzMDFYRXNBTnpJYQ%3D%3D HTTP/1.1 200 518 - Apache-HttpClient/4.5.13 (Java/17.0.6) 0.002
127.0.0.1 - - [18/Jun/2023:16:06:50 +0100] GET /keymanager-operations/dcr/register/R1cwOWxVbHVSNFVqbkJBRVJjVmVIck03SEc0YQ%3D%3D HTTP/1.1 200 515 - Apache-HttpClient/4.5.13 (Java/17.0.6) 0.002
0:0:0:0:0:0:0:1 - - [18/Jun/2023:16:06:50 +0100] GET /api/am/devportal/v3/applications/1ced8c6f-19af-45ac-8773-ee11ac0d11c7/oauth-keys HTTP/1.1 200 541 https://localhost:9443/devportal/apis/c6b17439-fa73-4d33-a618-bf5b18176cd8/test Mozilla/5.0 (Windows NT 10.0; Win64; x64) AppleWebKit/537.36 (KHTML, like Gecko) Chrome/114.0.0.0 Safari/537.36 0.009
0:0:0:0:0:0:0:1 - - [18/Jun/2023:16:06:52 +0100] GET /api/am/devportal/v3/swagger.yaml HTTP/1.1 200 26878 https://localhost:9443/devportal/apis/c6b17439-fa73-4d33-a618-bf5b18176cd8/test Mozilla/5.0 (Windows NT 10.0; Win64; x64) AppleWebKit/537.36 (KHTML, like Gecko) Chrome/114.0.0.0 Safari/537.36 0.005
127.0.0.1 - - [18/Jun/2023:16:06:52 +0100] GET /keymanager-operations/dcr/register/R1cwOWxVbHVSNFVqbkJBRVJjVmVIck03SEc0YQ%3D%3D HTTP/1.1 200 515 - Apache-HttpClient/4.5.13 (Java/17.0.6) 0.002
127.0.0.1 - - [18/Jun/2023:16:06:52 +0100] GET /keymanager-operations/dcr/register/N3VqNDVWeW96NUpjek1JT1dzMDFYRXNBTnpJYQ%3D%3D HTTP/1.1 200 518 - Apache-HttpClient/4.5.13 (Java/17.0.6) 0.001
0:0:0:0:0:0:0:1 - - [18/Jun/2023:16:06:52 +0100] GET /api/am/devportal/v3/applications/1ced8c6f-19af-45ac-8773-ee11ac0d11c7 HTTP/1.1 200 490 https://localhost:9443/devportal/apis/c6b17439-fa73-4d33-a618-bf5b18176cd8/test Mozilla/5.0 (Windows NT 10.0; Win64; x64) AppleWebKit/537.36 (KHTML, like Gecko) Chrome/114.0.0.0 Safari/537.36 0.011
127.0.0.1 - - [18/Jun/2023:16:06:52 +0100] GET /keymanager-operations/dcr/register/N3VqNDVWeW96NUpjek1JT1dzMDFYRXNBTnpJYQ%3D%3D HTTP/1.1 200 518 - Apache-HttpClient/4.5.13 (Java/17.0.6) 0.001
127.0.0.1 - - [18/Jun/2023:16:06:52 +0100] GET /keymanager-operations/dcr/register/R1cwOWxVbHVSNFVqbkJBRVJjVmVIck03SEc0YQ%3D%3D HTTP/1.1 200 515 - Apache-HttpClient/4.5.13 (Java/17.0.6) 0.002
0:0:0:0:0:0:0:1 - - [18/Jun/2023:16:06:52 +0100] GET /api/am/devportal/v3/applications/1ced8c6f-19af-45ac-8773-ee11ac0d11c7/oauth-keys HTTP/1.1 200 541 https://localhost:9443/devportal/apis/c6b17439-fa73-4d33-a618-bf5b18176cd8/test Mozilla/5.0 (Windows NT 10.0; Win64; x64) AppleWebKit/537.36 (KHTML, like Gecko) Chrome/114.0.0.0 Safari/537.36 0.009
127.0.0.1 - - [18/Jun/2023:16:06:53 +0100] GET /keymanager-operations/dcr/register/N3VqNDVWeW96NUpjek1JT1dzMDFYRXNBTnpJYQ%3D%3D HTTP/1.1 200 518 - Apache-HttpClient/4.5.13 (Java/17.0.6) 0.002
127.0.0.1 - - [18/Jun/2023:16:06:53 +0100] GET /keymanager-operations/dcr/register/R1cwOWxVbHVSNFVqbkJBRVJjVmVIck03SEc0YQ%3D%3D HTTP/1.1 200 515 - Apache-HttpClient/4.5.13 (Java/17.0.6) 0.003
127.0.0.1 - - [18/Jun/2023:16:06:53 +0100] GET /keymanager-operations/dcr/register/R1cwOWxVbHVSNFVqbkJBRVJjVmVIck03SEc0YQ%3D%3D HTTP/1.1 200 515 - Apache-HttpClient/4.5.13 (Java/17.0.6) 0.002
127.0.0.1 - - [18/Jun/2023:16:06:53 +0100] POST /oauth2/token HTTP/1.1 200 1190 - Apache-HttpClient/4.5.13 (Java/17.0.6) 0.031
0:0:0:0:0:0:0:1 - - [18/Jun/2023:16:06:53 +0100] POST /api/am/devportal/v3/applications/1ced8c6f-19af-45ac-8773-ee11ac0d11c7/oauth-keys/dcd7b7a7-5649-4685-b411-7d5e1addf807/generate-token HTTP/1.1 200 899 https://localhost:9443/devportal/apis/c6b17439-fa73-4d33-a618-bf5b18176cd8/test Mozilla/5.0 (Windows NT 10.0; Win64; x64) AppleWebKit/537.36 (KHTML, like Gecko) Chrome/114.0.0.0 Safari/537.36 0.192
127.0.0.1 - - [18/Jun/2023:16:06:53 +0100] POST /internal/data/v1/notify HTTP/1.1 200 - - Apache-HttpClient/4.5.13 (Java/17.0.6) 0.041
127.0.0.1 - - [18/Jun/2023:16:07:10 +0100] GET /oauth2/jwks HTTP/1.1 200 1919 - Apache-HttpClient/4.5.13 (Java/17.0.6) 0.078
127.0.0.1 - - [18/Jun/2023:16:09:35 +0100] GET /api/am/service-catalog/v1/services HTTP/1.1 200 976 - Java/11.0.8-internal 4.959
127.0.0.1 - - [18/Jun/2023:16:09:36 +0100] POST /api/am/service-catalog/v1/services/import?overwrite=true HTTP/1.1 200 32 - Java/11.0.8-internal 0.175
0:0:0:0:0:0:0:1 - - [18/Jun/2023:16:11:20 +0100] - 400 - - - 0.000
0:0:0:0:0:0:0:1 - - [18/Jun/2023:16:11:20 +0100] - 400 - - - 0.000
0:0:0:0:0:0:0:1 - - [18/Jun/2023:16:11:20 +0100] - 400 - - - 0.000
0:0:0:0:0:0:0:1 - - [18/Jun/2023:16:11:20 +0100] - 400 - - - 0.000
0:0:0:0:0:0:0:1 - - [18/Jun/2023:16:11:20 +0100] GET /devportal/site/public/images/_favicon.ico HTTP/1.1 200 1150 https://localhost:9443/devportal/apis Mozilla/5.0 (Windows NT 10.0; Win64; x64) AppleWebKit/537.36 (KHTML, like Gecko) Chrome/114.0.0.0 Safari/537.36 0.026
0:0:0:0:0:0:0:1 - - [18/Jun/2023:16:11:25 +0100] GET /api/am/devportal/v3/api-categories HTTP/1.1 200 21 https://localhost:9443/devportal/apis Mozilla/5.0 (Windows NT 10.0; Win64; x64) AppleWebKit/537.36 (KHTML, like Gecko) Chrome/114.0.0.0 Safari/537.36 4.852
0:0:0:0:0:0:0:1 - - [18/Jun/2023:16:11:25 +0100] GET /api/am/devportal/v3/tags HTTP/1.1 200 92 https://localhost:9443/devportal/apis Mozilla/5.0 (Windows NT 10.0; Win64; x64) AppleWebKit/537.36 (KHTML, like Gecko) Chrome/114.0.0.0 Safari/537.36 4.919
0:0:0:0:0:0:0:1 - - [18/Jun/2023:16:11:25 +0100] GET /api/am/devportal/v3/apis?limit=10&offset=0 HTTP/1.1 200 619 https://localhost:9443/devportal/apis Mozilla/5.0 (Windows NT 10.0; Win64; x64) AppleWebKit/537.36 (KHTML, like Gecko) Chrome/114.0.0.0 Safari/537.36 5.033
0:0:0:0:0:0:0:1 - - [18/Jun/2023:16:11:25 +0100] - 400 - - - 0.000
0:0:0:0:0:0:0:1 - - [18/Jun/2023:16:11:25 +0100] - 400 - - - 0.000
0:0:0:0:0:0:0:1 - - [18/Jun/2023:16:11:25 +0100] GET /api/am/devportal/v3/apis/6f7f8f85-a5f3-428e-b187-cbdb08192bba/ratings HTTP/1.1 200 125 https://localhost:9443/devportal/apis Mozilla/5.0 (Windows NT 10.0; Win64; x64) AppleWebKit/537.36 (KHTML, like Gecko) Chrome/114.0.0.0 Safari/537.36 0.041
0:0:0:0:0:0:0:1 - - [18/Jun/2023:16:11:25 +0100] GET /api/am/devportal/v3/apis/d02418ae-ab94-438a-87c1-83b37ef15067/ratings HTTP/1.1 200 125 https://localhost:9443/devportal/apis Mozilla/5.0 (Windows NT 10.0; Win64; x64) AppleWebKit/537.36 (KHTML, like Gecko) Chrome/114.0.0.0 Safari/537.36 0.051
0:0:0:0:0:0:0:1 - - [18/Jun/2023:16:11:25 +0100] GET /api/am/devportal/v3/apis/c6b17439-fa73-4d33-a618-bf5b18176cd8/ratings HTTP/1.1 200 125 https://localhost:9443/devportal/apis Mozilla/5.0 (Windows NT 10.0; Win64; x64) AppleWebKit/537.36 (KHTML, like Gecko) Chrome/114.0.0.0 Safari/537.36 0.053
0:0:0:0:0:0:0:1 - - [18/Jun/2023:16:11:25 +0100] GET /api/am/devportal/v3/apis/6f7f8f85-a5f3-428e-b187-cbdb08192bba/thumbnail HTTP/1.1 204 - https://localhost:9443/devportal/apis Mozilla/5.0 (Windows NT 10.0; Win64; x64) AppleWebKit/537.36 (KHTML, like Gecko) Chrome/114.0.0.0 Safari/537.36 0.046
0:0:0:0:0:0:0:1 - - [18/Jun/2023:16:11:25 +0100] GET /api/am/devportal/v3/apis/d02418ae-ab94-438a-87c1-83b37ef15067/thumbnail HTTP/1.1 204 - https://localhost:9443/devportal/apis Mozilla/5.0 (Windows NT 10.0; Win64; x64) AppleWebKit/537.36 (KHTML, like Gecko) Chrome/114.0.0.0 Safari/537.36 0.059
0:0:0:0:0:0:0:1 - - [18/Jun/2023:16:11:25 +0100] GET /api/am/devportal/v3/apis/c6b17439-fa73-4d33-a618-bf5b18176cd8/thumbnail HTTP/1.1 204 - https://localhost:9443/devportal/apis Mozilla/5.0 (Windows NT 10.0; Win64; x64) AppleWebKit/537.36 (KHTML, like Gecko) Chrome/114.0.0.0 Safari/537.36 0.061
0:0:0:0:0:0:0:1 - - [18/Jun/2023:16:11:27 +0100] GET /devportal/site/public/images/_favicon.ico HTTP/1.1 200 1150 https://localhost:9443/devportal/apis/d02418ae-ab94-438a-87c1-83b37ef15067 Mozilla/5.0 (Windows NT 10.0; Win64; x64) AppleWebKit/537.36 (KHTML, like Gecko) Chrome/114.0.0.0 Safari/537.36 0.002
0:0:0:0:0:0:0:1 - - [18/Jun/2023:16:11:27 +0100] GET /api/am/devportal/v3/applications?limit=5000 HTTP/1.1 200 493 https://localhost:9443/devportal/apis/d02418ae-ab94-438a-87c1-83b37ef15067 Mozilla/5.0 (Windows NT 10.0; Win64; x64) AppleWebKit/537.36 (KHTML, like Gecko) Chrome/114.0.0.0 Safari/537.36 0.024
0:0:0:0:0:0:0:1 - - [18/Jun/2023:16:11:27 +0100] GET /api/am/devportal/v3/apis/d02418ae-ab94-438a-87c1-83b37ef15067 HTTP/1.1 200 1708 https://localhost:9443/devportal/apis/d02418ae-ab94-438a-87c1-83b37ef15067 Mozilla/5.0 (Windows NT 10.0; Win64; x64) AppleWebKit/537.36 (KHTML, like Gecko) Chrome/114.0.0.0 Safari/537.36 0.065
0:0:0:0:0:0:0:1 - - [18/Jun/2023:16:11:27 +0100] GET /devportal/site/public/images/leftMenuBack.png HTTP/1.1 200 5308 https://localhost:9443/devportal/apis/d02418ae-ab94-438a-87c1-83b37ef15067/overview Mozilla/5.0 (Windows NT 10.0; Win64; x64) AppleWebKit/537.36 (KHTML, like Gecko) Chrome/114.0.0.0 Safari/537.36 0.004
0:0:0:0:0:0:0:1 - - [18/Jun/2023:16:11:27 +0100] GET /devportal/site/public/images/_favicon.ico HTTP/1.1 200 1150 https://localhost:9443/devportal/apis/d02418ae-ab94-438a-87c1-83b37ef15067/overview Mozilla/5.0 (Windows NT 10.0; Win64; x64) AppleWebKit/537.36 (KHTML, like Gecko) Chrome/114.0.0.0 Safari/537.36 0.002
0:0:0:0:0:0:0:1 - - [18/Jun/2023:16:11:27 +0100] GET /api/am/devportal/v3/throttling-policies/subscription HTTP/1.1 200 657 https://localhost:9443/devportal/apis/d02418ae-ab94-438a-87c1-83b37ef15067/overview Mozilla/5.0 (Windows NT 10.0; Win64; x64) AppleWebKit/537.36 (KHTML, like Gecko) Chrome/114.0.0.0 Safari/537.36 0.008
127.0.0.1 - - [18/Jun/2023:16:11:27 +0100] GET /keymanager-operations/dcr/register/aHFtbVBpYzM3TTI3dWxmandmQm1Qem9lNVdBYQ%3D%3D HTTP/1.1 200 518 - Apache-HttpClient/4.5.13 (Java/17.0.6) 0.033
127.0.0.1 - - [18/Jun/2023:16:11:27 +0100] GET /keymanager-operations/dcr/register/aHFtbVBpYzM3TTI3dWxmandmQm1Qem9lNVdBYQ%3D%3D HTTP/1.1 200 518 - Apache-HttpClient/4.5.13 (Java/17.0.6) 0.033
0:0:0:0:0:0:0:1 - - [18/Jun/2023:16:11:27 +0100] GET /api/am/devportal/v3/apis/d02418ae-ab94-438a-87c1-83b37ef15067/documents HTTP/1.1 200 92 https://localhost:9443/devportal/apis/d02418ae-ab94-438a-87c1-83b37ef15067/overview Mozilla/5.0 (Windows NT 10.0; Win64; x64) AppleWebKit/537.36 (KHTML, like Gecko) Chrome/114.0.0.0 Safari/537.36 0.015
0:0:0:0:0:0:0:1 - - [18/Jun/2023:16:11:27 +0100] GET /api/am/devportal/v3/throttling-policies/subscription HTTP/1.1 200 657 https://localhost:9443/devportal/apis/d02418ae-ab94-438a-87c1-83b37ef15067/overview Mozilla/5.0 (Windows NT 10.0; Win64; x64) AppleWebKit/537.36 (KHTML, like Gecko) Chrome/114.0.0.0 Safari/537.36 0.005
127.0.0.1 - - [18/Jun/2023:16:11:27 +0100] GET /keymanager-operations/dcr/register/SEdFbjNMa0NQb0VEd1NHcVR0bDZxc3FVbGowYQ%3D%3D HTTP/1.1 200 531 - Apache-HttpClient/4.5.13 (Java/17.0.6) 0.003
127.0.0.1 - - [18/Jun/2023:16:11:27 +0100] GET /keymanager-operations/dcr/register/SEdFbjNMa0NQb0VEd1NHcVR0bDZxc3FVbGowYQ%3D%3D HTTP/1.1 200 531 - Apache-HttpClient/4.5.13 (Java/17.0.6) 0.003
0:0:0:0:0:0:0:1 - - [18/Jun/2023:16:11:27 +0100] GET /api/am/devportal/v3/apis/d02418ae-ab94-438a-87c1-83b37ef15067/documents HTTP/1.1 200 92 https://localhost:9443/devportal/apis/d02418ae-ab94-438a-87c1-83b37ef15067/overview Mozilla/5.0 (Windows NT 10.0; Win64; x64) AppleWebKit/537.36 (KHTML, like Gecko) Chrome/114.0.0.0 Safari/537.36 0.010
0:0:0:0:0:0:0:1 - - [18/Jun/2023:16:11:27 +0100] GET /api/am/devportal/v3/subscriptions?apiId=d02418ae-ab94-438a-87c1-83b37ef15067&limit=25 HTTP/1.1 200 721 https://localhost:9443/devportal/apis/d02418ae-ab94-438a-87c1-83b37ef15067 Mozilla/5.0 (Windows NT 10.0; Win64; x64) AppleWebKit/537.36 (KHTML, like Gecko) Chrome/114.0.0.0 Safari/537.36 0.130
0:0:0:0:0:0:0:1 - - [18/Jun/2023:16:11:27 +0100] GET /api/am/devportal/v3/subscriptions?apiId=d02418ae-ab94-438a-87c1-83b37ef15067&limit=5000 HTTP/1.1 200 723 https://localhost:9443/devportal/apis/d02418ae-ab94-438a-87c1-83b37ef15067 Mozilla/5.0 (Windows NT 10.0; Win64; x64) AppleWebKit/537.36 (KHTML, like Gecko) Chrome/114.0.0.0 Safari/537.36 0.130
0:0:0:0:0:0:0:1 - - [18/Jun/2023:16:11:27 +0100] GET /api/am/devportal/v3/apis/d02418ae-ab94-438a-87c1-83b37ef15067/ratings HTTP/1.1 200 125 https://localhost:9443/devportal/apis/d02418ae-ab94-438a-87c1-83b37ef15067/overview Mozilla/5.0 (Windows NT 10.0; Win64; x64) AppleWebKit/537.36 (KHTML, like Gecko) Chrome/114.0.0.0 Safari/537.36 0.010
0:0:0:0:0:0:0:1 - - [18/Jun/2023:16:11:27 +0100] GET /api/am/devportal/v3/apis/d02418ae-ab94-438a-87c1-83b37ef15067/comments?limit=5&offset=0 HTTP/1.1 200 101 https://localhost:9443/devportal/apis/d02418ae-ab94-438a-87c1-83b37ef15067/overview Mozilla/5.0 (Windows NT 10.0; Win64; x64) AppleWebKit/537.36 (KHTML, like Gecko) Chrome/114.0.0.0 Safari/537.36 0.015
0:0:0:0:0:0:0:1 - - [18/Jun/2023:16:11:27 +0100] GET /api/am/devportal/v3/apis/d02418ae-ab94-438a-87c1-83b37ef15067/thumbnail HTTP/1.1 204 - https://localhost:9443/devportal/apis/d02418ae-ab94-438a-87c1-83b37ef15067/overview Mozilla/5.0 (Windows NT 10.0; Win64; x64) AppleWebKit/537.36 (KHTML, like Gecko) Chrome/114.0.0.0 Safari/537.36 0.020
0:0:0:0:0:0:0:1 - - [18/Jun/2023:16:11:29 +0100] GET /devportal/site/public/images/_favicon.ico HTTP/1.1 200 1150 https://localhost:9443/devportal/apis/d02418ae-ab94-438a-87c1-83b37ef15067/credentials Mozilla/5.0 (Windows NT 10.0; Win64; x64) AppleWebKit/537.36 (KHTML, like Gecko) Chrome/114.0.0.0 Safari/537.36 0.003
0:0:0:0:0:0:0:1 - - [18/Jun/2023:16:11:32 +0100] GET /api/am/devportal/v3/swagger.yaml HTTP/1.1 200 26878 https://localhost:9443/devportal/apis/d02418ae-ab94-438a-87c1-83b37ef15067/credentials Mozilla/5.0 (Windows NT 10.0; Win64; x64) AppleWebKit/537.36 (KHTML, like Gecko) Chrome/114.0.0.0 Safari/537.36 0.015
0:0:0:0:0:0:0:1 - - [18/Jun/2023:16:11:32 +0100] GET /api/am/devportal/v3/swagger.yaml HTTP/1.1 200 26878 https://localhost:9443/devportal/apis/d02418ae-ab94-438a-87c1-83b37ef15067/credentials Mozilla/5.0 (Windows NT 10.0; Win64; x64) AppleWebKit/537.36 (KHTML, like Gecko) Chrome/114.0.0.0 Safari/537.36 0.007
127.0.0.1 - - [18/Jun/2023:16:11:32 +0100] GET /oauth2/token/.well-known/openid-configuration HTTP/1.1 200 2395 - Apache-HttpClient/4.5.13 (Java/17.0.6) 0.053
0:0:0:0:0:0:0:1 - - [18/Jun/2023:16:11:32 +0100] GET /api/am/devportal/v3/key-managers HTTP/1.1 200 763 https://localhost:9443/devportal/apis/d02418ae-ab94-438a-87c1-83b37ef15067/credentials Mozilla/5.0 (Windows NT 10.0; Win64; x64) AppleWebKit/537.36 (KHTML, like Gecko) Chrome/114.0.0.0 Safari/537.36 0.086
127.0.0.1 - - [18/Jun/2023:16:11:32 +0100] GET /keymanager-operations/dcr/register/SEdFbjNMa0NQb0VEd1NHcVR0bDZxc3FVbGowYQ%3D%3D HTTP/1.1 200 531 - Apache-HttpClient/4.5.13 (Java/17.0.6) 0.015
127.0.0.1 - - [18/Jun/2023:16:11:32 +0100] GET /keymanager-operations/dcr/register/aHFtbVBpYzM3TTI3dWxmandmQm1Qem9lNVdBYQ%3D%3D HTTP/1.1 200 518 - Apache-HttpClient/4.5.13 (Java/17.0.6) 0.004
0:0:0:0:0:0:0:1 - - [18/Jun/2023:16:11:32 +0100] GET /api/am/devportal/v3/applications/6cc3231f-f7b9-437e-93fd-41d67fc514af HTTP/1.1 200 503 https://localhost:9443/devportal/apis/d02418ae-ab94-438a-87c1-83b37ef15067/credentials Mozilla/5.0 (Windows NT 10.0; Win64; x64) AppleWebKit/537.36 (KHTML, like Gecko) Chrome/114.0.0.0 Safari/537.36 0.034
127.0.0.1 - - [18/Jun/2023:16:11:32 +0100] GET /keymanager-operations/dcr/register/SEdFbjNMa0NQb0VEd1NHcVR0bDZxc3FVbGowYQ%3D%3D HTTP/1.1 200 531 - Apache-HttpClient/4.5.13 (Java/17.0.6) 0.003
127.0.0.1 - - [18/Jun/2023:16:11:32 +0100] GET /keymanager-operations/dcr/register/aHFtbVBpYzM3TTI3dWxmandmQm1Qem9lNVdBYQ%3D%3D HTTP/1.1 200 518 - Apache-HttpClient/4.5.13 (Java/17.0.6) 0.002
0:0:0:0:0:0:0:1 - - [18/Jun/2023:16:11:32 +0100] GET /api/am/devportal/v3/applications/6cc3231f-f7b9-437e-93fd-41d67fc514af HTTP/1.1 200 503 https://localhost:9443/devportal/apis/d02418ae-ab94-438a-87c1-83b37ef15067/credentials Mozilla/5.0 (Windows NT 10.0; Win64; x64) AppleWebKit/537.36 (KHTML, like Gecko) Chrome/114.0.0.0 Safari/537.36 0.013
127.0.0.1 - - [18/Jun/2023:16:11:32 +0100] GET /keymanager-operations/dcr/register/SEdFbjNMa0NQb0VEd1NHcVR0bDZxc3FVbGowYQ%3D%3D HTTP/1.1 200 531 - Apache-HttpClient/4.5.13 (Java/17.0.6) 0.002
127.0.0.1 - - [18/Jun/2023:16:11:32 +0100] GET /keymanager-operations/dcr/register/aHFtbVBpYzM3TTI3dWxmandmQm1Qem9lNVdBYQ%3D%3D HTTP/1.1 200 518 - Apache-HttpClient/4.5.13 (Java/17.0.6) 0.087
0:0:0:0:0:0:0:1 - - [18/Jun/2023:16:11:32 +0100] GET /api/am/devportal/v3/applications/6cc3231f-f7b9-437e-93fd-41d67fc514af/oauth-keys HTTP/1.1 200 556 https://localhost:9443/devportal/apis/d02418ae-ab94-438a-87c1-83b37ef15067/credentials Mozilla/5.0 (Windows NT 10.0; Win64; x64) AppleWebKit/537.36 (KHTML, like Gecko) Chrome/114.0.0.0 Safari/537.36 0.097
0:0:0:0:0:0:0:1 - - [18/Jun/2023:16:11:32 +0100] GET /api/am/devportal/v3/swagger.yaml HTTP/1.1 200 26878 https://localhost:9443/devportal/apis/d02418ae-ab94-438a-87c1-83b37ef15067/credentials Mozilla/5.0 (Windows NT 10.0; Win64; x64) AppleWebKit/537.36 (KHTML, like Gecko) Chrome/114.0.0.0 Safari/537.36 0.006
127.0.0.1 - - [18/Jun/2023:16:11:32 +0100] GET /keymanager-operations/dcr/register/SEdFbjNMa0NQb0VEd1NHcVR0bDZxc3FVbGowYQ%3D%3D HTTP/1.1 200 531 - Apache-HttpClient/4.5.13 (Java/17.0.6) 0.002
127.0.0.1 - - [18/Jun/2023:16:11:32 +0100] GET /keymanager-operations/dcr/register/aHFtbVBpYzM3TTI3dWxmandmQm1Qem9lNVdBYQ%3D%3D HTTP/1.1 200 518 - Apache-HttpClient/4.5.13 (Java/17.0.6) 0.002
0:0:0:0:0:0:0:1 - - [18/Jun/2023:16:11:32 +0100] GET /api/am/devportal/v3/applications/6cc3231f-f7b9-437e-93fd-41d67fc514af HTTP/1.1 200 503 https://localhost:9443/devportal/apis/d02418ae-ab94-438a-87c1-83b37ef15067/credentials Mozilla/5.0 (Windows NT 10.0; Win64; x64) AppleWebKit/537.36 (KHTML, like Gecko) Chrome/114.0.0.0 Safari/537.36 0.009
127.0.0.1 - - [18/Jun/2023:16:11:32 +0100] GET /keymanager-operations/dcr/register/aHFtbVBpYzM3TTI3dWxmandmQm1Qem9lNVdBYQ%3D%3D HTTP/1.1 200 518 - Apache-HttpClient/4.5.13 (Java/17.0.6) 0.002
127.0.0.1 - - [18/Jun/2023:16:11:32 +0100] GET /keymanager-operations/dcr/register/SEdFbjNMa0NQb0VEd1NHcVR0bDZxc3FVbGowYQ%3D%3D HTTP/1.1 200 531 - Apache-HttpClient/4.5.13 (Java/17.0.6) 0.002
0:0:0:0:0:0:0:1 - - [18/Jun/2023:16:11:32 +0100] GET /api/am/devportal/v3/applications/6cc3231f-f7b9-437e-93fd-41d67fc514af/oauth-keys HTTP/1.1 200 556 https://localhost:9443/devportal/apis/d02418ae-ab94-438a-87c1-83b37ef15067/credentials Mozilla/5.0 (Windows NT 10.0; Win64; x64) AppleWebKit/537.36 (KHTML, like Gecko) Chrome/114.0.0.0 Safari/537.36 0.009
0:0:0:0:0:0:0:1 - - [18/Jun/2023:16:11:35 +0100] GET /devportal/site/public/images/_favicon.ico HTTP/1.1 200 1150 https://localhost:9443/devportal/apis/d02418ae-ab94-438a-87c1-83b37ef15067/test Mozilla/5.0 (Windows NT 10.0; Win64; x64) AppleWebKit/537.36 (KHTML, like Gecko) Chrome/114.0.0.0 Safari/537.36 0.004
0:0:0:0:0:0:0:1 - - [18/Jun/2023:16:11:35 +0100] GET /api/am/devportal/v3/apis/d02418ae-ab94-438a-87c1-83b37ef15067 HTTP/1.1 200 1708 https://localhost:9443/devportal/apis/d02418ae-ab94-438a-87c1-83b37ef15067/test Mozilla/5.0 (Windows NT 10.0; Win64; x64) AppleWebKit/537.36 (KHTML, like Gecko) Chrome/114.0.0.0 Safari/537.36 0.018
0:0:0:0:0:0:0:1 - - [18/Jun/2023:16:11:35 +0100] GET /api/am/devportal/v3/apis/d02418ae-ab94-438a-87c1-83b37ef15067/swagger?environmentName=Default HTTP/1.1 200 942 https://localhost:9443/devportal/apis/d02418ae-ab94-438a-87c1-83b37ef15067/test Mozilla/5.0 (Windows NT 10.0; Win64; x64) AppleWebKit/537.36 (KHTML, like Gecko) Chrome/114.0.0.0 Safari/537.36 0.054
0:0:0:0:0:0:0:1 - - [18/Jun/2023:16:11:35 +0100] GET /api/am/devportal/v3/swagger.yaml HTTP/1.1 200 26878 https://localhost:9443/devportal/apis/d02418ae-ab94-438a-87c1-83b37ef15067/test Mozilla/5.0 (Windows NT 10.0; Win64; x64) AppleWebKit/537.36 (KHTML, like Gecko) Chrome/114.0.0.0 Safari/537.36 0.019
127.0.0.1 - - [18/Jun/2023:16:11:35 +0100] GET /oauth2/token/.well-known/openid-configuration HTTP/1.1 200 2395 - Apache-HttpClient/4.5.13 (Java/17.0.6) 0.004
0:0:0:0:0:0:0:1 - - [18/Jun/2023:16:11:35 +0100] GET /api/am/devportal/v3/key-managers HTTP/1.1 200 763 https://localhost:9443/devportal/apis/d02418ae-ab94-438a-87c1-83b37ef15067/test Mozilla/5.0 (Windows NT 10.0; Win64; x64) AppleWebKit/537.36 (KHTML, like Gecko) Chrome/114.0.0.0 Safari/537.36 0.024
127.0.0.1 - - [18/Jun/2023:16:11:35 +0100] GET /keymanager-operations/dcr/register/aHFtbVBpYzM3TTI3dWxmandmQm1Qem9lNVdBYQ%3D%3D HTTP/1.1 200 518 - Apache-HttpClient/4.5.13 (Java/17.0.6) 0.003
127.0.0.1 - - [18/Jun/2023:16:11:35 +0100] GET /keymanager-operations/dcr/register/SEdFbjNMa0NQb0VEd1NHcVR0bDZxc3FVbGowYQ%3D%3D HTTP/1.1 200 531 - Apache-HttpClient/4.5.13 (Java/17.0.6) 0.002
