0:0:0:0:0:0:0:1 - - [18/Jun/2023:16:37:23 +0100] POST /api/am/publisher/v4/apis/c6b17439-fa73-4d33-a618-bf5b18176cd8/operation-policies HTTP/1.1 201 373 https://localhost:9443/publisher/apis/c6b17439-fa73-4d33-a618-bf5b18176cd8/policies Mozilla/5.0 (Windows NT 10.0; Win64; x64) AppleWebKit/537.36 (KHTML, like Gecko) Chrome/114.0.0.0 Safari/537.36 0.026
0:0:0:0:0:0:0:1 - - [18/Jun/2023:16:37:23 +0100] - 400 - - - 0.000
0:0:0:0:0:0:0:1 - - [18/Jun/2023:16:37:23 +0100] GET /api/am/publisher/v4/apis/c6b17439-fa73-4d33-a618-bf5b18176cd8/operation-policies?limit=500 HTTP/1.1 200 1365 https://localhost:9443/publisher/apis/c6b17439-fa73-4d33-a618-bf5b18176cd8/policies Mozilla/5.0 (Windows NT 10.0; Win64; x64) AppleWebKit/537.36 (KHTML, like Gecko) Chrome/114.0.0.0 Safari/537.36 0.006
0:0:0:0:0:0:0:1 - - [18/Jun/2023:16:37:23 +0100] GET /api/am/publisher/v4/operation-policies?limit=500 HTTP/1.1 200 4567 https://localhost:9443/publisher/apis/c6b17439-fa73-4d33-a618-bf5b18176cd8/policies Mozilla/5.0 (Windows NT 10.0; Win64; x64) AppleWebKit/537.36 (KHTML, like Gecko) Chrome/114.0.0.0 Safari/537.36 0.011
0:0:0:0:0:0:0:1 - - [18/Jun/2023:16:37:46 +0100] - 400 - - - 0.000
127.0.0.1 - - [18/Jun/2023:16:37:46 +0100] GET /api/identity/oauth2/v1.0/scopes/name/User HTTP/1.1 200 189 - Apache-HttpClient/4.5.13 (Java/17.0.6) 0.005
127.0.0.1 - - [18/Jun/2023:16:37:46 +0100] GET /api/identity/oauth2/v1.0/scopes/name/Admin HTTP/1.1 200 153 - Apache-HttpClient/4.5.13 (Java/17.0.6) 0.004
0:0:0:0:0:0:0:1 - - [18/Jun/2023:16:37:46 +0100] PUT /api/am/publisher/v4/apis/c6b17439-fa73-4d33-a618-bf5b18176cd8 HTTP/1.1 200 2278 https://localhost:9443/publisher/apis/c6b17439-fa73-4d33-a618-bf5b18176cd8/policies Mozilla/5.0 (Windows NT 10.0; Win64; x64) AppleWebKit/537.36 (KHTML, like Gecko) Chrome/114.0.0.0 Safari/537.36 0.135
0:0:0:0:0:0:0:1 - - [18/Jun/2023:16:37:46 +0100] - 400 - - - 0.000
0:0:0:0:0:0:0:1 - - [18/Jun/2023:16:37:46 +0100] - 400 - - - 0.000
0:0:0:0:0:0:0:1 - - [18/Jun/2023:16:37:46 +0100] GET /api/am/publisher/v4/apis/c6b17439-fa73-4d33-a618-bf5b18176cd8/operation-policies?limit=500 HTTP/1.1 200 1365 https://localhost:9443/publisher/apis/c6b17439-fa73-4d33-a618-bf5b18176cd8/policies Mozilla/5.0 (Windows NT 10.0; Win64; x64) AppleWebKit/537.36 (KHTML, like Gecko) Chrome/114.0.0.0 Safari/537.36 0.005
0:0:0:0:0:0:0:1 - - [18/Jun/2023:16:37:46 +0100] GET /api/am/publisher/v4/operation-policies?limit=500 HTTP/1.1 200 4567 https://localhost:9443/publisher/apis/c6b17439-fa73-4d33-a618-bf5b18176cd8/policies Mozilla/5.0 (Windows NT 10.0; Win64; x64) AppleWebKit/537.36 (KHTML, like Gecko) Chrome/114.0.0.0 Safari/537.36 0.005
0:0:0:0:0:0:0:1 - - [18/Jun/2023:16:37:46 +0100] GET /api/am/publisher/v4/apis/c6b17439-fa73-4d33-a618-bf5b18176cd8/swagger HTTP/1.1 200 1277 https://localhost:9443/publisher/apis/c6b17439-fa73-4d33-a618-bf5b18176cd8/policies Mozilla/5.0 (Windows NT 10.0; Win64; x64) AppleWebKit/537.36 (KHTML, like Gecko) Chrome/114.0.0.0 Safari/537.36 0.014
127.0.0.1 - - [18/Jun/2023:16:37:51 +0100] GET /internal/data/v1/apis?context=/acme_pt/1.0.0&version=1.0.0&gatewayLabel=Default HTTP/1.1 200 611 - Apache-HttpClient/4.5.13 (Java/17.0.6) 0.004
127.0.0.1 - - [18/Jun/2023:16:37:51 +0100] GET /internal/data/v1/apis?context=/acme_pt/1.0.0&version=1.0.0&gatewayLabel=Default HTTP/1.1 200 611 - Apache-HttpClient/4.5.13 (Java/17.0.6) 0.003
0:0:0:0:0:0:0:1 - - [18/Jun/2023:16:37:54 +0100] - 400 - - - 0.000
0:0:0:0:0:0:0:1 - - [18/Jun/2023:16:37:54 +0100] DELETE /api/am/publisher/v4/apis/c6b17439-fa73-4d33-a618-bf5b18176cd8/operation-policies/8c93b27b-5d4b-4a56-aad7-9bdca37bc9db HTTP/1.1 200 - https://localhost:9443/publisher/apis/c6b17439-fa73-4d33-a618-bf5b18176cd8/policies Mozilla/5.0 (Windows NT 10.0; Win64; x64) AppleWebKit/537.36 (KHTML, like Gecko) Chrome/114.0.0.0 Safari/537.36 0.004
0:0:0:0:0:0:0:1 - - [18/Jun/2023:16:37:54 +0100] - 400 - - - 0.000
0:0:0:0:0:0:0:1 - - [18/Jun/2023:16:37:54 +0100] GET /api/am/publisher/v4/apis/c6b17439-fa73-4d33-a618-bf5b18176cd8/operation-policies?limit=500 HTTP/1.1 200 1307 https://localhost:9443/publisher/apis/c6b17439-fa73-4d33-a618-bf5b18176cd8/policies Mozilla/5.0 (Windows NT 10.0; Win64; x64) AppleWebKit/537.36 (KHTML, like Gecko) Chrome/114.0.0.0 Safari/537.36 0.005
0:0:0:0:0:0:0:1 - - [18/Jun/2023:16:37:54 +0100] GET /api/am/publisher/v4/operation-policies?limit=500 HTTP/1.1 200 4567 https://localhost:9443/publisher/apis/c6b17439-fa73-4d33-a618-bf5b18176cd8/policies Mozilla/5.0 (Windows NT 10.0; Win64; x64) AppleWebKit/537.36 (KHTML, like Gecko) Chrome/114.0.0.0 Safari/537.36 0.004
0:0:0:0:0:0:0:1 - - [18/Jun/2023:16:38:10 +0100] - 400 - - - 0.000
0:0:0:0:0:0:0:1 - - [18/Jun/2023:16:38:10 +0100] POST /api/am/publisher/v4/apis/c6b17439-fa73-4d33-a618-bf5b18176cd8/operation-policies HTTP/1.1 201 373 https://localhost:9443/publisher/apis/c6b17439-fa73-4d33-a618-bf5b18176cd8/policies Mozilla/5.0 (Windows NT 10.0; Win64; x64) AppleWebKit/537.36 (KHTML, like Gecko) Chrome/114.0.0.0 Safari/537.36 0.005
0:0:0:0:0:0:0:1 - - [18/Jun/2023:16:38:11 +0100] - 400 - - - 0.000
0:0:0:0:0:0:0:1 - - [18/Jun/2023:16:38:11 +0100] GET /api/am/publisher/v4/apis/c6b17439-fa73-4d33-a618-bf5b18176cd8/operation-policies?limit=500 HTTP/1.1 200 1367 https://localhost:9443/publisher/apis/c6b17439-fa73-4d33-a618-bf5b18176cd8/policies Mozilla/5.0 (Windows NT 10.0; Win64; x64) AppleWebKit/537.36 (KHTML, like Gecko) Chrome/114.0.0.0 Safari/537.36 0.005
0:0:0:0:0:0:0:1 - - [18/Jun/2023:16:38:11 +0100] GET /api/am/publisher/v4/operation-policies?limit=500 HTTP/1.1 200 4567 https://localhost:9443/publisher/apis/c6b17439-fa73-4d33-a618-bf5b18176cd8/policies Mozilla/5.0 (Windows NT 10.0; Win64; x64) AppleWebKit/537.36 (KHTML, like Gecko) Chrome/114.0.0.0 Safari/537.36 0.005
0:0:0:0:0:0:0:1 - - [18/Jun/2023:16:38:24 +0100] - 400 - - - 0.000
127.0.0.1 - - [18/Jun/2023:16:38:24 +0100] GET /api/identity/oauth2/v1.0/scopes/name/User HTTP/1.1 200 189 - Apache-HttpClient/4.5.13 (Java/17.0.6) 0.019
127.0.0.1 - - [18/Jun/2023:16:38:24 +0100] GET /api/identity/oauth2/v1.0/scopes/name/Admin HTTP/1.1 200 153 - Apache-HttpClient/4.5.13 (Java/17.0.6) 0.005
0:0:0:0:0:0:0:1 - - [18/Jun/2023:16:38:24 +0100] PUT /api/am/publisher/v4/apis/c6b17439-fa73-4d33-a618-bf5b18176cd8 HTTP/1.1 200 2311 https://localhost:9443/publisher/apis/c6b17439-fa73-4d33-a618-bf5b18176cd8/deployments Mozilla/5.0 (Windows NT 10.0; Win64; x64) AppleWebKit/537.36 (KHTML, like Gecko) Chrome/114.0.0.0 Safari/537.36 0.161
0:0:0:0:0:0:0:1 - - [18/Jun/2023:16:38:24 +0100] GET /api/am/publisher/v4/apis/c6b17439-fa73-4d33-a618-bf5b18176cd8/asyncapi HTTP/1.1 200 - https://localhost:9443/publisher/apis/c6b17439-fa73-4d33-a618-bf5b18176cd8/deployments Mozilla/5.0 (Windows NT 10.0; Win64; x64) AppleWebKit/537.36 (KHTML, like Gecko) Chrome/114.0.0.0 Safari/537.36 0.037
0:0:0:0:0:0:0:1 - - [18/Jun/2023:16:38:24 +0100] GET /api/am/publisher/v4/apis/c6b17439-fa73-4d33-a618-bf5b18176cd8/asyncapi HTTP/1.1 200 - https://localhost:9443/publisher/apis/c6b17439-fa73-4d33-a618-bf5b18176cd8/deployments Mozilla/5.0 (Windows NT 10.0; Win64; x64) AppleWebKit/537.36 (KHTML, like Gecko) Chrome/114.0.0.0 Safari/537.36 0.024
0:0:0:0:0:0:0:1 - - [18/Jun/2023:16:38:29 +0100] DELETE /api/am/publisher/v4/apis/c6b17439-fa73-4d33-a618-bf5b18176cd8/revisions/8cb57633-cab1-4497-9d58-b7da8d31695e HTTP/1.1 200 974 https://localhost:9443/publisher/apis/c6b17439-fa73-4d33-a618-bf5b18176cd8/deployments Mozilla/5.0 (Windows NT 10.0; Win64; x64) AppleWebKit/537.36 (KHTML, like Gecko) Chrome/114.0.0.0 Safari/537.36 0.010
0:0:0:0:0:0:0:1 - - [18/Jun/2023:16:38:29 +0100] - 400 - - - 0.000
0:0:0:0:0:0:0:1 - - [18/Jun/2023:16:38:29 +0100] - 400 - - - 0.000
0:0:0:0:0:0:0:1 - - [18/Jun/2023:16:38:29 +0100] GET /api/am/publisher/v4/apis/c6b17439-fa73-4d33-a618-bf5b18176cd8/revisions HTTP/1.1 200 974 https://localhost:9443/publisher/apis/c6b17439-fa73-4d33-a618-bf5b18176cd8/deployments Mozilla/5.0 (Windows NT 10.0; Win64; x64) AppleWebKit/537.36 (KHTML, like Gecko) Chrome/114.0.0.0 Safari/537.36 0.004
127.0.0.1 - - [18/Jun/2023:16:38:29 +0100] GET /internal/data/v1/apis?context=/acme_pt/1.0.0&version=1.0.0&gatewayLabel=Default HTTP/1.1 200 611 - Apache-HttpClient/4.5.13 (Java/17.0.6) 0.006
0:0:0:0:0:0:0:1 - - [18/Jun/2023:16:38:29 +0100] GET /api/am/publisher/v4/apis/c6b17439-fa73-4d33-a618-bf5b18176cd8/asyncapi HTTP/1.1 200 - https://localhost:9443/publisher/apis/c6b17439-fa73-4d33-a618-bf5b18176cd8/deployments Mozilla/5.0 (Windows NT 10.0; Win64; x64) AppleWebKit/537.36 (KHTML, like Gecko) Chrome/114.0.0.0 Safari/537.36 0.014
127.0.0.1 - - [18/Jun/2023:16:38:29 +0100] GET /internal/data/v1/apis?context=/acme_pt/1.0.0&version=1.0.0&gatewayLabel=Default HTTP/1.1 200 611 - Apache-HttpClient/4.5.13 (Java/17.0.6) 0.004
0:0:0:0:0:0:0:1 - - [18/Jun/2023:16:38:29 +0100] POST /api/am/publisher/v4/apis/c6b17439-fa73-4d33-a618-bf5b18176cd8/revisions HTTP/1.1 201 194 https://localhost:9443/publisher/apis/c6b17439-fa73-4d33-a618-bf5b18176cd8/deployments Mozilla/5.0 (Windows NT 10.0; Win64; x64) AppleWebKit/537.36 (KHTML, like Gecko) Chrome/114.0.0.0 Safari/537.36 0.161
0:0:0:0:0:0:0:1 - - [18/Jun/2023:16:38:29 +0100] GET /api/am/publisher/v4/apis/c6b17439-fa73-4d33-a618-bf5b18176cd8/asyncapi HTTP/1.1 200 - https://localhost:9443/publisher/apis/c6b17439-fa73-4d33-a618-bf5b18176cd8/deployments Mozilla/5.0 (Windows NT 10.0; Win64; x64) AppleWebKit/537.36 (KHTML, like Gecko) Chrome/114.0.0.0 Safari/537.36 0.009
0:0:0:0:0:0:0:1 - - [18/Jun/2023:16:38:29 +0100] POST /api/am/publisher/v4/apis/c6b17439-fa73-4d33-a618-bf5b18176cd8/deploy-revision?revisionId=84cdc252-365c-4cd4-adf7-aeb9ca633f28 HTTP/1.1 201 176 https://localhost:9443/publisher/apis/c6b17439-fa73-4d33-a618-bf5b18176cd8/deployments Mozilla/5.0 (Windows NT 10.0; Win64; x64) AppleWebKit/537.36 (KHTML, like Gecko) Chrome/114.0.0.0 Safari/537.36 0.022
0:0:0:0:0:0:0:1 - - [18/Jun/2023:16:38:30 +0100] GET /api/am/publisher/v4/apis/c6b17439-fa73-4d33-a618-bf5b18176cd8/revisions?query=deployed%3Atrue HTTP/1.1 200 389 https://localhost:9443/publisher/apis/c6b17439-fa73-4d33-a618-bf5b18176cd8/deployments Mozilla/5.0 (Windows NT 10.0; Win64; x64) AppleWebKit/537.36 (KHTML, like Gecko) Chrome/114.0.0.0 Safari/537.36 0.003
0:0:0:0:0:0:0:1 - - [18/Jun/2023:16:38:30 +0100] GET /api/am/publisher/v4/apis/c6b17439-fa73-4d33-a618-bf5b18176cd8/revisions HTTP/1.1 200 412 https://localhost:9443/publisher/apis/c6b17439-fa73-4d33-a618-bf5b18176cd8/deployments Mozilla/5.0 (Windows NT 10.0; Win64; x64) AppleWebKit/537.36 (KHTML, like Gecko) Chrome/114.0.0.0 Safari/537.36 0.003
0:0:0:0:0:0:0:1 - - [18/Jun/2023:16:38:30 +0100] GET /api/am/publisher/v4/apis/c6b17439-fa73-4d33-a618-bf5b18176cd8/asyncapi HTTP/1.1 200 - https://localhost:9443/publisher/apis/c6b17439-fa73-4d33-a618-bf5b18176cd8/deployments Mozilla/5.0 (Windows NT 10.0; Win64; x64) AppleWebKit/537.36 (KHTML, like Gecko) Chrome/114.0.0.0 Safari/537.36 0.008
0:0:0:0:0:0:0:1 - - [18/Jun/2023:16:38:30 +0100] GET /api/am/publisher/v4/apis/c6b17439-fa73-4d33-a618-bf5b18176cd8/asyncapi HTTP/1.1 200 - https://localhost:9443/publisher/apis/c6b17439-fa73-4d33-a618-bf5b18176cd8/deployments Mozilla/5.0 (Windows NT 10.0; Win64; x64) AppleWebKit/537.36 (KHTML, like Gecko) Chrome/114.0.0.0 Safari/537.36 0.010
127.0.0.1 - - [18/Jun/2023:16:38:30 +0100] GET /internal/data/v1/apis?context=/acme_pt/1.0.0&version=1.0.0&gatewayLabel=Default HTTP/1.1 200 611 - Apache-HttpClient/4.5.13 (Java/17.0.6) 0.005
0:0:0:0:0:0:0:1 - - [18/Jun/2023:16:38:30 +0100] GET /api/am/publisher/v4/apis/c6b17439-fa73-4d33-a618-bf5b18176cd8/asyncapi HTTP/1.1 200 - https://localhost:9443/publisher/apis/c6b17439-fa73-4d33-a618-bf5b18176cd8/deployments Mozilla/5.0 (Windows NT 10.0; Win64; x64) AppleWebKit/537.36 (KHTML, like Gecko) Chrome/114.0.0.0 Safari/537.36 0.010
127.0.0.1 - - [18/Jun/2023:16:38:35 +0100] GET /internal/data/v1/runtime-artifacts?apiId=c6b17439-fa73-4d33-a618-bf5b18176cd8&gatewayLabel=RGVmYXVsdA&type=Synapse HTTP/1.1 200 5554 - Apache-HttpClient/4.5.13 (Java/17.0.6) 0.210
127.0.0.1 - - [18/Jun/2023:16:38:35 +0100] GET /internal/data/v1/apis?context=/acme_pt/1.0.0&version=1.0.0&gatewayLabel=Default HTTP/1.1 200 611 - Apache-HttpClient/4.5.13 (Java/17.0.6) 0.003
0:0:0:0:0:0:0:1 - - [18/Jun/2023:16:38:44 +0100] - 400 - - - 0.000
0:0:0:0:0:0:0:1 - - [18/Jun/2023:16:38:44 +0100] - 400 - - - 0.000
0:0:0:0:0:0:0:1 - - [18/Jun/2023:16:38:44 +0100] - 400 - - - 0.000
0:0:0:0:0:0:0:1 - - [18/Jun/2023:16:38:44 +0100] - 400 - - - 0.000
0:0:0:0:0:0:0:1 - - [18/Jun/2023:16:38:44 +0100] GET /api/am/publisher/v4/throttling-policies/api?limit=80 HTTP/1.1 200 407 https://localhost:9443/publisher/apis/c6b17439-fa73-4d33-a618-bf5b18176cd8/resources Mozilla/5.0 (Windows NT 10.0; Win64; x64) AppleWebKit/537.36 (KHTML, like Gecko) Chrome/114.0.0.0 Safari/537.36 0.002
0:0:0:0:0:0:0:1 - - [18/Jun/2023:16:38:44 +0100] GET /api/am/publisher/v4/scopes HTTP/1.1 200 388 https://localhost:9443/publisher/apis/c6b17439-fa73-4d33-a618-bf5b18176cd8/resources Mozilla/5.0 (Windows NT 10.0; Win64; x64) AppleWebKit/537.36 (KHTML, like Gecko) Chrome/114.0.0.0 Safari/537.36 0.003
0:0:0:0:0:0:0:1 - - [18/Jun/2023:16:38:44 +0100] GET /api/am/publisher/v4/apis/c6b17439-fa73-4d33-a618-bf5b18176cd8/amznResourceNames HTTP/1.1 200 2 https://localhost:9443/publisher/apis/c6b17439-fa73-4d33-a618-bf5b18176cd8/resources Mozilla/5.0 (Windows NT 10.0; Win64; x64) AppleWebKit/537.36 (KHTML, like Gecko) Chrome/114.0.0.0 Safari/537.36 0.008
0:0:0:0:0:0:0:1 - - [18/Jun/2023:16:38:44 +0100] GET /api/am/publisher/v4/apis/c6b17439-fa73-4d33-a618-bf5b18176cd8/swagger HTTP/1.1 200 1277 https://localhost:9443/publisher/apis/c6b17439-fa73-4d33-a618-bf5b18176cd8/resources Mozilla/5.0 (Windows NT 10.0; Win64; x64) AppleWebKit/537.36 (KHTML, like Gecko) Chrome/114.0.0.0 Safari/537.36 0.018
0:0:0:0:0:0:0:1 - - [18/Jun/2023:16:38:49 +0100] GET /devportal/site/public/images/_favicon.ico HTTP/1.1 200 1150 https://localhost:9443/devportal/apis/d02418ae-ab94-438a-87c1-83b37ef15067/credentials Mozilla/5.0 (Windows NT 10.0; Win64; x64) AppleWebKit/537.36 (KHTML, like Gecko) Chrome/114.0.0.0 Safari/537.36 0.002
0:0:0:0:0:0:0:1 - - [18/Jun/2023:16:38:49 +0100] GET /devportal/site/public/images/_favicon.ico HTTP/1.1 200 1150 https://localhost:9443/devportal/apis/d02418ae-ab94-438a-87c1-83b37ef15067/test Mozilla/5.0 (Windows NT 10.0; Win64; x64) AppleWebKit/537.36 (KHTML, like Gecko) Chrome/114.0.0.0 Safari/537.36 0.001
0:0:0:0:0:0:0:1 - - [18/Jun/2023:16:38:49 +0100] GET /api/am/devportal/v3/apis/d02418ae-ab94-438a-87c1-83b37ef15067 HTTP/1.1 200 1708 https://localhost:9443/devportal/apis/d02418ae-ab94-438a-87c1-83b37ef15067/test Mozilla/5.0 (Windows NT 10.0; Win64; x64) AppleWebKit/537.36 (KHTML, like Gecko) Chrome/114.0.0.0 Safari/537.36 0.078
0:0:0:0:0:0:0:1 - - [18/Jun/2023:16:38:49 +0100] GET /api/am/devportal/v3/apis/d02418ae-ab94-438a-87c1-83b37ef15067/swagger?environmentName=Default HTTP/1.1 200 942 https://localhost:9443/devportal/apis/d02418ae-ab94-438a-87c1-83b37ef15067/test Mozilla/5.0 (Windows NT 10.0; Win64; x64) AppleWebKit/537.36 (KHTML, like Gecko) Chrome/114.0.0.0 Safari/537.36 0.026
0:0:0:0:0:0:0:1 - - [18/Jun/2023:16:38:50 +0100] GET /api/am/devportal/v3/swagger.yaml HTTP/1.1 200 26878 https://localhost:9443/devportal/apis/d02418ae-ab94-438a-87c1-83b37ef15067/test Mozilla/5.0 (Windows NT 10.0; Win64; x64) AppleWebKit/537.36 (KHTML, like Gecko) Chrome/114.0.0.0 Safari/537.36 0.010
127.0.0.1 - - [18/Jun/2023:16:38:50 +0100] GET /oauth2/token/.well-known/openid-configuration HTTP/1.1 200 2395 - Apache-HttpClient/4.5.13 (Java/17.0.6) 0.032
127.0.0.1 - - [18/Jun/2023:16:38:50 +0100] GET /keymanager-operations/dcr/register/aHFtbVBpYzM3TTI3dWxmandmQm1Qem9lNVdBYQ%3D%3D HTTP/1.1 200 518 - Apache-HttpClient/4.5.13 (Java/17.0.6) 0.031
0:0:0:0:0:0:0:1 - - [18/Jun/2023:16:38:50 +0100] GET /api/am/devportal/v3/key-managers HTTP/1.1 200 763 https://localhost:9443/devportal/apis/d02418ae-ab94-438a-87c1-83b37ef15067/test Mozilla/5.0 (Windows NT 10.0; Win64; x64) AppleWebKit/537.36 (KHTML, like Gecko) Chrome/114.0.0.0 Safari/537.36 0.063
127.0.0.1 - - [18/Jun/2023:16:38:50 +0100] GET /keymanager-operations/dcr/register/SEdFbjNMa0NQb0VEd1NHcVR0bDZxc3FVbGowYQ%3D%3D HTTP/1.1 200 531 - Apache-HttpClient/4.5.13 (Java/17.0.6) 0.003
0:0:0:0:0:0:0:1 - - [18/Jun/2023:16:38:50 +0100] GET /api/am/devportal/v3/subscriptions?apiId=d02418ae-ab94-438a-87c1-83b37ef15067&limit=25 HTTP/1.1 200 721 https://localhost:9443/devportal/apis/d02418ae-ab94-438a-87c1-83b37ef15067/test Mozilla/5.0 (Windows NT 10.0; Win64; x64) AppleWebKit/537.36 (KHTML, like Gecko) Chrome/114.0.0.0 Safari/537.36 0.076
127.0.0.1 - - [18/Jun/2023:16:38:50 +0100] GET /keymanager-operations/dcr/register/aHFtbVBpYzM3TTI3dWxmandmQm1Qem9lNVdBYQ%3D%3D HTTP/1.1 200 518 - Apache-HttpClient/4.5.13 (Java/17.0.6) 0.002
127.0.0.1 - - [18/Jun/2023:16:38:50 +0100] GET /keymanager-operations/dcr/register/SEdFbjNMa0NQb0VEd1NHcVR0bDZxc3FVbGowYQ%3D%3D HTTP/1.1 200 531 - Apache-HttpClient/4.5.13 (Java/17.0.6) 0.002
0:0:0:0:0:0:0:1 - - [18/Jun/2023:16:38:50 +0100] GET /api/am/devportal/v3/subscriptions?apiId=d02418ae-ab94-438a-87c1-83b37ef15067&limit=25 HTTP/1.1 200 721 https://localhost:9443/devportal/apis/d02418ae-ab94-438a-87c1-83b37ef15067/test Mozilla/5.0 (Windows NT 10.0; Win64; x64) AppleWebKit/537.36 (KHTML, like Gecko) Chrome/114.0.0.0 Safari/537.36 0.022
0:0:0:0:0:0:0:1 - - [18/Jun/2023:16:38:50 +0100] GET /api/am/devportal/v3/applications/ HTTP/1.1 200 492 https://localhost:9443/devportal/apis/d02418ae-ab94-438a-87c1-83b37ef15067/test Mozilla/5.0 (Windows NT 10.0; Win64; x64) AppleWebKit/537.36 (KHTML, like Gecko) Chrome/114.0.0.0 Safari/537.36 0.012
0:0:0:0:0:0:0:1 - - [18/Jun/2023:16:38:50 +0100] GET /api/am/devportal/v3/swagger.yaml HTTP/1.1 200 26878 https://localhost:9443/devportal/apis/d02418ae-ab94-438a-87c1-83b37ef15067/test Mozilla/5.0 (Windows NT 10.0; Win64; x64) AppleWebKit/537.36 (KHTML, like Gecko) Chrome/114.0.0.0 Safari/537.36 0.005
127.0.0.1 - - [18/Jun/2023:16:38:50 +0100] GET /keymanager-operations/dcr/register/aHFtbVBpYzM3TTI3dWxmandmQm1Qem9lNVdBYQ%3D%3D HTTP/1.1 200 518 - Apache-HttpClient/4.5.13 (Java/17.0.6) 0.002
127.0.0.1 - - [18/Jun/2023:16:38:50 +0100] GET /keymanager-operations/dcr/register/SEdFbjNMa0NQb0VEd1NHcVR0bDZxc3FVbGowYQ%3D%3D HTTP/1.1 200 531 - Apache-HttpClient/4.5.13 (Java/17.0.6) 0.001
0:0:0:0:0:0:0:1 - - [18/Jun/2023:16:38:50 +0100] GET /api/am/devportal/v3/applications/6cc3231f-f7b9-437e-93fd-41d67fc514af HTTP/1.1 200 503 https://localhost:9443/devportal/apis/d02418ae-ab94-438a-87c1-83b37ef15067/test Mozilla/5.0 (Windows NT 10.0; Win64; x64) AppleWebKit/537.36 (KHTML, like Gecko) Chrome/114.0.0.0 Safari/537.36 0.012
127.0.0.1 - - [18/Jun/2023:16:38:50 +0100] GET /keymanager-operations/dcr/register/aHFtbVBpYzM3TTI3dWxmandmQm1Qem9lNVdBYQ%3D%3D HTTP/1.1 200 518 - Apache-HttpClient/4.5.13 (Java/17.0.6) 0.002
127.0.0.1 - - [18/Jun/2023:16:38:50 +0100] GET /keymanager-operations/dcr/register/SEdFbjNMa0NQb0VEd1NHcVR0bDZxc3FVbGowYQ%3D%3D HTTP/1.1 200 531 - Apache-HttpClient/4.5.13 (Java/17.0.6) 0.002
0:0:0:0:0:0:0:1 - - [18/Jun/2023:16:38:50 +0100] GET /api/am/devportal/v3/applications/6cc3231f-f7b9-437e-93fd-41d67fc514af/oauth-keys HTTP/1.1 200 556 https://localhost:9443/devportal/apis/d02418ae-ab94-438a-87c1-83b37ef15067/test Mozilla/5.0 (Windows NT 10.0; Win64; x64) AppleWebKit/537.36 (KHTML, like Gecko) Chrome/114.0.0.0 Safari/537.36 0.010
0:0:0:0:0:0:0:1 - - [18/Jun/2023:16:38:50 +0100] GET /api/am/devportal/v3/swagger.yaml HTTP/1.1 200 26878 https://localhost:9443/devportal/apis/d02418ae-ab94-438a-87c1-83b37ef15067/test Mozilla/5.0 (Windows NT 10.0; Win64; x64) AppleWebKit/537.36 (KHTML, like Gecko) Chrome/114.0.0.0 Safari/537.36 0.015
0:0:0:0:0:0:0:1 - - [18/Jun/2023:16:38:50 +0100] GET /api/am/devportal/v3/swagger.yaml HTTP/1.1 200 26878 https://localhost:9443/devportal/apis/d02418ae-ab94-438a-87c1-83b37ef15067/test Mozilla/5.0 (Windows NT 10.0; Win64; x64) AppleWebKit/537.36 (KHTML, like Gecko) Chrome/114.0.0.0 Safari/537.36 0.007
127.0.0.1 - - [18/Jun/2023:16:38:50 +0100] GET /keymanager-operations/dcr/register/aHFtbVBpYzM3TTI3dWxmandmQm1Qem9lNVdBYQ%3D%3D HTTP/1.1 200 518 - Apache-HttpClient/4.5.13 (Java/17.0.6) 0.001
127.0.0.1 - - [18/Jun/2023:16:38:50 +0100] GET /keymanager-operations/dcr/register/SEdFbjNMa0NQb0VEd1NHcVR0bDZxc3FVbGowYQ%3D%3D HTTP/1.1 200 531 - Apache-HttpClient/4.5.13 (Java/17.0.6) 0.002
0:0:0:0:0:0:0:1 - - [18/Jun/2023:16:38:50 +0100] GET /api/am/devportal/v3/applications/6cc3231f-f7b9-437e-93fd-41d67fc514af HTTP/1.1 200 503 https://localhost:9443/devportal/apis/d02418ae-ab94-438a-87c1-83b37ef15067/test Mozilla/5.0 (Windows NT 10.0; Win64; x64) AppleWebKit/537.36 (KHTML, like Gecko) Chrome/114.0.0.0 Safari/537.36 0.009
127.0.0.1 - - [18/Jun/2023:16:38:50 +0100] GET /keymanager-operations/dcr/register/SEdFbjNMa0NQb0VEd1NHcVR0bDZxc3FVbGowYQ%3D%3D HTTP/1.1 200 531 - Apache-HttpClient/4.5.13 (Java/17.0.6) 0.002
127.0.0.1 - - [18/Jun/2023:16:38:50 +0100] GET /keymanager-operations/dcr/register/SEdFbjNMa0NQb0VEd1NHcVR0bDZxc3FVbGowYQ%3D%3D HTTP/1.1 200 531 - Apache-HttpClient/4.5.13 (Java/17.0.6) 0.001
127.0.0.1 - - [18/Jun/2023:16:38:50 +0100] GET /keymanager-operations/dcr/register/aHFtbVBpYzM3TTI3dWxmandmQm1Qem9lNVdBYQ%3D%3D HTTP/1.1 200 518 - Apache-HttpClient/4.5.13 (Java/17.0.6) 0.002
127.0.0.1 - - [18/Jun/2023:16:38:50 +0100] GET /keymanager-operations/dcr/register/aHFtbVBpYzM3TTI3dWxmandmQm1Qem9lNVdBYQ%3D%3D HTTP/1.1 200 518 - Apache-HttpClient/4.5.13 (Java/17.0.6) 0.002
0:0:0:0:0:0:0:1 - - [18/Jun/2023:16:38:50 +0100] GET /api/am/devportal/v3/applications/6cc3231f-f7b9-437e-93fd-41d67fc514af HTTP/1.1 200 503 https://localhost:9443/devportal/apis/d02418ae-ab94-438a-87c1-83b37ef15067/test Mozilla/5.0 (Windows NT 10.0; Win64; x64) AppleWebKit/537.36 (KHTML, like Gecko) Chrome/114.0.0.0 Safari/537.36 0.011
0:0:0:0:0:0:0:1 - - [18/Jun/2023:16:38:50 +0100] GET /api/am/devportal/v3/applications/6cc3231f-f7b9-437e-93fd-41d67fc514af/oauth-keys HTTP/1.1 200 556 https://localhost:9443/devportal/apis/d02418ae-ab94-438a-87c1-83b37ef15067/test Mozilla/5.0 (Windows NT 10.0; Win64; x64) AppleWebKit/537.36 (KHTML, like Gecko) Chrome/114.0.0.0 Safari/537.36 0.009
127.0.0.1 - - [18/Jun/2023:16:38:50 +0100] GET /keymanager-operations/dcr/register/SEdFbjNMa0NQb0VEd1NHcVR0bDZxc3FVbGowYQ%3D%3D HTTP/1.1 200 531 - Apache-HttpClient/4.5.13 (Java/17.0.6) 0.001
127.0.0.1 - - [18/Jun/2023:16:38:50 +0100] GET /keymanager-operations/dcr/register/aHFtbVBpYzM3TTI3dWxmandmQm1Qem9lNVdBYQ%3D%3D HTTP/1.1 200 518 - Apache-HttpClient/4.5.13 (Java/17.0.6) 0.002
0:0:0:0:0:0:0:1 - - [18/Jun/2023:16:38:50 +0100] GET /api/am/devportal/v3/applications/6cc3231f-f7b9-437e-93fd-41d67fc514af/oauth-keys HTTP/1.1 200 556 https://localhost:9443/devportal/apis/d02418ae-ab94-438a-87c1-83b37ef15067/test Mozilla/5.0 (Windows NT 10.0; Win64; x64) AppleWebKit/537.36 (KHTML, like Gecko) Chrome/114.0.0.0 Safari/537.36 0.008
0:0:0:0:0:0:0:1 - - [18/Jun/2023:16:38:57 +0100] - 400 - - - 0.000
0:0:0:0:0:0:0:1 - - [18/Jun/2023:16:38:57 +0100] - 400 - - - 0.000
0:0:0:0:0:0:0:1 - - [18/Jun/2023:16:38:57 +0100] - 400 - - - 0.000
0:0:0:0:0:0:0:1 - - [18/Jun/2023:16:38:57 +0100] - 400 - - - 0.000
0:0:0:0:0:0:0:1 - - [18/Jun/2023:16:38:57 +0100] GET /devportal/site/public/images/_favicon.ico HTTP/1.1 200 1150 https://localhost:9443/devportal/apis Mozilla/5.0 (Windows NT 10.0; Win64; x64) AppleWebKit/537.36 (KHTML, like Gecko) Chrome/114.0.0.0 Safari/537.36 0.003
0:0:0:0:0:0:0:1 - - [18/Jun/2023:16:38:57 +0100] - 400 - - - 0.000
0:0:0:0:0:0:0:1 - - [18/Jun/2023:16:38:57 +0100] GET /devportal/site/public/images/_favicon.ico HTTP/1.1 200 1150 https://localhost:9443/devportal/apis Mozilla/5.0 (Windows NT 10.0; Win64; x64) AppleWebKit/537.36 (KHTML, like Gecko) Chrome/114.0.0.0 Safari/537.36 0.001
0:0:0:0:0:0:0:1 - - [18/Jun/2023:16:38:57 +0100] GET /api/am/devportal/v3/api-categories HTTP/1.1 200 21 https://localhost:9443/devportal/apis Mozilla/5.0 (Windows NT 10.0; Win64; x64) AppleWebKit/537.36 (KHTML, like Gecko) Chrome/114.0.0.0 Safari/537.36 0.005
0:0:0:0:0:0:0:1 - - [18/Jun/2023:16:38:57 +0100] GET /api/am/devportal/v3/tags HTTP/1.1 200 92 https://localhost:9443/devportal/apis Mozilla/5.0 (Windows NT 10.0; Win64; x64) AppleWebKit/537.36 (KHTML, like Gecko) Chrome/114.0.0.0 Safari/537.36 0.025
0:0:0:0:0:0:0:1 - - [18/Jun/2023:16:38:57 +0100] GET /api/am/devportal/v3/apis?limit=10&offset=0 HTTP/1.1 200 619 https://localhost:9443/devportal/apis Mozilla/5.0 (Windows NT 10.0; Win64; x64) AppleWebKit/537.36 (KHTML, like Gecko) Chrome/114.0.0.0 Safari/537.36 0.035
0:0:0:0:0:0:0:1 - - [18/Jun/2023:16:38:57 +0100] GET /api/am/devportal/v3/apis/c6b17439-fa73-4d33-a618-bf5b18176cd8/thumbnail HTTP/1.1 204 - https://localhost:9443/devportal/apis Mozilla/5.0 (Windows NT 10.0; Win64; x64) AppleWebKit/537.36 (KHTML, like Gecko) Chrome/114.0.0.0 Safari/537.36 0.011
0:0:0:0:0:0:0:1 - - [18/Jun/2023:16:38:57 +0100] - 400 - - - 0.000
0:0:0:0:0:0:0:1 - - [18/Jun/2023:16:38:57 +0100] - 400 - - - 0.000
0:0:0:0:0:0:0:1 - - [18/Jun/2023:16:38:57 +0100] GET /api/am/devportal/v3/apis/c6b17439-fa73-4d33-a618-bf5b18176cd8/ratings HTTP/1.1 200 125 https://localhost:9443/devportal/apis Mozilla/5.0 (Windows NT 10.0; Win64; x64) AppleWebKit/537.36 (KHTML, like Gecko) Chrome/114.0.0.0 Safari/537.36 0.020
0:0:0:0:0:0:0:1 - - [18/Jun/2023:16:38:57 +0100] GET /api/am/devportal/v3/apis/d02418ae-ab94-438a-87c1-83b37ef15067/thumbnail HTTP/1.1 204 - https://localhost:9443/devportal/apis Mozilla/5.0 (Windows NT 10.0; Win64; x64) AppleWebKit/537.36 (KHTML, like Gecko) Chrome/114.0.0.0 Safari/537.36 0.022
0:0:0:0:0:0:0:1 - - [18/Jun/2023:16:38:57 +0100] GET /api/am/devportal/v3/apis/d02418ae-ab94-438a-87c1-83b37ef15067/ratings HTTP/1.1 200 125 https://localhost:9443/devportal/apis Mozilla/5.0 (Windows NT 10.0; Win64; x64) AppleWebKit/537.36 (KHTML, like Gecko) Chrome/114.0.0.0 Safari/537.36 0.023
0:0:0:0:0:0:0:1 - - [18/Jun/2023:16:38:57 +0100] GET /api/am/devportal/v3/apis/6f7f8f85-a5f3-428e-b187-cbdb08192bba/ratings HTTP/1.1 200 125 https://localhost:9443/devportal/apis Mozilla/5.0 (Windows NT 10.0; Win64; x64) AppleWebKit/537.36 (KHTML, like Gecko) Chrome/114.0.0.0 Safari/537.36 0.009
0:0:0:0:0:0:0:1 - - [18/Jun/2023:16:38:57 +0100] GET /api/am/devportal/v3/apis/6f7f8f85-a5f3-428e-b187-cbdb08192bba/thumbnail HTTP/1.1 204 - https://localhost:9443/devportal/apis Mozilla/5.0 (Windows NT 10.0; Win64; x64) AppleWebKit/537.36 (KHTML, like Gecko) Chrome/114.0.0.0 Safari/537.36 0.011
0:0:0:0:0:0:0:1 - - [18/Jun/2023:16:38:58 +0100] GET /api/am/devportal/v3/applications?limit=5000 HTTP/1.1 200 493 https://localhost:9443/devportal/apis/c6b17439-fa73-4d33-a618-bf5b18176cd8 Mozilla/5.0 (Windows NT 10.0; Win64; x64) AppleWebKit/537.36 (KHTML, like Gecko) Chrome/114.0.0.0 Safari/537.36 0.004
0:0:0:0:0:0:0:1 - - [18/Jun/2023:16:38:58 +0100] GET /devportal/site/public/images/_favicon.ico HTTP/1.1 200 1150 https://localhost:9443/devportal/apis/c6b17439-fa73-4d33-a618-bf5b18176cd8 Mozilla/5.0 (Windows NT 10.0; Win64; x64) AppleWebKit/537.36 (KHTML, like Gecko) Chrome/114.0.0.0 Safari/537.36 0.001
0:0:0:0:0:0:0:1 - - [18/Jun/2023:16:38:58 +0100] GET /api/am/devportal/v3/apis/c6b17439-fa73-4d33-a618-bf5b18176cd8 HTTP/1.1 200 1707 https://localhost:9443/devportal/apis/c6b17439-fa73-4d33-a618-bf5b18176cd8 Mozilla/5.0 (Windows NT 10.0; Win64; x64) AppleWebKit/537.36 (KHTML, like Gecko) Chrome/114.0.0.0 Safari/537.36 0.010
127.0.0.1 - - [18/Jun/2023:16:38:58 +0100] GET /keymanager-operations/dcr/register/R1cwOWxVbHVSNFVqbkJBRVJjVmVIck03SEc0YQ%3D%3D HTTP/1.1 200 515 - Apache-HttpClient/4.5.13 (Java/17.0.6) 0.002
127.0.0.1 - - [18/Jun/2023:16:38:58 +0100] GET /keymanager-operations/dcr/register/R1cwOWxVbHVSNFVqbkJBRVJjVmVIck03SEc0YQ%3D%3D HTTP/1.1 200 515 - Apache-HttpClient/4.5.13 (Java/17.0.6) 0.001
127.0.0.1 - - [18/Jun/2023:16:38:58 +0100] GET /keymanager-operations/dcr/register/N3VqNDVWeW96NUpjek1JT1dzMDFYRXNBTnpJYQ%3D%3D HTTP/1.1 200 518 - Apache-HttpClient/4.5.13 (Java/17.0.6) 0.003
127.0.0.1 - - [18/Jun/2023:16:38:58 +0100] GET /keymanager-operations/dcr/register/N3VqNDVWeW96NUpjek1JT1dzMDFYRXNBTnpJYQ%3D%3D HTTP/1.1 200 518 - Apache-HttpClient/4.5.13 (Java/17.0.6) 0.003
0:0:0:0:0:0:0:1 - - [18/Jun/2023:16:38:58 +0100] GET /api/am/devportal/v3/subscriptions?apiId=c6b17439-fa73-4d33-a618-bf5b18176cd8&limit=5000 HTTP/1.1 200 715 https://localhost:9443/devportal/apis/c6b17439-fa73-4d33-a618-bf5b18176cd8 Mozilla/5.0 (Windows NT 10.0; Win64; x64) AppleWebKit/537.36 (KHTML, like Gecko) Chrome/114.0.0.0 Safari/537.36 0.021
0:0:0:0:0:0:0:1 - - [18/Jun/2023:16:38:58 +0100] GET /api/am/devportal/v3/subscriptions?apiId=c6b17439-fa73-4d33-a618-bf5b18176cd8&limit=25 HTTP/1.1 200 714 https://localhost:9443/devportal/apis/c6b17439-fa73-4d33-a618-bf5b18176cd8 Mozilla/5.0 (Windows NT 10.0; Win64; x64) AppleWebKit/537.36 (KHTML, like Gecko) Chrome/114.0.0.0 Safari/537.36 0.022
0:0:0:0:0:0:0:1 - - [18/Jun/2023:16:38:58 +0100] GET /api/am/devportal/v3/throttling-policies/subscription HTTP/1.1 200 657 https://localhost:9443/devportal/apis/c6b17439-fa73-4d33-a618-bf5b18176cd8/overview Mozilla/5.0 (Windows NT 10.0; Win64; x64) AppleWebKit/537.36 (KHTML, like Gecko) Chrome/114.0.0.0 Safari/537.36 0.006
0:0:0:0:0:0:0:1 - - [18/Jun/2023:16:38:58 +0100] GET /devportal/site/public/images/_favicon.ico HTTP/1.1 200 1150 https://localhost:9443/devportal/apis/c6b17439-fa73-4d33-a618-bf5b18176cd8/overview Mozilla/5.0 (Windows NT 10.0; Win64; x64) AppleWebKit/537.36 (KHTML, like Gecko) Chrome/114.0.0.0 Safari/537.36 0.001
0:0:0:0:0:0:0:1 - - [18/Jun/2023:16:38:58 +0100] GET /api/am/devportal/v3/apis/c6b17439-fa73-4d33-a618-bf5b18176cd8/documents HTTP/1.1 200 92 https://localhost:9443/devportal/apis/c6b17439-fa73-4d33-a618-bf5b18176cd8/overview Mozilla/5.0 (Windows NT 10.0; Win64; x64) AppleWebKit/537.36 (KHTML, like Gecko) Chrome/114.0.0.0 Safari/537.36 0.011
0:0:0:0:0:0:0:1 - - [18/Jun/2023:16:38:58 +0100] GET /api/am/devportal/v3/throttling-policies/subscription HTTP/1.1 200 657 https://localhost:9443/devportal/apis/c6b17439-fa73-4d33-a618-bf5b18176cd8/overview Mozilla/5.0 (Windows NT 10.0; Win64; x64) AppleWebKit/537.36 (KHTML, like Gecko) Chrome/114.0.0.0 Safari/537.36 0.004
0:0:0:0:0:0:0:1 - - [18/Jun/2023:16:38:58 +0100] GET /api/am/devportal/v3/apis/c6b17439-fa73-4d33-a618-bf5b18176cd8/documents HTTP/1.1 200 92 https://localhost:9443/devportal/apis/c6b17439-fa73-4d33-a618-bf5b18176cd8/overview Mozilla/5.0 (Windows NT 10.0; Win64; x64) AppleWebKit/537.36 (KHTML, like Gecko) Chrome/114.0.0.0 Safari/537.36 0.008
0:0:0:0:0:0:0:1 - - [18/Jun/2023:16:38:58 +0100] GET /api/am/devportal/v3/apis/c6b17439-fa73-4d33-a618-bf5b18176cd8/ratings HTTP/1.1 200 125 https://localhost:9443/devportal/apis/c6b17439-fa73-4d33-a618-bf5b18176cd8/overview Mozilla/5.0 (Windows NT 10.0; Win64; x64) AppleWebKit/537.36 (KHTML, like Gecko) Chrome/114.0.0.0 Safari/537.36 0.006
0:0:0:0:0:0:0:1 - - [18/Jun/2023:16:38:58 +0100] GET /api/am/devportal/v3/apis/c6b17439-fa73-4d33-a618-bf5b18176cd8/thumbnail HTTP/1.1 204 - https://localhost:9443/devportal/apis/c6b17439-fa73-4d33-a618-bf5b18176cd8/overview Mozilla/5.0 (Windows NT 10.0; Win64; x64) AppleWebKit/537.36 (KHTML, like Gecko) Chrome/114.0.0.0 Safari/537.36 0.008
0:0:0:0:0:0:0:1 - - [18/Jun/2023:16:38:58 +0100] GET /api/am/devportal/v3/apis/c6b17439-fa73-4d33-a618-bf5b18176cd8/comments?limit=5&offset=0 HTTP/1.1 200 101 https://localhost:9443/devportal/apis/c6b17439-fa73-4d33-a618-bf5b18176cd8/overview Mozilla/5.0 (Windows NT 10.0; Win64; x64) AppleWebKit/537.36 (KHTML, like Gecko) Chrome/114.0.0.0 Safari/537.36 0.010
0:0:0:0:0:0:0:1 - - [18/Jun/2023:16:38:59 +0100] GET /devportal/site/public/images/_favicon.ico HTTP/1.1 200 1150 https://localhost:9443/devportal/apis/c6b17439-fa73-4d33-a618-bf5b18176cd8/test Mozilla/5.0 (Windows NT 10.0; Win64; x64) AppleWebKit/537.36 (KHTML, like Gecko) Chrome/114.0.0.0 Safari/537.36 0.001
0:0:0:0:0:0:0:1 - - [18/Jun/2023:16:38:59 +0100] GET /api/am/devportal/v3/apis/c6b17439-fa73-4d33-a618-bf5b18176cd8 HTTP/1.1 200 1707 https://localhost:9443/devportal/apis/c6b17439-fa73-4d33-a618-bf5b18176cd8/test Mozilla/5.0 (Windows NT 10.0; Win64; x64) AppleWebKit/537.36 (KHTML, like Gecko) Chrome/114.0.0.0 Safari/537.36 0.012
0:0:0:0:0:0:0:1 - - [18/Jun/2023:16:38:59 +0100] GET /api/am/devportal/v3/apis/c6b17439-fa73-4d33-a618-bf5b18176cd8/swagger?environmentName=Default HTTP/1.1 200 936 https://localhost:9443/devportal/apis/c6b17439-fa73-4d33-a618-bf5b18176cd8/test Mozilla/5.0 (Windows NT 10.0; Win64; x64) AppleWebKit/537.36 (KHTML, like Gecko) Chrome/114.0.0.0 Safari/537.36 0.023
0:0:0:0:0:0:0:1 - - [18/Jun/2023:16:38:59 +0100] GET /api/am/devportal/v3/swagger.yaml HTTP/1.1 200 26878 https://localhost:9443/devportal/apis/c6b17439-fa73-4d33-a618-bf5b18176cd8/test Mozilla/5.0 (Windows NT 10.0; Win64; x64) AppleWebKit/537.36 (KHTML, like Gecko) Chrome/114.0.0.0 Safari/537.36 0.006
127.0.0.1 - - [18/Jun/2023:16:38:59 +0100] GET /oauth2/token/.well-known/openid-configuration HTTP/1.1 200 2395 - Apache-HttpClient/4.5.13 (Java/17.0.6) 0.002
127.0.0.1 - - [18/Jun/2023:16:38:59 +0100] GET /keymanager-operations/dcr/register/N3VqNDVWeW96NUpjek1JT1dzMDFYRXNBTnpJYQ%3D%3D HTTP/1.1 200 518 - Apache-HttpClient/4.5.13 (Java/17.0.6) 0.001
0:0:0:0:0:0:0:1 - - [18/Jun/2023:16:38:59 +0100] GET /api/am/devportal/v3/key-managers HTTP/1.1 200 763 https://localhost:9443/devportal/apis/c6b17439-fa73-4d33-a618-bf5b18176cd8/test Mozilla/5.0 (Windows NT 10.0; Win64; x64) AppleWebKit/537.36 (KHTML, like Gecko) Chrome/114.0.0.0 Safari/537.36 0.010
127.0.0.1 - - [18/Jun/2023:16:38:59 +0100] GET /keymanager-operations/dcr/register/R1cwOWxVbHVSNFVqbkJBRVJjVmVIck03SEc0YQ%3D%3D HTTP/1.1 200 515 - Apache-HttpClient/4.5.13 (Java/17.0.6) 0.002
0:0:0:0:0:0:0:1 - - [18/Jun/2023:16:38:59 +0100] GET /api/am/devportal/v3/subscriptions?apiId=c6b17439-fa73-4d33-a618-bf5b18176cd8&limit=25 HTTP/1.1 200 714 https://localhost:9443/devportal/apis/c6b17439-fa73-4d33-a618-bf5b18176cd8/test Mozilla/5.0 (Windows NT 10.0; Win64; x64) AppleWebKit/537.36 (KHTML, like Gecko) Chrome/114.0.0.0 Safari/537.36 0.018
127.0.0.1 - - [18/Jun/2023:16:38:59 +0100] GET /keymanager-operations/dcr/register/N3VqNDVWeW96NUpjek1JT1dzMDFYRXNBTnpJYQ%3D%3D HTTP/1.1 200 518 - Apache-HttpClient/4.5.13 (Java/17.0.6) 0.002
127.0.0.1 - - [18/Jun/2023:16:38:59 +0100] GET /keymanager-operations/dcr/register/R1cwOWxVbHVSNFVqbkJBRVJjVmVIck03SEc0YQ%3D%3D HTTP/1.1 200 515 - Apache-HttpClient/4.5.13 (Java/17.0.6) 0.002
0:0:0:0:0:0:0:1 - - [18/Jun/2023:16:38:59 +0100] GET /api/am/devportal/v3/subscriptions?apiId=c6b17439-fa73-4d33-a618-bf5b18176cd8&limit=25 HTTP/1.1 200 714 https://localhost:9443/devportal/apis/c6b17439-fa73-4d33-a618-bf5b18176cd8/test Mozilla/5.0 (Windows NT 10.0; Win64; x64) AppleWebKit/537.36 (KHTML, like Gecko) Chrome/114.0.0.0 Safari/537.36 0.025
0:0:0:0:0:0:0:1 - - [18/Jun/2023:16:39:00 +0100] GET /api/am/devportal/v3/applications/ HTTP/1.1 200 492 https://localhost:9443/devportal/apis/c6b17439-fa73-4d33-a618-bf5b18176cd8/test Mozilla/5.0 (Windows NT 10.0; Win64; x64) AppleWebKit/537.36 (KHTML, like Gecko) Chrome/114.0.0.0 Safari/537.36 0.010
0:0:0:0:0:0:0:1 - - [18/Jun/2023:16:39:00 +0100] GET /api/am/devportal/v3/swagger.yaml HTTP/1.1 200 26878 https://localhost:9443/devportal/apis/c6b17439-fa73-4d33-a618-bf5b18176cd8/test Mozilla/5.0 (Windows NT 10.0; Win64; x64) AppleWebKit/537.36 (KHTML, like Gecko) Chrome/114.0.0.0 Safari/537.36 0.006
127.0.0.1 - - [18/Jun/2023:16:39:00 +0100] GET /keymanager-operations/dcr/register/N3VqNDVWeW96NUpjek1JT1dzMDFYRXNBTnpJYQ%3D%3D HTTP/1.1 200 518 - Apache-HttpClient/4.5.13 (Java/17.0.6) 0.003
127.0.0.1 - - [18/Jun/2023:16:39:00 +0100] GET /keymanager-operations/dcr/register/R1cwOWxVbHVSNFVqbkJBRVJjVmVIck03SEc0YQ%3D%3D HTTP/1.1 200 515 - Apache-HttpClient/4.5.13 (Java/17.0.6) 0.002
0:0:0:0:0:0:0:1 - - [18/Jun/2023:16:39:00 +0100] GET /api/am/devportal/v3/applications/1ced8c6f-19af-45ac-8773-ee11ac0d11c7 HTTP/1.1 200 490 https://localhost:9443/devportal/apis/c6b17439-fa73-4d33-a618-bf5b18176cd8/test Mozilla/5.0 (Windows NT 10.0; Win64; x64) AppleWebKit/537.36 (KHTML, like Gecko) Chrome/114.0.0.0 Safari/537.36 0.009
127.0.0.1 - - [18/Jun/2023:16:39:00 +0100] GET /keymanager-operations/dcr/register/N3VqNDVWeW96NUpjek1JT1dzMDFYRXNBTnpJYQ%3D%3D HTTP/1.1 200 518 - Apache-HttpClient/4.5.13 (Java/17.0.6) 0.004
127.0.0.1 - - [18/Jun/2023:16:39:00 +0100] GET /keymanager-operations/dcr/register/R1cwOWxVbHVSNFVqbkJBRVJjVmVIck03SEc0YQ%3D%3D HTTP/1.1 200 515 - Apache-HttpClient/4.5.13 (Java/17.0.6) 0.003
0:0:0:0:0:0:0:1 - - [18/Jun/2023:16:39:00 +0100] GET /api/am/devportal/v3/applications/1ced8c6f-19af-45ac-8773-ee11ac0d11c7/oauth-keys HTTP/1.1 200 541 https://localhost:9443/devportal/apis/c6b17439-fa73-4d33-a618-bf5b18176cd8/test Mozilla/5.0 (Windows NT 10.0; Win64; x64) AppleWebKit/537.36 (KHTML, like Gecko) Chrome/114.0.0.0 Safari/537.36 0.020
0:0:0:0:0:0:0:1 - - [18/Jun/2023:16:39:00 +0100] GET /api/am/devportal/v3/swagger.yaml HTTP/1.1 200 26878 https://localhost:9443/devportal/apis/c6b17439-fa73-4d33-a618-bf5b18176cd8/test Mozilla/5.0 (Windows NT 10.0; Win64; x64) AppleWebKit/537.36 (KHTML, like Gecko) Chrome/114.0.0.0 Safari/537.36 0.008
0:0:0:0:0:0:0:1 - - [18/Jun/2023:16:39:00 +0100] GET /api/am/devportal/v3/swagger.yaml HTTP/1.1 200 26878 https://localhost:9443/devportal/apis/c6b17439-fa73-4d33-a618-bf5b18176cd8/test Mozilla/5.0 (Windows NT 10.0; Win64; x64) AppleWebKit/537.36 (KHTML, like Gecko) Chrome/114.0.0.0 Safari/537.36 0.006
127.0.0.1 - - [18/Jun/2023:16:39:00 +0100] GET /keymanager-operations/dcr/register/R1cwOWxVbHVSNFVqbkJBRVJjVmVIck03SEc0YQ%3D%3D HTTP/1.1 200 515 - Apache-HttpClient/4.5.13 (Java/17.0.6) 0.003
127.0.0.1 - - [18/Jun/2023:16:39:00 +0100] GET /keymanager-operations/dcr/register/N3VqNDVWeW96NUpjek1JT1dzMDFYRXNBTnpJYQ%3D%3D HTTP/1.1 200 518 - Apache-HttpClient/4.5.13 (Java/17.0.6) 0.002
0:0:0:0:0:0:0:1 - - [18/Jun/2023:16:39:00 +0100] GET /api/am/devportal/v3/applications/1ced8c6f-19af-45ac-8773-ee11ac0d11c7 HTTP/1.1 200 490 https://localhost:9443/devportal/apis/c6b17439-fa73-4d33-a618-bf5b18176cd8/test Mozilla/5.0 (Windows NT 10.0; Win64; x64) AppleWebKit/537.36 (KHTML, like Gecko) Chrome/114.0.0.0 Safari/537.36 0.012
127.0.0.1 - - [18/Jun/2023:16:39:00 +0100] GET /keymanager-operations/dcr/register/N3VqNDVWeW96NUpjek1JT1dzMDFYRXNBTnpJYQ%3D%3D HTTP/1.1 200 518 - Apache-HttpClient/4.5.13 (Java/17.0.6) 0.002
127.0.0.1 - - [18/Jun/2023:16:39:00 +0100] GET /keymanager-operations/dcr/register/R1cwOWxVbHVSNFVqbkJBRVJjVmVIck03SEc0YQ%3D%3D HTTP/1.1 200 515 - Apache-HttpClient/4.5.13 (Java/17.0.6) 0.002
127.0.0.1 - - [18/Jun/2023:16:39:00 +0100] GET /keymanager-operations/dcr/register/N3VqNDVWeW96NUpjek1JT1dzMDFYRXNBTnpJYQ%3D%3D HTTP/1.1 200 518 - Apache-HttpClient/4.5.13 (Java/17.0.6) 0.002
0:0:0:0:0:0:0:1 - - [18/Jun/2023:16:39:00 +0100] GET /api/am/devportal/v3/applications/1ced8c6f-19af-45ac-8773-ee11ac0d11c7 HTTP/1.1 200 490 https://localhost:9443/devportal/apis/c6b17439-fa73-4d33-a618-bf5b18176cd8/test Mozilla/5.0 (Windows NT 10.0; Win64; x64) AppleWebKit/537.36 (KHTML, like Gecko) Chrome/114.0.0.0 Safari/537.36 0.015
127.0.0.1 - - [18/Jun/2023:16:39:00 +0100] GET /keymanager-operations/dcr/register/R1cwOWxVbHVSNFVqbkJBRVJjVmVIck03SEc0YQ%3D%3D HTTP/1.1 200 515 - Apache-HttpClient/4.5.13 (Java/17.0.6) 0.002
0:0:0:0:0:0:0:1 - - [18/Jun/2023:16:39:00 +0100] GET /api/am/devportal/v3/applications/1ced8c6f-19af-45ac-8773-ee11ac0d11c7/oauth-keys HTTP/1.1 200 541 https://localhost:9443/devportal/apis/c6b17439-fa73-4d33-a618-bf5b18176cd8/test Mozilla/5.0 (Windows NT 10.0; Win64; x64) AppleWebKit/537.36 (KHTML, like Gecko) Chrome/114.0.0.0 Safari/537.36 0.010
127.0.0.1 - - [18/Jun/2023:16:39:00 +0100] GET /keymanager-operations/dcr/register/R1cwOWxVbHVSNFVqbkJBRVJjVmVIck03SEc0YQ%3D%3D HTTP/1.1 200 515 - Apache-HttpClient/4.5.13 (Java/17.0.6) 0.002
127.0.0.1 - - [18/Jun/2023:16:39:00 +0100] GET /keymanager-operations/dcr/register/N3VqNDVWeW96NUpjek1JT1dzMDFYRXNBTnpJYQ%3D%3D HTTP/1.1 200 518 - Apache-HttpClient/4.5.13 (Java/17.0.6) 0.002
0:0:0:0:0:0:0:1 - - [18/Jun/2023:16:39:00 +0100] GET /api/am/devportal/v3/applications/1ced8c6f-19af-45ac-8773-ee11ac0d11c7/oauth-keys HTTP/1.1 200 541 https://localhost:9443/devportal/apis/c6b17439-fa73-4d33-a618-bf5b18176cd8/test Mozilla/5.0 (Windows NT 10.0; Win64; x64) AppleWebKit/537.36 (KHTML, like Gecko) Chrome/114.0.0.0 Safari/537.36 0.009
0:0:0:0:0:0:0:1 - - [18/Jun/2023:16:39:38 +0100] - 400 - - - 0.000
0:0:0:0:0:0:0:1 - - [18/Jun/2023:16:39:38 +0100] GET /devportal/site/public/images/_favicon.ico HTTP/1.1 200 1150 https://localhost:9443/devportal/apis/c6b17439-fa73-4d33-a618-bf5b18176cd8/credentials Mozilla/5.0 (Windows NT 10.0; Win64; x64) AppleWebKit/537.36 (KHTML, like Gecko) Chrome/114.0.0.0 Safari/537.36 0.003
0:0:0:0:0:0:0:1 - - [18/Jun/2023:16:39:40 +0100] - 400 - - - 0.000
0:0:0:0:0:0:0:1 - - [18/Jun/2023:16:39:40 +0100] GET /devportal/site/public/images/_favicon.ico HTTP/1.1 200 1150 https://localhost:9443/devportal/apis/c6b17439-fa73-4d33-a618-bf5b18176cd8/test Mozilla/5.0 (Windows NT 10.0; Win64; x64) AppleWebKit/537.36 (KHTML, like Gecko) Chrome/114.0.0.0 Safari/537.36 0.001
0:0:0:0:0:0:0:1 - - [18/Jun/2023:16:39:40 +0100] GET /api/am/devportal/v3/apis/c6b17439-fa73-4d33-a618-bf5b18176cd8 HTTP/1.1 200 1707 https://localhost:9443/devportal/apis/c6b17439-fa73-4d33-a618-bf5b18176cd8/test Mozilla/5.0 (Windows NT 10.0; Win64; x64) AppleWebKit/537.36 (KHTML, like Gecko) Chrome/114.0.0.0 Safari/537.36 0.017
0:0:0:0:0:0:0:1 - - [18/Jun/2023:16:39:40 +0100] GET /api/am/devportal/v3/apis/c6b17439-fa73-4d33-a618-bf5b18176cd8/swagger?environmentName=Default HTTP/1.1 200 936 https://localhost:9443/devportal/apis/c6b17439-fa73-4d33-a618-bf5b18176cd8/test Mozilla/5.0 (Windows NT 10.0; Win64; x64) AppleWebKit/537.36 (KHTML, like Gecko) Chrome/114.0.0.0 Safari/537.36 0.029
0:0:0:0:0:0:0:1 - - [18/Jun/2023:16:39:40 +0100] - 400 - - - 0.000
0:0:0:0:0:0:0:1 - - [18/Jun/2023:16:39:40 +0100] GET /api/am/devportal/v3/swagger.yaml HTTP/1.1 200 26878 https://localhost:9443/devportal/apis/c6b17439-fa73-4d33-a618-bf5b18176cd8/test Mozilla/5.0 (Windows NT 10.0; Win64; x64) AppleWebKit/537.36 (KHTML, like Gecko) Chrome/114.0.0.0 Safari/537.36 0.005
127.0.0.1 - - [18/Jun/2023:16:39:40 +0100] GET /keymanager-operations/dcr/register/R1cwOWxVbHVSNFVqbkJBRVJjVmVIck03SEc0YQ%3D%3D HTTP/1.1 200 515 - Apache-HttpClient/4.5.13 (Java/17.0.6) 0.002
127.0.0.1 - - [18/Jun/2023:16:39:40 +0100] GET /oauth2/token/.well-known/openid-configuration HTTP/1.1 200 2395 - Apache-HttpClient/4.5.13 (Java/17.0.6) 0.003
127.0.0.1 - - [18/Jun/2023:16:39:40 +0100] GET /keymanager-operations/dcr/register/N3VqNDVWeW96NUpjek1JT1dzMDFYRXNBTnpJYQ%3D%3D HTTP/1.1 200 518 - Apache-HttpClient/4.5.13 (Java/17.0.6) 0.002
0:0:0:0:0:0:0:1 - - [18/Jun/2023:16:39:40 +0100] GET /api/am/devportal/v3/key-managers HTTP/1.1 200 763 https://localhost:9443/devportal/apis/c6b17439-fa73-4d33-a618-bf5b18176cd8/test Mozilla/5.0 (Windows NT 10.0; Win64; x64) AppleWebKit/537.36 (KHTML, like Gecko) Chrome/114.0.0.0 Safari/537.36 0.013
0:0:0:0:0:0:0:1 - - [18/Jun/2023:16:39:40 +0100] GET /api/am/devportal/v3/subscriptions?apiId=c6b17439-fa73-4d33-a618-bf5b18176cd8&limit=25 HTTP/1.1 200 714 https://localhost:9443/devportal/apis/c6b17439-fa73-4d33-a618-bf5b18176cd8/test Mozilla/5.0 (Windows NT 10.0; Win64; x64) AppleWebKit/537.36 (KHTML, like Gecko) Chrome/114.0.0.0 Safari/537.36 0.028
127.0.0.1 - - [18/Jun/2023:16:39:40 +0100] GET /keymanager-operations/dcr/register/N3VqNDVWeW96NUpjek1JT1dzMDFYRXNBTnpJYQ%3D%3D HTTP/1.1 200 518 - Apache-HttpClient/4.5.13 (Java/17.0.6) 0.002
127.0.0.1 - - [18/Jun/2023:16:39:40 +0100] GET /keymanager-operations/dcr/register/R1cwOWxVbHVSNFVqbkJBRVJjVmVIck03SEc0YQ%3D%3D HTTP/1.1 200 515 - Apache-HttpClient/4.5.13 (Java/17.0.6) 0.001
0:0:0:0:0:0:0:1 - - [18/Jun/2023:16:39:40 +0100] GET /api/am/devportal/v3/subscriptions?apiId=c6b17439-fa73-4d33-a618-bf5b18176cd8&limit=25 HTTP/1.1 200 714 https://localhost:9443/devportal/apis/c6b17439-fa73-4d33-a618-bf5b18176cd8/test Mozilla/5.0 (Windows NT 10.0; Win64; x64) AppleWebKit/537.36 (KHTML, like Gecko) Chrome/114.0.0.0 Safari/537.36 0.020
0:0:0:0:0:0:0:1 - - [18/Jun/2023:16:39:40 +0100] GET /api/am/devportal/v3/applications/ HTTP/1.1 200 492 https://localhost:9443/devportal/apis/c6b17439-fa73-4d33-a618-bf5b18176cd8/test Mozilla/5.0 (Windows NT 10.0; Win64; x64) AppleWebKit/537.36 (KHTML, like Gecko) Chrome/114.0.0.0 Safari/537.36 0.005
0:0:0:0:0:0:0:1 - - [18/Jun/2023:16:39:40 +0100] GET /api/am/devportal/v3/swagger.yaml HTTP/1.1 200 26878 https://localhost:9443/devportal/apis/c6b17439-fa73-4d33-a618-bf5b18176cd8/test Mozilla/5.0 (Windows NT 10.0; Win64; x64) AppleWebKit/537.36 (KHTML, like Gecko) Chrome/114.0.0.0 Safari/537.36 0.004
127.0.0.1 - - [18/Jun/2023:16:39:40 +0100] GET /keymanager-operations/dcr/register/R1cwOWxVbHVSNFVqbkJBRVJjVmVIck03SEc0YQ%3D%3D HTTP/1.1 200 515 - Apache-HttpClient/4.5.13 (Java/17.0.6) 0.002
127.0.0.1 - - [18/Jun/2023:16:39:40 +0100] GET /keymanager-operations/dcr/register/N3VqNDVWeW96NUpjek1JT1dzMDFYRXNBTnpJYQ%3D%3D HTTP/1.1 200 518 - Apache-HttpClient/4.5.13 (Java/17.0.6) 0.003
0:0:0:0:0:0:0:1 - - [18/Jun/2023:16:39:40 +0100] GET /api/am/devportal/v3/applications/1ced8c6f-19af-45ac-8773-ee11ac0d11c7 HTTP/1.1 200 490 https://localhost:9443/devportal/apis/c6b17439-fa73-4d33-a618-bf5b18176cd8/test Mozilla/5.0 (Windows NT 10.0; Win64; x64) AppleWebKit/537.36 (KHTML, like Gecko) Chrome/114.0.0.0 Safari/537.36 0.014
127.0.0.1 - - [18/Jun/2023:16:39:40 +0100] GET /keymanager-operations/dcr/register/R1cwOWxVbHVSNFVqbkJBRVJjVmVIck03SEc0YQ%3D%3D HTTP/1.1 200 515 - Apache-HttpClient/4.5.13 (Java/17.0.6) 0.001
127.0.0.1 - - [18/Jun/2023:16:39:40 +0100] GET /keymanager-operations/dcr/register/N3VqNDVWeW96NUpjek1JT1dzMDFYRXNBTnpJYQ%3D%3D HTTP/1.1 200 518 - Apache-HttpClient/4.5.13 (Java/17.0.6) 0.002
0:0:0:0:0:0:0:1 - - [18/Jun/2023:16:39:40 +0100] GET /api/am/devportal/v3/applications/1ced8c6f-19af-45ac-8773-ee11ac0d11c7/oauth-keys HTTP/1.1 200 541 https://localhost:9443/devportal/apis/c6b17439-fa73-4d33-a618-bf5b18176cd8/test Mozilla/5.0 (Windows NT 10.0; Win64; x64) AppleWebKit/537.36 (KHTML, like Gecko) Chrome/114.0.0.0 Safari/537.36 0.009
0:0:0:0:0:0:0:1 - - [18/Jun/2023:16:39:40 +0100] GET /api/am/devportal/v3/swagger.yaml HTTP/1.1 200 26878 https://localhost:9443/devportal/apis/c6b17439-fa73-4d33-a618-bf5b18176cd8/test Mozilla/5.0 (Windows NT 10.0; Win64; x64) AppleWebKit/537.36 (KHTML, like Gecko) Chrome/114.0.0.0 Safari/537.36 0.005
0:0:0:0:0:0:0:1 - - [18/Jun/2023:16:39:40 +0100] GET /api/am/devportal/v3/swagger.yaml HTTP/1.1 200 26878 https://localhost:9443/devportal/apis/c6b17439-fa73-4d33-a618-bf5b18176cd8/test Mozilla/5.0 (Windows NT 10.0; Win64; x64) AppleWebKit/537.36 (KHTML, like Gecko) Chrome/114.0.0.0 Safari/537.36 0.007
127.0.0.1 - - [18/Jun/2023:16:39:40 +0100] GET /keymanager-operations/dcr/register/N3VqNDVWeW96NUpjek1JT1dzMDFYRXNBTnpJYQ%3D%3D HTTP/1.1 200 518 - Apache-HttpClient/4.5.13 (Java/17.0.6) 0.001
127.0.0.1 - - [18/Jun/2023:16:39:40 +0100] GET /keymanager-operations/dcr/register/R1cwOWxVbHVSNFVqbkJBRVJjVmVIck03SEc0YQ%3D%3D HTTP/1.1 200 515 - Apache-HttpClient/4.5.13 (Java/17.0.6) 0.002
0:0:0:0:0:0:0:1 - - [18/Jun/2023:16:39:40 +0100] GET /api/am/devportal/v3/applications/1ced8c6f-19af-45ac-8773-ee11ac0d11c7 HTTP/1.1 200 490 https://localhost:9443/devportal/apis/c6b17439-fa73-4d33-a618-bf5b18176cd8/test Mozilla/5.0 (Windows NT 10.0; Win64; x64) AppleWebKit/537.36 (KHTML, like Gecko) Chrome/114.0.0.0 Safari/537.36 0.009
127.0.0.1 - - [18/Jun/2023:16:39:40 +0100] GET /keymanager-operations/dcr/register/R1cwOWxVbHVSNFVqbkJBRVJjVmVIck03SEc0YQ%3D%3D HTTP/1.1 200 515 - Apache-HttpClient/4.5.13 (Java/17.0.6) 0.002
127.0.0.1 - - [18/Jun/2023:16:39:40 +0100] GET /keymanager-operations/dcr/register/N3VqNDVWeW96NUpjek1JT1dzMDFYRXNBTnpJYQ%3D%3D HTTP/1.1 200 518 - Apache-HttpClient/4.5.13 (Java/17.0.6) 0.002
0:0:0:0:0:0:0:1 - - [18/Jun/2023:16:39:40 +0100] GET /api/am/devportal/v3/applications/1ced8c6f-19af-45ac-8773-ee11ac0d11c7 HTTP/1.1 200 490 https://localhost:9443/devportal/apis/c6b17439-fa73-4d33-a618-bf5b18176cd8/test Mozilla/5.0 (Windows NT 10.0; Win64; x64) AppleWebKit/537.36 (KHTML, like Gecko) Chrome/114.0.0.0 Safari/537.36 0.012
127.0.0.1 - - [18/Jun/2023:16:39:40 +0100] GET /keymanager-operations/dcr/register/N3VqNDVWeW96NUpjek1JT1dzMDFYRXNBTnpJYQ%3D%3D HTTP/1.1 200 518 - Apache-HttpClient/4.5.13 (Java/17.0.6) 0.002
127.0.0.1 - - [18/Jun/2023:16:39:40 +0100] GET /keymanager-operations/dcr/register/R1cwOWxVbHVSNFVqbkJBRVJjVmVIck03SEc0YQ%3D%3D HTTP/1.1 200 515 - Apache-HttpClient/4.5.13 (Java/17.0.6) 0.002
0:0:0:0:0:0:0:1 - - [18/Jun/2023:16:39:40 +0100] GET /api/am/devportal/v3/applications/1ced8c6f-19af-45ac-8773-ee11ac0d11c7/oauth-keys HTTP/1.1 200 541 https://localhost:9443/devportal/apis/c6b17439-fa73-4d33-a618-bf5b18176cd8/test Mozilla/5.0 (Windows NT 10.0; Win64; x64) AppleWebKit/537.36 (KHTML, like Gecko) Chrome/114.0.0.0 Safari/537.36 0.009
127.0.0.1 - - [18/Jun/2023:16:39:40 +0100] GET /keymanager-operations/dcr/register/N3VqNDVWeW96NUpjek1JT1dzMDFYRXNBTnpJYQ%3D%3D HTTP/1.1 200 518 - Apache-HttpClient/4.5.13 (Java/17.0.6) 0.001
127.0.0.1 - - [18/Jun/2023:16:39:40 +0100] GET /keymanager-operations/dcr/register/R1cwOWxVbHVSNFVqbkJBRVJjVmVIck03SEc0YQ%3D%3D HTTP/1.1 200 515 - Apache-HttpClient/4.5.13 (Java/17.0.6) 0.002
0:0:0:0:0:0:0:1 - - [18/Jun/2023:16:39:40 +0100] GET /api/am/devportal/v3/applications/1ced8c6f-19af-45ac-8773-ee11ac0d11c7/oauth-keys HTTP/1.1 200 541 https://localhost:9443/devportal/apis/c6b17439-fa73-4d33-a618-bf5b18176cd8/test Mozilla/5.0 (Windows NT 10.0; Win64; x64) AppleWebKit/537.36 (KHTML, like Gecko) Chrome/114.0.0.0 Safari/537.36 0.008
