127.0.0.1 - - [13/Jun/2023:23:21:06 +0100] GET /keymanager-operations/dcr/register/SEdFbjNMa0NQb0VEd1NHcVR0bDZxc3FVbGowYQ%3D%3D HTTP/1.1 200 531 - Apache-HttpClient/4.5.13 (Java/17.0.6) 0.003
0:0:0:0:0:0:0:1 - - [13/Jun/2023:23:21:06 +0100] GET /api/am/devportal/v3/applications/6cc3231f-f7b9-437e-93fd-41d67fc514af HTTP/1.1 200 503 https://localhost:9443/devportal/apis/c6b17439-fa73-4d33-a618-bf5b18176cd8/test Mozilla/5.0 (Windows NT 10.0; Win64; x64) AppleWebKit/537.36 (KHTML, like Gecko) Chrome/114.0.0.0 Safari/537.36 0.014
127.0.0.1 - - [13/Jun/2023:23:21:06 +0100] GET /keymanager-operations/dcr/register/SEdFbjNMa0NQb0VEd1NHcVR0bDZxc3FVbGowYQ%3D%3D HTTP/1.1 200 531 - Apache-HttpClient/4.5.13 (Java/17.0.6) 0.003
0:0:0:0:0:0:0:1 - - [13/Jun/2023:23:21:06 +0100] GET /api/am/devportal/v3/applications/6cc3231f-f7b9-437e-93fd-41d67fc514af/oauth-keys HTTP/1.1 200 679 https://localhost:9443/devportal/apis/c6b17439-fa73-4d33-a618-bf5b18176cd8/test Mozilla/5.0 (Windows NT 10.0; Win64; x64) AppleWebKit/537.36 (KHTML, like Gecko) Chrome/114.0.0.0 Safari/537.36 0.012
0:0:0:0:0:0:0:1 - - [13/Jun/2023:23:21:06 +0100] GET /api/am/devportal/v3/swagger.yaml HTTP/1.1 200 26878 https://localhost:9443/devportal/apis/c6b17439-fa73-4d33-a618-bf5b18176cd8/test Mozilla/5.0 (Windows NT 10.0; Win64; x64) AppleWebKit/537.36 (KHTML, like Gecko) Chrome/114.0.0.0 Safari/537.36 0.012
0:0:0:0:0:0:0:1 - - [13/Jun/2023:23:21:06 +0100] GET /api/am/devportal/v3/swagger.yaml HTTP/1.1 200 26878 https://localhost:9443/devportal/apis/c6b17439-fa73-4d33-a618-bf5b18176cd8/test Mozilla/5.0 (Windows NT 10.0; Win64; x64) AppleWebKit/537.36 (KHTML, like Gecko) Chrome/114.0.0.0 Safari/537.36 0.011
127.0.0.1 - - [13/Jun/2023:23:21:07 +0100] GET /keymanager-operations/dcr/register/SEdFbjNMa0NQb0VEd1NHcVR0bDZxc3FVbGowYQ%3D%3D HTTP/1.1 200 531 - Apache-HttpClient/4.5.13 (Java/17.0.6) 0.003
0:0:0:0:0:0:0:1 - - [13/Jun/2023:23:21:07 +0100] GET /api/am/devportal/v3/applications/6cc3231f-f7b9-437e-93fd-41d67fc514af HTTP/1.1 200 503 https://localhost:9443/devportal/apis/c6b17439-fa73-4d33-a618-bf5b18176cd8/test Mozilla/5.0 (Windows NT 10.0; Win64; x64) AppleWebKit/537.36 (KHTML, like Gecko) Chrome/114.0.0.0 Safari/537.36 0.011
127.0.0.1 - - [13/Jun/2023:23:21:07 +0100] GET /keymanager-operations/dcr/register/SEdFbjNMa0NQb0VEd1NHcVR0bDZxc3FVbGowYQ%3D%3D HTTP/1.1 200 531 - Apache-HttpClient/4.5.13 (Java/17.0.6) 0.001
0:0:0:0:0:0:0:1 - - [13/Jun/2023:23:21:07 +0100] GET /api/am/devportal/v3/applications/6cc3231f-f7b9-437e-93fd-41d67fc514af HTTP/1.1 200 503 https://localhost:9443/devportal/apis/c6b17439-fa73-4d33-a618-bf5b18176cd8/test Mozilla/5.0 (Windows NT 10.0; Win64; x64) AppleWebKit/537.36 (KHTML, like Gecko) Chrome/114.0.0.0 Safari/537.36 0.008
127.0.0.1 - - [13/Jun/2023:23:21:07 +0100] GET /keymanager-operations/dcr/register/SEdFbjNMa0NQb0VEd1NHcVR0bDZxc3FVbGowYQ%3D%3D HTTP/1.1 200 531 - Apache-HttpClient/4.5.13 (Java/17.0.6) 0.001
0:0:0:0:0:0:0:1 - - [13/Jun/2023:23:21:07 +0100] GET /api/am/devportal/v3/applications/6cc3231f-f7b9-437e-93fd-41d67fc514af/oauth-keys HTTP/1.1 200 679 https://localhost:9443/devportal/apis/c6b17439-fa73-4d33-a618-bf5b18176cd8/test Mozilla/5.0 (Windows NT 10.0; Win64; x64) AppleWebKit/537.36 (KHTML, like Gecko) Chrome/114.0.0.0 Safari/537.36 0.008
127.0.0.1 - - [13/Jun/2023:23:21:07 +0100] GET /keymanager-operations/dcr/register/SEdFbjNMa0NQb0VEd1NHcVR0bDZxc3FVbGowYQ%3D%3D HTTP/1.1 200 531 - Apache-HttpClient/4.5.13 (Java/17.0.6) 0.002
0:0:0:0:0:0:0:1 - - [13/Jun/2023:23:21:07 +0100] GET /api/am/devportal/v3/applications/6cc3231f-f7b9-437e-93fd-41d67fc514af/oauth-keys HTTP/1.1 200 679 https://localhost:9443/devportal/apis/c6b17439-fa73-4d33-a618-bf5b18176cd8/test Mozilla/5.0 (Windows NT 10.0; Win64; x64) AppleWebKit/537.36 (KHTML, like Gecko) Chrome/114.0.0.0 Safari/537.36 0.006
0:0:0:0:0:0:0:1 - - [13/Jun/2023:23:21:09 +0100] GET /api/am/devportal/v3/throttling-policies/subscription HTTP/1.1 200 634 https://localhost:9443/devportal/apis/c6b17439-fa73-4d33-a618-bf5b18176cd8/overview Mozilla/5.0 (Windows NT 10.0; Win64; x64) AppleWebKit/537.36 (KHTML, like Gecko) Chrome/114.0.0.0 Safari/537.36 0.003
0:0:0:0:0:0:0:1 - - [13/Jun/2023:23:21:09 +0100] GET /devportal/site/public/images/_favicon.ico HTTP/1.1 200 1150 https://localhost:9443/devportal/apis/c6b17439-fa73-4d33-a618-bf5b18176cd8/overview Mozilla/5.0 (Windows NT 10.0; Win64; x64) AppleWebKit/537.36 (KHTML, like Gecko) Chrome/114.0.0.0 Safari/537.36 0.000
0:0:0:0:0:0:0:1 - - [13/Jun/2023:23:21:09 +0100] GET /api/am/devportal/v3/throttling-policies/subscription HTTP/1.1 200 634 https://localhost:9443/devportal/apis/c6b17439-fa73-4d33-a618-bf5b18176cd8/overview Mozilla/5.0 (Windows NT 10.0; Win64; x64) AppleWebKit/537.36 (KHTML, like Gecko) Chrome/114.0.0.0 Safari/537.36 0.005
0:0:0:0:0:0:0:1 - - [13/Jun/2023:23:21:09 +0100] GET /api/am/devportal/v3/apis/c6b17439-fa73-4d33-a618-bf5b18176cd8/documents HTTP/1.1 200 92 https://localhost:9443/devportal/apis/c6b17439-fa73-4d33-a618-bf5b18176cd8/overview Mozilla/5.0 (Windows NT 10.0; Win64; x64) AppleWebKit/537.36 (KHTML, like Gecko) Chrome/114.0.0.0 Safari/537.36 0.020
0:0:0:0:0:0:0:1 - - [13/Jun/2023:23:21:09 +0100] GET /api/am/devportal/v3/apis/c6b17439-fa73-4d33-a618-bf5b18176cd8/documents HTTP/1.1 200 92 https://localhost:9443/devportal/apis/c6b17439-fa73-4d33-a618-bf5b18176cd8/overview Mozilla/5.0 (Windows NT 10.0; Win64; x64) AppleWebKit/537.36 (KHTML, like Gecko) Chrome/114.0.0.0 Safari/537.36 0.011
0:0:0:0:0:0:0:1 - - [13/Jun/2023:23:21:09 +0100] GET /api/am/devportal/v3/apis/c6b17439-fa73-4d33-a618-bf5b18176cd8/ratings HTTP/1.1 200 125 https://localhost:9443/devportal/apis/c6b17439-fa73-4d33-a618-bf5b18176cd8/overview Mozilla/5.0 (Windows NT 10.0; Win64; x64) AppleWebKit/537.36 (KHTML, like Gecko) Chrome/114.0.0.0 Safari/537.36 0.006
0:0:0:0:0:0:0:1 - - [13/Jun/2023:23:21:09 +0100] GET /api/am/devportal/v3/apis/c6b17439-fa73-4d33-a618-bf5b18176cd8/comments?limit=5&offset=0 HTTP/1.1 200 101 https://localhost:9443/devportal/apis/c6b17439-fa73-4d33-a618-bf5b18176cd8/overview Mozilla/5.0 (Windows NT 10.0; Win64; x64) AppleWebKit/537.36 (KHTML, like Gecko) Chrome/114.0.0.0 Safari/537.36 0.011
0:0:0:0:0:0:0:1 - - [13/Jun/2023:23:21:09 +0100] GET /api/am/devportal/v3/apis/c6b17439-fa73-4d33-a618-bf5b18176cd8/thumbnail HTTP/1.1 204 - https://localhost:9443/devportal/apis/c6b17439-fa73-4d33-a618-bf5b18176cd8/overview Mozilla/5.0 (Windows NT 10.0; Win64; x64) AppleWebKit/537.36 (KHTML, like Gecko) Chrome/114.0.0.0 Safari/537.36 0.012
0:0:0:0:0:0:0:1 - - [13/Jun/2023:23:21:11 +0100] GET /api/am/publisher/v4/tenants?state=ACTIVE HTTP/1.1 200 96 https://localhost:9443/publisher/apis/c6b17439-fa73-4d33-a618-bf5b18176cd8/configuration Mozilla/5.0 (Windows NT 10.0; Win64; x64) AppleWebKit/537.36 (KHTML, like Gecko) Chrome/114.0.0.0 Safari/537.36 0.004
0:0:0:0:0:0:0:1 - - [13/Jun/2023:23:21:11 +0100] GET /api/am/publisher/v4/api-categories HTTP/1.1 200 21 https://localhost:9443/publisher/apis/c6b17439-fa73-4d33-a618-bf5b18176cd8/configuration Mozilla/5.0 (Windows NT 10.0; Win64; x64) AppleWebKit/537.36 (KHTML, like Gecko) Chrome/114.0.0.0 Safari/537.36 0.004
0:0:0:0:0:0:0:1 - - [13/Jun/2023:23:21:11 +0100] GET /api/am/publisher/v4/apis/c6b17439-fa73-4d33-a618-bf5b18176cd8/documents?limit=1000 HTTP/1.1 200 94 https://localhost:9443/publisher/apis/c6b17439-fa73-4d33-a618-bf5b18176cd8/configuration Mozilla/5.0 (Windows NT 10.0; Win64; x64) AppleWebKit/537.36 (KHTML, like Gecko) Chrome/114.0.0.0 Safari/537.36 0.020
0:0:0:0:0:0:0:1 - - [13/Jun/2023:23:21:16 +0100] - 400 - - - 0.000
0:0:0:0:0:0:0:1 - - [13/Jun/2023:23:21:16 +0100] - 400 - - - 0.000
0:0:0:0:0:0:0:1 - - [13/Jun/2023:23:21:16 +0100] GET /api/am/publisher/v4/tenants?state=ACTIVE HTTP/1.1 200 96 https://localhost:9443/publisher/apis/c6b17439-fa73-4d33-a618-bf5b18176cd8/subscriptions Mozilla/5.0 (Windows NT 10.0; Win64; x64) AppleWebKit/537.36 (KHTML, like Gecko) Chrome/114.0.0.0 Safari/537.36 0.003
0:0:0:0:0:0:0:1 - - [13/Jun/2023:23:21:16 +0100] GET /api/am/publisher/v4/subscriptions?apiId=c6b17439-fa73-4d33-a618-bf5b18176cd8 HTTP/1.1 200 373 https://localhost:9443/publisher/apis/c6b17439-fa73-4d33-a618-bf5b18176cd8/subscriptions Mozilla/5.0 (Windows NT 10.0; Win64; x64) AppleWebKit/537.36 (KHTML, like Gecko) Chrome/114.0.0.0 Safari/537.36 0.004
0:0:0:0:0:0:0:1 - - [13/Jun/2023:23:21:17 +0100] - 400 - - - 0.000
0:0:0:0:0:0:0:1 - - [13/Jun/2023:23:21:17 +0100] - 400 - - - 0.000
0:0:0:0:0:0:0:1 - - [13/Jun/2023:23:21:17 +0100] GET /api/am/publisher/v4/subscriptions?apiId=c6b17439-fa73-4d33-a618-bf5b18176cd8&limit=5&offset=0 HTTP/1.1 200 372 https://localhost:9443/publisher/apis/c6b17439-fa73-4d33-a618-bf5b18176cd8/subscriptions Mozilla/5.0 (Windows NT 10.0; Win64; x64) AppleWebKit/537.36 (KHTML, like Gecko) Chrome/114.0.0.0 Safari/537.36 0.004
0:0:0:0:0:0:0:1 - - [13/Jun/2023:23:21:17 +0100] GET /api/am/publisher/v4/throttling-policies/subscription HTTP/1.1 200 407 https://localhost:9443/publisher/apis/c6b17439-fa73-4d33-a618-bf5b18176cd8/subscriptions Mozilla/5.0 (Windows NT 10.0; Win64; x64) AppleWebKit/537.36 (KHTML, like Gecko) Chrome/114.0.0.0 Safari/537.36 0.004
0:0:0:0:0:0:0:1 - - [13/Jun/2023:23:21:17 +0100] GET /api/am/publisher/v4/apis/c6b17439-fa73-4d33-a618-bf5b18176cd8/monetization HTTP/1.1 200 33 https://localhost:9443/publisher/apis/c6b17439-fa73-4d33-a618-bf5b18176cd8/subscriptions Mozilla/5.0 (Windows NT 10.0; Win64; x64) AppleWebKit/537.36 (KHTML, like Gecko) Chrome/114.0.0.0 Safari/537.36 0.015
0:0:0:0:0:0:0:1 - - [13/Jun/2023:23:21:17 +0100] GET /api/am/publisher/v4/apis/c6b17439-fa73-4d33-a618-bf5b18176cd8/subscription-policies HTTP/1.1 200 314 https://localhost:9443/publisher/apis/c6b17439-fa73-4d33-a618-bf5b18176cd8/subscriptions Mozilla/5.0 (Windows NT 10.0; Win64; x64) AppleWebKit/537.36 (KHTML, like Gecko) Chrome/114.0.0.0 Safari/537.36 0.028
0:0:0:0:0:0:0:1 - - [13/Jun/2023:23:21:17 +0100] GET /api/am/publisher/v4/subscriptions/cb9fac32-9581-4690-9755-0037e9a1b0d1/subscriber-info HTTP/1.1 200 332 https://localhost:9443/publisher/apis/c6b17439-fa73-4d33-a618-bf5b18176cd8/subscriptions Mozilla/5.0 (Windows NT 10.0; Win64; x64) AppleWebKit/537.36 (KHTML, like Gecko) Chrome/114.0.0.0 Safari/537.36 0.008
0:0:0:0:0:0:0:1 - - [13/Jun/2023:23:21:26 +0100] - 400 - - - 0.000
0:0:0:0:0:0:0:1 - - [13/Jun/2023:23:21:26 +0100] - 400 - - - 0.000
0:0:0:0:0:0:0:1 - - [13/Jun/2023:23:21:26 +0100] - 400 - - - 0.000
0:0:0:0:0:0:0:1 - - [13/Jun/2023:23:21:26 +0100] - 400 - - - 0.000
0:0:0:0:0:0:0:1 - - [13/Jun/2023:23:21:26 +0100] GET /api/am/devportal/v3/api-categories HTTP/1.1 200 21 https://localhost:9443/devportal/apis Mozilla/5.0 (Windows NT 10.0; Win64; x64) AppleWebKit/537.36 (KHTML, like Gecko) Chrome/114.0.0.0 Safari/537.36 0.004
0:0:0:0:0:0:0:1 - - [13/Jun/2023:23:21:26 +0100] GET /devportal/site/public/images/_favicon.ico HTTP/1.1 200 1150 https://localhost:9443/devportal/apis Mozilla/5.0 (Windows NT 10.0; Win64; x64) AppleWebKit/537.36 (KHTML, like Gecko) Chrome/114.0.0.0 Safari/537.36 0.004
0:0:0:0:0:0:0:1 - - [13/Jun/2023:23:21:26 +0100] GET /devportal/site/public/images/_favicon.ico HTTP/1.1 200 1150 https://localhost:9443/devportal/apis Mozilla/5.0 (Windows NT 10.0; Win64; x64) AppleWebKit/537.36 (KHTML, like Gecko) Chrome/114.0.0.0 Safari/537.36 0.002
0:0:0:0:0:0:0:1 - - [13/Jun/2023:23:21:26 +0100] GET /api/am/devportal/v3/tags HTTP/1.1 200 92 https://localhost:9443/devportal/apis Mozilla/5.0 (Windows NT 10.0; Win64; x64) AppleWebKit/537.36 (KHTML, like Gecko) Chrome/114.0.0.0 Safari/537.36 0.017
0:0:0:0:0:0:0:1 - - [13/Jun/2023:23:21:26 +0100] GET /api/am/devportal/v3/apis?limit=10&offset=0 HTTP/1.1 200 610 https://localhost:9443/devportal/apis Mozilla/5.0 (Windows NT 10.0; Win64; x64) AppleWebKit/537.36 (KHTML, like Gecko) Chrome/114.0.0.0 Safari/537.36 0.034
0:0:0:0:0:0:0:1 - - [13/Jun/2023:23:21:27 +0100] - 400 - - - 0.000
0:0:0:0:0:0:0:1 - - [13/Jun/2023:23:21:27 +0100] - 400 - - - 0.000
0:0:0:0:0:0:0:1 - - [13/Jun/2023:23:21:27 +0100] GET /api/am/devportal/v3/apis/d02418ae-ab94-438a-87c1-83b37ef15067/ratings HTTP/1.1 200 125 https://localhost:9443/devportal/apis Mozilla/5.0 (Windows NT 10.0; Win64; x64) AppleWebKit/537.36 (KHTML, like Gecko) Chrome/114.0.0.0 Safari/537.36 0.031
0:0:0:0:0:0:0:1 - - [13/Jun/2023:23:21:27 +0100] GET /api/am/devportal/v3/apis/c6b17439-fa73-4d33-a618-bf5b18176cd8/thumbnail HTTP/1.1 204 - https://localhost:9443/devportal/apis Mozilla/5.0 (Windows NT 10.0; Win64; x64) AppleWebKit/537.36 (KHTML, like Gecko) Chrome/114.0.0.0 Safari/537.36 0.017
0:0:0:0:0:0:0:1 - - [13/Jun/2023:23:21:27 +0100] GET /api/am/devportal/v3/apis/c6b17439-fa73-4d33-a618-bf5b18176cd8/ratings HTTP/1.1 200 125 https://localhost:9443/devportal/apis Mozilla/5.0 (Windows NT 10.0; Win64; x64) AppleWebKit/537.36 (KHTML, like Gecko) Chrome/114.0.0.0 Safari/537.36 0.018
0:0:0:0:0:0:0:1 - - [13/Jun/2023:23:21:27 +0100] GET /api/am/devportal/v3/apis/d02418ae-ab94-438a-87c1-83b37ef15067/thumbnail HTTP/1.1 204 - https://localhost:9443/devportal/apis Mozilla/5.0 (Windows NT 10.0; Win64; x64) AppleWebKit/537.36 (KHTML, like Gecko) Chrome/114.0.0.0 Safari/537.36 0.036
0:0:0:0:0:0:0:1 - - [13/Jun/2023:23:21:27 +0100] GET /api/am/devportal/v3/apis/6f7f8f85-a5f3-428e-b187-cbdb08192bba/ratings HTTP/1.1 200 125 https://localhost:9443/devportal/apis Mozilla/5.0 (Windows NT 10.0; Win64; x64) AppleWebKit/537.36 (KHTML, like Gecko) Chrome/114.0.0.0 Safari/537.36 0.010
0:0:0:0:0:0:0:1 - - [13/Jun/2023:23:21:27 +0100] GET /api/am/devportal/v3/apis/6f7f8f85-a5f3-428e-b187-cbdb08192bba/thumbnail HTTP/1.1 204 - https://localhost:9443/devportal/apis Mozilla/5.0 (Windows NT 10.0; Win64; x64) AppleWebKit/537.36 (KHTML, like Gecko) Chrome/114.0.0.0 Safari/537.36 0.012
0:0:0:0:0:0:0:1 - - [13/Jun/2023:23:21:29 +0100] GET /api/am/devportal/v3/applications?limit=5000 HTTP/1.1 200 1006 https://localhost:9443/devportal/apis/c6b17439-fa73-4d33-a618-bf5b18176cd8 Mozilla/5.0 (Windows NT 10.0; Win64; x64) AppleWebKit/537.36 (KHTML, like Gecko) Chrome/114.0.0.0 Safari/537.36 0.005
0:0:0:0:0:0:0:1 - - [13/Jun/2023:23:21:29 +0100] GET /devportal/site/public/images/_favicon.ico HTTP/1.1 200 1150 https://localhost:9443/devportal/apis/c6b17439-fa73-4d33-a618-bf5b18176cd8 Mozilla/5.0 (Windows NT 10.0; Win64; x64) AppleWebKit/537.36 (KHTML, like Gecko) Chrome/114.0.0.0 Safari/537.36 0.001
0:0:0:0:0:0:0:1 - - [13/Jun/2023:23:21:29 +0100] GET /api/am/devportal/v3/apis/c6b17439-fa73-4d33-a618-bf5b18176cd8 HTTP/1.1 200 1553 https://localhost:9443/devportal/apis/c6b17439-fa73-4d33-a618-bf5b18176cd8 Mozilla/5.0 (Windows NT 10.0; Win64; x64) AppleWebKit/537.36 (KHTML, like Gecko) Chrome/114.0.0.0 Safari/537.36 0.015
127.0.0.1 - - [13/Jun/2023:23:21:29 +0100] GET /keymanager-operations/dcr/register/SEdFbjNMa0NQb0VEd1NHcVR0bDZxc3FVbGowYQ%3D%3D HTTP/1.1 200 531 - Apache-HttpClient/4.5.13 (Java/17.0.6) 0.004
127.0.0.1 - - [13/Jun/2023:23:21:29 +0100] GET /keymanager-operations/dcr/register/SEdFbjNMa0NQb0VEd1NHcVR0bDZxc3FVbGowYQ%3D%3D HTTP/1.1 200 531 - Apache-HttpClient/4.5.13 (Java/17.0.6) 0.003
0:0:0:0:0:0:0:1 - - [13/Jun/2023:23:21:29 +0100] GET /api/am/devportal/v3/subscriptions?apiId=c6b17439-fa73-4d33-a618-bf5b18176cd8&limit=5000 HTTP/1.1 200 717 https://localhost:9443/devportal/apis/c6b17439-fa73-4d33-a618-bf5b18176cd8 Mozilla/5.0 (Windows NT 10.0; Win64; x64) AppleWebKit/537.36 (KHTML, like Gecko) Chrome/114.0.0.0 Safari/537.36 0.032
0:0:0:0:0:0:0:1 - - [13/Jun/2023:23:21:29 +0100] GET /api/am/devportal/v3/subscriptions?apiId=c6b17439-fa73-4d33-a618-bf5b18176cd8&limit=25 HTTP/1.1 200 716 https://localhost:9443/devportal/apis/c6b17439-fa73-4d33-a618-bf5b18176cd8 Mozilla/5.0 (Windows NT 10.0; Win64; x64) AppleWebKit/537.36 (KHTML, like Gecko) Chrome/114.0.0.0 Safari/537.36 0.033
0:0:0:0:0:0:0:1 - - [13/Jun/2023:23:21:29 +0100] GET /api/am/devportal/v3/throttling-policies/subscription HTTP/1.1 200 634 https://localhost:9443/devportal/apis/c6b17439-fa73-4d33-a618-bf5b18176cd8/overview Mozilla/5.0 (Windows NT 10.0; Win64; x64) AppleWebKit/537.36 (KHTML, like Gecko) Chrome/114.0.0.0 Safari/537.36 0.004
0:0:0:0:0:0:0:1 - - [13/Jun/2023:23:21:29 +0100] GET /api/am/devportal/v3/throttling-policies/subscription HTTP/1.1 200 634 https://localhost:9443/devportal/apis/c6b17439-fa73-4d33-a618-bf5b18176cd8/overview Mozilla/5.0 (Windows NT 10.0; Win64; x64) AppleWebKit/537.36 (KHTML, like Gecko) Chrome/114.0.0.0 Safari/537.36 0.005
0:0:0:0:0:0:0:1 - - [13/Jun/2023:23:21:29 +0100] GET /api/am/devportal/v3/apis/c6b17439-fa73-4d33-a618-bf5b18176cd8/documents HTTP/1.1 200 92 https://localhost:9443/devportal/apis/c6b17439-fa73-4d33-a618-bf5b18176cd8/overview Mozilla/5.0 (Windows NT 10.0; Win64; x64) AppleWebKit/537.36 (KHTML, like Gecko) Chrome/114.0.0.0 Safari/537.36 0.011
0:0:0:0:0:0:0:1 - - [13/Jun/2023:23:21:29 +0100] GET /devportal/site/public/images/_favicon.ico HTTP/1.1 200 1150 https://localhost:9443/devportal/apis/c6b17439-fa73-4d33-a618-bf5b18176cd8/overview Mozilla/5.0 (Windows NT 10.0; Win64; x64) AppleWebKit/537.36 (KHTML, like Gecko) Chrome/114.0.0.0 Safari/537.36 0.001
0:0:0:0:0:0:0:1 - - [13/Jun/2023:23:21:29 +0100] GET /api/am/devportal/v3/apis/c6b17439-fa73-4d33-a618-bf5b18176cd8/documents HTTP/1.1 200 92 https://localhost:9443/devportal/apis/c6b17439-fa73-4d33-a618-bf5b18176cd8/overview Mozilla/5.0 (Windows NT 10.0; Win64; x64) AppleWebKit/537.36 (KHTML, like Gecko) Chrome/114.0.0.0 Safari/537.36 0.011
0:0:0:0:0:0:0:1 - - [13/Jun/2023:23:21:29 +0100] GET /api/am/devportal/v3/apis/c6b17439-fa73-4d33-a618-bf5b18176cd8/ratings HTTP/1.1 200 125 https://localhost:9443/devportal/apis/c6b17439-fa73-4d33-a618-bf5b18176cd8/overview Mozilla/5.0 (Windows NT 10.0; Win64; x64) AppleWebKit/537.36 (KHTML, like Gecko) Chrome/114.0.0.0 Safari/537.36 0.007
0:0:0:0:0:0:0:1 - - [13/Jun/2023:23:21:29 +0100] GET /api/am/devportal/v3/apis/c6b17439-fa73-4d33-a618-bf5b18176cd8/thumbnail HTTP/1.1 204 - https://localhost:9443/devportal/apis/c6b17439-fa73-4d33-a618-bf5b18176cd8/overview Mozilla/5.0 (Windows NT 10.0; Win64; x64) AppleWebKit/537.36 (KHTML, like Gecko) Chrome/114.0.0.0 Safari/537.36 0.009
0:0:0:0:0:0:0:1 - - [13/Jun/2023:23:21:29 +0100] GET /api/am/devportal/v3/apis/c6b17439-fa73-4d33-a618-bf5b18176cd8/comments?limit=5&offset=0 HTTP/1.1 200 101 https://localhost:9443/devportal/apis/c6b17439-fa73-4d33-a618-bf5b18176cd8/overview Mozilla/5.0 (Windows NT 10.0; Win64; x64) AppleWebKit/537.36 (KHTML, like Gecko) Chrome/114.0.0.0 Safari/537.36 0.010
0:0:0:0:0:0:0:1 - - [13/Jun/2023:23:21:30 +0100] GET /devportal/site/public/images/_favicon.ico HTTP/1.1 200 1150 https://localhost:9443/devportal/apis/c6b17439-fa73-4d33-a618-bf5b18176cd8/test Mozilla/5.0 (Windows NT 10.0; Win64; x64) AppleWebKit/537.36 (KHTML, like Gecko) Chrome/114.0.0.0 Safari/537.36 0.002
0:0:0:0:0:0:0:1 - - [13/Jun/2023:23:21:30 +0100] GET /api/am/devportal/v3/apis/c6b17439-fa73-4d33-a618-bf5b18176cd8 HTTP/1.1 200 1553 https://localhost:9443/devportal/apis/c6b17439-fa73-4d33-a618-bf5b18176cd8/test Mozilla/5.0 (Windows NT 10.0; Win64; x64) AppleWebKit/537.36 (KHTML, like Gecko) Chrome/114.0.0.0 Safari/537.36 0.019
0:0:0:0:0:0:0:1 - - [13/Jun/2023:23:21:30 +0100] GET /api/am/devportal/v3/apis/c6b17439-fa73-4d33-a618-bf5b18176cd8/swagger?environmentName=Default HTTP/1.1 200 802 https://localhost:9443/devportal/apis/c6b17439-fa73-4d33-a618-bf5b18176cd8/test Mozilla/5.0 (Windows NT 10.0; Win64; x64) AppleWebKit/537.36 (KHTML, like Gecko) Chrome/114.0.0.0 Safari/537.36 0.023
0:0:0:0:0:0:0:1 - - [13/Jun/2023:23:21:31 +0100] GET /api/am/devportal/v3/swagger.yaml HTTP/1.1 200 26878 https://localhost:9443/devportal/apis/c6b17439-fa73-4d33-a618-bf5b18176cd8/test Mozilla/5.0 (Windows NT 10.0; Win64; x64) AppleWebKit/537.36 (KHTML, like Gecko) Chrome/114.0.0.0 Safari/537.36 0.020
127.0.0.1 - - [13/Jun/2023:23:21:31 +0100] GET /keymanager-operations/dcr/register/SEdFbjNMa0NQb0VEd1NHcVR0bDZxc3FVbGowYQ%3D%3D HTTP/1.1 200 531 - Apache-HttpClient/4.5.13 (Java/17.0.6) 0.004
127.0.0.1 - - [13/Jun/2023:23:21:31 +0100] GET /oauth2/token/.well-known/openid-configuration HTTP/1.1 200 2395 - Apache-HttpClient/4.5.13 (Java/17.0.6) 0.008
0:0:0:0:0:0:0:1 - - [13/Jun/2023:23:21:31 +0100] GET /api/am/devportal/v3/key-managers HTTP/1.1 200 763 https://localhost:9443/devportal/apis/c6b17439-fa73-4d33-a618-bf5b18176cd8/test Mozilla/5.0 (Windows NT 10.0; Win64; x64) AppleWebKit/537.36 (KHTML, like Gecko) Chrome/114.0.0.0 Safari/537.36 0.031
0:0:0:0:0:0:0:1 - - [13/Jun/2023:23:21:31 +0100] GET /api/am/devportal/v3/subscriptions?apiId=c6b17439-fa73-4d33-a618-bf5b18176cd8&limit=25 HTTP/1.1 200 716 https://localhost:9443/devportal/apis/c6b17439-fa73-4d33-a618-bf5b18176cd8/test Mozilla/5.0 (Windows NT 10.0; Win64; x64) AppleWebKit/537.36 (KHTML, like Gecko) Chrome/114.0.0.0 Safari/537.36 0.048
127.0.0.1 - - [13/Jun/2023:23:21:31 +0100] GET /keymanager-operations/dcr/register/SEdFbjNMa0NQb0VEd1NHcVR0bDZxc3FVbGowYQ%3D%3D HTTP/1.1 200 531 - Apache-HttpClient/4.5.13 (Java/17.0.6) 0.007
0:0:0:0:0:0:0:1 - - [13/Jun/2023:23:21:31 +0100] GET /api/am/devportal/v3/subscriptions?apiId=c6b17439-fa73-4d33-a618-bf5b18176cd8&limit=25 HTTP/1.1 200 716 https://localhost:9443/devportal/apis/c6b17439-fa73-4d33-a618-bf5b18176cd8/test Mozilla/5.0 (Windows NT 10.0; Win64; x64) AppleWebKit/537.36 (KHTML, like Gecko) Chrome/114.0.0.0 Safari/537.36 0.046
0:0:0:0:0:0:0:1 - - [13/Jun/2023:23:21:31 +0100] GET /api/am/devportal/v3/applications/ HTTP/1.1 200 1004 https://localhost:9443/devportal/apis/c6b17439-fa73-4d33-a618-bf5b18176cd8/test Mozilla/5.0 (Windows NT 10.0; Win64; x64) AppleWebKit/537.36 (KHTML, like Gecko) Chrome/114.0.0.0 Safari/537.36 0.006
0:0:0:0:0:0:0:1 - - [13/Jun/2023:23:21:31 +0100] GET /devportal/site/public/dist/vendors~APICredentials.b631ff2ba79ad9a03e8f.bundle.js HTTP/1.1 200 7297 https://localhost:9443/devportal/apis/c6b17439-fa73-4d33-a618-bf5b18176cd8/credentials Mozilla/5.0 (Windows NT 10.0; Win64; x64) AppleWebKit/537.36 (KHTML, like Gecko) Chrome/114.0.0.0 Safari/537.36 0.003
0:0:0:0:0:0:0:1 - - [13/Jun/2023:23:21:31 +0100] GET /devportal/site/public/dist/APICredentials.adc4c21efd10886734c0.bundle.js HTTP/1.1 200 19944 https://localhost:9443/devportal/apis/c6b17439-fa73-4d33-a618-bf5b18176cd8/credentials Mozilla/5.0 (Windows NT 10.0; Win64; x64) AppleWebKit/537.36 (KHTML, like Gecko) Chrome/114.0.0.0 Safari/537.36 0.006
0:0:0:0:0:0:0:1 - - [13/Jun/2023:23:21:31 +0100] GET /devportal/site/public/dist/7.78efb95d9f7afcfbb567.bundle.js HTTP/1.1 200 42986 https://localhost:9443/devportal/apis/c6b17439-fa73-4d33-a618-bf5b18176cd8/credentials Mozilla/5.0 (Windows NT 10.0; Win64; x64) AppleWebKit/537.36 (KHTML, like Gecko) Chrome/114.0.0.0 Safari/537.36 0.013
0:0:0:0:0:0:0:1 - - [13/Jun/2023:23:21:31 +0100] GET /devportal/site/public/images/_favicon.ico HTTP/1.1 200 1150 https://localhost:9443/devportal/apis/c6b17439-fa73-4d33-a618-bf5b18176cd8/credentials Mozilla/5.0 (Windows NT 10.0; Win64; x64) AppleWebKit/537.36 (KHTML, like Gecko) Chrome/114.0.0.0 Safari/537.36 0.001
0:0:0:0:0:0:0:1 - - [13/Jun/2023:23:21:31 +0100] GET /api/am/devportal/v3/swagger.yaml HTTP/1.1 200 26878 https://localhost:9443/devportal/apis/c6b17439-fa73-4d33-a618-bf5b18176cd8/credentials Mozilla/5.0 (Windows NT 10.0; Win64; x64) AppleWebKit/537.36 (KHTML, like Gecko) Chrome/114.0.0.0 Safari/537.36 0.011
127.0.0.1 - - [13/Jun/2023:23:21:31 +0100] GET /keymanager-operations/dcr/register/SEdFbjNMa0NQb0VEd1NHcVR0bDZxc3FVbGowYQ%3D%3D HTTP/1.1 200 531 - Apache-HttpClient/4.5.13 (Java/17.0.6) 0.003
0:0:0:0:0:0:0:1 - - [13/Jun/2023:23:21:31 +0100] GET /api/am/devportal/v3/applications/6cc3231f-f7b9-437e-93fd-41d67fc514af HTTP/1.1 200 503 https://localhost:9443/devportal/apis/c6b17439-fa73-4d33-a618-bf5b18176cd8/credentials Mozilla/5.0 (Windows NT 10.0; Win64; x64) AppleWebKit/537.36 (KHTML, like Gecko) Chrome/114.0.0.0 Safari/537.36 0.009
127.0.0.1 - - [13/Jun/2023:23:21:31 +0100] GET /keymanager-operations/dcr/register/SEdFbjNMa0NQb0VEd1NHcVR0bDZxc3FVbGowYQ%3D%3D HTTP/1.1 200 531 - Apache-HttpClient/4.5.13 (Java/17.0.6) 0.002
0:0:0:0:0:0:0:1 - - [13/Jun/2023:23:21:31 +0100] GET /api/am/devportal/v3/applications/6cc3231f-f7b9-437e-93fd-41d67fc514af/oauth-keys HTTP/1.1 200 679 https://localhost:9443/devportal/apis/c6b17439-fa73-4d33-a618-bf5b18176cd8/credentials Mozilla/5.0 (Windows NT 10.0; Win64; x64) AppleWebKit/537.36 (KHTML, like Gecko) Chrome/114.0.0.0 Safari/537.36 0.006
0:0:0:0:0:0:0:1 - - [13/Jun/2023:23:21:38 +0100] - 400 - - - 0.000
0:0:0:0:0:0:0:1 - - [13/Jun/2023:23:21:38 +0100] - 400 - - - 0.000
0:0:0:0:0:0:0:1 - - [13/Jun/2023:23:21:38 +0100] - 400 - - - 0.000
0:0:0:0:0:0:0:1 - - [13/Jun/2023:23:21:38 +0100] GET /api/am/devportal/v3/throttling-policies/application HTTP/1.1 200 473 https://localhost:9443/devportal/apis/c6b17439-fa73-4d33-a618-bf5b18176cd8/credentials/wizard Mozilla/5.0 (Windows NT 10.0; Win64; x64) AppleWebKit/537.36 (KHTML, like Gecko) Chrome/114.0.0.0 Safari/537.36 0.004
0:0:0:0:0:0:0:1 - - [13/Jun/2023:23:21:38 +0100] GET /api/am/devportal/v3/settings/application-attributes HTTP/1.1 200 21 https://localhost:9443/devportal/apis/c6b17439-fa73-4d33-a618-bf5b18176cd8/credentials/wizard Mozilla/5.0 (Windows NT 10.0; Win64; x64) AppleWebKit/537.36 (KHTML, like Gecko) Chrome/114.0.0.0 Safari/537.36 0.016
127.0.0.1 - - [13/Jun/2023:23:21:38 +0100] GET /oauth2/token/.well-known/openid-configuration HTTP/1.1 200 2395 - Apache-HttpClient/4.5.13 (Java/17.0.6) 0.004
0:0:0:0:0:0:0:1 - - [13/Jun/2023:23:21:38 +0100] GET /devportal/site/public/images/_favicon.ico HTTP/1.1 200 1150 https://localhost:9443/devportal/apis/c6b17439-fa73-4d33-a618-bf5b18176cd8/credentials/wizard Mozilla/5.0 (Windows NT 10.0; Win64; x64) AppleWebKit/537.36 (KHTML, like Gecko) Chrome/114.0.0.0 Safari/537.36 0.003
0:0:0:0:0:0:0:1 - - [13/Jun/2023:23:21:38 +0100] GET /api/am/devportal/v3/key-managers HTTP/1.1 200 763 https://localhost:9443/devportal/apis/c6b17439-fa73-4d33-a618-bf5b18176cd8/credentials/wizard Mozilla/5.0 (Windows NT 10.0; Win64; x64) AppleWebKit/537.36 (KHTML, like Gecko) Chrome/114.0.0.0 Safari/537.36 0.019
0:0:0:0:0:0:0:1 - - [13/Jun/2023:23:21:44 +0100] - 400 - - - 0.000
0:0:0:0:0:0:0:1 - - [13/Jun/2023:23:21:45 +0100] POST /api/am/devportal/v3/applications HTTP/1.1 201 337 https://localhost:9443/devportal/apis/c6b17439-fa73-4d33-a618-bf5b18176cd8/credentials/wizard Mozilla/5.0 (Windows NT 10.0; Win64; x64) AppleWebKit/537.36 (KHTML, like Gecko) Chrome/114.0.0.0 Safari/537.36 0.099
0:0:0:0:0:0:0:1 - - [13/Jun/2023:23:21:48 +0100] POST /api/am/devportal/v3/subscriptions HTTP/1.1 201 658 https://localhost:9443/devportal/apis/c6b17439-fa73-4d33-a618-bf5b18176cd8/credentials/wizard Mozilla/5.0 (Windows NT 10.0; Win64; x64) AppleWebKit/537.36 (KHTML, like Gecko) Chrome/114.0.0.0 Safari/537.36 0.037
127.0.0.1 - - [13/Jun/2023:23:21:48 +0100] GET /oauth2/token/.well-known/openid-configuration HTTP/1.1 200 2395 - Apache-HttpClient/4.5.13 (Java/17.0.6) 0.002
0:0:0:0:0:0:0:1 - - [13/Jun/2023:23:21:48 +0100] GET /api/am/devportal/v3/key-managers HTTP/1.1 200 763 https://localhost:9443/devportal/apis/c6b17439-fa73-4d33-a618-bf5b18176cd8/credentials/wizard Mozilla/5.0 (Windows NT 10.0; Win64; x64) AppleWebKit/537.36 (KHTML, like Gecko) Chrome/114.0.0.0 Safari/537.36 0.013
0:0:0:0:0:0:0:1 - - [13/Jun/2023:23:21:51 +0100] GET /api/am/devportal/v3/swagger.yaml HTTP/1.1 200 26878 https://localhost:9443/devportal/apis/c6b17439-fa73-4d33-a618-bf5b18176cd8/credentials/wizard Mozilla/5.0 (Windows NT 10.0; Win64; x64) AppleWebKit/537.36 (KHTML, like Gecko) Chrome/114.0.0.0 Safari/537.36 0.006
0:0:0:0:0:0:0:1 - - [13/Jun/2023:23:21:51 +0100] GET /api/am/devportal/v3/applications/61ddaa0f-0c05-45ac-8f23-c232670ebd63 HTTP/1.1 200 490 https://localhost:9443/devportal/apis/c6b17439-fa73-4d33-a618-bf5b18176cd8/credentials/wizard Mozilla/5.0 (Windows NT 10.0; Win64; x64) AppleWebKit/537.36 (KHTML, like Gecko) Chrome/114.0.0.0 Safari/537.36 0.004
127.0.0.1 - - [13/Jun/2023:23:21:52 +0100] POST /keymanager-operations/dcr/register HTTP/1.1 201 720 - Apache-HttpClient/4.5.13 (Java/17.0.6) 0.277
127.0.0.1 - - [13/Jun/2023:23:21:52 +0100] POST /oauth2/token HTTP/1.1 200 1183 - Apache-HttpClient/4.5.13 (Java/17.0.6) 0.011
0:0:0:0:0:0:0:1 - - [13/Jun/2023:23:21:52 +0100] POST /api/am/devportal/v3/applications/61ddaa0f-0c05-45ac-8f23-c232670ebd63/generate-keys HTTP/1.1 200 1325 https://localhost:9443/devportal/apis/c6b17439-fa73-4d33-a618-bf5b18176cd8/credentials/wizard Mozilla/5.0 (Windows NT 10.0; Win64; x64) AppleWebKit/537.36 (KHTML, like Gecko) Chrome/114.0.0.0 Safari/537.36 0.321
0:0:0:0:0:0:0:1 - - [13/Jun/2023:23:21:52 +0100] GET /api/am/devportal/v3/swagger.yaml HTTP/1.1 200 26878 https://localhost:9443/devportal/apis/c6b17439-fa73-4d33-a618-bf5b18176cd8/credentials/wizard Mozilla/5.0 (Windows NT 10.0; Win64; x64) AppleWebKit/537.36 (KHTML, like Gecko) Chrome/114.0.0.0 Safari/537.36 0.006
127.0.0.1 - - [13/Jun/2023:23:21:52 +0100] GET /keymanager-operations/dcr/register/X3RlaklKb3BTa1J4YUo3ZGpxa213RFFzUmZBYQ%3D%3D HTTP/1.1 200 720 - Apache-HttpClient/4.5.13 (Java/17.0.6) 0.002
0:0:0:0:0:0:0:1 - - [13/Jun/2023:23:21:52 +0100] GET /api/am/devportal/v3/applications/61ddaa0f-0c05-45ac-8f23-c232670ebd63 HTTP/1.1 200 490 https://localhost:9443/devportal/apis/c6b17439-fa73-4d33-a618-bf5b18176cd8/credentials/wizard Mozilla/5.0 (Windows NT 10.0; Win64; x64) AppleWebKit/537.36 (KHTML, like Gecko) Chrome/114.0.0.0 Safari/537.36 0.007
127.0.0.1 - - [13/Jun/2023:23:21:52 +0100] GET /keymanager-operations/dcr/register/X3RlaklKb3BTa1J4YUo3ZGpxa213RFFzUmZBYQ%3D%3D HTTP/1.1 200 720 - Apache-HttpClient/4.5.13 (Java/17.0.6) 0.002
0:0:0:0:0:0:0:1 - - [13/Jun/2023:23:21:52 +0100] GET /api/am/devportal/v3/applications/61ddaa0f-0c05-45ac-8f23-c232670ebd63/oauth-keys HTTP/1.1 200 868 https://localhost:9443/devportal/apis/c6b17439-fa73-4d33-a618-bf5b18176cd8/credentials/wizard Mozilla/5.0 (Windows NT 10.0; Win64; x64) AppleWebKit/537.36 (KHTML, like Gecko) Chrome/114.0.0.0 Safari/537.36 0.006
0:0:0:0:0:0:0:1 - - [13/Jun/2023:23:22:00 +0100] - 400 - - - 0.000
0:0:0:0:0:0:0:1 - - [13/Jun/2023:23:22:00 +0100] GET /api/am/devportal/v3/swagger.yaml HTTP/1.1 200 26878 https://localhost:9443/devportal/apis/c6b17439-fa73-4d33-a618-bf5b18176cd8/credentials/wizard Mozilla/5.0 (Windows NT 10.0; Win64; x64) AppleWebKit/537.36 (KHTML, like Gecko) Chrome/114.0.0.0 Safari/537.36 0.007
127.0.0.1 - - [13/Jun/2023:23:22:00 +0100] GET /keymanager-operations/dcr/register/X3RlaklKb3BTa1J4YUo3ZGpxa213RFFzUmZBYQ%3D%3D HTTP/1.1 200 720 - Apache-HttpClient/4.5.13 (Java/17.0.6) 0.002
0:0:0:0:0:0:0:1 - - [13/Jun/2023:23:22:00 +0100] GET /api/am/devportal/v3/applications/61ddaa0f-0c05-45ac-8f23-c232670ebd63 HTTP/1.1 200 490 https://localhost:9443/devportal/apis/c6b17439-fa73-4d33-a618-bf5b18176cd8/credentials/wizard Mozilla/5.0 (Windows NT 10.0; Win64; x64) AppleWebKit/537.36 (KHTML, like Gecko) Chrome/114.0.0.0 Safari/537.36 0.012
127.0.0.1 - - [13/Jun/2023:23:22:00 +0100] GET /keymanager-operations/dcr/register/X3RlaklKb3BTa1J4YUo3ZGpxa213RFFzUmZBYQ%3D%3D HTTP/1.1 200 720 - Apache-HttpClient/4.5.13 (Java/17.0.6) 0.002
0:0:0:0:0:0:0:1 - - [13/Jun/2023:23:22:00 +0100] GET /api/am/devportal/v3/applications/61ddaa0f-0c05-45ac-8f23-c232670ebd63/oauth-keys HTTP/1.1 200 868 https://localhost:9443/devportal/apis/c6b17439-fa73-4d33-a618-bf5b18176cd8/credentials/wizard Mozilla/5.0 (Windows NT 10.0; Win64; x64) AppleWebKit/537.36 (KHTML, like Gecko) Chrome/114.0.0.0 Safari/537.36 0.006
127.0.0.1 - - [13/Jun/2023:23:22:00 +0100] GET /keymanager-operations/dcr/register/X3RlaklKb3BTa1J4YUo3ZGpxa213RFFzUmZBYQ%3D%3D HTTP/1.1 200 720 - Apache-HttpClient/4.5.13 (Java/17.0.6) 0.002
127.0.0.1 - - [13/Jun/2023:23:22:00 +0100] GET /keymanager-operations/dcr/register/X3RlaklKb3BTa1J4YUo3ZGpxa213RFFzUmZBYQ%3D%3D HTTP/1.1 200 720 - Apache-HttpClient/4.5.13 (Java/17.0.6) 0.002
127.0.0.1 - - [13/Jun/2023:23:22:00 +0100] POST /oauth2/token HTTP/1.1 200 1179 - Apache-HttpClient/4.5.13 (Java/17.0.6) 0.007
0:0:0:0:0:0:0:1 - - [13/Jun/2023:23:22:00 +0100] POST /api/am/devportal/v3/applications/61ddaa0f-0c05-45ac-8f23-c232670ebd63/oauth-keys/027f44a7-25d7-4d29-9024-ff6697a1f6d1/generate-token HTTP/1.1 200 856 https://localhost:9443/devportal/apis/c6b17439-fa73-4d33-a618-bf5b18176cd8/credentials/wizard Mozilla/5.0 (Windows NT 10.0; Win64; x64) AppleWebKit/537.36 (KHTML, like Gecko) Chrome/114.0.0.0 Safari/537.36 0.023
0:0:0:0:0:0:0:1 - - [13/Jun/2023:23:22:04 +0100] - 400 - - - 0.000
0:0:0:0:0:0:0:1 - - [13/Jun/2023:23:22:04 +0100] - 400 - - - 0.000
0:0:0:0:0:0:0:1 - - [13/Jun/2023:23:22:04 +0100] - 400 - - - 0.000
0:0:0:0:0:0:0:1 - - [13/Jun/2023:23:22:04 +0100] - 400 - - - 0.000
0:0:0:0:0:0:0:1 - - [13/Jun/2023:23:22:04 +0100] GET /api/am/devportal/v3/applications?limit=5000 HTTP/1.1 200 496 https://localhost:9443/devportal/apis/c6b17439-fa73-4d33-a618-bf5b18176cd8/credentials Mozilla/5.0 (Windows NT 10.0; Win64; x64) AppleWebKit/537.36 (KHTML, like Gecko) Chrome/114.0.0.0 Safari/537.36 0.005
0:0:0:0:0:0:0:1 - - [13/Jun/2023:23:22:04 +0100] GET /api/am/devportal/v3/apis/c6b17439-fa73-4d33-a618-bf5b18176cd8 HTTP/1.1 200 1553 https://localhost:9443/devportal/apis/c6b17439-fa73-4d33-a618-bf5b18176cd8/credentials Mozilla/5.0 (Windows NT 10.0; Win64; x64) AppleWebKit/537.36 (KHTML, like Gecko) Chrome/114.0.0.0 Safari/537.36 0.019
0:0:0:0:0:0:0:1 - - [13/Jun/2023:23:22:04 +0100] GET /devportal/site/public/images/_favicon.ico HTTP/1.1 200 1150 https://localhost:9443/devportal/apis/c6b17439-fa73-4d33-a618-bf5b18176cd8/credentials Mozilla/5.0 (Windows NT 10.0; Win64; x64) AppleWebKit/537.36 (KHTML, like Gecko) Chrome/114.0.0.0 Safari/537.36 0.003
127.0.0.1 - - [13/Jun/2023:23:22:04 +0100] GET /keymanager-operations/dcr/register/X3RlaklKb3BTa1J4YUo3ZGpxa213RFFzUmZBYQ%3D%3D HTTP/1.1 200 720 - Apache-HttpClient/4.5.13 (Java/17.0.6) 0.003
127.0.0.1 - - [13/Jun/2023:23:22:04 +0100] GET /keymanager-operations/dcr/register/SEdFbjNMa0NQb0VEd1NHcVR0bDZxc3FVbGowYQ%3D%3D HTTP/1.1 200 531 - Apache-HttpClient/4.5.13 (Java/17.0.6) 0.003
127.0.0.1 - - [13/Jun/2023:23:22:04 +0100] GET /keymanager-operations/dcr/register/SEdFbjNMa0NQb0VEd1NHcVR0bDZxc3FVbGowYQ%3D%3D HTTP/1.1 200 531 - Apache-HttpClient/4.5.13 (Java/17.0.6) 0.003
127.0.0.1 - - [13/Jun/2023:23:22:04 +0100] GET /keymanager-operations/dcr/register/X3RlaklKb3BTa1J4YUo3ZGpxa213RFFzUmZBYQ%3D%3D HTTP/1.1 200 720 - Apache-HttpClient/4.5.13 (Java/17.0.6) 0.003
0:0:0:0:0:0:0:1 - - [13/Jun/2023:23:22:04 +0100] GET /api/am/devportal/v3/subscriptions?apiId=c6b17439-fa73-4d33-a618-bf5b18176cd8&limit=25 HTTP/1.1 200 819 https://localhost:9443/devportal/apis/c6b17439-fa73-4d33-a618-bf5b18176cd8/credentials Mozilla/5.0 (Windows NT 10.0; Win64; x64) AppleWebKit/537.36 (KHTML, like Gecko) Chrome/114.0.0.0 Safari/537.36 0.045
0:0:0:0:0:0:0:1 - - [13/Jun/2023:23:22:04 +0100] GET /api/am/devportal/v3/subscriptions?apiId=c6b17439-fa73-4d33-a618-bf5b18176cd8&limit=5000 HTTP/1.1 200 820 https://localhost:9443/devportal/apis/c6b17439-fa73-4d33-a618-bf5b18176cd8/credentials Mozilla/5.0 (Windows NT 10.0; Win64; x64) AppleWebKit/537.36 (KHTML, like Gecko) Chrome/114.0.0.0 Safari/537.36 0.043
0:0:0:0:0:0:0:1 - - [13/Jun/2023:23:22:11 +0100] - 400 - - - 0.000
0:0:0:0:0:0:0:1 - - [13/Jun/2023:23:22:11 +0100] DELETE /api/am/devportal/v3/subscriptions/cb9fac32-9581-4690-9755-0037e9a1b0d1 HTTP/1.1 200 - https://localhost:9443/devportal/apis/c6b17439-fa73-4d33-a618-bf5b18176cd8/credentials Mozilla/5.0 (Windows NT 10.0; Win64; x64) AppleWebKit/537.36 (KHTML, like Gecko) Chrome/114.0.0.0 Safari/537.36 0.011
0:0:0:0:0:0:0:1 - - [13/Jun/2023:23:22:11 +0100] - 400 - - - 0.000
0:0:0:0:0:0:0:1 - - [13/Jun/2023:23:22:11 +0100] - 400 - - - 0.000
0:0:0:0:0:0:0:1 - - [13/Jun/2023:23:22:11 +0100] - 400 - - - 0.000
0:0:0:0:0:0:0:1 - - [13/Jun/2023:23:22:11 +0100] GET /api/am/devportal/v3/applications?limit=5000 HTTP/1.1 200 493 https://localhost:9443/devportal/apis/c6b17439-fa73-4d33-a618-bf5b18176cd8/credentials Mozilla/5.0 (Windows NT 10.0; Win64; x64) AppleWebKit/537.36 (KHTML, like Gecko) Chrome/114.0.0.0 Safari/537.36 0.003
0:0:0:0:0:0:0:1 - - [13/Jun/2023:23:22:11 +0100] GET /api/am/devportal/v3/apis/c6b17439-fa73-4d33-a618-bf5b18176cd8 HTTP/1.1 200 1553 https://localhost:9443/devportal/apis/c6b17439-fa73-4d33-a618-bf5b18176cd8/credentials Mozilla/5.0 (Windows NT 10.0; Win64; x64) AppleWebKit/537.36 (KHTML, like Gecko) Chrome/114.0.0.0 Safari/537.36 0.009
127.0.0.1 - - [13/Jun/2023:23:22:11 +0100] GET /keymanager-operations/dcr/register/X3RlaklKb3BTa1J4YUo3ZGpxa213RFFzUmZBYQ%3D%3D HTTP/1.1 200 720 - Apache-HttpClient/4.5.13 (Java/17.0.6) 0.002
127.0.0.1 - - [13/Jun/2023:23:22:11 +0100] GET /keymanager-operations/dcr/register/X3RlaklKb3BTa1J4YUo3ZGpxa213RFFzUmZBYQ%3D%3D HTTP/1.1 200 720 - Apache-HttpClient/4.5.13 (Java/17.0.6) 0.002
0:0:0:0:0:0:0:1 - - [13/Jun/2023:23:22:11 +0100] GET /api/am/devportal/v3/subscriptions?apiId=c6b17439-fa73-4d33-a618-bf5b18176cd8&limit=25 HTTP/1.1 200 708 https://localhost:9443/devportal/apis/c6b17439-fa73-4d33-a618-bf5b18176cd8/credentials Mozilla/5.0 (Windows NT 10.0; Win64; x64) AppleWebKit/537.36 (KHTML, like Gecko) Chrome/114.0.0.0 Safari/537.36 0.016
0:0:0:0:0:0:0:1 - - [13/Jun/2023:23:22:11 +0100] GET /api/am/devportal/v3/subscriptions?apiId=c6b17439-fa73-4d33-a618-bf5b18176cd8&limit=5000 HTTP/1.1 200 710 https://localhost:9443/devportal/apis/c6b17439-fa73-4d33-a618-bf5b18176cd8/credentials Mozilla/5.0 (Windows NT 10.0; Win64; x64) AppleWebKit/537.36 (KHTML, like Gecko) Chrome/114.0.0.0 Safari/537.36 0.016
0:0:0:0:0:0:0:1 - - [13/Jun/2023:23:22:14 +0100] GET /api/am/devportal/v3/api-categories HTTP/1.1 200 21 https://localhost:9443/devportal/apis Mozilla/5.0 (Windows NT 10.0; Win64; x64) AppleWebKit/537.36 (KHTML, like Gecko) Chrome/114.0.0.0 Safari/537.36 0.003
0:0:0:0:0:0:0:1 - - [13/Jun/2023:23:22:14 +0100] GET /devportal/site/public/images/_favicon.ico HTTP/1.1 200 1150 https://localhost:9443/devportal/apis Mozilla/5.0 (Windows NT 10.0; Win64; x64) AppleWebKit/537.36 (KHTML, like Gecko) Chrome/114.0.0.0 Safari/537.36 0.005
0:0:0:0:0:0:0:1 - - [13/Jun/2023:23:22:14 +0100] GET /api/am/devportal/v3/tags HTTP/1.1 200 92 https://localhost:9443/devportal/apis Mozilla/5.0 (Windows NT 10.0; Win64; x64) AppleWebKit/537.36 (KHTML, like Gecko) Chrome/114.0.0.0 Safari/537.36 0.020
0:0:0:0:0:0:0:1 - - [13/Jun/2023:23:22:14 +0100] GET /devportal/site/public/images/_favicon.ico HTTP/1.1 200 1150 https://localhost:9443/devportal/apis Mozilla/5.0 (Windows NT 10.0; Win64; x64) AppleWebKit/537.36 (KHTML, like Gecko) Chrome/114.0.0.0 Safari/537.36 0.002
0:0:0:0:0:0:0:1 - - [13/Jun/2023:23:22:14 +0100] GET /api/am/devportal/v3/apis?limit=10&offset=0 HTTP/1.1 200 610 https://localhost:9443/devportal/apis Mozilla/5.0 (Windows NT 10.0; Win64; x64) AppleWebKit/537.36 (KHTML, like Gecko) Chrome/114.0.0.0 Safari/537.36 0.026
0:0:0:0:0:0:0:1 - - [13/Jun/2023:23:22:14 +0100] - 400 - - - 0.000
0:0:0:0:0:0:0:1 - - [13/Jun/2023:23:22:14 +0100] - 400 - - - 0.000
0:0:0:0:0:0:0:1 - - [13/Jun/2023:23:22:14 +0100] GET /api/am/devportal/v3/apis/c6b17439-fa73-4d33-a618-bf5b18176cd8/ratings HTTP/1.1 200 125 https://localhost:9443/devportal/apis Mozilla/5.0 (Windows NT 10.0; Win64; x64) AppleWebKit/537.36 (KHTML, like Gecko) Chrome/114.0.0.0 Safari/537.36 0.010
0:0:0:0:0:0:0:1 - - [13/Jun/2023:23:22:14 +0100] GET /api/am/devportal/v3/apis/d02418ae-ab94-438a-87c1-83b37ef15067/ratings HTTP/1.1 200 125 https://localhost:9443/devportal/apis Mozilla/5.0 (Windows NT 10.0; Win64; x64) AppleWebKit/537.36 (KHTML, like Gecko) Chrome/114.0.0.0 Safari/537.36 0.013
0:0:0:0:0:0:0:1 - - [13/Jun/2023:23:22:14 +0100] GET /api/am/devportal/v3/apis/d02418ae-ab94-438a-87c1-83b37ef15067/thumbnail HTTP/1.1 204 - https://localhost:9443/devportal/apis Mozilla/5.0 (Windows NT 10.0; Win64; x64) AppleWebKit/537.36 (KHTML, like Gecko) Chrome/114.0.0.0 Safari/537.36 0.016
0:0:0:0:0:0:0:1 - - [13/Jun/2023:23:22:14 +0100] GET /api/am/devportal/v3/apis/c6b17439-fa73-4d33-a618-bf5b18176cd8/thumbnail HTTP/1.1 204 - https://localhost:9443/devportal/apis Mozilla/5.0 (Windows NT 10.0; Win64; x64) AppleWebKit/537.36 (KHTML, like Gecko) Chrome/114.0.0.0 Safari/537.36 0.015
0:0:0:0:0:0:0:1 - - [13/Jun/2023:23:22:14 +0100] GET /api/am/devportal/v3/apis/6f7f8f85-a5f3-428e-b187-cbdb08192bba/ratings HTTP/1.1 200 125 https://localhost:9443/devportal/apis Mozilla/5.0 (Windows NT 10.0; Win64; x64) AppleWebKit/537.36 (KHTML, like Gecko) Chrome/114.0.0.0 Safari/537.36 0.010
0:0:0:0:0:0:0:1 - - [13/Jun/2023:23:22:14 +0100] GET /api/am/devportal/v3/apis/6f7f8f85-a5f3-428e-b187-cbdb08192bba/thumbnail HTTP/1.1 204 - https://localhost:9443/devportal/apis Mozilla/5.0 (Windows NT 10.0; Win64; x64) AppleWebKit/537.36 (KHTML, like Gecko) Chrome/114.0.0.0 Safari/537.36 0.012
0:0:0:0:0:0:0:1 - - [13/Jun/2023:23:22:16 +0100] GET /publisher/apis/c6b17439-fa73-4d33-a618-bf5b18176cd8/subscriptions HTTP/1.1 200 1713 https://localhost:9443/publisher/apis/c6b17439-fa73-4d33-a618-bf5b18176cd8/business%20info Mozilla/5.0 (Windows NT 10.0; Win64; x64) AppleWebKit/537.36 (KHTML, like Gecko) Chrome/114.0.0.0 Safari/537.36 0.007
0:0:0:0:0:0:0:1 - - [13/Jun/2023:23:22:16 +0100] GET /publisher/site/public/css/main.css HTTP/1.1 200 2075 https://localhost:9443/publisher/apis/c6b17439-fa73-4d33-a618-bf5b18176cd8/subscriptions Mozilla/5.0 (Windows NT 10.0; Win64; x64) AppleWebKit/537.36 (KHTML, like Gecko) Chrome/114.0.0.0 Safari/537.36 0.003
0:0:0:0:0:0:0:1 - - [13/Jun/2023:23:22:16 +0100] GET /publisher/site/public/css/draftjs.css HTTP/1.1 200 2643 https://localhost:9443/publisher/apis/c6b17439-fa73-4d33-a618-bf5b18176cd8/subscriptions Mozilla/5.0 (Windows NT 10.0; Win64; x64) AppleWebKit/537.36 (KHTML, like Gecko) Chrome/114.0.0.0 Safari/537.36 0.003
0:0:0:0:0:0:0:1 - - [13/Jun/2023:23:22:16 +0100] GET /publisher/site/public/conf/userThemes.js HTTP/1.1 200 939 https://localhost:9443/publisher/apis/c6b17439-fa73-4d33-a618-bf5b18176cd8/subscriptions Mozilla/5.0 (Windows NT 10.0; Win64; x64) AppleWebKit/537.36 (KHTML, like Gecko) Chrome/114.0.0.0 Safari/537.36 0.002
0:0:0:0:0:0:0:1 - - [13/Jun/2023:23:22:16 +0100] GET /publisher/site/public/fonts/iconfont/MaterialIcons.js HTTP/1.1 200 6703 https://localhost:9443/publisher/apis/c6b17439-fa73-4d33-a618-bf5b18176cd8/subscriptions Mozilla/5.0 (Windows NT 10.0; Win64; x64) AppleWebKit/537.36 (KHTML, like Gecko) Chrome/114.0.0.0 Safari/537.36 0.003
0:0:0:0:0:0:0:1 - - [13/Jun/2023:23:22:16 +0100] GET /publisher/site/public/fonts/iconfont/material-icons.css HTTP/1.1 200 970 https://localhost:9443/publisher/apis/c6b17439-fa73-4d33-a618-bf5b18176cd8/subscriptions Mozilla/5.0 (Windows NT 10.0; Win64; x64) AppleWebKit/537.36 (KHTML, like Gecko) Chrome/114.0.0.0 Safari/537.36 0.003
0:0:0:0:0:0:0:1 - - [13/Jun/2023:23:22:16 +0100] GET /publisher/services/settings/settings.js HTTP/1.1 200 1214 https://localhost:9443/publisher/apis/c6b17439-fa73-4d33-a618-bf5b18176cd8/subscriptions Mozilla/5.0 (Windows NT 10.0; Win64; x64) AppleWebKit/537.36 (KHTML, like Gecko) Chrome/114.0.0.0 Safari/537.36 0.007
0:0:0:0:0:0:0:1 - - [13/Jun/2023:23:22:16 +0100] GET /publisher/site/public/conf/portalSettings.js HTTP/1.1 200 705 https://localhost:9443/publisher/apis/c6b17439-fa73-4d33-a618-bf5b18176cd8/subscriptions Mozilla/5.0 (Windows NT 10.0; Win64; x64) AppleWebKit/537.36 (KHTML, like Gecko) Chrome/114.0.0.0 Safari/537.36 0.008
0:0:0:0:0:0:0:1 - - [13/Jun/2023:23:22:16 +0100] GET /publisher/site/public/dist/index.ebdd6f43ad27f9232620.bundle.js HTTP/1.1 200 201039 https://localhost:9443/publisher/apis/c6b17439-fa73-4d33-a618-bf5b18176cd8/subscriptions Mozilla/5.0 (Windows NT 10.0; Win64; x64) AppleWebKit/537.36 (KHTML, like Gecko) Chrome/114.0.0.0 Safari/537.36 0.030
0:0:0:0:0:0:0:1 - - [13/Jun/2023:23:22:16 +0100] GET /oidc/checksession?client_id=bcnL5Jqa63Z3eEnQ8WMegfk9rKsa&redirect_uri=https://localhost:9443/publisher/services/auth/callback/login HTTP/1.1 200 3134 https://localhost:9443/publisher/apis/c6b17439-fa73-4d33-a618-bf5b18176cd8/subscriptions Mozilla/5.0 (Windows NT 10.0; Win64; x64) AppleWebKit/537.36 (KHTML, like Gecko) Chrome/114.0.0.0 Safari/537.36 0.002
0:0:0:0:0:0:0:1 - - [13/Jun/2023:23:22:16 +0100] GET /publisher/site/public/fonts/Open_Sans/mem8YaGs126MiZpBA-UFVZ0bf8pkAg.woff2 HTTP/1.1 200 8892 https://localhost:9443/publisher/site/public/css/main.css Mozilla/5.0 (Windows NT 10.0; Win64; x64) AppleWebKit/537.36 (KHTML, like Gecko) Chrome/114.0.0.0 Safari/537.36 0.003
0:0:0:0:0:0:0:1 - - [13/Jun/2023:23:22:16 +0100] GET /publisher/site/public/dist/ProtectedApps.ba650aa593e075176ba2.bundle.js HTTP/1.1 200 130807 https://localhost:9443/publisher/apis/c6b17439-fa73-4d33-a618-bf5b18176cd8/subscriptions Mozilla/5.0 (Windows NT 10.0; Win64; x64) AppleWebKit/537.36 (KHTML, like Gecko) Chrome/114.0.0.0 Safari/537.36 0.020
0:0:0:0:0:0:0:1 - - [13/Jun/2023:23:22:16 +0100] GET /publisher/site/public/dist/vendors~ProtectedApps.d921a8dd5e6d05c832c1.bundle.js HTTP/1.1 200 354299 https://localhost:9443/publisher/apis/c6b17439-fa73-4d33-a618-bf5b18176cd8/subscriptions Mozilla/5.0 (Windows NT 10.0; Win64; x64) AppleWebKit/537.36 (KHTML, like Gecko) Chrome/114.0.0.0 Safari/537.36 0.049
0:0:0:0:0:0:0:1 - - [13/Jun/2023:23:22:16 +0100] GET /publisher/site/public/dist/DeferredAPIs.425e55b4e7fd37d8ac00.bundle.js HTTP/1.1 200 35600 https://localhost:9443/publisher/apis/c6b17439-fa73-4d33-a618-bf5b18176cd8/subscriptions Mozilla/5.0 (Windows NT 10.0; Win64; x64) AppleWebKit/537.36 (KHTML, like Gecko) Chrome/114.0.0.0 Safari/537.36 0.007
0:0:0:0:0:0:0:1 - - [13/Jun/2023:23:22:16 +0100] GET /publisher/site/public/images/logo.svg HTTP/1.1 200 18050 https://localhost:9443/publisher/apis/c6b17439-fa73-4d33-a618-bf5b18176cd8/subscriptions Mozilla/5.0 (Windows NT 10.0; Win64; x64) AppleWebKit/537.36 (KHTML, like Gecko) Chrome/114.0.0.0 Safari/537.36 0.002
0:0:0:0:0:0:0:1 - - [13/Jun/2023:23:22:16 +0100] GET /publisher/site/public/fonts/iconfont/MaterialIcons-Regular.woff2 HTTP/1.1 200 60840 https://localhost:9443/publisher/site/public/fonts/iconfont/material-icons.css Mozilla/5.0 (Windows NT 10.0; Win64; x64) AppleWebKit/537.36 (KHTML, like Gecko) Chrome/114.0.0.0 Safari/537.36 0.003
0:0:0:0:0:0:0:1 - - [13/Jun/2023:23:22:17 +0100] GET /publisher/site/public/dist/APICreateRoutes.8b6d72f7c544eb8d0449.bundle.js HTTP/1.1 200 33869 https://localhost:9443/publisher/apis/c6b17439-fa73-4d33-a618-bf5b18176cd8/subscriptions Mozilla/5.0 (Windows NT 10.0; Win64; x64) AppleWebKit/537.36 (KHTML, like Gecko) Chrome/114.0.0.0 Safari/537.36 0.009
0:0:0:0:0:0:0:1 - - [13/Jun/2023:23:22:17 +0100] GET /publisher/site/public/dist/vendors~APICreateRoutes~DeferredDetails.0ce2ce98475cbbfdf471.bundle.js HTTP/1.1 200 233218 https://localhost:9443/publisher/apis/c6b17439-fa73-4d33-a618-bf5b18176cd8/subscriptions Mozilla/5.0 (Windows NT 10.0; Win64; x64) AppleWebKit/537.36 (KHTML, like Gecko) Chrome/114.0.0.0 Safari/537.36 0.064
0:0:0:0:0:0:0:1 - - [13/Jun/2023:23:22:17 +0100] GET /publisher/site/public/dist/vendors~APICreateRoutes~DeferredDetails.0ce2ce98475cbbfdf471.bundle.js HTTP/1.1 200 233218 https://localhost:9443/publisher/apis/c6b17439-fa73-4d33-a618-bf5b18176cd8/subscriptions Mozilla/5.0 (Windows NT 10.0; Win64; x64) AppleWebKit/537.36 (KHTML, like Gecko) Chrome/114.0.0.0 Safari/537.36 0.053
0:0:0:0:0:0:0:1 - - [13/Jun/2023:23:22:17 +0100] GET /publisher/site/public/images/favicon.ico HTTP/1.1 200 162098 https://localhost:9443/publisher/apis/c6b17439-fa73-4d33-a618-bf5b18176cd8/subscriptions Mozilla/5.0 (Windows NT 10.0; Win64; x64) AppleWebKit/537.36 (KHTML, like Gecko) Chrome/114.0.0.0 Safari/537.36 0.009
0:0:0:0:0:0:0:1 - - [13/Jun/2023:23:22:17 +0100] GET /publisher/site/public/dist/vendors~DeferredDetails~ServiceOverviewSwaggerUI.3ea84b30051dfc22c735.bundle.js HTTP/1.1 200 291792 https://localhost:9443/publisher/apis/c6b17439-fa73-4d33-a618-bf5b18176cd8/subscriptions Mozilla/5.0 (Windows NT 10.0; Win64; x64) AppleWebKit/537.36 (KHTML, like Gecko) Chrome/114.0.0.0 Safari/537.36 0.068
0:0:0:0:0:0:0:1 - - [13/Jun/2023:23:22:17 +0100] GET /publisher/site/public/dist/DeferredDetails.3ff6471ca073c3fae95c.bundle.js HTTP/1.1 200 362428 https://localhost:9443/publisher/apis/c6b17439-fa73-4d33-a618-bf5b18176cd8/subscriptions Mozilla/5.0 (Windows NT 10.0; Win64; x64) AppleWebKit/537.36 (KHTML, like Gecko) Chrome/114.0.0.0 Safari/537.36 0.103
0:0:0:0:0:0:0:1 - - [13/Jun/2023:23:22:17 +0100] GET /publisher/site/public/dist/vendors~APIDefMonacoEditor~DeferredDetails.0410733b10571837e5bf.bundle.js HTTP/1.1 200 597949 https://localhost:9443/publisher/apis/c6b17439-fa73-4d33-a618-bf5b18176cd8/subscriptions Mozilla/5.0 (Windows NT 10.0; Win64; x64) AppleWebKit/537.36 (KHTML, like Gecko) Chrome/114.0.0.0 Safari/537.36 0.141
0:0:0:0:0:0:0:1 - - [13/Jun/2023:23:22:17 +0100] GET /publisher/site/public/dist/vendors~DeferredDetails.d8226739a0c79035996f.bundle.js HTTP/1.1 200 816453 https://localhost:9443/publisher/apis/c6b17439-fa73-4d33-a618-bf5b18176cd8/subscriptions Mozilla/5.0 (Windows NT 10.0; Win64; x64) AppleWebKit/537.36 (KHTML, like Gecko) Chrome/114.0.0.0 Safari/537.36 0.160
0:0:0:0:0:0:0:1 - - [13/Jun/2023:23:22:17 +0100] GET /api/am/publisher/v4/swagger.yaml HTTP/1.1 200 44514 https://localhost:9443/publisher/apis/c6b17439-fa73-4d33-a618-bf5b18176cd8/subscriptions Mozilla/5.0 (Windows NT 10.0; Win64; x64) AppleWebKit/537.36 (KHTML, like Gecko) Chrome/114.0.0.0 Safari/537.36 0.011
0:0:0:0:0:0:0:1 - - [13/Jun/2023:23:22:18 +0100] GET /api/am/publisher/v4/tenants?state=active HTTP/1.1 200 96 https://localhost:9443/publisher/apis/c6b17439-fa73-4d33-a618-bf5b18176cd8/subscriptions Mozilla/5.0 (Windows NT 10.0; Win64; x64) AppleWebKit/537.36 (KHTML, like Gecko) Chrome/114.0.0.0 Safari/537.36 0.004
