- 0:0:0:0:0:0:0:1 - - [18/Jun/2023:16:07:10.554 +0100] "GET /acme_pt/1.0.0/produtos HTTP/1.1" - - "-" "PostmanRuntime/7.32.3"
- 127.0.0.1 - - [18/Jun/2023:16:07:10.787 +0100] "GET /ACME/products HTTP/1.1" - - "-" "Synapse-PT-HttpComponents-NIO"
- 0:0:0:0:0:0:0:1 - - [18/Jun/2023:16:08:51.958 +0100] "GET /acme_pt/1.0.0/produtos HTTP/1.1" - - "-" "PostmanRuntime/7.32.3"
- 0:0:0:0:0:0:0:1  - [18/Jun/2023:16:09:08.108 +0100] "- - " 500 - "-" "-"
- 127.0.0.1 - - [18/Jun/2023:16:08:52.010 +0100] "GET /ACME/products HTTP/1.1" - - "-" "Synapse-PT-HttpComponents-NIO"
- 0:0:0:0:0:0:0:1  - [18/Jun/2023:16:09:08.108 +0100] "- - " 500 - "-" "-"
- 0:0:0:0:0:0:0:1 - - [18/Jun/2023:16:10:40.189 +0100] "GET /acme_pt/1.0.0/produtos HTTP/1.1" - - "-" "PostmanRuntime/7.32.3"
- 127.0.0.1 - - [18/Jun/2023:16:10:40.226 +0100] "GET /ACME/products HTTP/1.1" - - "-" "Synapse-PT-HttpComponents-NIO"
- 127.0.0.1  - [18/Jun/2023:16:10:44.088 +0100] "- - " 500 - "-" "-"
- 0:0:0:0:0:0:0:1  - [18/Jun/2023:16:10:44.200 +0100] "- - " 500 - "-" "-"
- 127.0.0.1  - [18/Jun/2023:16:12:02.477 +0100] "- - " 200 - "-" "-"
- 0:0:0:0:0:0:0:1 - - [18/Jun/2023:16:11:57.225 +0100] "GET /acme/en/1.0.0/products HTTP/1.1" - - "-" "PostmanRuntime/7.32.3"
- 0:0:0:0:0:0:0:1  - [18/Jun/2023:16:12:02.480 +0100] "- - " 200 - "-" "-"
- 127.0.0.1 - - [18/Jun/2023:16:11:57.248 +0100] "GET /ACME/products HTTP/1.1" - - "-" "Synapse-PT-HttpComponents-NIO"
- 0:0:0:0:0:0:0:1 - - [18/Jun/2023:16:12:38.117 +0100] "GET /acme_pt/1.0.0/produtos HTTP/1.1" - - "-" "PostmanRuntime/7.32.3"
- 127.0.0.1 - - [18/Jun/2023:16:12:38.120 +0100] "GET /ACME/products HTTP/1.1" - - "-" "Synapse-PT-HttpComponents-NIO"
- 127.0.0.1  - [18/Jun/2023:16:12:43.356 +0100] "- - " 200 - "-" "-"
- 0:0:0:0:0:0:0:1  - [18/Jun/2023:16:12:43.357 +0100] "- - " 200 - "-" "-"
- 127.0.0.1  - [18/Jun/2023:16:13:19.050 +0100] "- - " 200 - "-" "-"
- 0:0:0:0:0:0:0:1 - - [18/Jun/2023:16:13:17.981 +0100] "GET /acme_pt/1.0.0/produtos/designacao/erases HTTP/1.1" - - "-" "PostmanRuntime/7.32.3"
- 0:0:0:0:0:0:0:1  - [18/Jun/2023:16:13:19.052 +0100] "- - " 200 - "-" "-"
- 127.0.0.1 - - [18/Jun/2023:16:13:17.987 +0100] "GET /ACME/products/designation/erases HTTP/1.1" - - "-" "Synapse-PT-HttpComponents-NIO"
- 127.0.0.1  - [18/Jun/2023:16:13:28.880 +0100] "- - " 400 - "-" "-"
- 0:0:0:0:0:0:0:1  - [18/Jun/2023:16:13:28.876 +0100] "- - " 400 - "-" "-"
- 0:0:0:0:0:0:0:1 - - [18/Jun/2023:16:13:28.876 +0100] "GET /acme_pt/1.0.0/produtos/designacao/%22erases%22 HTTP/1.1" - - "-" "PostmanRuntime/7.32.3"
- 127.0.0.1  - [18/Jun/2023:16:13:33.804 +0100] "- - " 200 - "-" "-"
- 127.0.0.1 - - [18/Jun/2023:16:13:28.880 +0100] "GET /ACME/products/designation/"erases" HTTP/1.1" - - "-" "Synapse-PT-HttpComponents-NIO"
- 0:0:0:0:0:0:0:1  - [18/Jun/2023:16:13:33.799 +0100] "- - " 200 - "-" "-"
- 0:0:0:0:0:0:0:1 - - [18/Jun/2023:16:13:33.799 +0100] "GET /acme_pt/1.0.0/produtos/designacao/erases HTTP/1.1" - - "-" "PostmanRuntime/7.32.3"
- 127.0.0.1 - - [18/Jun/2023:16:13:33.804 +0100] "GET /ACME/products/designation/erases HTTP/1.1" - - "-" "Synapse-PT-HttpComponents-NIO"
- 0:0:0:0:0:0:0:1 - - [18/Jun/2023:16:13:50.261 +0100] "GET /acme/en/1.0.0/products/designation/erases HTTP/1.1" - - "-" "PostmanRuntime/7.32.3"
- 127.0.0.1 - - [18/Jun/2023:16:13:50.265 +0100] "GET /ACME/products/designation/erases HTTP/1.1" - - "-" "Synapse-PT-HttpComponents-NIO"
- 0:0:0:0:0:0:0:1 - - [18/Jun/2023:16:14:02.432 +0100] "GET /acme_pt/1.0.0/produtos/upvote/maisDe/0 HTTP/1.1" - - "-" "PostmanRuntime/7.32.3"
- 127.0.0.1  - [18/Jun/2023:16:13:50.265 +0100] "- - " 200 - "-" "-"
- 127.0.0.1 - - [18/Jun/2023:16:14:02.437 +0100] "GET /ACME/products/upvotemoreThan0 HTTP/1.1" - - "-" "Synapse-PT-HttpComponents-NIO"
- 0:0:0:0:0:0:0:1  - [18/Jun/2023:16:13:50.261 +0100] "- - " 200 - "-" "-"
- 127.0.0.1  - [18/Jun/2023:16:14:02.437 +0100] "- - " 500 - "-" "-"
- 0:0:0:0:0:0:0:1  - [18/Jun/2023:16:14:02.432 +0100] "- - " 500 - "-" "-"
- 0:0:0:0:0:0:0:1 - - [18/Jun/2023:16:14:32.912 +0100] "GET /acme/en/1.0.0/products/upvote/moreThan/0 HTTP/1.1" - - "-" "PostmanRuntime/7.32.3"
- 127.0.0.1 - - [18/Jun/2023:16:14:32.917 +0100] "GET /ACME/products/upvote/moreThan/0 HTTP/1.1" - - "-" "Synapse-PT-HttpComponents-NIO"
- 0:0:0:0:0:0:0:1 - - [18/Jun/2023:16:15:00.205 +0100] "GET /acme/en/1.0.0/products/upvote/moreThan/1 HTTP/1.1" - - "-" "PostmanRuntime/7.32.3"
- 127.0.0.1 - - [18/Jun/2023:16:15:00.210 +0100] "GET /ACME/products/upvote/moreThan/1 HTTP/1.1" - - "-" "Synapse-PT-HttpComponents-NIO"
- 0:0:0:0:0:0:0:1 - - [18/Jun/2023:16:15:08.772 +0100] "GET /acme/en/1.0.0/products/upvote/moreThan/50 HTTP/1.1" - - "-" "PostmanRuntime/7.32.3"
- 127.0.0.1  - [18/Jun/2023:16:14:47.286 +0100] "- - " 200 - "-" "-"
- 0:0:0:0:0:0:0:1  - [18/Jun/2023:16:14:47.290 +0100] "- - " 200 - "-" "-"
- 127.0.0.1  - [18/Jun/2023:16:15:02.272 +0100] "- - " 200 - "-" "-"
- 0:0:0:0:0:0:0:1  - [18/Jun/2023:16:15:02.274 +0100] "- - " 200 - "-" "-"
- 0:0:0:0:0:0:0:1  - [18/Jun/2023:16:15:08.772 +0100] "- - " 429 - "-" "-"
- 0:0:0:0:0:0:0:1 - - [18/Jun/2023:16:17:51.045 +0100] "GET /acme/en/1.0.0/products/upvote/moreThan/50 HTTP/1.1" - - "-" "PostmanRuntime/7.32.3"
- 127.0.0.1  - [18/Jun/2023:16:17:52.171 +0100] "- - " 200 - "-" "-"
- 127.0.0.1 - - [18/Jun/2023:16:17:51.050 +0100] "GET /ACME/products/upvote/moreThan/50 HTTP/1.1" - - "-" "Synapse-PT-HttpComponents-NIO"
- 0:0:0:0:0:0:0:1 - - [18/Jun/2023:16:18:03.170 +0100] "GET /acme/en/1.0.0/products/upvote/moreThan/0.5 HTTP/1.1" - - "-" "PostmanRuntime/7.32.3"
- 0:0:0:0:0:0:0:1  - [18/Jun/2023:16:17:52.175 +0100] "- - " 200 - "-" "-"
- 127.0.0.1 - - [18/Jun/2023:16:18:03.174 +0100] "GET /ACME/products/upvote/moreThan/0.5 HTTP/1.1" - - "-" "Synapse-PT-HttpComponents-NIO"
- 127.0.0.1  - [18/Jun/2023:16:18:03.174 +0100] "- - " 202 - "-" "-"
- 0:0:0:0:0:0:0:1  - [18/Jun/2023:16:18:03.170 +0100] "- - " 202 - "-" "-"
- 0:0:0:0:0:0:0:1 - - [18/Jun/2023:16:25:05.654 +0100] "GET /acme/en/1.0.0/reviews/1/upvote/moreXvotes/0 HTTP/1.1" - - "-" "PostmanRuntime/7.32.3"
- 0:0:0:0:0:0:0:1  - [18/Jun/2023:16:25:05.654 +0100] "- - " 500 - "-" "-"
- 0:0:0:0:0:0:0:1 - - [18/Jun/2023:16:25:42.397 +0100] "GET /acme/en/1.0.0/reviews/1/upvote/moreXvotes/0 HTTP/1.1" - - "-" "PostmanRuntime/7.32.3"
- 0:0:0:0:0:0:0:1  - [18/Jun/2023:16:25:42.397 +0100] "- - " 429 - "-" "-"
- 0:0:0:0:0:0:0:1 - - [18/Jun/2023:16:44:58.349 +0100] "GET /acme/en/1.0.0/reviews/1/upvote/moreXvotes/0 HTTP/1.1" - - "-" "PostmanRuntime/7.32.3"
- 127.0.0.1 - - [18/Jun/2023:16:44:58.390 +0100] "GET /ACME/reviews/1/upvote/moreXvotes/0 HTTP/1.1" - - "-" "Synapse-PT-HttpComponents-NIO"
- 127.0.0.1  - [18/Jun/2023:16:45:00.412 +0100] "- - " 200 - "-" "-"
- 0:0:0:0:0:0:0:1  - [18/Jun/2023:16:45:00.416 +0100] "- - " 200 - "-" "-"
- 0:0:0:0:0:0:0:1  - [18/Jun/2023:16:46:11.809 +0100] "- - " 401 - "-" "-"
- 0:0:0:0:0:0:0:1 - - [18/Jun/2023:16:46:11.809 +0100] "GET /acme_pt/1.0.0/criticas/1/upvote/maisXvotos/0 HTTP/1.1" - - "-" "PostmanRuntime/7.32.3"
- 0:0:0:0:0:0:0:1 - - [18/Jun/2023:16:46:20.068 +0100] "GET /acme_pt/1.0.0/criticas/1/upvote/maisXvotos/0 HTTP/1.1" - - "-" "PostmanRuntime/7.32.3"
- 127.0.0.1  - [18/Jun/2023:16:46:20.073 +0100] "- - " 404 - "-" "-"
- 127.0.0.1 - - [18/Jun/2023:16:46:20.073 +0100] "GET /ACME/reviews//moreXvotes/ HTTP/1.1" - - "-" "Synapse-PT-HttpComponents-NIO"
- 0:0:0:0:0:0:0:1  - [18/Jun/2023:16:46:20.068 +0100] "- - " 404 - "-" "-"
- 0:0:0:0:0:0:0:1 - - [18/Jun/2023:16:46:44.925 +0100] "GET /acme_pt/1.0.0/criticas/1/upvote/maisXvotos/0 HTTP/1.1" - - "-" "PostmanRuntime/7.32.3"
- 127.0.0.1  - [18/Jun/2023:16:46:44.932 +0100] "- - " 404 - "-" "-"
- 127.0.0.1 - - [18/Jun/2023:16:46:44.932 +0100] "GET /ACME/reviews//moreXvotes/ HTTP/1.1" - - "-" "Synapse-PT-HttpComponents-NIO"
- 0:0:0:0:0:0:0:1  - [18/Jun/2023:16:46:44.925 +0100] "- - " 404 - "-" "-"
- 0:0:0:0:0:0:0:1 - - [18/Jun/2023:16:47:31.111 +0100] "GET /acme_pt/1.0.0/criticas/1/upvote/maisXvotos/0 HTTP/1.1" - - "-" "PostmanRuntime/7.32.3"
- 127.0.0.1  - [18/Jun/2023:16:47:31.115 +0100] "- - " 404 - "-" "-"
- 127.0.0.1 - - [18/Jun/2023:16:47:31.115 +0100] "GET /ACME/reviews//moreXvotes/ HTTP/1.1" - - "-" "Synapse-PT-HttpComponents-NIO"
- 0:0:0:0:0:0:0:1  - [18/Jun/2023:16:47:31.111 +0100] "- - " 404 - "-" "-"
- 0:0:0:0:0:0:0:1 - - [18/Jun/2023:16:51:00.467 +0100] "GET /acme_pt/1.0.0/criticas/1/upvote/menosXvotos/0 HTTP/1.1" - - "-" "PostmanRuntime/7.32.3"
- 0:0:0:0:0:0:0:1  - [18/Jun/2023:16:51:00.467 +0100] "- - " 401 - "-" "-"
- 0:0:0:0:0:0:0:1 - - [18/Jun/2023:16:51:08.588 +0100] "GET /acme_pt/1.0.0/criticas/1/upvote/menosXvotos/0 HTTP/1.1" - - "-" "PostmanRuntime/7.32.3"
- 127.0.0.1 - - [18/Jun/2023:16:51:08.594 +0100] "GET /ACME/reviews/1//lessXvotes/ HTTP/1.1" - - "-" "Synapse-PT-HttpComponents-NIO"
- 127.0.0.1  - [18/Jun/2023:16:51:08.594 +0100] "- - " 404 - "-" "-"
- 0:0:0:0:0:0:0:1  - [18/Jun/2023:16:51:08.588 +0100] "- - " 404 - "-" "-"
- 0:0:0:0:0:0:0:1 - - [18/Jun/2023:16:51:14.872 +0100] "GET /acme_pt/1.0.0/criticas/1/upvote/maisXvotos/0 HTTP/1.1" - - "-" "PostmanRuntime/7.32.3"
- 127.0.0.1  - [18/Jun/2023:16:51:14.877 +0100] "- - " 404 - "-" "-"
- 127.0.0.1 - - [18/Jun/2023:16:51:14.877 +0100] "GET /ACME/reviews/1//moreXvotes/ HTTP/1.1" - - "-" "Synapse-PT-HttpComponents-NIO"
- 0:0:0:0:0:0:0:1  - [18/Jun/2023:16:51:14.872 +0100] "- - " 404 - "-" "-"
- 0:0:0:0:0:0:0:1 - - [18/Jun/2023:16:52:12.577 +0100] "GET /acme/en/1.0.0/reviews/%3Cstring%3E/%3Cstring%3E/lessXvotes/%3Cstring%3E HTTP/1.1" - - "-" "PostmanRuntime/7.32.3"
- 127.0.0.1  - [18/Jun/2023:16:52:12.580 +0100] "- - " 202 - "-" "-"
- 127.0.0.1 - - [18/Jun/2023:16:52:12.580 +0100] "GET /ACME/reviews/%3Cstring%3E/%3Cstring%3E/lessXvotes/%3Cstring%3E HTTP/1.1" - - "-" "Synapse-PT-HttpComponents-NIO"
- 0:0:0:0:0:0:0:1 - - [18/Jun/2023:16:52:15.413 +0100] "GET /acme/en/1.0.0/reviews/1/upvote/moreXvotes/0 HTTP/1.1" - - "-" "PostmanRuntime/7.32.3"
- 127.0.0.1 - - [18/Jun/2023:16:52:15.415 +0100] "GET /ACME/reviews/1/upvote/moreXvotes/0 HTTP/1.1" - - "-" "Synapse-PT-HttpComponents-NIO"
- 0:0:0:0:0:0:0:1  - [18/Jun/2023:16:52:12.577 +0100] "- - " 202 - "-" "-"
- 0:0:0:0:0:0:0:1 - - [18/Jun/2023:16:52:27.873 +0100] "GET /acme_pt/1.0.0/criticas/1/upvote/maisXvotos/0 HTTP/1.1" - - "-" "PostmanRuntime/7.32.3"
- 127.0.0.1 - - [18/Jun/2023:16:52:27.877 +0100] "GET /ACME/reviews/1//moreXvotes/ HTTP/1.1" - - "-" "Synapse-PT-HttpComponents-NIO"
- 127.0.0.1  - [18/Jun/2023:16:52:15.415 +0100] "- - " 200 - "-" "-"
- 0:0:0:0:0:0:0:1 - - [18/Jun/2023:16:52:31.442 +0100] "GET /acme_pt/1.0.0/criticas/1/upvote/menosXvotos/0 HTTP/1.1" - - "-" "PostmanRuntime/7.32.3"
- 127.0.0.1 - - [18/Jun/2023:16:52:31.445 +0100] "GET /ACME/reviews/1//lessXvotes/ HTTP/1.1" - - "-" "Synapse-PT-HttpComponents-NIO"
- 0:0:0:0:0:0:0:1  - [18/Jun/2023:16:52:15.413 +0100] "- - " 200 - "-" "-"
- 127.0.0.1  - [18/Jun/2023:16:52:27.877 +0100] "- - " 404 - "-" "-"
- 0:0:0:0:0:0:0:1  - [18/Jun/2023:16:52:27.873 +0100] "- - " 404 - "-" "-"
- 127.0.0.1  - [18/Jun/2023:16:52:31.445 +0100] "- - " 404 - "-" "-"
- 0:0:0:0:0:0:0:1  - [18/Jun/2023:16:52:31.442 +0100] "- - " 404 - "-" "-"
- 0:0:0:0:0:0:0:1 - - [18/Jun/2023:16:53:56.172 +0100] "GET /acme_pt/1.0.0/criticas/1/upvote/menosXvotos/0 HTTP/1.1" - - "-" "PostmanRuntime/7.32.3"
- 127.0.0.1  - [18/Jun/2023:16:53:56.176 +0100] "- - " 404 - "-" "-"
- 127.0.0.1 - - [18/Jun/2023:16:53:56.176 +0100] "GET /ACME/reviews/1//lessXvotes/ HTTP/1.1" - - "-" "Synapse-PT-HttpComponents-NIO"
- 0:0:0:0:0:0:0:1 - - [18/Jun/2023:16:53:57.678 +0100] "GET /acme_pt/1.0.0/criticas/1/upvote/menosXvotos/0 HTTP/1.1" - - "-" "PostmanRuntime/7.32.3"
- 0:0:0:0:0:0:0:1  - [18/Jun/2023:16:53:56.172 +0100] "- - " 404 - "-" "-"
- 127.0.0.1 - - [18/Jun/2023:16:53:57.683 +0100] "GET /ACME/reviews/1//lessXvotes/ HTTP/1.1" - - "-" "Synapse-PT-HttpComponents-NIO"
- 0:0:0:0:0:0:0:1 - - [18/Jun/2023:16:54:04.988 +0100] "GET /acme_pt/1.0.0/criticas/1/upvote/menosXvotos/0 HTTP/1.1" - - "-" "PostmanRuntime/7.32.3"
- 127.0.0.1  - [18/Jun/2023:16:53:57.683 +0100] "- - " 404 - "-" "-"
- 127.0.0.1 - - [18/Jun/2023:16:54:04.991 +0100] "GET /ACME/reviews/1//lessXvotes/ HTTP/1.1" - - "-" "Synapse-PT-HttpComponents-NIO"
- 0:0:0:0:0:0:0:1  - [18/Jun/2023:16:53:57.678 +0100] "- - " 404 - "-" "-"
- 127.0.0.1  - [18/Jun/2023:16:54:04.991 +0100] "- - " 404 - "-" "-"
- 0:0:0:0:0:0:0:1  - [18/Jun/2023:16:54:04.988 +0100] "- - " 404 - "-" "-"
- 0:0:0:0:0:0:0:1 - - [18/Jun/2023:16:55:44.943 +0100] "GET /acme_pt/1.0.0/criticas/1/upvote/menosXvotos/0 HTTP/1.1" - - "-" "PostmanRuntime/7.32.3"
- 127.0.0.1 - - [18/Jun/2023:16:55:44.963 +0100] "GET /ACME/reviews/1//lessXvotes/ HTTP/1.1" - - "-" "Synapse-PT-HttpComponents-NIO"
- 0:0:0:0:0:0:0:1 - - [18/Jun/2023:16:55:48.885 +0100] "GET /acme_pt/1.0.0/criticas/1/upvote/maisXvotos/0 HTTP/1.1" - - "-" "PostmanRuntime/7.32.3"
- 127.0.0.1 - - [18/Jun/2023:16:55:48.891 +0100] "GET /ACME/reviews/1//moreXvotes/ HTTP/1.1" - - "-" "Synapse-PT-HttpComponents-NIO"
- 127.0.0.1  - [18/Jun/2023:16:55:44.963 +0100] "- - " 404 - "-" "-"
- 0:0:0:0:0:0:0:1  - [18/Jun/2023:16:55:44.943 +0100] "- - " 404 - "-" "-"
- 127.0.0.1  - [18/Jun/2023:16:55:48.891 +0100] "- - " 404 - "-" "-"
- 0:0:0:0:0:0:0:1  - [18/Jun/2023:16:55:48.885 +0100] "- - " 404 - "-" "-"
- 0:0:0:0:0:0:0:1 - - [18/Jun/2023:16:59:28.808 +0100] "GET /acme/en/1.0.0/reviews/1/%3Cstring%3E/lessXvotes/%3Cstring%3E HTTP/1.1" - - "-" "PostmanRuntime/7.32.3"
- 127.0.0.1 - - [18/Jun/2023:16:59:28.816 +0100] "GET /ACME/reviews/1/%3Cstring%3E/lessXvotes/%3Cstring%3E HTTP/1.1" - - "-" "Synapse-PT-HttpComponents-NIO"
- 0:0:0:0:0:0:0:1 - - [18/Jun/2023:16:59:31.992 +0100] "GET /acme_pt/1.0.0/criticas/1/upvote/maisXvotos/0 HTTP/1.1" - - "-" "PostmanRuntime/7.32.3"
- 127.0.0.1 - - [18/Jun/2023:16:59:32.005 +0100] "GET /ACME/reviews/1/upvote/moreXvotes/0 HTTP/1.1" - - "-" "Synapse-PT-HttpComponents-NIO"
- 0:0:0:0:0:0:0:1 - - [18/Jun/2023:16:59:38.097 +0100] "GET /acme_pt/1.0.0/criticas/1/upvote/menosXvotos/0 HTTP/1.1" - - "-" "PostmanRuntime/7.32.3"
- 127.0.0.1 - - [18/Jun/2023:16:59:38.100 +0100] "GET /ACME/reviews/1/upvote/lessXvotes/0 HTTP/1.1" - - "-" "Synapse-PT-HttpComponents-NIO"
- 127.0.0.1  - [18/Jun/2023:16:59:28.816 +0100] "- - " 202 - "-" "-"
- 0:0:0:0:0:0:0:1  - [18/Jun/2023:16:59:28.808 +0100] "- - " 202 - "-" "-"
- 127.0.0.1  - [18/Jun/2023:16:59:33.941 +0100] "- - " 200 - "-" "-"
- 0:0:0:0:0:0:0:1  - [18/Jun/2023:16:59:33.944 +0100] "- - " 200 - "-" "-"
- 127.0.0.1  - [18/Jun/2023:16:59:38.100 +0100] "- - " 200 - "-" "-"
- 0:0:0:0:0:0:0:1  - [18/Jun/2023:16:59:38.097 +0100] "- - " 200 - "-" "-"
- 0:0:0:0:0:0:0:1 - - [18/Jun/2023:16:59:44.354 +0100] "GET /acme_pt/1.0.0/criticas/quantidadePorUtilizador/1 HTTP/1.1" - - "-" "PostmanRuntime/7.32.3"
- 0:0:0:0:0:0:0:1  - [18/Jun/2023:16:59:44.354 +0100] "- - " 401 - "-" "-"
- 0:0:0:0:0:0:0:1 - - [18/Jun/2023:16:59:50.413 +0100] "GET /acme_pt/1.0.0/criticas/quantidadePorUtilizador/1 HTTP/1.1" - - "-" "PostmanRuntime/7.32.3"
- 127.0.0.1 - - [18/Jun/2023:16:59:50.417 +0100] "GET /ACME/reviews/quantatyByUser/ HTTP/1.1" - - "-" "Synapse-PT-HttpComponents-NIO"
- 127.0.0.1  - [18/Jun/2023:16:59:50.417 +0100] "- - " 400 - "-" "-"
- 0:0:0:0:0:0:0:1  - [18/Jun/2023:16:59:50.413 +0100] "- - " 400 - "-" "-"
- 0:0:0:0:0:0:0:1 - - [18/Jun/2023:17:02:35.107 +0100] "GET /acme_pt/1.0.0/criticas/quantidadePorUtilizador/1 HTTP/1.1" - - "-" "PostmanRuntime/7.32.3"
- 127.0.0.1  - [18/Jun/2023:17:02:35.116 +0100] "- - " 404 - "-" "-"
- 127.0.0.1 - - [18/Jun/2023:17:02:35.116 +0100] "GET /ACME/criticas/quantidadePorUtilizador/1 HTTP/1.1" - - "-" "Synapse-PT-HttpComponents-NIO"
- 0:0:0:0:0:0:0:1 - - [18/Jun/2023:17:02:37.788 +0100] "GET /acme_pt/1.0.0/criticas/quantidadePorUtilizador/1 HTTP/1.1" - - "-" "PostmanRuntime/7.32.3"
- 127.0.0.1 - - [18/Jun/2023:17:02:37.791 +0100] "GET /ACME/criticas/quantidadePorUtilizador/1 HTTP/1.1" - - "-" "Synapse-PT-HttpComponents-NIO"
- 0:0:0:0:0:0:0:1  - [18/Jun/2023:17:02:35.107 +0100] "- - " 404 - "-" "-"
- 127.0.0.1  - [18/Jun/2023:17:02:37.791 +0100] "- - " 404 - "-" "-"
- 0:0:0:0:0:0:0:1  - [18/Jun/2023:17:02:37.788 +0100] "- - " 404 - "-" "-"
- 0:0:0:0:0:0:0:1 - - [18/Jun/2023:17:04:27.640 +0100] "GET /acme_pt/1.0.0/criticas/quantidadePorUtilizador/1 HTTP/1.1" - - "-" "PostmanRuntime/7.32.3"
- 127.0.0.1  - [18/Jun/2023:17:04:27.644 +0100] "- - " 404 - "-" "-"
- 127.0.0.1 - - [18/Jun/2023:17:04:27.644 +0100] "GET /ACME/criticas/quantidadePorUtilizador/1 HTTP/1.1" - - "-" "Synapse-PT-HttpComponents-NIO"
- 0:0:0:0:0:0:0:1 - - [18/Jun/2023:17:04:33.822 +0100] "GET /acme_pt/1.0.0/criticas/quantidadePorUtilizador/1 HTTP/1.1" - - "-" "PostmanRuntime/7.32.3"
- 127.0.0.1 - - [18/Jun/2023:17:04:33.832 +0100] "GET /ACME/reviews/quantityByUser/1 HTTP/1.1" - - "-" "Synapse-PT-HttpComponents-NIO"
- 0:0:0:0:0:0:0:1  - [18/Jun/2023:17:04:27.640 +0100] "- - " 404 - "-" "-"
- 127.0.0.1  - [18/Jun/2023:17:04:33.832 +0100] "- - " 200 - "-" "-"
- 0:0:0:0:0:0:0:1  - [18/Jun/2023:17:04:33.822 +0100] "- - " 200 - "-" "-"
