0:0:0:0:0:0:0:1 - - [12/Jun/2023:19:13:42 +0100] GET /api/am/publisher/v4/apis/d02418ae-ab94-438a-87c1-83b37ef15067/swagger HTTP/1.1 200 1132 https://localhost:9443/publisher/apis/d02418ae-ab94-438a-87c1-83b37ef15067/overview Mozilla/5.0 (Windows NT 10.0; Win64; x64) AppleWebKit/537.36 (KHTML, like Gecko) Chrome/114.0.0.0 Safari/537.36 0.015
0:0:0:0:0:0:0:1 - - [12/Jun/2023:19:13:42 +0100] GET /api/am/publisher/v4/apis/d02418ae-ab94-438a-87c1-83b37ef15067/revisions?query=deployed%3Atrue HTTP/1.1 200 405 https://localhost:9443/publisher/apis/d02418ae-ab94-438a-87c1-83b37ef15067/overview Mozilla/5.0 (Windows NT 10.0; Win64; x64) AppleWebKit/537.36 (KHTML, like Gecko) Chrome/114.0.0.0 Safari/537.36 0.005
0:0:0:0:0:0:0:1 - - [12/Jun/2023:19:13:42 +0100] GET /api/am/publisher/v4/apis/d02418ae-ab94-438a-87c1-83b37ef15067/swagger HTTP/1.1 200 1132 https://localhost:9443/publisher/apis/d02418ae-ab94-438a-87c1-83b37ef15067/overview Mozilla/5.0 (Windows NT 10.0; Win64; x64) AppleWebKit/537.36 (KHTML, like Gecko) Chrome/114.0.0.0 Safari/537.36 0.019
0:0:0:0:0:0:0:1 - - [12/Jun/2023:19:13:42 +0100] GET /api/am/publisher/v4/apis/d02418ae-ab94-438a-87c1-83b37ef15067/revisions?query=deployed%3Atrue HTTP/1.1 200 405 https://localhost:9443/publisher/apis/d02418ae-ab94-438a-87c1-83b37ef15067/overview Mozilla/5.0 (Windows NT 10.0; Win64; x64) AppleWebKit/537.36 (KHTML, like Gecko) Chrome/114.0.0.0 Safari/537.36 0.015
0:0:0:0:0:0:0:1 - - [12/Jun/2023:19:13:42 +0100] GET /api/am/publisher/v4/apis/d02418ae-ab94-438a-87c1-83b37ef15067/swagger HTTP/1.1 200 1132 https://localhost:9443/publisher/apis/d02418ae-ab94-438a-87c1-83b37ef15067/overview Mozilla/5.0 (Windows NT 10.0; Win64; x64) AppleWebKit/537.36 (KHTML, like Gecko) Chrome/114.0.0.0 Safari/537.36 0.028
0:0:0:0:0:0:0:1 - - [12/Jun/2023:19:13:50 +0100] GET /api/am/publisher/v4/tenants?state=ACTIVE HTTP/1.1 200 96 https://localhost:9443/publisher/apis/d02418ae-ab94-438a-87c1-83b37ef15067/configuration Mozilla/5.0 (Windows NT 10.0; Win64; x64) AppleWebKit/537.36 (KHTML, like Gecko) Chrome/114.0.0.0 Safari/537.36 0.003
0:0:0:0:0:0:0:1 - - [12/Jun/2023:19:13:50 +0100] GET /api/am/publisher/v4/api-categories HTTP/1.1 200 21 https://localhost:9443/publisher/apis/d02418ae-ab94-438a-87c1-83b37ef15067/configuration Mozilla/5.0 (Windows NT 10.0; Win64; x64) AppleWebKit/537.36 (KHTML, like Gecko) Chrome/114.0.0.0 Safari/537.36 0.007
0:0:0:0:0:0:0:1 - - [12/Jun/2023:19:13:50 +0100] GET /api/am/publisher/v4/apis/d02418ae-ab94-438a-87c1-83b37ef15067/documents?limit=1000 HTTP/1.1 200 94 https://localhost:9443/publisher/apis/d02418ae-ab94-438a-87c1-83b37ef15067/configuration Mozilla/5.0 (Windows NT 10.0; Win64; x64) AppleWebKit/537.36 (KHTML, like Gecko) Chrome/114.0.0.0 Safari/537.36 0.008
0:0:0:0:0:0:0:1 - - [12/Jun/2023:19:13:56 +0100] GET /api/am/publisher/v4/tenants?state=ACTIVE HTTP/1.1 200 96 https://localhost:9443/publisher/apis/d02418ae-ab94-438a-87c1-83b37ef15067/subscriptions Mozilla/5.0 (Windows NT 10.0; Win64; x64) AppleWebKit/537.36 (KHTML, like Gecko) Chrome/114.0.0.0 Safari/537.36 0.004
0:0:0:0:0:0:0:1 - - [12/Jun/2023:19:13:56 +0100] GET /api/am/publisher/v4/subscriptions?apiId=d02418ae-ab94-438a-87c1-83b37ef15067 HTTP/1.1 200 373 https://localhost:9443/publisher/apis/d02418ae-ab94-438a-87c1-83b37ef15067/subscriptions Mozilla/5.0 (Windows NT 10.0; Win64; x64) AppleWebKit/537.36 (KHTML, like Gecko) Chrome/114.0.0.0 Safari/537.36 0.012
0:0:0:0:0:0:0:1 - - [12/Jun/2023:19:13:56 +0100] - 400 - - - 0.000
0:0:0:0:0:0:0:1 - - [12/Jun/2023:19:13:56 +0100] GET /api/am/publisher/v4/subscriptions?apiId=d02418ae-ab94-438a-87c1-83b37ef15067&limit=5&offset=0 HTTP/1.1 200 372 https://localhost:9443/publisher/apis/d02418ae-ab94-438a-87c1-83b37ef15067/subscriptions Mozilla/5.0 (Windows NT 10.0; Win64; x64) AppleWebKit/537.36 (KHTML, like Gecko) Chrome/114.0.0.0 Safari/537.36 0.004
0:0:0:0:0:0:0:1 - - [12/Jun/2023:19:13:56 +0100] GET /api/am/publisher/v4/throttling-policies/subscription HTTP/1.1 200 407 https://localhost:9443/publisher/apis/d02418ae-ab94-438a-87c1-83b37ef15067/subscriptions Mozilla/5.0 (Windows NT 10.0; Win64; x64) AppleWebKit/537.36 (KHTML, like Gecko) Chrome/114.0.0.0 Safari/537.36 0.016
0:0:0:0:0:0:0:1 - - [12/Jun/2023:19:13:56 +0100] GET /api/am/publisher/v4/apis/d02418ae-ab94-438a-87c1-83b37ef15067/monetization HTTP/1.1 200 33 https://localhost:9443/publisher/apis/d02418ae-ab94-438a-87c1-83b37ef15067/subscriptions Mozilla/5.0 (Windows NT 10.0; Win64; x64) AppleWebKit/537.36 (KHTML, like Gecko) Chrome/114.0.0.0 Safari/537.36 0.025
0:0:0:0:0:0:0:1 - - [12/Jun/2023:19:13:56 +0100] GET /api/am/publisher/v4/apis/d02418ae-ab94-438a-87c1-83b37ef15067/subscription-policies HTTP/1.1 200 314 https://localhost:9443/publisher/apis/d02418ae-ab94-438a-87c1-83b37ef15067/subscriptions Mozilla/5.0 (Windows NT 10.0; Win64; x64) AppleWebKit/537.36 (KHTML, like Gecko) Chrome/114.0.0.0 Safari/537.36 0.043
0:0:0:0:0:0:0:1 - - [12/Jun/2023:19:13:56 +0100] GET /api/am/publisher/v4/subscriptions/774db7e8-a44a-4667-bc41-dbf131455a84/subscriber-info HTTP/1.1 200 332 https://localhost:9443/publisher/apis/d02418ae-ab94-438a-87c1-83b37ef15067/subscriptions Mozilla/5.0 (Windows NT 10.0; Win64; x64) AppleWebKit/537.36 (KHTML, like Gecko) Chrome/114.0.0.0 Safari/537.36 0.020
0:0:0:0:0:0:0:1 - - [12/Jun/2023:19:13:57 +0100] GET /api/am/publisher/v4/apis/d02418ae-ab94-438a-87c1-83b37ef15067/comments?limit=5&offset=0 HTTP/1.1 200 101 https://localhost:9443/publisher/apis/d02418ae-ab94-438a-87c1-83b37ef15067/comments Mozilla/5.0 (Windows NT 10.0; Win64; x64) AppleWebKit/537.36 (KHTML, like Gecko) Chrome/114.0.0.0 Safari/537.36 0.023
0:0:0:0:0:0:0:1 - - [12/Jun/2023:19:13:58 +0100] GET /api/am/publisher/v4/apis/d02418ae-ab94-438a-87c1-83b37ef15067/client-certificates HTTP/1.1 200 104 https://localhost:9443/publisher/apis/d02418ae-ab94-438a-87c1-83b37ef15067/runtime-configuration Mozilla/5.0 (Windows NT 10.0; Win64; x64) AppleWebKit/537.36 (KHTML, like Gecko) Chrome/114.0.0.0 Safari/537.36 0.006
127.0.0.1 - - [12/Jun/2023:19:13:58 +0100] GET /oauth2/token/.well-known/openid-configuration HTTP/1.1 200 2395 - Apache-HttpClient/4.5.13 (Java/17.0.6) 0.003
0:0:0:0:0:0:0:1 - - [12/Jun/2023:19:13:58 +0100] GET /api/am/publisher/v4/key-managers HTTP/1.1 200 218 https://localhost:9443/publisher/apis/d02418ae-ab94-438a-87c1-83b37ef15067/runtime-configuration Mozilla/5.0 (Windows NT 10.0; Win64; x64) AppleWebKit/537.36 (KHTML, like Gecko) Chrome/114.0.0.0 Safari/537.36 0.017
127.0.0.1 - - [12/Jun/2023:19:13:58 +0100] GET /oauth2/token/.well-known/openid-configuration HTTP/1.1 200 2395 - Apache-HttpClient/4.5.13 (Java/17.0.6) 0.002
0:0:0:0:0:0:0:1 - - [12/Jun/2023:19:13:58 +0100] GET /api/am/publisher/v4/key-managers HTTP/1.1 200 218 https://localhost:9443/publisher/apis/d02418ae-ab94-438a-87c1-83b37ef15067/runtime-configuration Mozilla/5.0 (Windows NT 10.0; Win64; x64) AppleWebKit/537.36 (KHTML, like Gecko) Chrome/114.0.0.0 Safari/537.36 0.013
0:0:0:0:0:0:0:1 - - [12/Jun/2023:19:14:47 +0100] GET /api/am/publisher/v4/apis?limit=10&offset=0 HTTP/1.1 200 520 https://localhost:9443/publisher/apis Mozilla/5.0 (Windows NT 10.0; Win64; x64) AppleWebKit/537.36 (KHTML, like Gecko) Chrome/114.0.0.0 Safari/537.36 0.025
0:0:0:0:0:0:0:1 - - [12/Jun/2023:19:14:48 +0100] GET /api/am/publisher/v4/tenants?state=active HTTP/1.1 200 96 https://localhost:9443/publisher/apis/c6b17439-fa73-4d33-a618-bf5b18176cd8/overview Mozilla/5.0 (Windows NT 10.0; Win64; x64) AppleWebKit/537.36 (KHTML, like Gecko) Chrome/114.0.0.0 Safari/537.36 0.003
0:0:0:0:0:0:0:1 - - [12/Jun/2023:19:14:48 +0100] GET /api/am/publisher/v4/apis/c6b17439-fa73-4d33-a618-bf5b18176cd8 HTTP/1.1 200 1598 https://localhost:9443/publisher/apis/c6b17439-fa73-4d33-a618-bf5b18176cd8/overview Mozilla/5.0 (Windows NT 10.0; Win64; x64) AppleWebKit/537.36 (KHTML, like Gecko) Chrome/114.0.0.0 Safari/537.36 0.023
0:0:0:0:0:0:0:1 - - [12/Jun/2023:19:14:49 +0100] GET /api/am/publisher/v4/apis/c6b17439-fa73-4d33-a618-bf5b18176cd8/revisions HTTP/1.1 200 388 https://localhost:9443/publisher/apis/c6b17439-fa73-4d33-a618-bf5b18176cd8/overview Mozilla/5.0 (Windows NT 10.0; Win64; x64) AppleWebKit/537.36 (KHTML, like Gecko) Chrome/114.0.0.0 Safari/537.36 0.007
0:0:0:0:0:0:0:1 - - [12/Jun/2023:19:14:49 +0100] GET /api/am/publisher/v4/apis/c6b17439-fa73-4d33-a618-bf5b18176cd8/revisions?query=deployed%3Atrue HTTP/1.1 200 388 https://localhost:9443/publisher/apis/c6b17439-fa73-4d33-a618-bf5b18176cd8/overview Mozilla/5.0 (Windows NT 10.0; Win64; x64) AppleWebKit/537.36 (KHTML, like Gecko) Chrome/114.0.0.0 Safari/537.36 0.008
0:0:0:0:0:0:0:1 - - [12/Jun/2023:19:14:49 +0100] GET /api/am/publisher/v4/apis/c6b17439-fa73-4d33-a618-bf5b18176cd8/revisions?query=deployed%3Atrue HTTP/1.1 200 388 https://localhost:9443/publisher/apis/c6b17439-fa73-4d33-a618-bf5b18176cd8/overview Mozilla/5.0 (Windows NT 10.0; Win64; x64) AppleWebKit/537.36 (KHTML, like Gecko) Chrome/114.0.0.0 Safari/537.36 0.010
0:0:0:0:0:0:0:1 - - [12/Jun/2023:19:14:49 +0100] GET /api/am/publisher/v4/apis/c6b17439-fa73-4d33-a618-bf5b18176cd8/swagger HTTP/1.1 200 1135 https://localhost:9443/publisher/apis/c6b17439-fa73-4d33-a618-bf5b18176cd8/overview Mozilla/5.0 (Windows NT 10.0; Win64; x64) AppleWebKit/537.36 (KHTML, like Gecko) Chrome/114.0.0.0 Safari/537.36 0.034
0:0:0:0:0:0:0:1 - - [12/Jun/2023:19:14:49 +0100] GET /api/am/publisher/v4/apis/c6b17439-fa73-4d33-a618-bf5b18176cd8/revisions?query=deployed%3Atrue HTTP/1.1 200 388 https://localhost:9443/publisher/apis/c6b17439-fa73-4d33-a618-bf5b18176cd8/overview Mozilla/5.0 (Windows NT 10.0; Win64; x64) AppleWebKit/537.36 (KHTML, like Gecko) Chrome/114.0.0.0 Safari/537.36 0.004
0:0:0:0:0:0:0:1 - - [12/Jun/2023:19:14:49 +0100] GET /api/am/publisher/v4/apis/c6b17439-fa73-4d33-a618-bf5b18176cd8/swagger HTTP/1.1 200 1135 https://localhost:9443/publisher/apis/c6b17439-fa73-4d33-a618-bf5b18176cd8/overview Mozilla/5.0 (Windows NT 10.0; Win64; x64) AppleWebKit/537.36 (KHTML, like Gecko) Chrome/114.0.0.0 Safari/537.36 0.017
0:0:0:0:0:0:0:1 - - [12/Jun/2023:19:14:49 +0100] GET /api/am/publisher/v4/apis/c6b17439-fa73-4d33-a618-bf5b18176cd8/revisions?query=deployed%3Atrue HTTP/1.1 200 388 https://localhost:9443/publisher/apis/c6b17439-fa73-4d33-a618-bf5b18176cd8/overview Mozilla/5.0 (Windows NT 10.0; Win64; x64) AppleWebKit/537.36 (KHTML, like Gecko) Chrome/114.0.0.0 Safari/537.36 0.006
0:0:0:0:0:0:0:1 - - [12/Jun/2023:19:14:49 +0100] GET /api/am/publisher/v4/apis/c6b17439-fa73-4d33-a618-bf5b18176cd8/swagger HTTP/1.1 200 1135 https://localhost:9443/publisher/apis/c6b17439-fa73-4d33-a618-bf5b18176cd8/overview Mozilla/5.0 (Windows NT 10.0; Win64; x64) AppleWebKit/537.36 (KHTML, like Gecko) Chrome/114.0.0.0 Safari/537.36 0.030
0:0:0:0:0:0:0:1 - - [12/Jun/2023:19:14:51 +0100] GET /api/am/publisher/v4/apis/c6b17439-fa73-4d33-a618-bf5b18176cd8/client-certificates HTTP/1.1 200 104 https://localhost:9443/publisher/apis/c6b17439-fa73-4d33-a618-bf5b18176cd8/runtime-configuration Mozilla/5.0 (Windows NT 10.0; Win64; x64) AppleWebKit/537.36 (KHTML, like Gecko) Chrome/114.0.0.0 Safari/537.36 0.003
127.0.0.1 - - [12/Jun/2023:19:14:51 +0100] GET /oauth2/token/.well-known/openid-configuration HTTP/1.1 200 2395 - Apache-HttpClient/4.5.13 (Java/17.0.6) 0.002
0:0:0:0:0:0:0:1 - - [12/Jun/2023:19:14:51 +0100] GET /api/am/publisher/v4/key-managers HTTP/1.1 200 218 https://localhost:9443/publisher/apis/c6b17439-fa73-4d33-a618-bf5b18176cd8/runtime-configuration Mozilla/5.0 (Windows NT 10.0; Win64; x64) AppleWebKit/537.36 (KHTML, like Gecko) Chrome/114.0.0.0 Safari/537.36 0.012
127.0.0.1 - - [12/Jun/2023:19:14:51 +0100] GET /oauth2/token/.well-known/openid-configuration HTTP/1.1 200 2395 - Apache-HttpClient/4.5.13 (Java/17.0.6) 0.003
0:0:0:0:0:0:0:1 - - [12/Jun/2023:19:14:51 +0100] GET /api/am/publisher/v4/key-managers HTTP/1.1 200 218 https://localhost:9443/publisher/apis/c6b17439-fa73-4d33-a618-bf5b18176cd8/runtime-configuration Mozilla/5.0 (Windows NT 10.0; Win64; x64) AppleWebKit/537.36 (KHTML, like Gecko) Chrome/114.0.0.0 Safari/537.36 0.016
0:0:0:0:0:0:0:1 - - [12/Jun/2023:19:15:03 +0100] GET /api/am/publisher/v4/api-categories HTTP/1.1 200 21 https://localhost:9443/publisher/apis/c6b17439-fa73-4d33-a618-bf5b18176cd8/configuration Mozilla/5.0 (Windows NT 10.0; Win64; x64) AppleWebKit/537.36 (KHTML, like Gecko) Chrome/114.0.0.0 Safari/537.36 0.003
0:0:0:0:0:0:0:1 - - [12/Jun/2023:19:15:03 +0100] GET /api/am/publisher/v4/tenants?state=ACTIVE HTTP/1.1 200 96 https://localhost:9443/publisher/apis/c6b17439-fa73-4d33-a618-bf5b18176cd8/configuration Mozilla/5.0 (Windows NT 10.0; Win64; x64) AppleWebKit/537.36 (KHTML, like Gecko) Chrome/114.0.0.0 Safari/537.36 0.004
0:0:0:0:0:0:0:1 - - [12/Jun/2023:19:15:03 +0100] GET /api/am/publisher/v4/apis/c6b17439-fa73-4d33-a618-bf5b18176cd8/documents?limit=1000 HTTP/1.1 200 94 https://localhost:9443/publisher/apis/c6b17439-fa73-4d33-a618-bf5b18176cd8/configuration Mozilla/5.0 (Windows NT 10.0; Win64; x64) AppleWebKit/537.36 (KHTML, like Gecko) Chrome/114.0.0.0 Safari/537.36 0.007
0:0:0:0:0:0:0:1 - - [12/Jun/2023:19:15:06 +0100] GET /api/am/publisher/v4/apis/c6b17439-fa73-4d33-a618-bf5b18176cd8/revisions?query=deployed%3Atrue HTTP/1.1 200 388 https://localhost:9443/publisher/apis/c6b17439-fa73-4d33-a618-bf5b18176cd8/overview Mozilla/5.0 (Windows NT 10.0; Win64; x64) AppleWebKit/537.36 (KHTML, like Gecko) Chrome/114.0.0.0 Safari/537.36 0.004
0:0:0:0:0:0:0:1 - - [12/Jun/2023:19:15:06 +0100] GET /api/am/publisher/v4/apis/c6b17439-fa73-4d33-a618-bf5b18176cd8/swagger HTTP/1.1 200 1135 https://localhost:9443/publisher/apis/c6b17439-fa73-4d33-a618-bf5b18176cd8/overview Mozilla/5.0 (Windows NT 10.0; Win64; x64) AppleWebKit/537.36 (KHTML, like Gecko) Chrome/114.0.0.0 Safari/537.36 0.016
0:0:0:0:0:0:0:1 - - [12/Jun/2023:19:15:24 +0100] GET /api/am/publisher/v4/api-categories HTTP/1.1 200 21 https://localhost:9443/publisher/apis/c6b17439-fa73-4d33-a618-bf5b18176cd8/configuration Mozilla/5.0 (Windows NT 10.0; Win64; x64) AppleWebKit/537.36 (KHTML, like Gecko) Chrome/114.0.0.0 Safari/537.36 0.003
0:0:0:0:0:0:0:1 - - [12/Jun/2023:19:15:24 +0100] GET /api/am/publisher/v4/tenants?state=ACTIVE HTTP/1.1 200 96 https://localhost:9443/publisher/apis/c6b17439-fa73-4d33-a618-bf5b18176cd8/configuration Mozilla/5.0 (Windows NT 10.0; Win64; x64) AppleWebKit/537.36 (KHTML, like Gecko) Chrome/114.0.0.0 Safari/537.36 0.003
0:0:0:0:0:0:0:1 - - [12/Jun/2023:19:15:25 +0100] GET /api/am/publisher/v4/apis/c6b17439-fa73-4d33-a618-bf5b18176cd8/documents?limit=1000 HTTP/1.1 200 94 https://localhost:9443/publisher/apis/c6b17439-fa73-4d33-a618-bf5b18176cd8/configuration Mozilla/5.0 (Windows NT 10.0; Win64; x64) AppleWebKit/537.36 (KHTML, like Gecko) Chrome/114.0.0.0 Safari/537.36 0.008
0:0:0:0:0:0:0:1 - - [12/Jun/2023:19:15:26 +0100] GET /api/am/publisher/v4/apis?limit=10&offset=0 HTTP/1.1 200 520 https://localhost:9443/publisher/apis Mozilla/5.0 (Windows NT 10.0; Win64; x64) AppleWebKit/537.36 (KHTML, like Gecko) Chrome/114.0.0.0 Safari/537.36 0.021
0:0:0:0:0:0:0:1 - - [12/Jun/2023:19:15:27 +0100] GET /api/am/publisher/v4/tenants?state=active HTTP/1.1 200 96 https://localhost:9443/publisher/apis/d02418ae-ab94-438a-87c1-83b37ef15067/overview Mozilla/5.0 (Windows NT 10.0; Win64; x64) AppleWebKit/537.36 (KHTML, like Gecko) Chrome/114.0.0.0 Safari/537.36 0.005
0:0:0:0:0:0:0:1 - - [12/Jun/2023:19:15:27 +0100] GET /api/am/publisher/v4/apis/d02418ae-ab94-438a-87c1-83b37ef15067 HTTP/1.1 200 1575 https://localhost:9443/publisher/apis/d02418ae-ab94-438a-87c1-83b37ef15067/overview Mozilla/5.0 (Windows NT 10.0; Win64; x64) AppleWebKit/537.36 (KHTML, like Gecko) Chrome/114.0.0.0 Safari/537.36 0.020
0:0:0:0:0:0:0:1 - - [12/Jun/2023:19:15:27 +0100] GET /api/am/publisher/v4/apis/d02418ae-ab94-438a-87c1-83b37ef15067/revisions?query=deployed%3Atrue HTTP/1.1 200 405 https://localhost:9443/publisher/apis/d02418ae-ab94-438a-87c1-83b37ef15067/overview Mozilla/5.0 (Windows NT 10.0; Win64; x64) AppleWebKit/537.36 (KHTML, like Gecko) Chrome/114.0.0.0 Safari/537.36 0.004
0:0:0:0:0:0:0:1 - - [12/Jun/2023:19:15:27 +0100] GET /api/am/publisher/v4/apis/d02418ae-ab94-438a-87c1-83b37ef15067/revisions HTTP/1.1 200 819 https://localhost:9443/publisher/apis/d02418ae-ab94-438a-87c1-83b37ef15067/overview Mozilla/5.0 (Windows NT 10.0; Win64; x64) AppleWebKit/537.36 (KHTML, like Gecko) Chrome/114.0.0.0 Safari/537.36 0.004
0:0:0:0:0:0:0:1 - - [12/Jun/2023:19:15:27 +0100] GET /api/am/publisher/v4/apis/d02418ae-ab94-438a-87c1-83b37ef15067/revisions?query=deployed%3Atrue HTTP/1.1 200 405 https://localhost:9443/publisher/apis/d02418ae-ab94-438a-87c1-83b37ef15067/overview Mozilla/5.0 (Windows NT 10.0; Win64; x64) AppleWebKit/537.36 (KHTML, like Gecko) Chrome/114.0.0.0 Safari/537.36 0.004
0:0:0:0:0:0:0:1 - - [12/Jun/2023:19:15:27 +0100] GET /api/am/publisher/v4/apis/d02418ae-ab94-438a-87c1-83b37ef15067/swagger HTTP/1.1 200 1132 https://localhost:9443/publisher/apis/d02418ae-ab94-438a-87c1-83b37ef15067/overview Mozilla/5.0 (Windows NT 10.0; Win64; x64) AppleWebKit/537.36 (KHTML, like Gecko) Chrome/114.0.0.0 Safari/537.36 0.019
0:0:0:0:0:0:0:1 - - [12/Jun/2023:19:15:27 +0100] GET /api/am/publisher/v4/apis/d02418ae-ab94-438a-87c1-83b37ef15067/revisions?query=deployed%3Atrue HTTP/1.1 200 405 https://localhost:9443/publisher/apis/d02418ae-ab94-438a-87c1-83b37ef15067/overview Mozilla/5.0 (Windows NT 10.0; Win64; x64) AppleWebKit/537.36 (KHTML, like Gecko) Chrome/114.0.0.0 Safari/537.36 0.003
0:0:0:0:0:0:0:1 - - [12/Jun/2023:19:15:27 +0100] GET /api/am/publisher/v4/apis/d02418ae-ab94-438a-87c1-83b37ef15067/swagger HTTP/1.1 200 1132 https://localhost:9443/publisher/apis/d02418ae-ab94-438a-87c1-83b37ef15067/overview Mozilla/5.0 (Windows NT 10.0; Win64; x64) AppleWebKit/537.36 (KHTML, like Gecko) Chrome/114.0.0.0 Safari/537.36 0.017
0:0:0:0:0:0:0:1 - - [12/Jun/2023:19:15:27 +0100] GET /api/am/publisher/v4/apis/d02418ae-ab94-438a-87c1-83b37ef15067/revisions?query=deployed%3Atrue HTTP/1.1 200 405 https://localhost:9443/publisher/apis/d02418ae-ab94-438a-87c1-83b37ef15067/overview Mozilla/5.0 (Windows NT 10.0; Win64; x64) AppleWebKit/537.36 (KHTML, like Gecko) Chrome/114.0.0.0 Safari/537.36 0.004
0:0:0:0:0:0:0:1 - - [12/Jun/2023:19:15:27 +0100] GET /api/am/publisher/v4/apis/d02418ae-ab94-438a-87c1-83b37ef15067/swagger HTTP/1.1 200 1132 https://localhost:9443/publisher/apis/d02418ae-ab94-438a-87c1-83b37ef15067/overview Mozilla/5.0 (Windows NT 10.0; Win64; x64) AppleWebKit/537.36 (KHTML, like Gecko) Chrome/114.0.0.0 Safari/537.36 0.015
0:0:0:0:0:0:0:1 - - [12/Jun/2023:19:15:57 +0100] - 400 - - - 0.000
0:0:0:0:0:0:0:1 - - [12/Jun/2023:19:15:57 +0100] GET /api/am/publisher/v4/scopes HTTP/1.1 200 386 https://localhost:9443/publisher/apis/d02418ae-ab94-438a-87c1-83b37ef15067/resources Mozilla/5.0 (Windows NT 10.0; Win64; x64) AppleWebKit/537.36 (KHTML, like Gecko) Chrome/114.0.0.0 Safari/537.36 0.010
0:0:0:0:0:0:0:1 - - [12/Jun/2023:19:15:57 +0100] GET /api/am/publisher/v4/apis/d02418ae-ab94-438a-87c1-83b37ef15067/amznResourceNames HTTP/1.1 200 2 https://localhost:9443/publisher/apis/d02418ae-ab94-438a-87c1-83b37ef15067/resources Mozilla/5.0 (Windows NT 10.0; Win64; x64) AppleWebKit/537.36 (KHTML, like Gecko) Chrome/114.0.0.0 Safari/537.36 0.012
0:0:0:0:0:0:0:1 - - [12/Jun/2023:19:15:57 +0100] GET /api/am/publisher/v4/throttling-policies/api?limit=80 HTTP/1.1 200 395 https://localhost:9443/publisher/apis/d02418ae-ab94-438a-87c1-83b37ef15067/resources Mozilla/5.0 (Windows NT 10.0; Win64; x64) AppleWebKit/537.36 (KHTML, like Gecko) Chrome/114.0.0.0 Safari/537.36 0.006
0:0:0:0:0:0:0:1 - - [12/Jun/2023:19:15:57 +0100] GET /api/am/publisher/v4/apis/d02418ae-ab94-438a-87c1-83b37ef15067/swagger HTTP/1.1 200 1132 https://localhost:9443/publisher/apis/d02418ae-ab94-438a-87c1-83b37ef15067/resources Mozilla/5.0 (Windows NT 10.0; Win64; x64) AppleWebKit/537.36 (KHTML, like Gecko) Chrome/114.0.0.0 Safari/537.36 0.026
0:0:0:0:0:0:0:1 - - [12/Jun/2023:19:16:05 +0100] GET /api/am/publisher/v4/apis/d02418ae-ab94-438a-87c1-83b37ef15067/swagger HTTP/1.1 200 1132 https://localhost:9443/publisher/apis/d02418ae-ab94-438a-87c1-83b37ef15067/api%20definition Mozilla/5.0 (Windows NT 10.0; Win64; x64) AppleWebKit/537.36 (KHTML, like Gecko) Chrome/114.0.0.0 Safari/537.36 0.017
0:0:0:0:0:0:0:1 - - [12/Jun/2023:19:16:05 +0100] GET /publisher/site/public/dist/editor.worker.js HTTP/1.1 200 1068 https://localhost:9443/publisher/apis/d02418ae-ab94-438a-87c1-83b37ef15067/api%20definition Mozilla/5.0 (Windows NT 10.0; Win64; x64) AppleWebKit/537.36 (KHTML, like Gecko) Chrome/114.0.0.0 Safari/537.36 0.003
0:0:0:0:0:0:0:1 - - [12/Jun/2023:19:16:05 +0100] GET /publisher/site/public/dist/25.e813a2e047de17ca9b43.bundle.js HTTP/1.1 200 1340 https://localhost:9443/publisher/apis/d02418ae-ab94-438a-87c1-83b37ef15067/api%20definition Mozilla/5.0 (Windows NT 10.0; Win64; x64) AppleWebKit/537.36 (KHTML, like Gecko) Chrome/114.0.0.0 Safari/537.36 0.003
0:0:0:0:0:0:0:1 - - [12/Jun/2023:19:16:05 +0100] GET /publisher/site/public/dist/b3726f0165bf67ac68494ee7a1b9f6ce.ttf HTTP/1.1 200 61024 https://localhost:9443/publisher/apis/c6b17439-fa73-4d33-a618-bf5b18176cd8/overview Mozilla/5.0 (Windows NT 10.0; Win64; x64) AppleWebKit/537.36 (KHTML, like Gecko) Chrome/114.0.0.0 Safari/537.36 0.003
0:0:0:0:0:0:0:1 - - [12/Jun/2023:19:25:30 +0100] - 400 - - - 0.000
0:0:0:0:0:0:0:1 - - [12/Jun/2023:19:25:30 +0100] - 400 - - - 0.000
0:0:0:0:0:0:0:1 - - [12/Jun/2023:19:25:32 +0100] - 400 - - - 0.000
0:0:0:0:0:0:0:1 - - [12/Jun/2023:19:25:32 +0100] - 400 - - - 0.000
0:0:0:0:0:0:0:1 - - [12/Jun/2023:19:25:32 +0100] - 400 - - - 0.000
0:0:0:0:0:0:0:1 - - [12/Jun/2023:19:25:32 +0100] - 400 - - - 0.000
0:0:0:0:0:0:0:1 - - [12/Jun/2023:19:25:36 +0100] GET /api/am/publisher/v4/apis/d02418ae-ab94-438a-87c1-83b37ef15067/client-certificates HTTP/1.1 200 104 https://localhost:9443/publisher/apis/d02418ae-ab94-438a-87c1-83b37ef15067/runtime-configuration Mozilla/5.0 (Windows NT 10.0; Win64; x64) AppleWebKit/537.36 (KHTML, like Gecko) Chrome/114.0.0.0 Safari/537.36 5.895
0:0:0:0:0:0:0:1 - - [12/Jun/2023:19:25:36 +0100] GET /api/am/publisher/v4/scopes HTTP/1.1 200 386 https://localhost:9443/publisher/apis/d02418ae-ab94-438a-87c1-83b37ef15067/resources Mozilla/5.0 (Windows NT 10.0; Win64; x64) AppleWebKit/537.36 (KHTML, like Gecko) Chrome/114.0.0.0 Safari/537.36 4.493
0:0:0:0:0:0:0:1 - - [12/Jun/2023:19:25:36 +0100] GET /api/am/publisher/v4/throttling-policies/api?limit=80 HTTP/1.1 200 395 https://localhost:9443/publisher/apis/d02418ae-ab94-438a-87c1-83b37ef15067/resources Mozilla/5.0 (Windows NT 10.0; Win64; x64) AppleWebKit/537.36 (KHTML, like Gecko) Chrome/114.0.0.0 Safari/537.36 4.499
0:0:0:0:0:0:0:1 - - [12/Jun/2023:19:25:36 +0100] GET /api/am/publisher/v4/apis/d02418ae-ab94-438a-87c1-83b37ef15067/amznResourceNames HTTP/1.1 200 2 https://localhost:9443/publisher/apis/d02418ae-ab94-438a-87c1-83b37ef15067/resources Mozilla/5.0 (Windows NT 10.0; Win64; x64) AppleWebKit/537.36 (KHTML, like Gecko) Chrome/114.0.0.0 Safari/537.36 4.734
127.0.0.1 - - [12/Jun/2023:19:25:36 +0100] GET /oauth2/token/.well-known/openid-configuration HTTP/1.1 200 2395 - Apache-HttpClient/4.5.13 (Java/17.0.6) 0.156
0:0:0:0:0:0:0:1 - - [12/Jun/2023:19:25:36 +0100] GET /api/am/publisher/v4/key-managers HTTP/1.1 200 218 https://localhost:9443/publisher/apis/d02418ae-ab94-438a-87c1-83b37ef15067/runtime-configuration Mozilla/5.0 (Windows NT 10.0; Win64; x64) AppleWebKit/537.36 (KHTML, like Gecko) Chrome/114.0.0.0 Safari/537.36 6.174
127.0.0.1 - - [12/Jun/2023:19:25:36 +0100] GET /oauth2/token/.well-known/openid-configuration HTTP/1.1 200 2395 - Apache-HttpClient/4.5.13 (Java/17.0.6) 0.020
0:0:0:0:0:0:0:1 - - [12/Jun/2023:19:25:36 +0100] GET /api/am/publisher/v4/key-managers HTTP/1.1 200 218 https://localhost:9443/publisher/apis/d02418ae-ab94-438a-87c1-83b37ef15067/runtime-configuration Mozilla/5.0 (Windows NT 10.0; Win64; x64) AppleWebKit/537.36 (KHTML, like Gecko) Chrome/114.0.0.0 Safari/537.36 0.084
0:0:0:0:0:0:0:1 - - [12/Jun/2023:19:25:39 +0100] GET /api/am/publisher/v4/apis/d02418ae-ab94-438a-87c1-83b37ef15067/swagger HTTP/1.1 200 1132 https://localhost:9443/publisher/apis/d02418ae-ab94-438a-87c1-83b37ef15067/resources Mozilla/5.0 (Windows NT 10.0; Win64; x64) AppleWebKit/537.36 (KHTML, like Gecko) Chrome/114.0.0.0 Safari/537.36 7.783
0:0:0:0:0:0:0:1 - - [12/Jun/2023:19:25:53 +0100] - 400 - - - 0.000
0:0:0:0:0:0:0:1 - - [12/Jun/2023:19:25:53 +0100] - 400 - - - 0.000
0:0:0:0:0:0:0:1 - - [12/Jun/2023:19:25:53 +0100] GET /api/am/publisher/v4/apis/d02418ae-ab94-438a-87c1-83b37ef15067/client-certificates HTTP/1.1 200 104 https://localhost:9443/publisher/apis/d02418ae-ab94-438a-87c1-83b37ef15067/runtime-configuration Mozilla/5.0 (Windows NT 10.0; Win64; x64) AppleWebKit/537.36 (KHTML, like Gecko) Chrome/114.0.0.0 Safari/537.36 0.011
127.0.0.1 - - [12/Jun/2023:19:25:53 +0100] GET /oauth2/token/.well-known/openid-configuration HTTP/1.1 200 2395 - Apache-HttpClient/4.5.13 (Java/17.0.6) 0.009
0:0:0:0:0:0:0:1 - - [12/Jun/2023:19:25:53 +0100] GET /api/am/publisher/v4/key-managers HTTP/1.1 200 218 https://localhost:9443/publisher/apis/d02418ae-ab94-438a-87c1-83b37ef15067/runtime-configuration Mozilla/5.0 (Windows NT 10.0; Win64; x64) AppleWebKit/537.36 (KHTML, like Gecko) Chrome/114.0.0.0 Safari/537.36 0.036
127.0.0.1 - - [12/Jun/2023:19:25:53 +0100] GET /oauth2/token/.well-known/openid-configuration HTTP/1.1 200 2395 - Apache-HttpClient/4.5.13 (Java/17.0.6) 0.006
0:0:0:0:0:0:0:1 - - [12/Jun/2023:19:25:53 +0100] GET /api/am/publisher/v4/key-managers HTTP/1.1 200 218 https://localhost:9443/publisher/apis/d02418ae-ab94-438a-87c1-83b37ef15067/runtime-configuration Mozilla/5.0 (Windows NT 10.0; Win64; x64) AppleWebKit/537.36 (KHTML, like Gecko) Chrome/114.0.0.0 Safari/537.36 0.022
0:0:0:0:0:0:0:1 - - [12/Jun/2023:19:25:55 +0100] GET /publisher/site/public/dist/editor.worker.js HTTP/1.1 200 1068 https://localhost:9443/publisher/apis/d02418ae-ab94-438a-87c1-83b37ef15067/api%20definition Mozilla/5.0 (Windows NT 10.0; Win64; x64) AppleWebKit/537.36 (KHTML, like Gecko) Chrome/114.0.0.0 Safari/537.36 0.005
0:0:0:0:0:0:0:1 - - [12/Jun/2023:19:25:55 +0100] GET /api/am/publisher/v4/apis/d02418ae-ab94-438a-87c1-83b37ef15067/swagger HTTP/1.1 200 1132 https://localhost:9443/publisher/apis/d02418ae-ab94-438a-87c1-83b37ef15067/api%20definition Mozilla/5.0 (Windows NT 10.0; Win64; x64) AppleWebKit/537.36 (KHTML, like Gecko) Chrome/114.0.0.0 Safari/537.36 0.063
0:0:0:0:0:0:0:1 - - [12/Jun/2023:19:25:56 +0100] GET /api/am/publisher/v4/endpoint-certificates?endpoint=http%3A%2F%2Flocalhost%3A30004 HTTP/1.1 200 100 https://localhost:9443/publisher/apis/d02418ae-ab94-438a-87c1-83b37ef15067/endpoints Mozilla/5.0 (Windows NT 10.0; Win64; x64) AppleWebKit/537.36 (KHTML, like Gecko) Chrome/114.0.0.0 Safari/537.36 0.046
0:0:0:0:0:0:0:1 - - [12/Jun/2023:19:25:56 +0100] GET /api/am/publisher/v4/apis/d02418ae-ab94-438a-87c1-83b37ef15067/swagger HTTP/1.1 200 1132 https://localhost:9443/publisher/apis/d02418ae-ab94-438a-87c1-83b37ef15067/endpoints Mozilla/5.0 (Windows NT 10.0; Win64; x64) AppleWebKit/537.36 (KHTML, like Gecko) Chrome/114.0.0.0 Safari/537.36 0.065
0:0:0:0:0:0:0:1 - - [12/Jun/2023:19:25:57 +0100] GET /publisher/site/public/dist/editor.worker.js HTTP/1.1 200 1068 https://localhost:9443/publisher/apis/d02418ae-ab94-438a-87c1-83b37ef15067/api%20definition Mozilla/5.0 (Windows NT 10.0; Win64; x64) AppleWebKit/537.36 (KHTML, like Gecko) Chrome/114.0.0.0 Safari/537.36 0.003
0:0:0:0:0:0:0:1 - - [12/Jun/2023:19:25:57 +0100] GET /api/am/publisher/v4/apis/d02418ae-ab94-438a-87c1-83b37ef15067/swagger HTTP/1.1 200 1132 https://localhost:9443/publisher/apis/d02418ae-ab94-438a-87c1-83b37ef15067/api%20definition Mozilla/5.0 (Windows NT 10.0; Win64; x64) AppleWebKit/537.36 (KHTML, like Gecko) Chrome/114.0.0.0 Safari/537.36 0.051
0:0:0:0:0:0:0:1 - - [12/Jun/2023:19:25:57 +0100] - 400 - - - 0.000
0:0:0:0:0:0:0:1 - - [12/Jun/2023:19:25:57 +0100] - 400 - - - 0.000
0:0:0:0:0:0:0:1 - - [12/Jun/2023:19:25:57 +0100] GET /api/am/publisher/v4/scopes HTTP/1.1 200 386 https://localhost:9443/publisher/apis/d02418ae-ab94-438a-87c1-83b37ef15067/resources Mozilla/5.0 (Windows NT 10.0; Win64; x64) AppleWebKit/537.36 (KHTML, like Gecko) Chrome/114.0.0.0 Safari/537.36 0.020
0:0:0:0:0:0:0:1 - - [12/Jun/2023:19:25:57 +0100] GET /api/am/publisher/v4/throttling-policies/api?limit=80 HTTP/1.1 200 395 https://localhost:9443/publisher/apis/d02418ae-ab94-438a-87c1-83b37ef15067/resources Mozilla/5.0 (Windows NT 10.0; Win64; x64) AppleWebKit/537.36 (KHTML, like Gecko) Chrome/114.0.0.0 Safari/537.36 0.028
0:0:0:0:0:0:0:1 - - [12/Jun/2023:19:25:57 +0100] GET /api/am/publisher/v4/apis/d02418ae-ab94-438a-87c1-83b37ef15067/amznResourceNames HTTP/1.1 200 2 https://localhost:9443/publisher/apis/d02418ae-ab94-438a-87c1-83b37ef15067/resources Mozilla/5.0 (Windows NT 10.0; Win64; x64) AppleWebKit/537.36 (KHTML, like Gecko) Chrome/114.0.0.0 Safari/537.36 0.069
0:0:0:0:0:0:0:1 - - [12/Jun/2023:19:25:57 +0100] GET /api/am/publisher/v4/apis/d02418ae-ab94-438a-87c1-83b37ef15067/swagger HTTP/1.1 200 1132 https://localhost:9443/publisher/apis/d02418ae-ab94-438a-87c1-83b37ef15067/resources Mozilla/5.0 (Windows NT 10.0; Win64; x64) AppleWebKit/537.36 (KHTML, like Gecko) Chrome/114.0.0.0 Safari/537.36 0.076
0:0:0:0:0:0:0:1 - - [12/Jun/2023:19:26:08 +0100] - 400 - - - 0.000
0:0:0:0:0:0:0:1 - - [12/Jun/2023:19:26:08 +0100] - 400 - - - 0.000
0:0:0:0:0:0:0:1 - - [12/Jun/2023:19:26:08 +0100] GET /api/am/publisher/v4/apis/d02418ae-ab94-438a-87c1-83b37ef15067/client-certificates HTTP/1.1 200 104 https://localhost:9443/publisher/apis/d02418ae-ab94-438a-87c1-83b37ef15067/runtime-configuration Mozilla/5.0 (Windows NT 10.0; Win64; x64) AppleWebKit/537.36 (KHTML, like Gecko) Chrome/114.0.0.0 Safari/537.36 0.011
127.0.0.1 - - [12/Jun/2023:19:26:08 +0100] GET /oauth2/token/.well-known/openid-configuration HTTP/1.1 200 2395 - Apache-HttpClient/4.5.13 (Java/17.0.6) 0.004
0:0:0:0:0:0:0:1 - - [12/Jun/2023:19:26:08 +0100] GET /api/am/publisher/v4/key-managers HTTP/1.1 200 218 https://localhost:9443/publisher/apis/d02418ae-ab94-438a-87c1-83b37ef15067/runtime-configuration Mozilla/5.0 (Windows NT 10.0; Win64; x64) AppleWebKit/537.36 (KHTML, like Gecko) Chrome/114.0.0.0 Safari/537.36 0.022
127.0.0.1 - - [12/Jun/2023:19:26:08 +0100] GET /oauth2/token/.well-known/openid-configuration HTTP/1.1 200 2395 - Apache-HttpClient/4.5.13 (Java/17.0.6) 0.015
0:0:0:0:0:0:0:1 - - [12/Jun/2023:19:26:08 +0100] GET /api/am/publisher/v4/key-managers HTTP/1.1 200 218 https://localhost:9443/publisher/apis/d02418ae-ab94-438a-87c1-83b37ef15067/runtime-configuration Mozilla/5.0 (Windows NT 10.0; Win64; x64) AppleWebKit/537.36 (KHTML, like Gecko) Chrome/114.0.0.0 Safari/537.36 0.029
0:0:0:0:0:0:0:1 - - [12/Jun/2023:19:26:22 +0100] - 400 - - - 0.000
0:0:0:0:0:0:0:1 - - [12/Jun/2023:19:26:22 +0100] - 400 - - - 0.000
0:0:0:0:0:0:0:1 - - [12/Jun/2023:19:26:22 +0100] GET /devportal/apis/d02418ae-ab94-438a-87c1-83b37ef15067/overview HTTP/1.1 200 1691 - Mozilla/5.0 (Windows NT 10.0; Win64; x64) AppleWebKit/537.36 (KHTML, like Gecko) Chrome/114.0.0.0 Safari/537.36 0.319
0:0:0:0:0:0:0:1 - - [12/Jun/2023:19:26:22 +0100] - 400 - - - 0.000
0:0:0:0:0:0:0:1 - - [12/Jun/2023:19:26:22 +0100] - 400 - - - 0.000
0:0:0:0:0:0:0:1 - - [12/Jun/2023:19:26:22 +0100] - 400 - - - 0.000
0:0:0:0:0:0:0:1 - - [12/Jun/2023:19:26:22 +0100] GET /devportal/site/public/css/main.css HTTP/1.1 200 2092 https://localhost:9443/devportal/apis/d02418ae-ab94-438a-87c1-83b37ef15067/overview Mozilla/5.0 (Windows NT 10.0; Win64; x64) AppleWebKit/537.36 (KHTML, like Gecko) Chrome/114.0.0.0 Safari/537.36 0.021
0:0:0:0:0:0:0:1 - - [12/Jun/2023:19:26:22 +0100] - 400 - - - 0.000
0:0:0:0:0:0:0:1 - - [12/Jun/2023:19:26:22 +0100] - 400 - - - 0.000
0:0:0:0:0:0:0:1 - - [12/Jun/2023:19:26:22 +0100] - 400 - - - 0.000
0:0:0:0:0:0:0:1 - - [12/Jun/2023:19:26:22 +0100] GET /devportal/site/public/css/overrides.css HTTP/1.1 200 - https://localhost:9443/devportal/apis/d02418ae-ab94-438a-87c1-83b37ef15067/overview Mozilla/5.0 (Windows NT 10.0; Win64; x64) AppleWebKit/537.36 (KHTML, like Gecko) Chrome/114.0.0.0 Safari/537.36 0.007
0:0:0:0:0:0:0:1 - - [12/Jun/2023:19:26:22 +0100] GET /devportal/site/public/fonts/iconfont/MaterialIcons.js HTTP/1.1 200 6703 https://localhost:9443/devportal/apis/d02418ae-ab94-438a-87c1-83b37ef15067/overview Mozilla/5.0 (Windows NT 10.0; Win64; x64) AppleWebKit/537.36 (KHTML, like Gecko) Chrome/114.0.0.0 Safari/537.36 0.013
0:0:0:0:0:0:0:1 - - [12/Jun/2023:19:26:22 +0100] GET /devportal/site/public/fonts/iconfont/material-icons.css HTTP/1.1 200 970 https://localhost:9443/devportal/apis/d02418ae-ab94-438a-87c1-83b37ef15067/overview Mozilla/5.0 (Windows NT 10.0; Win64; x64) AppleWebKit/537.36 (KHTML, like Gecko) Chrome/114.0.0.0 Safari/537.36 0.006
0:0:0:0:0:0:0:1 - - [12/Jun/2023:19:26:22 +0100] GET /devportal/site/public/theme/userTheme.js HTTP/1.1 200 96 https://localhost:9443/devportal/apis/d02418ae-ab94-438a-87c1-83b37ef15067/overview Mozilla/5.0 (Windows NT 10.0; Win64; x64) AppleWebKit/537.36 (KHTML, like Gecko) Chrome/114.0.0.0 Safari/537.36 0.016
0:0:0:0:0:0:0:1 - - [12/Jun/2023:19:26:22 +0100] GET /devportal/services/settings/settings.js HTTP/1.1 200 1474 https://localhost:9443/devportal/apis/d02418ae-ab94-438a-87c1-83b37ef15067/overview Mozilla/5.0 (Windows NT 10.0; Win64; x64) AppleWebKit/537.36 (KHTML, like Gecko) Chrome/114.0.0.0 Safari/537.36 0.018
0:0:0:0:0:0:0:1 - - [12/Jun/2023:19:26:23 +0100] GET /devportal/site/public/dist/index.e79b6b708401484695fc.bundle.js HTTP/1.1 200 271108 https://localhost:9443/devportal/apis/d02418ae-ab94-438a-87c1-83b37ef15067/overview Mozilla/5.0 (Windows NT 10.0; Win64; x64) AppleWebKit/537.36 (KHTML, like Gecko) Chrome/114.0.0.0 Safari/537.36 0.052
0:0:0:0:0:0:0:1 - - [12/Jun/2023:19:26:23 +0100] - 400 - - - 0.000
0:0:0:0:0:0:0:1 - - [12/Jun/2023:19:26:23 +0100] - 400 - - - 0.000
0:0:0:0:0:0:0:1 - - [12/Jun/2023:19:26:23 +0100] GET /devportal/site/public/locales/en.json HTTP/1.1 200 57092 https://localhost:9443/devportal/apis/d02418ae-ab94-438a-87c1-83b37ef15067/overview Mozilla/5.0 (Windows NT 10.0; Win64; x64) AppleWebKit/537.36 (KHTML, like Gecko) Chrome/114.0.0.0 Safari/537.36 0.009
0:0:0:0:0:0:0:1 - - [12/Jun/2023:19:26:24 +0100] GET /devportal/site/public/images/_favicon.ico HTTP/1.1 200 1150 https://localhost:9443/devportal/apis/d02418ae-ab94-438a-87c1-83b37ef15067/overview Mozilla/5.0 (Windows NT 10.0; Win64; x64) AppleWebKit/537.36 (KHTML, like Gecko) Chrome/114.0.0.0 Safari/537.36 0.029
0:0:0:0:0:0:0:1 - - [12/Jun/2023:19:26:25 +0100] GET /api/am/devportal/v3/swagger.yaml HTTP/1.1 200 26878 https://localhost:9443/devportal/apis/d02418ae-ab94-438a-87c1-83b37ef15067/overview Mozilla/5.0 (Windows NT 10.0; Win64; x64) AppleWebKit/537.36 (KHTML, like Gecko) Chrome/114.0.0.0 Safari/537.36 1.686
0:0:0:0:0:0:0:1 - - [12/Jun/2023:19:26:27 +0100] GET /api/am/devportal/v3/settings HTTP/1.1 200 592 https://localhost:9443/devportal/apis/d02418ae-ab94-438a-87c1-83b37ef15067/overview Mozilla/5.0 (Windows NT 10.0; Win64; x64) AppleWebKit/537.36 (KHTML, like Gecko) Chrome/114.0.0.0 Safari/537.36 2.044
0:0:0:0:0:0:0:1 - - [12/Jun/2023:19:26:27 +0100] - 400 - - - 0.000
0:0:0:0:0:0:0:1 - - [12/Jun/2023:19:26:27 +0100] GET /devportal/site/public/dist/ProtectedApp.42893a52cd015332b409.bundle.js HTTP/1.1 200 70963 https://localhost:9443/devportal/apis/d02418ae-ab94-438a-87c1-83b37ef15067/overview Mozilla/5.0 (Windows NT 10.0; Win64; x64) AppleWebKit/537.36 (KHTML, like Gecko) Chrome/114.0.0.0 Safari/537.36 0.030
0:0:0:0:0:0:0:1 - - [12/Jun/2023:19:26:27 +0100] GET /devportal/site/public/dist/vendors~ProtectedApp.018eeb6bd33ca37011cd.bundle.js HTTP/1.1 200 126488 https://localhost:9443/devportal/apis/d02418ae-ab94-438a-87c1-83b37ef15067/overview Mozilla/5.0 (Windows NT 10.0; Win64; x64) AppleWebKit/537.36 (KHTML, like Gecko) Chrome/114.0.0.0 Safari/537.36 0.041
127.0.0.1 - - [12/Jun/2023:19:26:28 +0100] GET /api/am/devportal/v3/settings HTTP/1.1 200 604 - Java-http-client/17.0.6 0.379
0:0:0:0:0:0:0:1 - - [12/Jun/2023:19:26:28 +0100] GET /devportal/services/configs?loginPrompt=false HTTP/1.1 302 - https://localhost:9443/devportal/apis/d02418ae-ab94-438a-87c1-83b37ef15067/overview Mozilla/5.0 (Windows NT 10.0; Win64; x64) AppleWebKit/537.36 (KHTML, like Gecko) Chrome/114.0.0.0 Safari/537.36 0.511
0:0:0:0:0:0:0:1 - - [12/Jun/2023:19:26:29 +0100] GET /oauth2/authorize?response_type=code&client_id=on910Eic3ALVOI0ssrp4olzhtsAa&scope=apim:admin%20apim:api_key%20apim:app_import_export%20apim:app_manage%20apim:store_settings%20apim:sub_alert_manage%20apim:sub_manage%20apim:subscribe%20openid&state=%2Fapis%2Fd02418ae-ab94-438a-87c1-83b37ef15067%2Foverview&redirect_uri=https://localhost:9443/devportal/services/auth/callback/login&prompt=none HTTP/1.1 302 - https://localhost:9443/devportal/apis/d02418ae-ab94-438a-87c1-83b37ef15067/overview Mozilla/5.0 (Windows NT 10.0; Win64; x64) AppleWebKit/537.36 (KHTML, like Gecko) Chrome/114.0.0.0 Safari/537.36 0.976
0:0:0:0:0:0:0:1 - - [12/Jun/2023:19:26:29 +0100] GET /devportal/services/auth/callback/login?error_description=Authentication+required&state=%2Fapis%2Fd02418ae-ab94-438a-87c1-83b37ef15067%2Foverview&error=login_required HTTP/1.1 302 - https://localhost:9443/devportal/apis/d02418ae-ab94-438a-87c1-83b37ef15067/overview Mozilla/5.0 (Windows NT 10.0; Win64; x64) AppleWebKit/537.36 (KHTML, like Gecko) Chrome/114.0.0.0 Safari/537.36 0.061
0:0:0:0:0:0:0:1 - - [12/Jun/2023:19:26:29 +0100] GET /devportal/services/auth/callback/logout?referrer=/apis/d02418ae-ab94-438a-87c1-83b37ef15067/overview HTTP/1.1 302 - https://localhost:9443/devportal/apis/d02418ae-ab94-438a-87c1-83b37ef15067/overview Mozilla/5.0 (Windows NT 10.0; Win64; x64) AppleWebKit/537.36 (KHTML, like Gecko) Chrome/114.0.0.0 Safari/537.36 0.007
0:0:0:0:0:0:0:1 - - [12/Jun/2023:19:26:29 +0100] GET /devportal/logout?referrer=/apis/d02418ae-ab94-438a-87c1-83b37ef15067/overview HTTP/1.1 200 1691 https://localhost:9443/devportal/apis/d02418ae-ab94-438a-87c1-83b37ef15067/overview Mozilla/5.0 (Windows NT 10.0; Win64; x64) AppleWebKit/537.36 (KHTML, like Gecko) Chrome/114.0.0.0 Safari/537.36 0.030
0:0:0:0:0:0:0:1 - - [12/Jun/2023:19:26:29 +0100] GET /devportal/site/public/css/main.css HTTP/1.1 200 2092 https://localhost:9443/devportal/logout?referrer=/apis/d02418ae-ab94-438a-87c1-83b37ef15067/overview Mozilla/5.0 (Windows NT 10.0; Win64; x64) AppleWebKit/537.36 (KHTML, like Gecko) Chrome/114.0.0.0 Safari/537.36 0.002
0:0:0:0:0:0:0:1 - - [12/Jun/2023:19:26:29 +0100] - 400 - - - 0.000
0:0:0:0:0:0:0:1 - - [12/Jun/2023:19:26:29 +0100] - 400 - - - 0.000
0:0:0:0:0:0:0:1 - - [12/Jun/2023:19:26:29 +0100] - 400 - - - 0.000
0:0:0:0:0:0:0:1 - - [12/Jun/2023:19:26:29 +0100] GET /devportal/site/public/fonts/iconfont/material-icons.css HTTP/1.1 200 970 https://localhost:9443/devportal/logout?referrer=/apis/d02418ae-ab94-438a-87c1-83b37ef15067/overview Mozilla/5.0 (Windows NT 10.0; Win64; x64) AppleWebKit/537.36 (KHTML, like Gecko) Chrome/114.0.0.0 Safari/537.36 0.002
0:0:0:0:0:0:0:1 - - [12/Jun/2023:19:26:29 +0100] - 400 - - - 0.000
0:0:0:0:0:0:0:1 - - [12/Jun/2023:19:26:29 +0100] GET /devportal/site/public/css/overrides.css HTTP/1.1 200 - https://localhost:9443/devportal/logout?referrer=/apis/d02418ae-ab94-438a-87c1-83b37ef15067/overview Mozilla/5.0 (Windows NT 10.0; Win64; x64) AppleWebKit/537.36 (KHTML, like Gecko) Chrome/114.0.0.0 Safari/537.36 0.003
0:0:0:0:0:0:0:1 - - [12/Jun/2023:19:26:29 +0100] GET /devportal/site/public/theme/userTheme.js HTTP/1.1 200 96 https://localhost:9443/devportal/logout?referrer=/apis/d02418ae-ab94-438a-87c1-83b37ef15067/overview Mozilla/5.0 (Windows NT 10.0; Win64; x64) AppleWebKit/537.36 (KHTML, like Gecko) Chrome/114.0.0.0 Safari/537.36 0.014
0:0:0:0:0:0:0:1 - - [12/Jun/2023:19:26:29 +0100] GET /devportal/services/settings/settings.js HTTP/1.1 200 1474 https://localhost:9443/devportal/logout?referrer=/apis/d02418ae-ab94-438a-87c1-83b37ef15067/overview Mozilla/5.0 (Windows NT 10.0; Win64; x64) AppleWebKit/537.36 (KHTML, like Gecko) Chrome/114.0.0.0 Safari/537.36 0.013
0:0:0:0:0:0:0:1 - - [12/Jun/2023:19:26:29 +0100] GET /devportal/site/public/locales/en.json HTTP/1.1 200 57092 https://localhost:9443/devportal/logout?referrer=/apis/d02418ae-ab94-438a-87c1-83b37ef15067/overview Mozilla/5.0 (Windows NT 10.0; Win64; x64) AppleWebKit/537.36 (KHTML, like Gecko) Chrome/114.0.0.0 Safari/537.36 0.050
0:0:0:0:0:0:0:1 - - [12/Jun/2023:19:26:29 +0100] GET /api/am/devportal/v3/swagger.yaml HTTP/1.1 200 26878 https://localhost:9443/devportal/logout?referrer=/apis/d02418ae-ab94-438a-87c1-83b37ef15067/overview Mozilla/5.0 (Windows NT 10.0; Win64; x64) AppleWebKit/537.36 (KHTML, like Gecko) Chrome/114.0.0.0 Safari/537.36 0.057
0:0:0:0:0:0:0:1 - - [12/Jun/2023:19:26:29 +0100] GET /devportal/site/public/images/_favicon.ico HTTP/1.1 200 1150 https://localhost:9443/devportal/logout?referrer=/apis/d02418ae-ab94-438a-87c1-83b37ef15067/overview Mozilla/5.0 (Windows NT 10.0; Win64; x64) AppleWebKit/537.36 (KHTML, like Gecko) Chrome/114.0.0.0 Safari/537.36 0.002
0:0:0:0:0:0:0:1 - - [12/Jun/2023:19:26:29 +0100] GET /api/am/devportal/v3/settings HTTP/1.1 200 592 https://localhost:9443/devportal/logout?referrer=/apis/d02418ae-ab94-438a-87c1-83b37ef15067/overview Mozilla/5.0 (Windows NT 10.0; Win64; x64) AppleWebKit/537.36 (KHTML, like Gecko) Chrome/114.0.0.0 Safari/537.36 0.223
0:0:0:0:0:0:0:1 - - [12/Jun/2023:19:26:29 +0100] GET /devportal/site/public/theme/temporary_environments_config.json HTTP/1.1 200 - https://localhost:9443/devportal/apis/d02418ae-ab94-438a-87c1-83b37ef15067/overview Mozilla/5.0 (Windows NT 10.0; Win64; x64) AppleWebKit/537.36 (KHTML, like Gecko) Chrome/114.0.0.0 Safari/537.36 0.002
0:0:0:0:0:0:0:1 - - [12/Jun/2023:19:26:29 +0100] GET /devportal/site/public/theme/temporary_features_config.json HTTP/1.1 200 - https://localhost:9443/devportal/apis/d02418ae-ab94-438a-87c1-83b37ef15067/overview Mozilla/5.0 (Windows NT 10.0; Win64; x64) AppleWebKit/537.36 (KHTML, like Gecko) Chrome/114.0.0.0 Safari/537.36 0.003
0:0:0:0:0:0:0:1 - - [12/Jun/2023:19:26:29 +0100] GET /devportal/site/public/images/_favicon.ico HTTP/1.1 200 1150 https://localhost:9443/devportal/apis/d02418ae-ab94-438a-87c1-83b37ef15067/overview Mozilla/5.0 (Windows NT 10.0; Win64; x64) AppleWebKit/537.36 (KHTML, like Gecko) Chrome/114.0.0.0 Safari/537.36 0.002
0:0:0:0:0:0:0:1 - - [12/Jun/2023:19:26:30 +0100] GET /api/am/devportal/v3/tenants?state=active HTTP/1.1 200 96 https://localhost:9443/devportal/apis/d02418ae-ab94-438a-87c1-83b37ef15067/overview Mozilla/5.0 (Windows NT 10.0; Win64; x64) AppleWebKit/537.36 (KHTML, like Gecko) Chrome/114.0.0.0 Safari/537.36 0.109
0:0:0:0:0:0:0:1 - - [12/Jun/2023:19:26:30 +0100] - 400 - - - 0.000
0:0:0:0:0:0:0:1 - - [12/Jun/2023:19:26:30 +0100] - 400 - - - 0.000
0:0:0:0:0:0:0:1 - - [12/Jun/2023:19:26:30 +0100] GET /devportal/site/public/dist/vendors~ApiListing~Apis~ApplicationDetails.720bc2e40480316deaca.bundle.js HTTP/1.1 200 3839 https://localhost:9443/devportal/apis/d02418ae-ab94-438a-87c1-83b37ef15067/overview Mozilla/5.0 (Windows NT 10.0; Win64; x64) AppleWebKit/537.36 (KHTML, like Gecko) Chrome/114.0.0.0 Safari/537.36 0.014
0:0:0:0:0:0:0:1 - - [12/Jun/2023:19:26:30 +0100] GET /devportal/site/public/dist/vendors~Apis~Landing.e9d0b010bafc4e7686f8.bundle.js HTTP/1.1 200 4090 https://localhost:9443/devportal/apis/d02418ae-ab94-438a-87c1-83b37ef15067/overview Mozilla/5.0 (Windows NT 10.0; Win64; x64) AppleWebKit/537.36 (KHTML, like Gecko) Chrome/114.0.0.0 Safari/537.36 0.014
0:0:0:0:0:0:0:1 - - [12/Jun/2023:19:26:30 +0100] GET /devportal/site/public/dist/Apis~Landing.44f03df4105c342867a1.bundle.js HTTP/1.1 200 6722 https://localhost:9443/devportal/apis/d02418ae-ab94-438a-87c1-83b37ef15067/overview Mozilla/5.0 (Windows NT 10.0; Win64; x64) AppleWebKit/537.36 (KHTML, like Gecko) Chrome/114.0.0.0 Safari/537.36 0.005
0:0:0:0:0:0:0:1 - - [12/Jun/2023:19:26:30 +0100] GET /devportal/site/public/dist/vendors~Apis.3a6169883ec8c6c5366d.bundle.js HTTP/1.1 200 87282 https://localhost:9443/devportal/apis/d02418ae-ab94-438a-87c1-83b37ef15067/overview Mozilla/5.0 (Windows NT 10.0; Win64; x64) AppleWebKit/537.36 (KHTML, like Gecko) Chrome/114.0.0.0 Safari/537.36 0.027
0:0:0:0:0:0:0:1 - - [12/Jun/2023:19:26:30 +0100] - 400 - - - 0.000
0:0:0:0:0:0:0:1 - - [12/Jun/2023:19:26:30 +0100] GET /devportal/site/public/dist/Apis.800351a0eb878c789ea9.bundle.js HTTP/1.1 200 25570 https://localhost:9443/devportal/apis/d02418ae-ab94-438a-87c1-83b37ef15067/overview Mozilla/5.0 (Windows NT 10.0; Win64; x64) AppleWebKit/537.36 (KHTML, like Gecko) Chrome/114.0.0.0 Safari/537.36 0.015
0:0:0:0:0:0:0:1 - - [12/Jun/2023:19:26:30 +0100] GET /devportal HTTP/1.1 302 - https://localhost:9443/devportal/apis/d02418ae-ab94-438a-87c1-83b37ef15067/overview Mozilla/5.0 (Windows NT 10.0; Win64; x64) AppleWebKit/537.36 (KHTML, like Gecko) Chrome/114.0.0.0 Safari/537.36 0.000
0:0:0:0:0:0:0:1 - - [12/Jun/2023:19:26:30 +0100] GET /oidc/checksession?client_id=on910Eic3ALVOI0ssrp4olzhtsAa&redirect_uri=https://localhost:9443/devportal/services/auth/callback/login HTTP/1.1 200 3134 https://localhost:9443/devportal/apis/d02418ae-ab94-438a-87c1-83b37ef15067/overview Mozilla/5.0 (Windows NT 10.0; Win64; x64) AppleWebKit/537.36 (KHTML, like Gecko) Chrome/114.0.0.0 Safari/537.36 0.013
0:0:0:0:0:0:0:1 - - [12/Jun/2023:19:26:30 +0100] GET /devportal/site/public/images/logo.svg HTTP/1.1 200 74991 https://localhost:9443/devportal/apis/d02418ae-ab94-438a-87c1-83b37ef15067/overview Mozilla/5.0 (Windows NT 10.0; Win64; x64) AppleWebKit/537.36 (KHTML, like Gecko) Chrome/114.0.0.0 Safari/537.36 0.007
0:0:0:0:0:0:0:1 - - [12/Jun/2023:19:26:30 +0100] - 400 - - - 0.000
0:0:0:0:0:0:0:1 - - [12/Jun/2023:19:26:30 +0100] GET /devportal/site/public/images/appbarBack.png HTTP/1.1 200 1964 https://localhost:9443/devportal/apis/d02418ae-ab94-438a-87c1-83b37ef15067/overview Mozilla/5.0 (Windows NT 10.0; Win64; x64) AppleWebKit/537.36 (KHTML, like Gecko) Chrome/114.0.0.0 Safari/537.36 0.009
0:0:0:0:0:0:0:1 - - [12/Jun/2023:19:26:30 +0100] - 400 - - - 0.000
0:0:0:0:0:0:0:1 - - [12/Jun/2023:19:26:30 +0100] GET /devportal/site/public/fonts/Open_Sans/mem8YaGs126MiZpBA-UFVZ0bf8pkAg.woff2 HTTP/1.1 200 8892 https://localhost:9443/devportal/site/public/css/main.css Mozilla/5.0 (Windows NT 10.0; Win64; x64) AppleWebKit/537.36 (KHTML, like Gecko) Chrome/114.0.0.0 Safari/537.36 0.026
0:0:0:0:0:0:0:1 - - [12/Jun/2023:19:26:30 +0100] GET /devportal/site/public/fonts/iconfont/MaterialIcons-Regular.woff2 HTTP/1.1 200 60840 https://localhost:9443/devportal/site/public/fonts/iconfont/material-icons.css Mozilla/5.0 (Windows NT 10.0; Win64; x64) AppleWebKit/537.36 (KHTML, like Gecko) Chrome/114.0.0.0 Safari/537.36 0.026
0:0:0:0:0:0:0:1 - - [12/Jun/2023:19:26:30 +0100] GET /devportal/site/public/fonts/Open_Sans/mem5YaGs126MiZpBA-UN7rgOUuhpKKSTjw.woff2 HTTP/1.1 200 8800 https://localhost:9443/devportal/site/public/css/main.css Mozilla/5.0 (Windows NT 10.0; Win64; x64) AppleWebKit/537.36 (KHTML, like Gecko) Chrome/114.0.0.0 Safari/537.36 0.022
0:0:0:0:0:0:0:1 - - [12/Jun/2023:19:26:30 +0100] GET /devportal/ HTTP/1.1 200 1691 https://localhost:9443/devportal/apis/d02418ae-ab94-438a-87c1-83b37ef15067/overview Mozilla/5.0 (Windows NT 10.0; Win64; x64) AppleWebKit/537.36 (KHTML, like Gecko) Chrome/114.0.0.0 Safari/537.36 0.059
0:0:0:0:0:0:0:1 - - [12/Jun/2023:19:26:30 +0100] GET /api/am/devportal/v3/apis/d02418ae-ab94-438a-87c1-83b37ef15067 HTTP/1.1 200 1545 https://localhost:9443/devportal/apis/d02418ae-ab94-438a-87c1-83b37ef15067/overview Mozilla/5.0 (Windows NT 10.0; Win64; x64) AppleWebKit/537.36 (KHTML, like Gecko) Chrome/114.0.0.0 Safari/537.36 0.445
0:0:0:0:0:0:0:1 - - [12/Jun/2023:19:26:30 +0100] - 400 - - - 0.000
0:0:0:0:0:0:0:1 - - [12/Jun/2023:19:26:30 +0100] - 400 - - - 0.000
0:0:0:0:0:0:0:1 - - [12/Jun/2023:19:26:30 +0100] GET /devportal/site/public/dist/vendors~APIComments~APIOverview~ApplicationDetails.9553ed9b23431ac21302.bundle.js HTTP/1.1 200 5490 https://localhost:9443/devportal/apis/d02418ae-ab94-438a-87c1-83b37ef15067/overview Mozilla/5.0 (Windows NT 10.0; Win64; x64) AppleWebKit/537.36 (KHTML, like Gecko) Chrome/114.0.0.0 Safari/537.36 0.007
0:0:0:0:0:0:0:1 - - [12/Jun/2023:19:26:30 +0100] GET /devportal/site/public/dist/vendors~APIOverview~MDReactMarkdown.c8e68cd152f6972597f4.bundle.js HTTP/1.1 200 23172 https://localhost:9443/devportal/apis/d02418ae-ab94-438a-87c1-83b37ef15067/overview Mozilla/5.0 (Windows NT 10.0; Win64; x64) AppleWebKit/537.36 (KHTML, like Gecko) Chrome/114.0.0.0 Safari/537.36 0.010
0:0:0:0:0:0:0:1 - - [12/Jun/2023:19:26:30 +0100] GET /devportal/site/public/dist/vendors~APIDocuments~APIOverview.f394ac01608a94b6dd74.bundle.js HTTP/1.1 200 34374 https://localhost:9443/devportal/apis/d02418ae-ab94-438a-87c1-83b37ef15067/overview Mozilla/5.0 (Windows NT 10.0; Win64; x64) AppleWebKit/537.36 (KHTML, like Gecko) Chrome/114.0.0.0 Safari/537.36 0.009
0:0:0:0:0:0:0:1 - - [12/Jun/2023:19:26:30 +0100] GET /devportal/site/public/images/leftMenuBack.png HTTP/1.1 200 5308 https://localhost:9443/devportal/apis/d02418ae-ab94-438a-87c1-83b37ef15067/overview Mozilla/5.0 (Windows NT 10.0; Win64; x64) AppleWebKit/537.36 (KHTML, like Gecko) Chrome/114.0.0.0 Safari/537.36 0.008
0:0:0:0:0:0:0:1 - - [12/Jun/2023:19:26:30 +0100] GET /devportal/site/public/dist/APIOverview.9b9a6e01add6e880d662.bundle.js HTTP/1.1 200 20063 https://localhost:9443/devportal/apis/d02418ae-ab94-438a-87c1-83b37ef15067/overview Mozilla/5.0 (Windows NT 10.0; Win64; x64) AppleWebKit/537.36 (KHTML, like Gecko) Chrome/114.0.0.0 Safari/537.36 0.011
