0:0:0:0:0:0:0:1 - - [18/Jun/2023:16:39:42 +0100] GET /api/am/devportal/v3/swagger.yaml HTTP/1.1 200 26878 https://localhost:9443/devportal/apis/c6b17439-fa73-4d33-a618-bf5b18176cd8/test Mozilla/5.0 (Windows NT 10.0; Win64; x64) AppleWebKit/537.36 (KHTML, like Gecko) Chrome/114.0.0.0 Safari/537.36 0.005
127.0.0.1 - - [18/Jun/2023:16:39:42 +0100] GET /keymanager-operations/dcr/register/R1cwOWxVbHVSNFVqbkJBRVJjVmVIck03SEc0YQ%3D%3D HTTP/1.1 200 515 - Apache-HttpClient/4.5.13 (Java/17.0.6) 0.002
127.0.0.1 - - [18/Jun/2023:16:39:42 +0100] GET /keymanager-operations/dcr/register/N3VqNDVWeW96NUpjek1JT1dzMDFYRXNBTnpJYQ%3D%3D HTTP/1.1 200 518 - Apache-HttpClient/4.5.13 (Java/17.0.6) 0.002
0:0:0:0:0:0:0:1 - - [18/Jun/2023:16:39:42 +0100] GET /api/am/devportal/v3/applications/1ced8c6f-19af-45ac-8773-ee11ac0d11c7 HTTP/1.1 200 490 https://localhost:9443/devportal/apis/c6b17439-fa73-4d33-a618-bf5b18176cd8/test Mozilla/5.0 (Windows NT 10.0; Win64; x64) AppleWebKit/537.36 (KHTML, like Gecko) Chrome/114.0.0.0 Safari/537.36 0.009
127.0.0.1 - - [18/Jun/2023:16:39:42 +0100] GET /keymanager-operations/dcr/register/N3VqNDVWeW96NUpjek1JT1dzMDFYRXNBTnpJYQ%3D%3D HTTP/1.1 200 518 - Apache-HttpClient/4.5.13 (Java/17.0.6) 0.003
127.0.0.1 - - [18/Jun/2023:16:39:42 +0100] GET /keymanager-operations/dcr/register/R1cwOWxVbHVSNFVqbkJBRVJjVmVIck03SEc0YQ%3D%3D HTTP/1.1 200 515 - Apache-HttpClient/4.5.13 (Java/17.0.6) 0.006
0:0:0:0:0:0:0:1 - - [18/Jun/2023:16:39:42 +0100] GET /api/am/devportal/v3/applications/1ced8c6f-19af-45ac-8773-ee11ac0d11c7/oauth-keys HTTP/1.1 200 541 https://localhost:9443/devportal/apis/c6b17439-fa73-4d33-a618-bf5b18176cd8/test Mozilla/5.0 (Windows NT 10.0; Win64; x64) AppleWebKit/537.36 (KHTML, like Gecko) Chrome/114.0.0.0 Safari/537.36 0.022
127.0.0.1 - - [18/Jun/2023:16:39:42 +0100] GET /keymanager-operations/dcr/register/N3VqNDVWeW96NUpjek1JT1dzMDFYRXNBTnpJYQ%3D%3D HTTP/1.1 200 518 - Apache-HttpClient/4.5.13 (Java/17.0.6) 0.002
127.0.0.1 - - [18/Jun/2023:16:39:42 +0100] GET /keymanager-operations/dcr/register/R1cwOWxVbHVSNFVqbkJBRVJjVmVIck03SEc0YQ%3D%3D HTTP/1.1 200 515 - Apache-HttpClient/4.5.13 (Java/17.0.6) 0.002
127.0.0.1 - - [18/Jun/2023:16:39:42 +0100] GET /keymanager-operations/dcr/register/R1cwOWxVbHVSNFVqbkJBRVJjVmVIck03SEc0YQ%3D%3D HTTP/1.1 200 515 - Apache-HttpClient/4.5.13 (Java/17.0.6) 0.002
127.0.0.1 - - [18/Jun/2023:16:39:42 +0100] POST /oauth2/token HTTP/1.1 200 1190 - Apache-HttpClient/4.5.13 (Java/17.0.6) 0.025
0:0:0:0:0:0:0:1 - - [18/Jun/2023:16:39:42 +0100] POST /api/am/devportal/v3/applications/1ced8c6f-19af-45ac-8773-ee11ac0d11c7/oauth-keys/dcd7b7a7-5649-4685-b411-7d5e1addf807/generate-token HTTP/1.1 200 895 https://localhost:9443/devportal/apis/c6b17439-fa73-4d33-a618-bf5b18176cd8/test Mozilla/5.0 (Windows NT 10.0; Win64; x64) AppleWebKit/537.36 (KHTML, like Gecko) Chrome/114.0.0.0 Safari/537.36 0.060
127.0.0.1 - - [18/Jun/2023:16:39:42 +0100] POST /internal/data/v1/notify HTTP/1.1 200 - - Apache-HttpClient/4.5.13 (Java/17.0.6) 0.007
0:0:0:0:0:0:0:1 - - [18/Jun/2023:16:41:08 +0100] - 400 - - - 0.000
0:0:0:0:0:0:0:1 - - [18/Jun/2023:16:41:08 +0100] - 400 - - - 0.000
0:0:0:0:0:0:0:1 - - [18/Jun/2023:16:41:08 +0100] - 400 - - - 0.000
0:0:0:0:0:0:0:1 - - [18/Jun/2023:16:41:08 +0100] - 400 - - - 0.000
0:0:0:0:0:0:0:1 - - [18/Jun/2023:16:41:08 +0100] - 400 - - - 0.000
0:0:0:0:0:0:0:1 - - [18/Jun/2023:16:41:08 +0100] - 400 - - - 0.000
0:0:0:0:0:0:0:1 - - [18/Jun/2023:16:41:08 +0100] - 400 - - - 0.000
0:0:0:0:0:0:0:1 - - [18/Jun/2023:16:41:08 +0100] - 400 - - - 0.000
0:0:0:0:0:0:0:1 - - [18/Jun/2023:16:41:08 +0100] - 400 - - - 0.000
0:0:0:0:0:0:0:1 - - [18/Jun/2023:16:41:08 +0100] GET /publisher/site/public/dist/DeferredAPIs.425e55b4e7fd37d8ac00.bundle.js.map HTTP/1.1 200 303514 - Mozilla/5.0 (Windows NT 10.0; Win64; x64) AppleWebKit/537.36 (KHTML, like Gecko) Chrome/114.0.0.0 Safari/537.36 0.004
0:0:0:0:0:0:0:1 - - [18/Jun/2023:16:41:08 +0100] GET /publisher/site/public/dist/index.ebdd6f43ad27f9232620.bundle.js.map HTTP/1.1 200 2534901 - Mozilla/5.0 (Windows NT 10.0; Win64; x64) AppleWebKit/537.36 (KHTML, like Gecko) Chrome/114.0.0.0 Safari/537.36 0.015
0:0:0:0:0:0:0:1 - - [18/Jun/2023:16:41:08 +0100] GET /publisher/site/public/dist/ProtectedApps.ba650aa593e075176ba2.bundle.js.map HTTP/1.1 200 993017 - Mozilla/5.0 (Windows NT 10.0; Win64; x64) AppleWebKit/537.36 (KHTML, like Gecko) Chrome/114.0.0.0 Safari/537.36 0.009
0:0:0:0:0:0:0:1 - - [18/Jun/2023:16:41:08 +0100] GET /publisher/site/public/dist/vendors~DeferredDetails~ServiceOverviewSwaggerUI.3ea84b30051dfc22c735.bundle.js.map HTTP/1.1 200 1892205 - Mozilla/5.0 (Windows NT 10.0; Win64; x64) AppleWebKit/537.36 (KHTML, like Gecko) Chrome/114.0.0.0 Safari/537.36 0.010
0:0:0:0:0:0:0:1 - - [18/Jun/2023:16:41:08 +0100] GET /publisher/site/public/dist/vendors~APICreateRoutes~DeferredDetails.0ce2ce98475cbbfdf471.bundle.js.map HTTP/1.1 200 3011251 - Mozilla/5.0 (Windows NT 10.0; Win64; x64) AppleWebKit/537.36 (KHTML, like Gecko) Chrome/114.0.0.0 Safari/537.36 0.018
0:0:0:0:0:0:0:1 - - [18/Jun/2023:16:41:08 +0100] GET /publisher/site/public/dist/DeferredDetails.3ff6471ca073c3fae95c.bundle.js.map HTTP/1.1 200 4028733 - Mozilla/5.0 (Windows NT 10.0; Win64; x64) AppleWebKit/537.36 (KHTML, like Gecko) Chrome/114.0.0.0 Safari/537.36 0.018
0:0:0:0:0:0:0:1 - - [18/Jun/2023:16:41:08 +0100] GET /publisher/site/public/dist/vendors~ProtectedApps.d921a8dd5e6d05c832c1.bundle.js.map HTTP/1.1 200 5084947 - Mozilla/5.0 (Windows NT 10.0; Win64; x64) AppleWebKit/537.36 (KHTML, like Gecko) Chrome/114.0.0.0 Safari/537.36 0.026
0:0:0:0:0:0:0:1 - - [18/Jun/2023:16:41:09 +0100] GET /publisher/site/public/dist/vendors~APIDefMonacoEditor~DeferredDetails.0410733b10571837e5bf.bundle.js.map HTTP/1.1 200 8828882 - Mozilla/5.0 (Windows NT 10.0; Win64; x64) AppleWebKit/537.36 (KHTML, like Gecko) Chrome/114.0.0.0 Safari/537.36 0.038
0:0:0:0:0:0:0:1 - - [18/Jun/2023:16:41:09 +0100] GET /publisher/site/public/dist/vendors~DeferredDetails.d8226739a0c79035996f.bundle.js.map HTTP/1.1 200 11220423 - Mozilla/5.0 (Windows NT 10.0; Win64; x64) AppleWebKit/537.36 (KHTML, like Gecko) Chrome/114.0.0.0 Safari/537.36 0.046
0:0:0:0:0:0:0:1 - - [18/Jun/2023:16:42:47 +0100] - 400 - - - 0.000
127.0.0.1 - - [18/Jun/2023:16:42:51 +0100] GET /api/identity/oauth2/v1.0/scopes/name/User HTTP/1.1 200 189 - Apache-HttpClient/4.5.13 (Java/17.0.6) 0.005
127.0.0.1 - - [18/Jun/2023:16:42:51 +0100] GET /api/identity/oauth2/v1.0/scopes/name/Admin HTTP/1.1 200 153 - Apache-HttpClient/4.5.13 (Java/17.0.6) 0.006
0:0:0:0:0:0:0:1 - - [18/Jun/2023:16:42:52 +0100] PUT /api/am/publisher/v4/apis/c6b17439-fa73-4d33-a618-bf5b18176cd8/swagger HTTP/1.1 200 1288 https://localhost:9443/publisher/apis/c6b17439-fa73-4d33-a618-bf5b18176cd8/resources Mozilla/5.0 (Windows NT 10.0; Win64; x64) AppleWebKit/537.36 (KHTML, like Gecko) Chrome/114.0.0.0 Safari/537.36 4.788
0:0:0:0:0:0:0:1 - - [18/Jun/2023:16:42:52 +0100] GET /api/am/publisher/v4/apis/c6b17439-fa73-4d33-a618-bf5b18176cd8 HTTP/1.1 200 2232 https://localhost:9443/publisher/apis/c6b17439-fa73-4d33-a618-bf5b18176cd8/resources Mozilla/5.0 (Windows NT 10.0; Win64; x64) AppleWebKit/537.36 (KHTML, like Gecko) Chrome/114.0.0.0 Safari/537.36 0.067
0:0:0:0:0:0:0:1 - - [18/Jun/2023:16:42:53 +0100] GET /api/am/publisher/v4/apis/c6b17439-fa73-4d33-a618-bf5b18176cd8/asyncapi HTTP/1.1 200 - https://localhost:9443/publisher/apis/c6b17439-fa73-4d33-a618-bf5b18176cd8/deployments Mozilla/5.0 (Windows NT 10.0; Win64; x64) AppleWebKit/537.36 (KHTML, like Gecko) Chrome/114.0.0.0 Safari/537.36 0.010
0:0:0:0:0:0:0:1 - - [18/Jun/2023:16:42:57 +0100] DELETE /api/am/publisher/v4/apis/c6b17439-fa73-4d33-a618-bf5b18176cd8/revisions/2e44839b-5179-4f5b-a540-e79eaf4baaf8 HTTP/1.1 200 974 https://localhost:9443/publisher/apis/c6b17439-fa73-4d33-a618-bf5b18176cd8/deployments Mozilla/5.0 (Windows NT 10.0; Win64; x64) AppleWebKit/537.36 (KHTML, like Gecko) Chrome/114.0.0.0 Safari/537.36 0.022
0:0:0:0:0:0:0:1 - - [18/Jun/2023:16:42:57 +0100] - 400 - - - 0.000
0:0:0:0:0:0:0:1 - - [18/Jun/2023:16:42:57 +0100] - 400 - - - 0.000
0:0:0:0:0:0:0:1 - - [18/Jun/2023:16:42:57 +0100] GET /api/am/publisher/v4/apis/c6b17439-fa73-4d33-a618-bf5b18176cd8/revisions HTTP/1.1 200 974 https://localhost:9443/publisher/apis/c6b17439-fa73-4d33-a618-bf5b18176cd8/deployments Mozilla/5.0 (Windows NT 10.0; Win64; x64) AppleWebKit/537.36 (KHTML, like Gecko) Chrome/114.0.0.0 Safari/537.36 0.004
0:0:0:0:0:0:0:1 - - [18/Jun/2023:16:42:57 +0100] GET /api/am/publisher/v4/apis/c6b17439-fa73-4d33-a618-bf5b18176cd8/asyncapi HTTP/1.1 200 - https://localhost:9443/publisher/apis/c6b17439-fa73-4d33-a618-bf5b18176cd8/deployments Mozilla/5.0 (Windows NT 10.0; Win64; x64) AppleWebKit/537.36 (KHTML, like Gecko) Chrome/114.0.0.0 Safari/537.36 0.011
0:0:0:0:0:0:0:1 - - [18/Jun/2023:16:42:57 +0100] POST /api/am/publisher/v4/apis/c6b17439-fa73-4d33-a618-bf5b18176cd8/revisions HTTP/1.1 201 194 https://localhost:9443/publisher/apis/c6b17439-fa73-4d33-a618-bf5b18176cd8/deployments Mozilla/5.0 (Windows NT 10.0; Win64; x64) AppleWebKit/537.36 (KHTML, like Gecko) Chrome/114.0.0.0 Safari/537.36 0.156
0:0:0:0:0:0:0:1 - - [18/Jun/2023:16:42:57 +0100] GET /api/am/publisher/v4/apis/c6b17439-fa73-4d33-a618-bf5b18176cd8/asyncapi HTTP/1.1 200 - https://localhost:9443/publisher/apis/c6b17439-fa73-4d33-a618-bf5b18176cd8/deployments Mozilla/5.0 (Windows NT 10.0; Win64; x64) AppleWebKit/537.36 (KHTML, like Gecko) Chrome/114.0.0.0 Safari/537.36 0.010
127.0.0.1 - - [18/Jun/2023:16:42:57 +0100] GET /internal/data/v1/apis?context=/acme_pt/1.0.0&version=1.0.0&gatewayLabel=Default HTTP/1.1 200 611 - Apache-HttpClient/4.5.13 (Java/17.0.6) 0.004
127.0.0.1 - - [18/Jun/2023:16:42:57 +0100] GET /internal/data/v1/apis?context=/acme_pt/1.0.0&version=1.0.0&gatewayLabel=Default HTTP/1.1 200 611 - Apache-HttpClient/4.5.13 (Java/17.0.6) 0.005
0:0:0:0:0:0:0:1 - - [18/Jun/2023:16:42:57 +0100] POST /api/am/publisher/v4/apis/c6b17439-fa73-4d33-a618-bf5b18176cd8/deploy-revision?revisionId=1572e440-41a1-4def-9032-e33c9bad1282 HTTP/1.1 201 176 https://localhost:9443/publisher/apis/c6b17439-fa73-4d33-a618-bf5b18176cd8/deployments Mozilla/5.0 (Windows NT 10.0; Win64; x64) AppleWebKit/537.36 (KHTML, like Gecko) Chrome/114.0.0.0 Safari/537.36 0.023
0:0:0:0:0:0:0:1 - - [18/Jun/2023:16:42:58 +0100] GET /api/am/publisher/v4/apis/c6b17439-fa73-4d33-a618-bf5b18176cd8/revisions?query=deployed%3Atrue HTTP/1.1 200 389 https://localhost:9443/publisher/apis/c6b17439-fa73-4d33-a618-bf5b18176cd8/deployments Mozilla/5.0 (Windows NT 10.0; Win64; x64) AppleWebKit/537.36 (KHTML, like Gecko) Chrome/114.0.0.0 Safari/537.36 0.004
0:0:0:0:0:0:0:1 - - [18/Jun/2023:16:42:58 +0100] GET /api/am/publisher/v4/apis/c6b17439-fa73-4d33-a618-bf5b18176cd8/revisions HTTP/1.1 200 409 https://localhost:9443/publisher/apis/c6b17439-fa73-4d33-a618-bf5b18176cd8/deployments Mozilla/5.0 (Windows NT 10.0; Win64; x64) AppleWebKit/537.36 (KHTML, like Gecko) Chrome/114.0.0.0 Safari/537.36 0.004
0:0:0:0:0:0:0:1 - - [18/Jun/2023:16:42:58 +0100] GET /api/am/publisher/v4/apis/c6b17439-fa73-4d33-a618-bf5b18176cd8/asyncapi HTTP/1.1 200 - https://localhost:9443/publisher/apis/c6b17439-fa73-4d33-a618-bf5b18176cd8/deployments Mozilla/5.0 (Windows NT 10.0; Win64; x64) AppleWebKit/537.36 (KHTML, like Gecko) Chrome/114.0.0.0 Safari/537.36 0.009
0:0:0:0:0:0:0:1 - - [18/Jun/2023:16:42:58 +0100] GET /api/am/publisher/v4/apis/c6b17439-fa73-4d33-a618-bf5b18176cd8/asyncapi HTTP/1.1 200 - https://localhost:9443/publisher/apis/c6b17439-fa73-4d33-a618-bf5b18176cd8/deployments Mozilla/5.0 (Windows NT 10.0; Win64; x64) AppleWebKit/537.36 (KHTML, like Gecko) Chrome/114.0.0.0 Safari/537.36 0.010
0:0:0:0:0:0:0:1 - - [18/Jun/2023:16:42:58 +0100] GET /api/am/publisher/v4/apis/c6b17439-fa73-4d33-a618-bf5b18176cd8/asyncapi HTTP/1.1 200 - https://localhost:9443/publisher/apis/c6b17439-fa73-4d33-a618-bf5b18176cd8/deployments Mozilla/5.0 (Windows NT 10.0; Win64; x64) AppleWebKit/537.36 (KHTML, like Gecko) Chrome/114.0.0.0 Safari/537.36 0.013
127.0.0.1 - - [18/Jun/2023:16:42:58 +0100] GET /internal/data/v1/apis?context=/acme_pt/1.0.0&version=1.0.0&gatewayLabel=Default HTTP/1.1 200 619 - Apache-HttpClient/4.5.13 (Java/17.0.6) 0.004
0:0:0:0:0:0:0:1 - - [18/Jun/2023:16:42:59 +0100] - 400 - - - 0.000
0:0:0:0:0:0:0:1 - - [18/Jun/2023:16:42:59 +0100] GET /api/am/publisher/v4/scopes HTTP/1.1 200 388 https://localhost:9443/publisher/apis/c6b17439-fa73-4d33-a618-bf5b18176cd8/resources Mozilla/5.0 (Windows NT 10.0; Win64; x64) AppleWebKit/537.36 (KHTML, like Gecko) Chrome/114.0.0.0 Safari/537.36 0.004
0:0:0:0:0:0:0:1 - - [18/Jun/2023:16:42:59 +0100] GET /api/am/publisher/v4/throttling-policies/api?limit=80 HTTP/1.1 200 407 https://localhost:9443/publisher/apis/c6b17439-fa73-4d33-a618-bf5b18176cd8/resources Mozilla/5.0 (Windows NT 10.0; Win64; x64) AppleWebKit/537.36 (KHTML, like Gecko) Chrome/114.0.0.0 Safari/537.36 0.003
0:0:0:0:0:0:0:1 - - [18/Jun/2023:16:42:59 +0100] GET /api/am/publisher/v4/apis/c6b17439-fa73-4d33-a618-bf5b18176cd8/amznResourceNames HTTP/1.1 200 2 https://localhost:9443/publisher/apis/c6b17439-fa73-4d33-a618-bf5b18176cd8/resources Mozilla/5.0 (Windows NT 10.0; Win64; x64) AppleWebKit/537.36 (KHTML, like Gecko) Chrome/114.0.0.0 Safari/537.36 0.008
0:0:0:0:0:0:0:1 - - [18/Jun/2023:16:42:59 +0100] GET /api/am/publisher/v4/apis/c6b17439-fa73-4d33-a618-bf5b18176cd8/swagger HTTP/1.1 200 1288 https://localhost:9443/publisher/apis/c6b17439-fa73-4d33-a618-bf5b18176cd8/resources Mozilla/5.0 (Windows NT 10.0; Win64; x64) AppleWebKit/537.36 (KHTML, like Gecko) Chrome/114.0.0.0 Safari/537.36 0.016
127.0.0.1 - - [18/Jun/2023:16:43:03 +0100] GET /internal/data/v1/runtime-artifacts?apiId=c6b17439-fa73-4d33-a618-bf5b18176cd8&gatewayLabel=RGVmYXVsdA&type=Synapse HTTP/1.1 200 5517 - Apache-HttpClient/4.5.13 (Java/17.0.6) 0.245
127.0.0.1 - - [18/Jun/2023:16:43:04 +0100] GET /internal/data/v1/apis?context=/acme_pt/1.0.0&version=1.0.0&gatewayLabel=Default HTTP/1.1 200 619 - Apache-HttpClient/4.5.13 (Java/17.0.6) 0.008
0:0:0:0:0:0:0:1 - - [18/Jun/2023:16:43:28 +0100] - 400 - - - 0.000
0:0:0:0:0:0:0:1 - - [18/Jun/2023:16:43:28 +0100] - 400 - - - 0.000
0:0:0:0:0:0:0:1 - - [18/Jun/2023:16:43:28 +0100] - 400 - - - 0.000
0:0:0:0:0:0:0:1 - - [18/Jun/2023:16:43:28 +0100] GET /api/am/publisher/v4/apis/c6b17439-fa73-4d33-a618-bf5b18176cd8/operation-policies?limit=500 HTTP/1.1 200 1367 https://localhost:9443/publisher/apis/c6b17439-fa73-4d33-a618-bf5b18176cd8/policies Mozilla/5.0 (Windows NT 10.0; Win64; x64) AppleWebKit/537.36 (KHTML, like Gecko) Chrome/114.0.0.0 Safari/537.36 0.007
0:0:0:0:0:0:0:1 - - [18/Jun/2023:16:43:28 +0100] GET /api/am/publisher/v4/operation-policies?limit=500 HTTP/1.1 200 4567 https://localhost:9443/publisher/apis/c6b17439-fa73-4d33-a618-bf5b18176cd8/policies Mozilla/5.0 (Windows NT 10.0; Win64; x64) AppleWebKit/537.36 (KHTML, like Gecko) Chrome/114.0.0.0 Safari/537.36 0.008
0:0:0:0:0:0:0:1 - - [18/Jun/2023:16:43:28 +0100] GET /api/am/publisher/v4/apis/c6b17439-fa73-4d33-a618-bf5b18176cd8/swagger HTTP/1.1 200 1288 https://localhost:9443/publisher/apis/c6b17439-fa73-4d33-a618-bf5b18176cd8/policies Mozilla/5.0 (Windows NT 10.0; Win64; x64) AppleWebKit/537.36 (KHTML, like Gecko) Chrome/114.0.0.0 Safari/537.36 0.022
0:0:0:0:0:0:0:1 - - [18/Jun/2023:16:44:02 +0100] - 400 - - - 0.000
0:0:0:0:0:0:0:1 - - [18/Jun/2023:16:44:02 +0100] - 400 - - - 0.000
0:0:0:0:0:0:0:1 - - [18/Jun/2023:16:44:02 +0100] - 400 - - - 0.000
0:0:0:0:0:0:0:1 - - [18/Jun/2023:16:44:02 +0100] GET /api/am/publisher/v4/tenants?state=ACTIVE HTTP/1.1 200 96 https://localhost:9443/publisher/apis/c6b17439-fa73-4d33-a618-bf5b18176cd8/configuration Mozilla/5.0 (Windows NT 10.0; Win64; x64) AppleWebKit/537.36 (KHTML, like Gecko) Chrome/114.0.0.0 Safari/537.36 0.003
0:0:0:0:0:0:0:1 - - [18/Jun/2023:16:44:02 +0100] GET /api/am/publisher/v4/apis/c6b17439-fa73-4d33-a618-bf5b18176cd8/documents?limit=1000 HTTP/1.1 200 94 https://localhost:9443/publisher/apis/c6b17439-fa73-4d33-a618-bf5b18176cd8/configuration Mozilla/5.0 (Windows NT 10.0; Win64; x64) AppleWebKit/537.36 (KHTML, like Gecko) Chrome/114.0.0.0 Safari/537.36 0.017
0:0:0:0:0:0:0:1 - - [18/Jun/2023:16:44:02 +0100] GET /api/am/publisher/v4/api-categories HTTP/1.1 200 21 https://localhost:9443/publisher/apis/c6b17439-fa73-4d33-a618-bf5b18176cd8/configuration Mozilla/5.0 (Windows NT 10.0; Win64; x64) AppleWebKit/537.36 (KHTML, like Gecko) Chrome/114.0.0.0 Safari/537.36 0.017
0:0:0:0:0:0:0:1 - - [18/Jun/2023:16:44:04 +0100] - 400 - - - 0.000
0:0:0:0:0:0:0:1 - - [18/Jun/2023:16:44:04 +0100] GET /api/am/publisher/v4/scopes HTTP/1.1 200 388 https://localhost:9443/publisher/apis/c6b17439-fa73-4d33-a618-bf5b18176cd8/resources Mozilla/5.0 (Windows NT 10.0; Win64; x64) AppleWebKit/537.36 (KHTML, like Gecko) Chrome/114.0.0.0 Safari/537.36 0.004
0:0:0:0:0:0:0:1 - - [18/Jun/2023:16:44:04 +0100] GET /api/am/publisher/v4/apis/c6b17439-fa73-4d33-a618-bf5b18176cd8/amznResourceNames HTTP/1.1 200 2 https://localhost:9443/publisher/apis/c6b17439-fa73-4d33-a618-bf5b18176cd8/resources Mozilla/5.0 (Windows NT 10.0; Win64; x64) AppleWebKit/537.36 (KHTML, like Gecko) Chrome/114.0.0.0 Safari/537.36 0.008
0:0:0:0:0:0:0:1 - - [18/Jun/2023:16:44:04 +0100] GET /api/am/publisher/v4/throttling-policies/api?limit=80 HTTP/1.1 200 407 https://localhost:9443/publisher/apis/c6b17439-fa73-4d33-a618-bf5b18176cd8/resources Mozilla/5.0 (Windows NT 10.0; Win64; x64) AppleWebKit/537.36 (KHTML, like Gecko) Chrome/114.0.0.0 Safari/537.36 0.003
0:0:0:0:0:0:0:1 - - [18/Jun/2023:16:44:04 +0100] GET /api/am/publisher/v4/apis/c6b17439-fa73-4d33-a618-bf5b18176cd8/swagger HTTP/1.1 200 1288 https://localhost:9443/publisher/apis/c6b17439-fa73-4d33-a618-bf5b18176cd8/resources Mozilla/5.0 (Windows NT 10.0; Win64; x64) AppleWebKit/537.36 (KHTML, like Gecko) Chrome/114.0.0.0 Safari/537.36 0.018
0:0:0:0:0:0:0:1 - - [18/Jun/2023:16:44:05 +0100] GET /api/am/publisher/v4/apis/c6b17439-fa73-4d33-a618-bf5b18176cd8/operation-policies?limit=500 HTTP/1.1 200 1367 https://localhost:9443/publisher/apis/c6b17439-fa73-4d33-a618-bf5b18176cd8/policies Mozilla/5.0 (Windows NT 10.0; Win64; x64) AppleWebKit/537.36 (KHTML, like Gecko) Chrome/114.0.0.0 Safari/537.36 0.004
0:0:0:0:0:0:0:1 - - [18/Jun/2023:16:44:05 +0100] GET /api/am/publisher/v4/operation-policies?limit=500 HTTP/1.1 200 4567 https://localhost:9443/publisher/apis/c6b17439-fa73-4d33-a618-bf5b18176cd8/policies Mozilla/5.0 (Windows NT 10.0; Win64; x64) AppleWebKit/537.36 (KHTML, like Gecko) Chrome/114.0.0.0 Safari/537.36 0.004
0:0:0:0:0:0:0:1 - - [18/Jun/2023:16:44:05 +0100] GET /api/am/publisher/v4/apis/c6b17439-fa73-4d33-a618-bf5b18176cd8/swagger HTTP/1.1 200 1288 https://localhost:9443/publisher/apis/c6b17439-fa73-4d33-a618-bf5b18176cd8/policies Mozilla/5.0 (Windows NT 10.0; Win64; x64) AppleWebKit/537.36 (KHTML, like Gecko) Chrome/114.0.0.0 Safari/537.36 0.014
0:0:0:0:0:0:0:1 - - [18/Jun/2023:16:44:42 +0100] - 400 - - - 0.000
127.0.0.1 - - [18/Jun/2023:16:44:42 +0100] GET /api/identity/oauth2/v1.0/scopes/name/User HTTP/1.1 200 189 - Apache-HttpClient/4.5.13 (Java/17.0.6) 0.007
127.0.0.1 - - [18/Jun/2023:16:44:42 +0100] GET /api/identity/oauth2/v1.0/scopes/name/Admin HTTP/1.1 200 153 - Apache-HttpClient/4.5.13 (Java/17.0.6) 0.005
0:0:0:0:0:0:0:1 - - [18/Jun/2023:16:44:42 +0100] PUT /api/am/publisher/v4/apis/c6b17439-fa73-4d33-a618-bf5b18176cd8 HTTP/1.1 200 2311 https://localhost:9443/publisher/apis/c6b17439-fa73-4d33-a618-bf5b18176cd8/deployments Mozilla/5.0 (Windows NT 10.0; Win64; x64) AppleWebKit/537.36 (KHTML, like Gecko) Chrome/114.0.0.0 Safari/537.36 0.154
0:0:0:0:0:0:0:1 - - [18/Jun/2023:16:44:42 +0100] GET /api/am/publisher/v4/apis/c6b17439-fa73-4d33-a618-bf5b18176cd8/asyncapi HTTP/1.1 200 - https://localhost:9443/publisher/apis/c6b17439-fa73-4d33-a618-bf5b18176cd8/deployments Mozilla/5.0 (Windows NT 10.0; Win64; x64) AppleWebKit/537.36 (KHTML, like Gecko) Chrome/114.0.0.0 Safari/537.36 0.011
0:0:0:0:0:0:0:1 - - [18/Jun/2023:16:44:43 +0100] GET /api/am/publisher/v4/apis/c6b17439-fa73-4d33-a618-bf5b18176cd8/asyncapi HTTP/1.1 200 - https://localhost:9443/publisher/apis/c6b17439-fa73-4d33-a618-bf5b18176cd8/deployments Mozilla/5.0 (Windows NT 10.0; Win64; x64) AppleWebKit/537.36 (KHTML, like Gecko) Chrome/114.0.0.0 Safari/537.36 0.010
0:0:0:0:0:0:0:1 - - [18/Jun/2023:16:44:46 +0100] DELETE /api/am/publisher/v4/apis/c6b17439-fa73-4d33-a618-bf5b18176cd8/revisions/c936bce3-d032-46db-bc73-ac1abec06005 HTTP/1.1 200 974 https://localhost:9443/publisher/apis/c6b17439-fa73-4d33-a618-bf5b18176cd8/deployments Mozilla/5.0 (Windows NT 10.0; Win64; x64) AppleWebKit/537.36 (KHTML, like Gecko) Chrome/114.0.0.0 Safari/537.36 0.011
0:0:0:0:0:0:0:1 - - [18/Jun/2023:16:44:47 +0100] - 400 - - - 0.000
0:0:0:0:0:0:0:1 - - [18/Jun/2023:16:44:47 +0100] - 400 - - - 0.000
0:0:0:0:0:0:0:1 - - [18/Jun/2023:16:44:47 +0100] GET /api/am/publisher/v4/apis/c6b17439-fa73-4d33-a618-bf5b18176cd8/revisions HTTP/1.1 200 974 https://localhost:9443/publisher/apis/c6b17439-fa73-4d33-a618-bf5b18176cd8/deployments Mozilla/5.0 (Windows NT 10.0; Win64; x64) AppleWebKit/537.36 (KHTML, like Gecko) Chrome/114.0.0.0 Safari/537.36 0.003
0:0:0:0:0:0:0:1 - - [18/Jun/2023:16:44:47 +0100] GET /api/am/publisher/v4/apis/c6b17439-fa73-4d33-a618-bf5b18176cd8/asyncapi HTTP/1.1 200 - https://localhost:9443/publisher/apis/c6b17439-fa73-4d33-a618-bf5b18176cd8/deployments Mozilla/5.0 (Windows NT 10.0; Win64; x64) AppleWebKit/537.36 (KHTML, like Gecko) Chrome/114.0.0.0 Safari/537.36 0.011
0:0:0:0:0:0:0:1 - - [18/Jun/2023:16:44:47 +0100] POST /api/am/publisher/v4/apis/c6b17439-fa73-4d33-a618-bf5b18176cd8/revisions HTTP/1.1 201 194 https://localhost:9443/publisher/apis/c6b17439-fa73-4d33-a618-bf5b18176cd8/deployments Mozilla/5.0 (Windows NT 10.0; Win64; x64) AppleWebKit/537.36 (KHTML, like Gecko) Chrome/114.0.0.0 Safari/537.36 0.231
0:0:0:0:0:0:0:1 - - [18/Jun/2023:16:44:47 +0100] GET /api/am/publisher/v4/apis/c6b17439-fa73-4d33-a618-bf5b18176cd8/asyncapi HTTP/1.1 200 - https://localhost:9443/publisher/apis/c6b17439-fa73-4d33-a618-bf5b18176cd8/deployments Mozilla/5.0 (Windows NT 10.0; Win64; x64) AppleWebKit/537.36 (KHTML, like Gecko) Chrome/114.0.0.0 Safari/537.36 0.011
0:0:0:0:0:0:0:1 - - [18/Jun/2023:16:44:47 +0100] POST /api/am/publisher/v4/apis/c6b17439-fa73-4d33-a618-bf5b18176cd8/deploy-revision?revisionId=5ee44f19-b772-4592-82a7-b5fec1575234 HTTP/1.1 201 176 https://localhost:9443/publisher/apis/c6b17439-fa73-4d33-a618-bf5b18176cd8/deployments Mozilla/5.0 (Windows NT 10.0; Win64; x64) AppleWebKit/537.36 (KHTML, like Gecko) Chrome/114.0.0.0 Safari/537.36 0.021
127.0.0.1 - - [18/Jun/2023:16:44:47 +0100] GET /internal/data/v1/apis?context=/acme_pt/1.0.0&version=1.0.0&gatewayLabel=Default HTTP/1.1 200 619 - Apache-HttpClient/4.5.13 (Java/17.0.6) 0.004
127.0.0.1 - - [18/Jun/2023:16:44:47 +0100] GET /internal/data/v1/apis?context=/acme_pt/1.0.0&version=1.0.0&gatewayLabel=Default HTTP/1.1 200 619 - Apache-HttpClient/4.5.13 (Java/17.0.6) 0.004
127.0.0.1 - - [18/Jun/2023:16:44:47 +0100] GET /internal/data/v1/apis?context=/acme_pt/1.0.0&version=1.0.0&gatewayLabel=Default HTTP/1.1 200 619 - Apache-HttpClient/4.5.13 (Java/17.0.6) 0.003
0:0:0:0:0:0:0:1 - - [18/Jun/2023:16:44:47 +0100] GET /api/am/publisher/v4/apis/c6b17439-fa73-4d33-a618-bf5b18176cd8/revisions?query=deployed%3Atrue HTTP/1.1 200 389 https://localhost:9443/publisher/apis/c6b17439-fa73-4d33-a618-bf5b18176cd8/deployments Mozilla/5.0 (Windows NT 10.0; Win64; x64) AppleWebKit/537.36 (KHTML, like Gecko) Chrome/114.0.0.0 Safari/537.36 0.003
0:0:0:0:0:0:0:1 - - [18/Jun/2023:16:44:47 +0100] GET /api/am/publisher/v4/apis/c6b17439-fa73-4d33-a618-bf5b18176cd8/revisions HTTP/1.1 200 409 https://localhost:9443/publisher/apis/c6b17439-fa73-4d33-a618-bf5b18176cd8/deployments Mozilla/5.0 (Windows NT 10.0; Win64; x64) AppleWebKit/537.36 (KHTML, like Gecko) Chrome/114.0.0.0 Safari/537.36 0.003
0:0:0:0:0:0:0:1 - - [18/Jun/2023:16:44:47 +0100] GET /api/am/publisher/v4/apis/c6b17439-fa73-4d33-a618-bf5b18176cd8/asyncapi HTTP/1.1 200 - https://localhost:9443/publisher/apis/c6b17439-fa73-4d33-a618-bf5b18176cd8/deployments Mozilla/5.0 (Windows NT 10.0; Win64; x64) AppleWebKit/537.36 (KHTML, like Gecko) Chrome/114.0.0.0 Safari/537.36 0.013
0:0:0:0:0:0:0:1 - - [18/Jun/2023:16:44:48 +0100] GET /api/am/publisher/v4/apis/c6b17439-fa73-4d33-a618-bf5b18176cd8/asyncapi HTTP/1.1 200 - https://localhost:9443/publisher/apis/c6b17439-fa73-4d33-a618-bf5b18176cd8/deployments Mozilla/5.0 (Windows NT 10.0; Win64; x64) AppleWebKit/537.36 (KHTML, like Gecko) Chrome/114.0.0.0 Safari/537.36 0.011
0:0:0:0:0:0:0:1 - - [18/Jun/2023:16:44:48 +0100] GET /api/am/publisher/v4/apis/c6b17439-fa73-4d33-a618-bf5b18176cd8/asyncapi HTTP/1.1 200 - https://localhost:9443/publisher/apis/c6b17439-fa73-4d33-a618-bf5b18176cd8/deployments Mozilla/5.0 (Windows NT 10.0; Win64; x64) AppleWebKit/537.36 (KHTML, like Gecko) Chrome/114.0.0.0 Safari/537.36 0.014
0:0:0:0:0:0:0:1 - - [18/Jun/2023:16:44:50 +0100] GET /api/am/publisher/v4/api-categories HTTP/1.1 200 21 https://localhost:9443/publisher/apis/c6b17439-fa73-4d33-a618-bf5b18176cd8/configuration Mozilla/5.0 (Windows NT 10.0; Win64; x64) AppleWebKit/537.36 (KHTML, like Gecko) Chrome/114.0.0.0 Safari/537.36 0.003
0:0:0:0:0:0:0:1 - - [18/Jun/2023:16:44:50 +0100] GET /api/am/publisher/v4/tenants?state=ACTIVE HTTP/1.1 200 96 https://localhost:9443/publisher/apis/c6b17439-fa73-4d33-a618-bf5b18176cd8/configuration Mozilla/5.0 (Windows NT 10.0; Win64; x64) AppleWebKit/537.36 (KHTML, like Gecko) Chrome/114.0.0.0 Safari/537.36 0.003
0:0:0:0:0:0:0:1 - - [18/Jun/2023:16:44:50 +0100] GET /api/am/publisher/v4/apis/c6b17439-fa73-4d33-a618-bf5b18176cd8/documents?limit=1000 HTTP/1.1 200 94 https://localhost:9443/publisher/apis/c6b17439-fa73-4d33-a618-bf5b18176cd8/configuration Mozilla/5.0 (Windows NT 10.0; Win64; x64) AppleWebKit/537.36 (KHTML, like Gecko) Chrome/114.0.0.0 Safari/537.36 0.005
0:0:0:0:0:0:0:1 - - [18/Jun/2023:16:44:51 +0100] GET /api/am/publisher/v4/apis/c6b17439-fa73-4d33-a618-bf5b18176cd8/revisions?query=deployed%3Atrue HTTP/1.1 200 389 https://localhost:9443/publisher/apis/c6b17439-fa73-4d33-a618-bf5b18176cd8/overview Mozilla/5.0 (Windows NT 10.0; Win64; x64) AppleWebKit/537.36 (KHTML, like Gecko) Chrome/114.0.0.0 Safari/537.36 0.004
0:0:0:0:0:0:0:1 - - [18/Jun/2023:16:44:51 +0100] GET /api/am/publisher/v4/apis/c6b17439-fa73-4d33-a618-bf5b18176cd8/swagger HTTP/1.1 200 1288 https://localhost:9443/publisher/apis/c6b17439-fa73-4d33-a618-bf5b18176cd8/overview Mozilla/5.0 (Windows NT 10.0; Win64; x64) AppleWebKit/537.36 (KHTML, like Gecko) Chrome/114.0.0.0 Safari/537.36 0.014
127.0.0.1 - - [18/Jun/2023:16:44:53 +0100] GET /internal/data/v1/runtime-artifacts?apiId=c6b17439-fa73-4d33-a618-bf5b18176cd8&gatewayLabel=RGVmYXVsdA&type=Synapse HTTP/1.1 200 5570 - Apache-HttpClient/4.5.13 (Java/17.0.6) 0.230
127.0.0.1 - - [18/Jun/2023:16:44:53 +0100] GET /internal/data/v1/apis?context=/acme_pt/1.0.0&version=1.0.0&gatewayLabel=Default HTTP/1.1 200 619 - Apache-HttpClient/4.5.13 (Java/17.0.6) 0.005
0:0:0:0:0:0:0:1 - - [18/Jun/2023:16:45:09 +0100] - 400 - - - 0.000
0:0:0:0:0:0:0:1 - - [18/Jun/2023:16:45:09 +0100] GET /devportal/site/public/images/_favicon.ico HTTP/1.1 200 1150 https://localhost:9443/devportal/apis/c6b17439-fa73-4d33-a618-bf5b18176cd8/credentials Mozilla/5.0 (Windows NT 10.0; Win64; x64) AppleWebKit/537.36 (KHTML, like Gecko) Chrome/114.0.0.0 Safari/537.36 0.002
0:0:0:0:0:0:0:1 - - [18/Jun/2023:16:45:09 +0100] - 400 - - - 0.000
0:0:0:0:0:0:0:1 - - [18/Jun/2023:16:45:09 +0100] GET /devportal/site/public/images/_favicon.ico HTTP/1.1 200 1150 https://localhost:9443/devportal/apis/c6b17439-fa73-4d33-a618-bf5b18176cd8/test Mozilla/5.0 (Windows NT 10.0; Win64; x64) AppleWebKit/537.36 (KHTML, like Gecko) Chrome/114.0.0.0 Safari/537.36 0.001
0:0:0:0:0:0:0:1 - - [18/Jun/2023:16:45:09 +0100] GET /api/am/devportal/v3/apis/c6b17439-fa73-4d33-a618-bf5b18176cd8 HTTP/1.1 200 1718 https://localhost:9443/devportal/apis/c6b17439-fa73-4d33-a618-bf5b18176cd8/test Mozilla/5.0 (Windows NT 10.0; Win64; x64) AppleWebKit/537.36 (KHTML, like Gecko) Chrome/114.0.0.0 Safari/537.36 0.026
0:0:0:0:0:0:0:1 - - [18/Jun/2023:16:45:09 +0100] GET /api/am/devportal/v3/apis/c6b17439-fa73-4d33-a618-bf5b18176cd8/swagger?environmentName=Default HTTP/1.1 200 950 https://localhost:9443/devportal/apis/c6b17439-fa73-4d33-a618-bf5b18176cd8/test Mozilla/5.0 (Windows NT 10.0; Win64; x64) AppleWebKit/537.36 (KHTML, like Gecko) Chrome/114.0.0.0 Safari/537.36 0.025
0:0:0:0:0:0:0:1 - - [18/Jun/2023:16:45:09 +0100] - 400 - - - 0.000
0:0:0:0:0:0:0:1 - - [18/Jun/2023:16:45:09 +0100] GET /api/am/devportal/v3/swagger.yaml HTTP/1.1 200 26878 https://localhost:9443/devportal/apis/c6b17439-fa73-4d33-a618-bf5b18176cd8/test Mozilla/5.0 (Windows NT 10.0; Win64; x64) AppleWebKit/537.36 (KHTML, like Gecko) Chrome/114.0.0.0 Safari/537.36 0.012
127.0.0.1 - - [18/Jun/2023:16:45:09 +0100] GET /oauth2/token/.well-known/openid-configuration HTTP/1.1 200 2395 - Apache-HttpClient/4.5.13 (Java/17.0.6) 0.003
0:0:0:0:0:0:0:1 - - [18/Jun/2023:16:45:09 +0100] GET /api/am/devportal/v3/key-managers HTTP/1.1 200 763 https://localhost:9443/devportal/apis/c6b17439-fa73-4d33-a618-bf5b18176cd8/test Mozilla/5.0 (Windows NT 10.0; Win64; x64) AppleWebKit/537.36 (KHTML, like Gecko) Chrome/114.0.0.0 Safari/537.36 0.012
127.0.0.1 - - [18/Jun/2023:16:45:09 +0100] GET /keymanager-operations/dcr/register/R1cwOWxVbHVSNFVqbkJBRVJjVmVIck03SEc0YQ%3D%3D HTTP/1.1 200 515 - Apache-HttpClient/4.5.13 (Java/17.0.6) 0.003
127.0.0.1 - - [18/Jun/2023:16:45:09 +0100] GET /keymanager-operations/dcr/register/N3VqNDVWeW96NUpjek1JT1dzMDFYRXNBTnpJYQ%3D%3D HTTP/1.1 200 518 - Apache-HttpClient/4.5.13 (Java/17.0.6) 0.002
0:0:0:0:0:0:0:1 - - [18/Jun/2023:16:45:09 +0100] GET /api/am/devportal/v3/subscriptions?apiId=c6b17439-fa73-4d33-a618-bf5b18176cd8&limit=25 HTTP/1.1 200 714 https://localhost:9443/devportal/apis/c6b17439-fa73-4d33-a618-bf5b18176cd8/test Mozilla/5.0 (Windows NT 10.0; Win64; x64) AppleWebKit/537.36 (KHTML, like Gecko) Chrome/114.0.0.0 Safari/537.36 0.034
127.0.0.1 - - [18/Jun/2023:16:45:09 +0100] GET /keymanager-operations/dcr/register/N3VqNDVWeW96NUpjek1JT1dzMDFYRXNBTnpJYQ%3D%3D HTTP/1.1 200 518 - Apache-HttpClient/4.5.13 (Java/17.0.6) 0.002
127.0.0.1 - - [18/Jun/2023:16:45:09 +0100] GET /keymanager-operations/dcr/register/R1cwOWxVbHVSNFVqbkJBRVJjVmVIck03SEc0YQ%3D%3D HTTP/1.1 200 515 - Apache-HttpClient/4.5.13 (Java/17.0.6) 0.003
0:0:0:0:0:0:0:1 - - [18/Jun/2023:16:45:09 +0100] GET /api/am/devportal/v3/subscriptions?apiId=c6b17439-fa73-4d33-a618-bf5b18176cd8&limit=25 HTTP/1.1 200 714 https://localhost:9443/devportal/apis/c6b17439-fa73-4d33-a618-bf5b18176cd8/test Mozilla/5.0 (Windows NT 10.0; Win64; x64) AppleWebKit/537.36 (KHTML, like Gecko) Chrome/114.0.0.0 Safari/537.36 0.036
0:0:0:0:0:0:0:1 - - [18/Jun/2023:16:45:09 +0100] GET /api/am/devportal/v3/applications/ HTTP/1.1 200 492 https://localhost:9443/devportal/apis/c6b17439-fa73-4d33-a618-bf5b18176cd8/test Mozilla/5.0 (Windows NT 10.0; Win64; x64) AppleWebKit/537.36 (KHTML, like Gecko) Chrome/114.0.0.0 Safari/537.36 0.004
0:0:0:0:0:0:0:1 - - [18/Jun/2023:16:45:09 +0100] GET /api/am/devportal/v3/swagger.yaml HTTP/1.1 200 26878 https://localhost:9443/devportal/apis/c6b17439-fa73-4d33-a618-bf5b18176cd8/test Mozilla/5.0 (Windows NT 10.0; Win64; x64) AppleWebKit/537.36 (KHTML, like Gecko) Chrome/114.0.0.0 Safari/537.36 0.005
127.0.0.1 - - [18/Jun/2023:16:45:10 +0100] GET /keymanager-operations/dcr/register/R1cwOWxVbHVSNFVqbkJBRVJjVmVIck03SEc0YQ%3D%3D HTTP/1.1 200 515 - Apache-HttpClient/4.5.13 (Java/17.0.6) 0.002
127.0.0.1 - - [18/Jun/2023:16:45:10 +0100] GET /keymanager-operations/dcr/register/N3VqNDVWeW96NUpjek1JT1dzMDFYRXNBTnpJYQ%3D%3D HTTP/1.1 200 518 - Apache-HttpClient/4.5.13 (Java/17.0.6) 0.001
0:0:0:0:0:0:0:1 - - [18/Jun/2023:16:45:10 +0100] GET /api/am/devportal/v3/applications/1ced8c6f-19af-45ac-8773-ee11ac0d11c7 HTTP/1.1 200 490 https://localhost:9443/devportal/apis/c6b17439-fa73-4d33-a618-bf5b18176cd8/test Mozilla/5.0 (Windows NT 10.0; Win64; x64) AppleWebKit/537.36 (KHTML, like Gecko) Chrome/114.0.0.0 Safari/537.36 0.008
127.0.0.1 - - [18/Jun/2023:16:45:10 +0100] GET /keymanager-operations/dcr/register/N3VqNDVWeW96NUpjek1JT1dzMDFYRXNBTnpJYQ%3D%3D HTTP/1.1 200 518 - Apache-HttpClient/4.5.13 (Java/17.0.6) 0.002
127.0.0.1 - - [18/Jun/2023:16:45:10 +0100] GET /keymanager-operations/dcr/register/R1cwOWxVbHVSNFVqbkJBRVJjVmVIck03SEc0YQ%3D%3D HTTP/1.1 200 515 - Apache-HttpClient/4.5.13 (Java/17.0.6) 0.001
0:0:0:0:0:0:0:1 - - [18/Jun/2023:16:45:10 +0100] GET /api/am/devportal/v3/applications/1ced8c6f-19af-45ac-8773-ee11ac0d11c7/oauth-keys HTTP/1.1 200 541 https://localhost:9443/devportal/apis/c6b17439-fa73-4d33-a618-bf5b18176cd8/test Mozilla/5.0 (Windows NT 10.0; Win64; x64) AppleWebKit/537.36 (KHTML, like Gecko) Chrome/114.0.0.0 Safari/537.36 0.007
0:0:0:0:0:0:0:1 - - [18/Jun/2023:16:45:10 +0100] GET /api/am/devportal/v3/swagger.yaml HTTP/1.1 200 26878 https://localhost:9443/devportal/apis/c6b17439-fa73-4d33-a618-bf5b18176cd8/test Mozilla/5.0 (Windows NT 10.0; Win64; x64) AppleWebKit/537.36 (KHTML, like Gecko) Chrome/114.0.0.0 Safari/537.36 0.008
0:0:0:0:0:0:0:1 - - [18/Jun/2023:16:45:10 +0100] GET /api/am/devportal/v3/swagger.yaml HTTP/1.1 200 26878 https://localhost:9443/devportal/apis/c6b17439-fa73-4d33-a618-bf5b18176cd8/test Mozilla/5.0 (Windows NT 10.0; Win64; x64) AppleWebKit/537.36 (KHTML, like Gecko) Chrome/114.0.0.0 Safari/537.36 0.005
127.0.0.1 - - [18/Jun/2023:16:45:10 +0100] GET /keymanager-operations/dcr/register/R1cwOWxVbHVSNFVqbkJBRVJjVmVIck03SEc0YQ%3D%3D HTTP/1.1 200 515 - Apache-HttpClient/4.5.13 (Java/17.0.6) 0.002
127.0.0.1 - - [18/Jun/2023:16:45:10 +0100] GET /keymanager-operations/dcr/register/N3VqNDVWeW96NUpjek1JT1dzMDFYRXNBTnpJYQ%3D%3D HTTP/1.1 200 518 - Apache-HttpClient/4.5.13 (Java/17.0.6) 0.002
0:0:0:0:0:0:0:1 - - [18/Jun/2023:16:45:10 +0100] GET /api/am/devportal/v3/applications/1ced8c6f-19af-45ac-8773-ee11ac0d11c7 HTTP/1.1 200 490 https://localhost:9443/devportal/apis/c6b17439-fa73-4d33-a618-bf5b18176cd8/test Mozilla/5.0 (Windows NT 10.0; Win64; x64) AppleWebKit/537.36 (KHTML, like Gecko) Chrome/114.0.0.0 Safari/537.36 0.013
127.0.0.1 - - [18/Jun/2023:16:45:10 +0100] GET /keymanager-operations/dcr/register/R1cwOWxVbHVSNFVqbkJBRVJjVmVIck03SEc0YQ%3D%3D HTTP/1.1 200 515 - Apache-HttpClient/4.5.13 (Java/17.0.6) 0.003
127.0.0.1 - - [18/Jun/2023:16:45:10 +0100] GET /keymanager-operations/dcr/register/N3VqNDVWeW96NUpjek1JT1dzMDFYRXNBTnpJYQ%3D%3D HTTP/1.1 200 518 - Apache-HttpClient/4.5.13 (Java/17.0.6) 0.002
0:0:0:0:0:0:0:1 - - [18/Jun/2023:16:45:10 +0100] GET /api/am/devportal/v3/applications/1ced8c6f-19af-45ac-8773-ee11ac0d11c7 HTTP/1.1 200 490 https://localhost:9443/devportal/apis/c6b17439-fa73-4d33-a618-bf5b18176cd8/test Mozilla/5.0 (Windows NT 10.0; Win64; x64) AppleWebKit/537.36 (KHTML, like Gecko) Chrome/114.0.0.0 Safari/537.36 0.019
127.0.0.1 - - [18/Jun/2023:16:45:10 +0100] GET /keymanager-operations/dcr/register/N3VqNDVWeW96NUpjek1JT1dzMDFYRXNBTnpJYQ%3D%3D HTTP/1.1 200 518 - Apache-HttpClient/4.5.13 (Java/17.0.6) 0.001
127.0.0.1 - - [18/Jun/2023:16:45:10 +0100] GET /keymanager-operations/dcr/register/R1cwOWxVbHVSNFVqbkJBRVJjVmVIck03SEc0YQ%3D%3D HTTP/1.1 200 515 - Apache-HttpClient/4.5.13 (Java/17.0.6) 0.001
0:0:0:0:0:0:0:1 - - [18/Jun/2023:16:45:10 +0100] GET /api/am/devportal/v3/applications/1ced8c6f-19af-45ac-8773-ee11ac0d11c7/oauth-keys HTTP/1.1 200 541 https://localhost:9443/devportal/apis/c6b17439-fa73-4d33-a618-bf5b18176cd8/test Mozilla/5.0 (Windows NT 10.0; Win64; x64) AppleWebKit/537.36 (KHTML, like Gecko) Chrome/114.0.0.0 Safari/537.36 0.010
127.0.0.1 - - [18/Jun/2023:16:45:10 +0100] GET /keymanager-operations/dcr/register/N3VqNDVWeW96NUpjek1JT1dzMDFYRXNBTnpJYQ%3D%3D HTTP/1.1 200 518 - Apache-HttpClient/4.5.13 (Java/17.0.6) 0.002
127.0.0.1 - - [18/Jun/2023:16:45:10 +0100] GET /keymanager-operations/dcr/register/R1cwOWxVbHVSNFVqbkJBRVJjVmVIck03SEc0YQ%3D%3D HTTP/1.1 200 515 - Apache-HttpClient/4.5.13 (Java/17.0.6) 0.002
0:0:0:0:0:0:0:1 - - [18/Jun/2023:16:45:10 +0100] GET /api/am/devportal/v3/applications/1ced8c6f-19af-45ac-8773-ee11ac0d11c7/oauth-keys HTTP/1.1 200 541 https://localhost:9443/devportal/apis/c6b17439-fa73-4d33-a618-bf5b18176cd8/test Mozilla/5.0 (Windows NT 10.0; Win64; x64) AppleWebKit/537.36 (KHTML, like Gecko) Chrome/114.0.0.0 Safari/537.36 0.008
0:0:0:0:0:0:0:1 - - [18/Jun/2023:16:45:10 +0100] GET /devportal/apis/c6b17439-fa73-4d33-a618-bf5b18176cd8/test HTTP/1.1 200 1691 https://localhost:9443/devportal/apis Mozilla/5.0 (Windows NT 10.0; Win64; x64) AppleWebKit/537.36 (KHTML, like Gecko) Chrome/114.0.0.0 Safari/537.36 0.013
0:0:0:0:0:0:0:1 - - [18/Jun/2023:16:45:10 +0100] GET /devportal/site/public/css/main.css HTTP/1.1 200 2092 https://localhost:9443/devportal/apis/c6b17439-fa73-4d33-a618-bf5b18176cd8/test Mozilla/5.0 (Windows NT 10.0; Win64; x64) AppleWebKit/537.36 (KHTML, like Gecko) Chrome/114.0.0.0 Safari/537.36 0.003
0:0:0:0:0:0:0:1 - - [18/Jun/2023:16:45:10 +0100] - 400 - - - 0.000
0:0:0:0:0:0:0:1 - - [18/Jun/2023:16:45:10 +0100] - 400 - - - 0.000
0:0:0:0:0:0:0:1 - - [18/Jun/2023:16:45:10 +0100] - 400 - - - 0.000
0:0:0:0:0:0:0:1 - - [18/Jun/2023:16:45:10 +0100] GET /devportal/site/public/css/overrides.css HTTP/1.1 200 - https://localhost:9443/devportal/apis/c6b17439-fa73-4d33-a618-bf5b18176cd8/test Mozilla/5.0 (Windows NT 10.0; Win64; x64) AppleWebKit/537.36 (KHTML, like Gecko) Chrome/114.0.0.0 Safari/537.36 0.002
0:0:0:0:0:0:0:1 - - [18/Jun/2023:16:45:10 +0100] GET /devportal/services/settings/settings.js HTTP/1.1 200 1474 https://localhost:9443/devportal/apis/c6b17439-fa73-4d33-a618-bf5b18176cd8/test Mozilla/5.0 (Windows NT 10.0; Win64; x64) AppleWebKit/537.36 (KHTML, like Gecko) Chrome/114.0.0.0 Safari/537.36 0.005
0:0:0:0:0:0:0:1 - - [18/Jun/2023:16:45:10 +0100] GET /devportal/site/public/theme/userTheme.js HTTP/1.1 200 96 https://localhost:9443/devportal/apis/c6b17439-fa73-4d33-a618-bf5b18176cd8/test Mozilla/5.0 (Windows NT 10.0; Win64; x64) AppleWebKit/537.36 (KHTML, like Gecko) Chrome/114.0.0.0 Safari/537.36 0.006
0:0:0:0:0:0:0:1 - - [18/Jun/2023:16:45:10 +0100] GET /devportal/site/public/fonts/iconfont/material-icons.css HTTP/1.1 200 970 https://localhost:9443/devportal/apis/c6b17439-fa73-4d33-a618-bf5b18176cd8/test Mozilla/5.0 (Windows NT 10.0; Win64; x64) AppleWebKit/537.36 (KHTML, like Gecko) Chrome/114.0.0.0 Safari/537.36 0.003
0:0:0:0:0:0:0:1 - - [18/Jun/2023:16:45:10 +0100] GET /devportal/site/public/fonts/iconfont/MaterialIcons.js HTTP/1.1 200 6703 https://localhost:9443/devportal/apis/c6b17439-fa73-4d33-a618-bf5b18176cd8/test Mozilla/5.0 (Windows NT 10.0; Win64; x64) AppleWebKit/537.36 (KHTML, like Gecko) Chrome/114.0.0.0 Safari/537.36 0.003
0:0:0:0:0:0:0:1 - - [18/Jun/2023:16:45:10 +0100] GET /devportal/site/public/dist/index.e79b6b708401484695fc.bundle.js HTTP/1.1 200 271108 https://localhost:9443/devportal/apis/c6b17439-fa73-4d33-a618-bf5b18176cd8/test Mozilla/5.0 (Windows NT 10.0; Win64; x64) AppleWebKit/537.36 (KHTML, like Gecko) Chrome/114.0.0.0 Safari/537.36 0.033
0:0:0:0:0:0:0:1 - - [18/Jun/2023:16:45:10 +0100] GET /devportal/site/public/locales/en.json HTTP/1.1 200 57092 https://localhost:9443/devportal/apis/c6b17439-fa73-4d33-a618-bf5b18176cd8/test Mozilla/5.0 (Windows NT 10.0; Win64; x64) AppleWebKit/537.36 (KHTML, like Gecko) Chrome/114.0.0.0 Safari/537.36 0.003
0:0:0:0:0:0:0:1 - - [18/Jun/2023:16:45:10 +0100] GET /api/am/devportal/v3/swagger.yaml HTTP/1.1 200 26878 https://localhost:9443/devportal/apis/c6b17439-fa73-4d33-a618-bf5b18176cd8/test Mozilla/5.0 (Windows NT 10.0; Win64; x64) AppleWebKit/537.36 (KHTML, like Gecko) Chrome/114.0.0.0 Safari/537.36 0.006
0:0:0:0:0:0:0:1 - - [18/Jun/2023:16:45:11 +0100] GET /devportal/site/public/images/_favicon.ico HTTP/1.1 200 1150 https://localhost:9443/devportal/apis/c6b17439-fa73-4d33-a618-bf5b18176cd8/test Mozilla/5.0 (Windows NT 10.0; Win64; x64) AppleWebKit/537.36 (KHTML, like Gecko) Chrome/114.0.0.0 Safari/537.36 0.001
0:0:0:0:0:0:0:1 - - [18/Jun/2023:16:45:11 +0100] GET /devportal/site/public/images/favicon.ico HTTP/1.1 200 162098 https://localhost:9443/devportal/apis/c6b17439-fa73-4d33-a618-bf5b18176cd8/test Mozilla/5.0 (Windows NT 10.0; Win64; x64) AppleWebKit/537.36 (KHTML, like Gecko) Chrome/114.0.0.0 Safari/537.36 0.003
0:0:0:0:0:0:0:1 - - [18/Jun/2023:16:45:11 +0100] GET /api/am/devportal/v3/settings HTTP/1.1 200 915 https://localhost:9443/devportal/apis/c6b17439-fa73-4d33-a618-bf5b18176cd8/test Mozilla/5.0 (Windows NT 10.0; Win64; x64) AppleWebKit/537.36 (KHTML, like Gecko) Chrome/114.0.0.0 Safari/537.36 0.120
0:0:0:0:0:0:0:1 - - [18/Jun/2023:16:45:11 +0100] GET /devportal/site/public/dist/ProtectedApp.42893a52cd015332b409.bundle.js HTTP/1.1 200 70963 https://localhost:9443/devportal/apis/c6b17439-fa73-4d33-a618-bf5b18176cd8/test Mozilla/5.0 (Windows NT 10.0; Win64; x64) AppleWebKit/537.36 (KHTML, like Gecko) Chrome/114.0.0.0 Safari/537.36 0.009
0:0:0:0:0:0:0:1 - - [18/Jun/2023:16:45:11 +0100] GET /devportal/site/public/dist/vendors~ProtectedApp.018eeb6bd33ca37011cd.bundle.js HTTP/1.1 200 126488 https://localhost:9443/devportal/apis/c6b17439-fa73-4d33-a618-bf5b18176cd8/test Mozilla/5.0 (Windows NT 10.0; Win64; x64) AppleWebKit/537.36 (KHTML, like Gecko) Chrome/114.0.0.0 Safari/537.36 0.019
0:0:0:0:0:0:0:1 - - [18/Jun/2023:16:45:11 +0100] GET /devportal/site/public/theme/temporary_environments_config.json HTTP/1.1 200 - https://localhost:9443/devportal/apis/c6b17439-fa73-4d33-a618-bf5b18176cd8/test Mozilla/5.0 (Windows NT 10.0; Win64; x64) AppleWebKit/537.36 (KHTML, like Gecko) Chrome/114.0.0.0 Safari/537.36 0.002
0:0:0:0:0:0:0:1 - - [18/Jun/2023:16:45:11 +0100] GET /devportal/site/public/theme/temporary_features_config.json HTTP/1.1 200 - https://localhost:9443/devportal/apis/c6b17439-fa73-4d33-a618-bf5b18176cd8/test Mozilla/5.0 (Windows NT 10.0; Win64; x64) AppleWebKit/537.36 (KHTML, like Gecko) Chrome/114.0.0.0 Safari/537.36 0.002
0:0:0:0:0:0:0:1 - - [18/Jun/2023:16:45:11 +0100] GET /api/am/devportal/v3/tenants?state=active HTTP/1.1 200 96 https://localhost:9443/devportal/apis/c6b17439-fa73-4d33-a618-bf5b18176cd8/test Mozilla/5.0 (Windows NT 10.0; Win64; x64) AppleWebKit/537.36 (KHTML, like Gecko) Chrome/114.0.0.0 Safari/537.36 0.002
0:0:0:0:0:0:0:1 - - [18/Jun/2023:16:45:11 +0100] GET /devportal/site/public/dist/vendors~ApiListing~Apis~ApplicationDetails.720bc2e40480316deaca.bundle.js HTTP/1.1 200 3839 https://localhost:9443/devportal/apis/c6b17439-fa73-4d33-a618-bf5b18176cd8/test Mozilla/5.0 (Windows NT 10.0; Win64; x64) AppleWebKit/537.36 (KHTML, like Gecko) Chrome/114.0.0.0 Safari/537.36 0.002
0:0:0:0:0:0:0:1 - - [18/Jun/2023:16:45:11 +0100] GET /devportal/site/public/dist/vendors~Apis~Landing.e9d0b010bafc4e7686f8.bundle.js HTTP/1.1 200 4090 https://localhost:9443/devportal/apis/c6b17439-fa73-4d33-a618-bf5b18176cd8/test Mozilla/5.0 (Windows NT 10.0; Win64; x64) AppleWebKit/537.36 (KHTML, like Gecko) Chrome/114.0.0.0 Safari/537.36 0.002
0:0:0:0:0:0:0:1 - - [18/Jun/2023:16:45:11 +0100] GET /devportal/site/public/dist/Apis~Landing.44f03df4105c342867a1.bundle.js HTTP/1.1 200 6722 https://localhost:9443/devportal/apis/c6b17439-fa73-4d33-a618-bf5b18176cd8/test Mozilla/5.0 (Windows NT 10.0; Win64; x64) AppleWebKit/537.36 (KHTML, like Gecko) Chrome/114.0.0.0 Safari/537.36 0.003
0:0:0:0:0:0:0:1 - - [18/Jun/2023:16:45:11 +0100] GET /devportal/site/public/dist/Apis.800351a0eb878c789ea9.bundle.js HTTP/1.1 200 25570 https://localhost:9443/devportal/apis/c6b17439-fa73-4d33-a618-bf5b18176cd8/test Mozilla/5.0 (Windows NT 10.0; Win64; x64) AppleWebKit/537.36 (KHTML, like Gecko) Chrome/114.0.0.0 Safari/537.36 0.006
0:0:0:0:0:0:0:1 - - [18/Jun/2023:16:45:11 +0100] GET /oidc/checksession?client_id=on910Eic3ALVOI0ssrp4olzhtsAa&redirect_uri=https://localhost:9443/devportal/services/auth/callback/login HTTP/1.1 200 3134 https://localhost:9443/devportal/apis/c6b17439-fa73-4d33-a618-bf5b18176cd8/test Mozilla/5.0 (Windows NT 10.0; Win64; x64) AppleWebKit/537.36 (KHTML, like Gecko) Chrome/114.0.0.0 Safari/537.36 0.005
0:0:0:0:0:0:0:1 - - [18/Jun/2023:16:45:11 +0100] GET /devportal/site/public/images/logo.svg HTTP/1.1 200 74991 https://localhost:9443/devportal/apis/c6b17439-fa73-4d33-a618-bf5b18176cd8/test Mozilla/5.0 (Windows NT 10.0; Win64; x64) AppleWebKit/537.36 (KHTML, like Gecko) Chrome/114.0.0.0 Safari/537.36 0.002
0:0:0:0:0:0:0:1 - - [18/Jun/2023:16:45:11 +0100] GET /devportal HTTP/1.1 302 - https://localhost:9443/devportal/apis/c6b17439-fa73-4d33-a618-bf5b18176cd8/test Mozilla/5.0 (Windows NT 10.0; Win64; x64) AppleWebKit/537.36 (KHTML, like Gecko) Chrome/114.0.0.0 Safari/537.36 0.000
0:0:0:0:0:0:0:1 - - [18/Jun/2023:16:45:11 +0100] GET /devportal/site/public/dist/vendors~Apis.3a6169883ec8c6c5366d.bundle.js HTTP/1.1 200 87282 https://localhost:9443/devportal/apis/c6b17439-fa73-4d33-a618-bf5b18176cd8/test Mozilla/5.0 (Windows NT 10.0; Win64; x64) AppleWebKit/537.36 (KHTML, like Gecko) Chrome/114.0.0.0 Safari/537.36 0.014
0:0:0:0:0:0:0:1 - - [18/Jun/2023:16:45:11 +0100] GET /devportal/site/public/images/appbarBack.png HTTP/1.1 200 1964 https://localhost:9443/devportal/apis/c6b17439-fa73-4d33-a618-bf5b18176cd8/test Mozilla/5.0 (Windows NT 10.0; Win64; x64) AppleWebKit/537.36 (KHTML, like Gecko) Chrome/114.0.0.0 Safari/537.36 0.002
0:0:0:0:0:0:0:1 - - [18/Jun/2023:16:45:11 +0100] GET /devportal/site/public/fonts/Open_Sans/mem8YaGs126MiZpBA-UFVZ0bf8pkAg.woff2 HTTP/1.1 200 8892 https://localhost:9443/devportal/site/public/css/main.css Mozilla/5.0 (Windows NT 10.0; Win64; x64) AppleWebKit/537.36 (KHTML, like Gecko) Chrome/114.0.0.0 Safari/537.36 0.002
0:0:0:0:0:0:0:1 - - [18/Jun/2023:16:45:11 +0100] GET /devportal/site/public/fonts/iconfont/MaterialIcons-Regular.woff2 HTTP/1.1 200 60840 https://localhost:9443/devportal/site/public/fonts/iconfont/material-icons.css Mozilla/5.0 (Windows NT 10.0; Win64; x64) AppleWebKit/537.36 (KHTML, like Gecko) Chrome/114.0.0.0 Safari/537.36 0.003
0:0:0:0:0:0:0:1 - - [18/Jun/2023:16:45:11 +0100] GET /devportal/site/public/fonts/Open_Sans/mem5YaGs126MiZpBA-UN7rgOUuhpKKSTjw.woff2 HTTP/1.1 200 8800 https://localhost:9443/devportal/site/public/css/main.css Mozilla/5.0 (Windows NT 10.0; Win64; x64) AppleWebKit/537.36 (KHTML, like Gecko) Chrome/114.0.0.0 Safari/537.36 0.003
0:0:0:0:0:0:0:1 - - [18/Jun/2023:16:45:11 +0100] GET /devportal/ HTTP/1.1 200 1691 https://localhost:9443/devportal/apis/c6b17439-fa73-4d33-a618-bf5b18176cd8/test Mozilla/5.0 (Windows NT 10.0; Win64; x64) AppleWebKit/537.36 (KHTML, like Gecko) Chrome/114.0.0.0 Safari/537.36 0.003
0:0:0:0:0:0:0:1 - - [18/Jun/2023:16:45:11 +0100] GET /api/am/devportal/v3/applications?limit=5000 HTTP/1.1 200 493 https://localhost:9443/devportal/apis/c6b17439-fa73-4d33-a618-bf5b18176cd8/test Mozilla/5.0 (Windows NT 10.0; Win64; x64) AppleWebKit/537.36 (KHTML, like Gecko) Chrome/114.0.0.0 Safari/537.36 0.017
127.0.0.1 - - [18/Jun/2023:16:45:11 +0100] GET /keymanager-operations/dcr/register/R1cwOWxVbHVSNFVqbkJBRVJjVmVIck03SEc0YQ%3D%3D HTTP/1.1 200 515 - Apache-HttpClient/4.5.13 (Java/17.0.6) 0.002
0:0:0:0:0:0:0:1 - - [18/Jun/2023:16:45:11 +0100] GET /api/am/devportal/v3/apis/c6b17439-fa73-4d33-a618-bf5b18176cd8 HTTP/1.1 200 1718 https://localhost:9443/devportal/apis/c6b17439-fa73-4d33-a618-bf5b18176cd8/test Mozilla/5.0 (Windows NT 10.0; Win64; x64) AppleWebKit/537.36 (KHTML, like Gecko) Chrome/114.0.0.0 Safari/537.36 0.024
127.0.0.1 - - [18/Jun/2023:16:45:11 +0100] GET /keymanager-operations/dcr/register/N3VqNDVWeW96NUpjek1JT1dzMDFYRXNBTnpJYQ%3D%3D HTTP/1.1 200 518 - Apache-HttpClient/4.5.13 (Java/17.0.6) 0.002
127.0.0.1 - - [18/Jun/2023:16:45:11 +0100] GET /keymanager-operations/dcr/register/N3VqNDVWeW96NUpjek1JT1dzMDFYRXNBTnpJYQ%3D%3D HTTP/1.1 200 518 - Apache-HttpClient/4.5.13 (Java/17.0.6) 0.001
127.0.0.1 - - [18/Jun/2023:16:45:11 +0100] GET /keymanager-operations/dcr/register/R1cwOWxVbHVSNFVqbkJBRVJjVmVIck03SEc0YQ%3D%3D HTTP/1.1 200 515 - Apache-HttpClient/4.5.13 (Java/17.0.6) 0.002
0:0:0:0:0:0:0:1 - - [18/Jun/2023:16:45:11 +0100] GET /api/am/devportal/v3/subscriptions?apiId=c6b17439-fa73-4d33-a618-bf5b18176cd8&limit=5000 HTTP/1.1 200 715 https://localhost:9443/devportal/apis/c6b17439-fa73-4d33-a618-bf5b18176cd8/test Mozilla/5.0 (Windows NT 10.0; Win64; x64) AppleWebKit/537.36 (KHTML, like Gecko) Chrome/114.0.0.0 Safari/537.36 0.033
0:0:0:0:0:0:0:1 - - [18/Jun/2023:16:45:11 +0100] GET /api/am/devportal/v3/subscriptions?apiId=c6b17439-fa73-4d33-a618-bf5b18176cd8&limit=25 HTTP/1.1 200 714 https://localhost:9443/devportal/apis/c6b17439-fa73-4d33-a618-bf5b18176cd8/test Mozilla/5.0 (Windows NT 10.0; Win64; x64) AppleWebKit/537.36 (KHTML, like Gecko) Chrome/114.0.0.0 Safari/537.36 0.034
0:0:0:0:0:0:0:1 - - [18/Jun/2023:16:45:11 +0100] GET /devportal/site/public/images/leftMenuBack.png HTTP/1.1 200 5308 https://localhost:9443/devportal/apis/c6b17439-fa73-4d33-a618-bf5b18176cd8/test Mozilla/5.0 (Windows NT 10.0; Win64; x64) AppleWebKit/537.36 (KHTML, like Gecko) Chrome/114.0.0.0 Safari/537.36 0.002
0:0:0:0:0:0:0:1 - - [18/Jun/2023:16:45:11 +0100] GET /devportal/site/public/dist/vendors~APIConsole~APIDocuments~ApplicationDetails.632f7f3618b917dd72cb.bundle.js HTTP/1.1 200 25476 https://localhost:9443/devportal/apis/c6b17439-fa73-4d33-a618-bf5b18176cd8/test Mozilla/5.0 (Windows NT 10.0; Win64; x64) AppleWebKit/537.36 (KHTML, like Gecko) Chrome/114.0.0.0 Safari/537.36 0.006
0:0:0:0:0:0:0:1 - - [18/Jun/2023:16:45:11 +0100] GET /devportal/site/public/dist/vendors~APIConsole~GraphQLConsole.fdedfa5fe9df001a3725.bundle.js HTTP/1.1 200 55674 https://localhost:9443/devportal/apis/c6b17439-fa73-4d33-a618-bf5b18176cd8/test Mozilla/5.0 (Windows NT 10.0; Win64; x64) AppleWebKit/537.36 (KHTML, like Gecko) Chrome/114.0.0.0 Safari/537.36 0.010
