0:0:0:0:0:0:0:1 - - [09/Jun/2023:10:35:12 +0100] GET /devportal/site/public/dist/7.78efb95d9f7afcfbb567.bundle.js HTTP/1.1 200 42986 https://localhost:9443/devportal/apis/d02418ae-ab94-438a-87c1-83b37ef15067/credentials Mozilla/5.0 (Windows NT 10.0; Win64; x64) AppleWebKit/537.36 (KHTML, like Gecko) Chrome/114.0.0.0 Safari/537.36 0.009
0:0:0:0:0:0:0:1 - - [09/Jun/2023:10:35:12 +0100] GET /devportal/site/public/images/_favicon.ico HTTP/1.1 200 1150 https://localhost:9443/devportal/apis/d02418ae-ab94-438a-87c1-83b37ef15067/credentials Mozilla/5.0 (Windows NT 10.0; Win64; x64) AppleWebKit/537.36 (KHTML, like Gecko) Chrome/114.0.0.0 Safari/537.36 0.001
127.0.0.1 - - [09/Jun/2023:10:35:31 +0100] GET /api/am/publisher/v4/settings HTTP/1.1 200 1457 - Java-http-client/17.0.6 0.220
127.0.0.1 - - [09/Jun/2023:10:35:31 +0100] GET /api/am/service-catalog/v1/settings HTTP/1.1 200 102 - Java-http-client/17.0.6 0.019
0:0:0:0:0:0:0:1 - - [09/Jun/2023:10:35:31 +0100] GET /publisher/services/auth/login?not-Login HTTP/1.1 302 - https://localhost:9443/publisher/apis/d02418ae-ab94-438a-87c1-83b37ef15067/overview Mozilla/5.0 (Windows NT 10.0; Win64; x64) AppleWebKit/537.36 (KHTML, like Gecko) Chrome/114.0.0.0 Safari/537.36 0.256
0:0:0:0:0:0:0:1 - - [09/Jun/2023:10:35:31 +0100] GET /oauth2/authorize?response_type=code&client_id=bcnL5Jqa63Z3eEnQ8WMegfk9rKsa&scope=apim:admin%20apim:api_create%20apim:api_definition_view%20apim:api_delete%20apim:api_generate_key%20apim:api_import_export%20apim:api_list_view%20apim:api_manage%20apim:api_mediation_policy_manage%20apim:api_product_import_export%20apim:api_publish%20apim:api_view%20apim:app_import_export%20apim:client_certificates_add%20apim:client_certificates_manage%20apim:client_certificates_update%20apim:client_certificates_view%20apim:comment_manage%20apim:comment_view%20apim:comment_write%20apim:common_operation_policy_manage%20apim:common_operation_policy_view%20apim:document_create%20apim:document_manage%20apim:ep_certificates_add%20apim:ep_certificates_manage%20apim:ep_certificates_update%20apim:ep_certificates_view%20apim:mediation_policy_create%20apim:mediation_policy_manage%20apim:mediation_policy_view%20apim:policies_import_export%20apim:pub_alert_manage%20apim:publisher_settings%20apim:shared_scope_manage%20apim:subscription_block%20apim:subscription_manage%20apim:subscription_view%20apim:threat_protection_policy_create%20apim:threat_protection_policy_manage%20apim:tier_manage%20apim:tier_view%20openid%20apim:api_view%20service_catalog:service_view%20service_catalog:service_write&state=%2Fapis%2Fd02418ae-ab94-438a-87c1-83b37ef15067%2Foverview&redirect_uri=https://localhost:9443/publisher/services/auth/callback/login&prompt=none HTTP/1.1 302 - https://localhost:9443/publisher/apis/d02418ae-ab94-438a-87c1-83b37ef15067/overview Mozilla/5.0 (Windows NT 10.0; Win64; x64) AppleWebKit/537.36 (KHTML, like Gecko) Chrome/114.0.0.0 Safari/537.36 0.014
127.0.0.1 - - [09/Jun/2023:10:35:31 +0100] POST /oauth2/token HTTP/1.1 200 2432 - Java-http-client/17.0.6 0.009
0:0:0:0:0:0:0:1 - - [09/Jun/2023:10:35:31 +0100] GET /publisher/services/auth/callback/login?code=e457c5d6-33c3-389d-9ec7-ef06d28cda4c&state=%2Fapis%2Fd02418ae-ab94-438a-87c1-83b37ef15067%2Foverview&session_state=c0b25411c8ea79e6cca8961f7c0c9dc2fe0e7f66ca9d4d53cd5fe2e7134607f0.IOz1QfoB6Dl4IVffzoAlAQ HTTP/1.1 302 - https://localhost:9443/publisher/apis/d02418ae-ab94-438a-87c1-83b37ef15067/overview Mozilla/5.0 (Windows NT 10.0; Win64; x64) AppleWebKit/537.36 (KHTML, like Gecko) Chrome/114.0.0.0 Safari/537.36 0.020
0:0:0:0:0:0:0:1 - - [09/Jun/2023:10:35:31 +0100] GET /publisher/apis/d02418ae-ab94-438a-87c1-83b37ef15067/overview HTTP/1.1 200 1713 https://localhost:9443/publisher/apis/d02418ae-ab94-438a-87c1-83b37ef15067/overview Mozilla/5.0 (Windows NT 10.0; Win64; x64) AppleWebKit/537.36 (KHTML, like Gecko) Chrome/114.0.0.0 Safari/537.36 0.004
0:0:0:0:0:0:0:1 - - [09/Jun/2023:10:35:31 +0100] GET /publisher/site/public/css/main.css HTTP/1.1 200 2075 https://localhost:9443/publisher/apis/d02418ae-ab94-438a-87c1-83b37ef15067/overview Mozilla/5.0 (Windows NT 10.0; Win64; x64) AppleWebKit/537.36 (KHTML, like Gecko) Chrome/114.0.0.0 Safari/537.36 0.002
0:0:0:0:0:0:0:1 - - [09/Jun/2023:10:35:31 +0100] GET /publisher/site/public/css/draftjs.css HTTP/1.1 200 2643 https://localhost:9443/publisher/apis/d02418ae-ab94-438a-87c1-83b37ef15067/overview Mozilla/5.0 (Windows NT 10.0; Win64; x64) AppleWebKit/537.36 (KHTML, like Gecko) Chrome/114.0.0.0 Safari/537.36 0.002
0:0:0:0:0:0:0:1 - - [09/Jun/2023:10:35:31 +0100] GET /publisher/site/public/conf/userThemes.js HTTP/1.1 200 939 https://localhost:9443/publisher/apis/d02418ae-ab94-438a-87c1-83b37ef15067/overview Mozilla/5.0 (Windows NT 10.0; Win64; x64) AppleWebKit/537.36 (KHTML, like Gecko) Chrome/114.0.0.0 Safari/537.36 0.002
0:0:0:0:0:0:0:1 - - [09/Jun/2023:10:35:31 +0100] GET /publisher/site/public/fonts/iconfont/MaterialIcons.js HTTP/1.1 200 6703 https://localhost:9443/publisher/apis/d02418ae-ab94-438a-87c1-83b37ef15067/overview Mozilla/5.0 (Windows NT 10.0; Win64; x64) AppleWebKit/537.36 (KHTML, like Gecko) Chrome/114.0.0.0 Safari/537.36 0.003
0:0:0:0:0:0:0:1 - - [09/Jun/2023:10:35:31 +0100] GET /publisher/site/public/fonts/iconfont/material-icons.css HTTP/1.1 200 970 https://localhost:9443/publisher/apis/d02418ae-ab94-438a-87c1-83b37ef15067/overview Mozilla/5.0 (Windows NT 10.0; Win64; x64) AppleWebKit/537.36 (KHTML, like Gecko) Chrome/114.0.0.0 Safari/537.36 0.002
0:0:0:0:0:0:0:1 - - [09/Jun/2023:10:35:31 +0100] GET /publisher/site/public/conf/portalSettings.js HTTP/1.1 200 705 https://localhost:9443/publisher/apis/d02418ae-ab94-438a-87c1-83b37ef15067/overview Mozilla/5.0 (Windows NT 10.0; Win64; x64) AppleWebKit/537.36 (KHTML, like Gecko) Chrome/114.0.0.0 Safari/537.36 0.004
0:0:0:0:0:0:0:1 - - [09/Jun/2023:10:35:31 +0100] GET /publisher/services/settings/settings.js HTTP/1.1 200 1214 https://localhost:9443/publisher/apis/d02418ae-ab94-438a-87c1-83b37ef15067/overview Mozilla/5.0 (Windows NT 10.0; Win64; x64) AppleWebKit/537.36 (KHTML, like Gecko) Chrome/114.0.0.0 Safari/537.36 0.004
0:0:0:0:0:0:0:1 - - [09/Jun/2023:10:35:31 +0100] GET /publisher/site/public/dist/index.ebdd6f43ad27f9232620.bundle.js HTTP/1.1 200 201039 https://localhost:9443/publisher/apis/d02418ae-ab94-438a-87c1-83b37ef15067/overview Mozilla/5.0 (Windows NT 10.0; Win64; x64) AppleWebKit/537.36 (KHTML, like Gecko) Chrome/114.0.0.0 Safari/537.36 0.026
0:0:0:0:0:0:0:1 - - [09/Jun/2023:10:35:31 +0100] GET /oidc/checksession?client_id=bcnL5Jqa63Z3eEnQ8WMegfk9rKsa&redirect_uri=https://localhost:9443/publisher/services/auth/callback/login HTTP/1.1 200 3134 https://localhost:9443/publisher/apis/d02418ae-ab94-438a-87c1-83b37ef15067/overview Mozilla/5.0 (Windows NT 10.0; Win64; x64) AppleWebKit/537.36 (KHTML, like Gecko) Chrome/114.0.0.0 Safari/537.36 0.002
0:0:0:0:0:0:0:1 - - [09/Jun/2023:10:35:31 +0100] GET /publisher/site/public/fonts/Open_Sans/mem8YaGs126MiZpBA-UFVZ0bf8pkAg.woff2 HTTP/1.1 200 8892 https://localhost:9443/publisher/site/public/css/main.css Mozilla/5.0 (Windows NT 10.0; Win64; x64) AppleWebKit/537.36 (KHTML, like Gecko) Chrome/114.0.0.0 Safari/537.36 0.003
0:0:0:0:0:0:0:1 - - [09/Jun/2023:10:35:31 +0100] GET /publisher/site/public/dist/ProtectedApps.ba650aa593e075176ba2.bundle.js HTTP/1.1 200 130807 https://localhost:9443/publisher/apis/d02418ae-ab94-438a-87c1-83b37ef15067/overview Mozilla/5.0 (Windows NT 10.0; Win64; x64) AppleWebKit/537.36 (KHTML, like Gecko) Chrome/114.0.0.0 Safari/537.36 0.014
0:0:0:0:0:0:0:1 - - [09/Jun/2023:10:35:31 +0100] GET /publisher/site/public/dist/vendors~ProtectedApps.d921a8dd5e6d05c832c1.bundle.js HTTP/1.1 200 354299 https://localhost:9443/publisher/apis/d02418ae-ab94-438a-87c1-83b37ef15067/overview Mozilla/5.0 (Windows NT 10.0; Win64; x64) AppleWebKit/537.36 (KHTML, like Gecko) Chrome/114.0.0.0 Safari/537.36 0.039
0:0:0:0:0:0:0:1 - - [09/Jun/2023:10:35:31 +0100] GET /publisher/site/public/dist/DeferredAPIs.425e55b4e7fd37d8ac00.bundle.js HTTP/1.1 200 35600 https://localhost:9443/publisher/apis/d02418ae-ab94-438a-87c1-83b37ef15067/overview Mozilla/5.0 (Windows NT 10.0; Win64; x64) AppleWebKit/537.36 (KHTML, like Gecko) Chrome/114.0.0.0 Safari/537.36 0.005
0:0:0:0:0:0:0:1 - - [09/Jun/2023:10:35:31 +0100] GET /publisher/site/public/images/logo.svg HTTP/1.1 200 18050 https://localhost:9443/publisher/apis/d02418ae-ab94-438a-87c1-83b37ef15067/overview Mozilla/5.0 (Windows NT 10.0; Win64; x64) AppleWebKit/537.36 (KHTML, like Gecko) Chrome/114.0.0.0 Safari/537.36 0.002
0:0:0:0:0:0:0:1 - - [09/Jun/2023:10:35:31 +0100] GET /publisher/site/public/fonts/iconfont/MaterialIcons-Regular.woff2 HTTP/1.1 200 60840 https://localhost:9443/publisher/site/public/fonts/iconfont/material-icons.css Mozilla/5.0 (Windows NT 10.0; Win64; x64) AppleWebKit/537.36 (KHTML, like Gecko) Chrome/114.0.0.0 Safari/537.36 0.002
0:0:0:0:0:0:0:1 - - [09/Jun/2023:10:35:31 +0100] GET /publisher/site/public/dist/APICreateRoutes.8b6d72f7c544eb8d0449.bundle.js HTTP/1.1 200 33869 https://localhost:9443/publisher/apis/d02418ae-ab94-438a-87c1-83b37ef15067/overview Mozilla/5.0 (Windows NT 10.0; Win64; x64) AppleWebKit/537.36 (KHTML, like Gecko) Chrome/114.0.0.0 Safari/537.36 0.007
0:0:0:0:0:0:0:1 - - [09/Jun/2023:10:35:31 +0100] GET /publisher/site/public/dist/vendors~APICreateRoutes~DeferredDetails.0ce2ce98475cbbfdf471.bundle.js HTTP/1.1 200 233218 https://localhost:9443/publisher/apis/d02418ae-ab94-438a-87c1-83b37ef15067/overview Mozilla/5.0 (Windows NT 10.0; Win64; x64) AppleWebKit/537.36 (KHTML, like Gecko) Chrome/114.0.0.0 Safari/537.36 0.049
0:0:0:0:0:0:0:1 - - [09/Jun/2023:10:35:31 +0100] GET /publisher/site/public/dist/vendors~APICreateRoutes~DeferredDetails.0ce2ce98475cbbfdf471.bundle.js HTTP/1.1 200 233218 https://localhost:9443/publisher/apis/d02418ae-ab94-438a-87c1-83b37ef15067/overview Mozilla/5.0 (Windows NT 10.0; Win64; x64) AppleWebKit/537.36 (KHTML, like Gecko) Chrome/114.0.0.0 Safari/537.36 0.045
0:0:0:0:0:0:0:1 - - [09/Jun/2023:10:35:31 +0100] GET /publisher/site/public/dist/vendors~DeferredDetails~ServiceOverviewSwaggerUI.3ea84b30051dfc22c735.bundle.js HTTP/1.1 200 291792 https://localhost:9443/publisher/apis/d02418ae-ab94-438a-87c1-83b37ef15067/overview Mozilla/5.0 (Windows NT 10.0; Win64; x64) AppleWebKit/537.36 (KHTML, like Gecko) Chrome/114.0.0.0 Safari/537.36 0.046
0:0:0:0:0:0:0:1 - - [09/Jun/2023:10:35:31 +0100] GET /publisher/site/public/dist/DeferredDetails.3ff6471ca073c3fae95c.bundle.js HTTP/1.1 200 362428 https://localhost:9443/publisher/apis/d02418ae-ab94-438a-87c1-83b37ef15067/overview Mozilla/5.0 (Windows NT 10.0; Win64; x64) AppleWebKit/537.36 (KHTML, like Gecko) Chrome/114.0.0.0 Safari/537.36 0.070
0:0:0:0:0:0:0:1 - - [09/Jun/2023:10:35:31 +0100] GET /publisher/site/public/dist/vendors~APIDefMonacoEditor~DeferredDetails.0410733b10571837e5bf.bundle.js HTTP/1.1 200 597949 https://localhost:9443/publisher/apis/d02418ae-ab94-438a-87c1-83b37ef15067/overview Mozilla/5.0 (Windows NT 10.0; Win64; x64) AppleWebKit/537.36 (KHTML, like Gecko) Chrome/114.0.0.0 Safari/537.36 0.097
0:0:0:0:0:0:0:1 - - [09/Jun/2023:10:35:31 +0100] GET /publisher/site/public/dist/vendors~DeferredDetails.d8226739a0c79035996f.bundle.js HTTP/1.1 200 816453 https://localhost:9443/publisher/apis/d02418ae-ab94-438a-87c1-83b37ef15067/overview Mozilla/5.0 (Windows NT 10.0; Win64; x64) AppleWebKit/537.36 (KHTML, like Gecko) Chrome/114.0.0.0 Safari/537.36 0.115
0:0:0:0:0:0:0:1 - - [09/Jun/2023:10:35:32 +0100] GET /api/am/publisher/v4/swagger.yaml HTTP/1.1 200 44514 https://localhost:9443/publisher/apis/d02418ae-ab94-438a-87c1-83b37ef15067/overview Mozilla/5.0 (Windows NT 10.0; Win64; x64) AppleWebKit/537.36 (KHTML, like Gecko) Chrome/114.0.0.0 Safari/537.36 0.010
0:0:0:0:0:0:0:1 - - [09/Jun/2023:10:35:32 +0100] GET /api/am/publisher/v4/tenants?state=active HTTP/1.1 200 96 https://localhost:9443/publisher/apis/d02418ae-ab94-438a-87c1-83b37ef15067/overview Mozilla/5.0 (Windows NT 10.0; Win64; x64) AppleWebKit/537.36 (KHTML, like Gecko) Chrome/114.0.0.0 Safari/537.36 0.004
0:0:0:0:0:0:0:1 - - [09/Jun/2023:10:35:32 +0100] GET /api/am/publisher/v4/apis/d02418ae-ab94-438a-87c1-83b37ef15067 HTTP/1.1 200 1572 https://localhost:9443/publisher/apis/d02418ae-ab94-438a-87c1-83b37ef15067/overview Mozilla/5.0 (Windows NT 10.0; Win64; x64) AppleWebKit/537.36 (KHTML, like Gecko) Chrome/114.0.0.0 Safari/537.36 0.024
0:0:0:0:0:0:0:1 - - [09/Jun/2023:10:35:32 +0100] GET /api/am/publisher/v4/settings HTTP/1.1 200 726 https://localhost:9443/publisher/apis/d02418ae-ab94-438a-87c1-83b37ef15067/overview Mozilla/5.0 (Windows NT 10.0; Win64; x64) AppleWebKit/537.36 (KHTML, like Gecko) Chrome/114.0.0.0 Safari/537.36 0.190
0:0:0:0:0:0:0:1 - - [09/Jun/2023:10:35:32 +0100] GET /api/am/publisher/v4/apis/d02418ae-ab94-438a-87c1-83b37ef15067/revisions HTTP/1.1 200 819 https://localhost:9443/publisher/apis/d02418ae-ab94-438a-87c1-83b37ef15067/overview Mozilla/5.0 (Windows NT 10.0; Win64; x64) AppleWebKit/537.36 (KHTML, like Gecko) Chrome/114.0.0.0 Safari/537.36 0.004
0:0:0:0:0:0:0:1 - - [09/Jun/2023:10:35:32 +0100] GET /api/am/publisher/v4/apis/d02418ae-ab94-438a-87c1-83b37ef15067/revisions?query=deployed%3Atrue HTTP/1.1 200 405 https://localhost:9443/publisher/apis/d02418ae-ab94-438a-87c1-83b37ef15067/overview Mozilla/5.0 (Windows NT 10.0; Win64; x64) AppleWebKit/537.36 (KHTML, like Gecko) Chrome/114.0.0.0 Safari/537.36 0.004
0:0:0:0:0:0:0:1 - - [09/Jun/2023:10:35:32 +0100] GET /api/am/publisher/v4/apis/d02418ae-ab94-438a-87c1-83b37ef15067/revisions?query=deployed%3Atrue HTTP/1.1 200 405 https://localhost:9443/publisher/apis/d02418ae-ab94-438a-87c1-83b37ef15067/overview Mozilla/5.0 (Windows NT 10.0; Win64; x64) AppleWebKit/537.36 (KHTML, like Gecko) Chrome/114.0.0.0 Safari/537.36 0.003
0:0:0:0:0:0:0:1 - - [09/Jun/2023:10:35:32 +0100] GET /api/am/publisher/v4/apis/d02418ae-ab94-438a-87c1-83b37ef15067/swagger HTTP/1.1 200 1121 https://localhost:9443/publisher/apis/d02418ae-ab94-438a-87c1-83b37ef15067/overview Mozilla/5.0 (Windows NT 10.0; Win64; x64) AppleWebKit/537.36 (KHTML, like Gecko) Chrome/114.0.0.0 Safari/537.36 0.013
0:0:0:0:0:0:0:1 - - [09/Jun/2023:10:35:33 +0100] GET /api/am/publisher/v4/apis/d02418ae-ab94-438a-87c1-83b37ef15067/revisions?query=deployed%3Atrue HTTP/1.1 200 405 https://localhost:9443/publisher/apis/d02418ae-ab94-438a-87c1-83b37ef15067/overview Mozilla/5.0 (Windows NT 10.0; Win64; x64) AppleWebKit/537.36 (KHTML, like Gecko) Chrome/114.0.0.0 Safari/537.36 0.004
0:0:0:0:0:0:0:1 - - [09/Jun/2023:10:35:33 +0100] GET /publisher/site/public/fonts/Open_Sans/mem5YaGs126MiZpBA-UN_r8OUuhpKKSTjw.woff2 HTTP/1.1 200 8732 https://localhost:9443/publisher/site/public/css/main.css Mozilla/5.0 (Windows NT 10.0; Win64; x64) AppleWebKit/537.36 (KHTML, like Gecko) Chrome/114.0.0.0 Safari/537.36 0.001
0:0:0:0:0:0:0:1 - - [09/Jun/2023:10:35:33 +0100] GET /publisher/site/public/fonts/Open_Sans/mem5YaGs126MiZpBA-UNirkOUuhpKKSTjw.woff2 HTTP/1.1 200 8916 https://localhost:9443/publisher/site/public/css/main.css Mozilla/5.0 (Windows NT 10.0; Win64; x64) AppleWebKit/537.36 (KHTML, like Gecko) Chrome/114.0.0.0 Safari/537.36 0.001
0:0:0:0:0:0:0:1 - - [09/Jun/2023:10:35:33 +0100] GET /api/am/publisher/v4/apis/d02418ae-ab94-438a-87c1-83b37ef15067/swagger HTTP/1.1 200 1121 https://localhost:9443/publisher/apis/d02418ae-ab94-438a-87c1-83b37ef15067/overview Mozilla/5.0 (Windows NT 10.0; Win64; x64) AppleWebKit/537.36 (KHTML, like Gecko) Chrome/114.0.0.0 Safari/537.36 0.013
0:0:0:0:0:0:0:1 - - [09/Jun/2023:10:35:33 +0100] GET /api/am/publisher/v4/apis/d02418ae-ab94-438a-87c1-83b37ef15067/revisions?query=deployed%3Atrue HTTP/1.1 200 405 https://localhost:9443/publisher/apis/d02418ae-ab94-438a-87c1-83b37ef15067/overview Mozilla/5.0 (Windows NT 10.0; Win64; x64) AppleWebKit/537.36 (KHTML, like Gecko) Chrome/114.0.0.0 Safari/537.36 0.004
0:0:0:0:0:0:0:1 - - [09/Jun/2023:10:35:33 +0100] GET /api/am/publisher/v4/apis/d02418ae-ab94-438a-87c1-83b37ef15067/swagger HTTP/1.1 200 1121 https://localhost:9443/publisher/apis/d02418ae-ab94-438a-87c1-83b37ef15067/overview Mozilla/5.0 (Windows NT 10.0; Win64; x64) AppleWebKit/537.36 (KHTML, like Gecko) Chrome/114.0.0.0 Safari/537.36 0.016
0:0:0:0:0:0:0:1 - - [09/Jun/2023:10:35:36 +0100] GET /api/am/publisher/v4/apis/d02418ae-ab94-438a-87c1-83b37ef15067/operation-policies?limit=500 HTTP/1.1 200 97 https://localhost:9443/publisher/apis/d02418ae-ab94-438a-87c1-83b37ef15067/policies Mozilla/5.0 (Windows NT 10.0; Win64; x64) AppleWebKit/537.36 (KHTML, like Gecko) Chrome/114.0.0.0 Safari/537.36 0.003
0:0:0:0:0:0:0:1 - - [09/Jun/2023:10:35:36 +0100] GET /api/am/publisher/v4/operation-policies?limit=500 HTTP/1.1 200 4567 https://localhost:9443/publisher/apis/d02418ae-ab94-438a-87c1-83b37ef15067/policies Mozilla/5.0 (Windows NT 10.0; Win64; x64) AppleWebKit/537.36 (KHTML, like Gecko) Chrome/114.0.0.0 Safari/537.36 0.007
0:0:0:0:0:0:0:1 - - [09/Jun/2023:10:35:36 +0100] GET /api/am/publisher/v4/apis/d02418ae-ab94-438a-87c1-83b37ef15067/swagger HTTP/1.1 200 1121 https://localhost:9443/publisher/apis/d02418ae-ab94-438a-87c1-83b37ef15067/policies Mozilla/5.0 (Windows NT 10.0; Win64; x64) AppleWebKit/537.36 (KHTML, like Gecko) Chrome/114.0.0.0 Safari/537.36 0.015
0:0:0:0:0:0:0:1 - - [09/Jun/2023:10:40:33 +0100] - 400 - - - 0.000
0:0:0:0:0:0:0:1 - - [09/Jun/2023:10:40:33 +0100] - 400 - - - 0.000
0:0:0:0:0:0:0:1 - - [09/Jun/2023:10:40:33 +0100] - 400 - - - 0.000
0:0:0:0:0:0:0:1 - - [09/Jun/2023:10:40:33 +0100] GET /api/am/publisher/v4/tenants?state=ACTIVE HTTP/1.1 200 96 https://localhost:9443/publisher/apis/d02418ae-ab94-438a-87c1-83b37ef15067/configuration Mozilla/5.0 (Windows NT 10.0; Win64; x64) AppleWebKit/537.36 (KHTML, like Gecko) Chrome/114.0.0.0 Safari/537.36 0.003
0:0:0:0:0:0:0:1 - - [09/Jun/2023:10:40:33 +0100] GET /api/am/publisher/v4/apis/d02418ae-ab94-438a-87c1-83b37ef15067/documents?limit=1000 HTTP/1.1 200 94 https://localhost:9443/publisher/apis/d02418ae-ab94-438a-87c1-83b37ef15067/configuration Mozilla/5.0 (Windows NT 10.0; Win64; x64) AppleWebKit/537.36 (KHTML, like Gecko) Chrome/114.0.0.0 Safari/537.36 0.009
0:0:0:0:0:0:0:1 - - [09/Jun/2023:10:40:33 +0100] GET /api/am/publisher/v4/api-categories HTTP/1.1 200 21 https://localhost:9443/publisher/apis/d02418ae-ab94-438a-87c1-83b37ef15067/configuration Mozilla/5.0 (Windows NT 10.0; Win64; x64) AppleWebKit/537.36 (KHTML, like Gecko) Chrome/114.0.0.0 Safari/537.36 0.067
0:0:0:0:0:0:0:1 - - [09/Jun/2023:10:40:38 +0100] GET /api/am/publisher/v4/apis?limit=10&offset=0 HTTP/1.1 200 996 https://localhost:9443/publisher/apis/ Mozilla/5.0 (Windows NT 10.0; Win64; x64) AppleWebKit/537.36 (KHTML, like Gecko) Chrome/114.0.0.0 Safari/537.36 0.014
0:0:0:0:0:0:0:1 - - [09/Jun/2023:10:40:39 +0100] GET /api/am/publisher/v4/tenants?state=active HTTP/1.1 200 96 https://localhost:9443/publisher/apis/d02418ae-ab94-438a-87c1-83b37ef15067/overview Mozilla/5.0 (Windows NT 10.0; Win64; x64) AppleWebKit/537.36 (KHTML, like Gecko) Chrome/114.0.0.0 Safari/537.36 0.003
0:0:0:0:0:0:0:1 - - [09/Jun/2023:10:40:39 +0100] GET /api/am/publisher/v4/apis/d02418ae-ab94-438a-87c1-83b37ef15067 HTTP/1.1 200 1572 https://localhost:9443/publisher/apis/d02418ae-ab94-438a-87c1-83b37ef15067/overview Mozilla/5.0 (Windows NT 10.0; Win64; x64) AppleWebKit/537.36 (KHTML, like Gecko) Chrome/114.0.0.0 Safari/537.36 0.031
0:0:0:0:0:0:0:1 - - [09/Jun/2023:10:40:39 +0100] GET /api/am/publisher/v4/apis/d02418ae-ab94-438a-87c1-83b37ef15067/revisions?query=deployed%3Atrue HTTP/1.1 200 405 https://localhost:9443/publisher/apis/d02418ae-ab94-438a-87c1-83b37ef15067/overview Mozilla/5.0 (Windows NT 10.0; Win64; x64) AppleWebKit/537.36 (KHTML, like Gecko) Chrome/114.0.0.0 Safari/537.36 0.003
0:0:0:0:0:0:0:1 - - [09/Jun/2023:10:40:39 +0100] GET /api/am/publisher/v4/apis/d02418ae-ab94-438a-87c1-83b37ef15067/revisions HTTP/1.1 200 819 https://localhost:9443/publisher/apis/d02418ae-ab94-438a-87c1-83b37ef15067/overview Mozilla/5.0 (Windows NT 10.0; Win64; x64) AppleWebKit/537.36 (KHTML, like Gecko) Chrome/114.0.0.0 Safari/537.36 0.003
0:0:0:0:0:0:0:1 - - [09/Jun/2023:10:40:39 +0100] GET /api/am/publisher/v4/apis/d02418ae-ab94-438a-87c1-83b37ef15067/revisions?query=deployed%3Atrue HTTP/1.1 200 405 https://localhost:9443/publisher/apis/d02418ae-ab94-438a-87c1-83b37ef15067/overview Mozilla/5.0 (Windows NT 10.0; Win64; x64) AppleWebKit/537.36 (KHTML, like Gecko) Chrome/114.0.0.0 Safari/537.36 0.003
0:0:0:0:0:0:0:1 - - [09/Jun/2023:10:40:39 +0100] GET /api/am/publisher/v4/apis/d02418ae-ab94-438a-87c1-83b37ef15067/swagger HTTP/1.1 200 1121 https://localhost:9443/publisher/apis/d02418ae-ab94-438a-87c1-83b37ef15067/overview Mozilla/5.0 (Windows NT 10.0; Win64; x64) AppleWebKit/537.36 (KHTML, like Gecko) Chrome/114.0.0.0 Safari/537.36 0.012
0:0:0:0:0:0:0:1 - - [09/Jun/2023:10:40:39 +0100] GET /api/am/publisher/v4/apis/d02418ae-ab94-438a-87c1-83b37ef15067/revisions?query=deployed%3Atrue HTTP/1.1 200 405 https://localhost:9443/publisher/apis/d02418ae-ab94-438a-87c1-83b37ef15067/overview Mozilla/5.0 (Windows NT 10.0; Win64; x64) AppleWebKit/537.36 (KHTML, like Gecko) Chrome/114.0.0.0 Safari/537.36 0.003
0:0:0:0:0:0:0:1 - - [09/Jun/2023:10:40:39 +0100] GET /api/am/publisher/v4/apis/d02418ae-ab94-438a-87c1-83b37ef15067/swagger HTTP/1.1 200 1121 https://localhost:9443/publisher/apis/d02418ae-ab94-438a-87c1-83b37ef15067/overview Mozilla/5.0 (Windows NT 10.0; Win64; x64) AppleWebKit/537.36 (KHTML, like Gecko) Chrome/114.0.0.0 Safari/537.36 0.012
0:0:0:0:0:0:0:1 - - [09/Jun/2023:10:40:39 +0100] GET /api/am/publisher/v4/apis/d02418ae-ab94-438a-87c1-83b37ef15067/revisions?query=deployed%3Atrue HTTP/1.1 200 405 https://localhost:9443/publisher/apis/d02418ae-ab94-438a-87c1-83b37ef15067/overview Mozilla/5.0 (Windows NT 10.0; Win64; x64) AppleWebKit/537.36 (KHTML, like Gecko) Chrome/114.0.0.0 Safari/537.36 0.004
0:0:0:0:0:0:0:1 - - [09/Jun/2023:10:40:39 +0100] GET /api/am/publisher/v4/apis/d02418ae-ab94-438a-87c1-83b37ef15067/swagger HTTP/1.1 200 1121 https://localhost:9443/publisher/apis/d02418ae-ab94-438a-87c1-83b37ef15067/overview Mozilla/5.0 (Windows NT 10.0; Win64; x64) AppleWebKit/537.36 (KHTML, like Gecko) Chrome/114.0.0.0 Safari/537.36 0.014
0:0:0:0:0:0:0:1 - - [09/Jun/2023:10:40:45 +0100] GET /devportal/site/public/images/_favicon.ico HTTP/1.1 200 1150 https://localhost:9443/devportal/apis/d02418ae-ab94-438a-87c1-83b37ef15067/overview Mozilla/5.0 (Windows NT 10.0; Win64; x64) AppleWebKit/537.36 (KHTML, like Gecko) Chrome/114.0.0.0 Safari/537.36 0.001
0:0:0:0:0:0:0:1 - - [09/Jun/2023:10:40:45 +0100] GET /api/am/devportal/v3/throttling-policies/subscription HTTP/1.1 200 634 https://localhost:9443/devportal/apis/d02418ae-ab94-438a-87c1-83b37ef15067/overview Mozilla/5.0 (Windows NT 10.0; Win64; x64) AppleWebKit/537.36 (KHTML, like Gecko) Chrome/114.0.0.0 Safari/537.36 0.009
0:0:0:0:0:0:0:1 - - [09/Jun/2023:10:40:45 +0100] GET /api/am/devportal/v3/throttling-policies/subscription HTTP/1.1 200 634 https://localhost:9443/devportal/apis/d02418ae-ab94-438a-87c1-83b37ef15067/overview Mozilla/5.0 (Windows NT 10.0; Win64; x64) AppleWebKit/537.36 (KHTML, like Gecko) Chrome/114.0.0.0 Safari/537.36 0.005
0:0:0:0:0:0:0:1 - - [09/Jun/2023:10:40:45 +0100] GET /api/am/devportal/v3/apis/d02418ae-ab94-438a-87c1-83b37ef15067/documents HTTP/1.1 200 92 https://localhost:9443/devportal/apis/d02418ae-ab94-438a-87c1-83b37ef15067/overview Mozilla/5.0 (Windows NT 10.0; Win64; x64) AppleWebKit/537.36 (KHTML, like Gecko) Chrome/114.0.0.0 Safari/537.36 0.015
0:0:0:0:0:0:0:1 - - [09/Jun/2023:10:40:45 +0100] GET /api/am/devportal/v3/apis/d02418ae-ab94-438a-87c1-83b37ef15067/documents HTTP/1.1 200 92 https://localhost:9443/devportal/apis/d02418ae-ab94-438a-87c1-83b37ef15067/overview Mozilla/5.0 (Windows NT 10.0; Win64; x64) AppleWebKit/537.36 (KHTML, like Gecko) Chrome/114.0.0.0 Safari/537.36 0.008
0:0:0:0:0:0:0:1 - - [09/Jun/2023:10:40:45 +0100] GET /api/am/devportal/v3/apis/d02418ae-ab94-438a-87c1-83b37ef15067/ratings HTTP/1.1 200 125 https://localhost:9443/devportal/apis/d02418ae-ab94-438a-87c1-83b37ef15067/overview Mozilla/5.0 (Windows NT 10.0; Win64; x64) AppleWebKit/537.36 (KHTML, like Gecko) Chrome/114.0.0.0 Safari/537.36 0.007
0:0:0:0:0:0:0:1 - - [09/Jun/2023:10:40:45 +0100] GET /api/am/devportal/v3/apis/d02418ae-ab94-438a-87c1-83b37ef15067/thumbnail HTTP/1.1 204 - https://localhost:9443/devportal/apis/d02418ae-ab94-438a-87c1-83b37ef15067/overview Mozilla/5.0 (Windows NT 10.0; Win64; x64) AppleWebKit/537.36 (KHTML, like Gecko) Chrome/114.0.0.0 Safari/537.36 0.010
0:0:0:0:0:0:0:1 - - [09/Jun/2023:10:40:45 +0100] GET /api/am/devportal/v3/apis/d02418ae-ab94-438a-87c1-83b37ef15067/comments?limit=5&offset=0 HTTP/1.1 200 101 https://localhost:9443/devportal/apis/d02418ae-ab94-438a-87c1-83b37ef15067/overview Mozilla/5.0 (Windows NT 10.0; Win64; x64) AppleWebKit/537.36 (KHTML, like Gecko) Chrome/114.0.0.0 Safari/537.36 0.010
0:0:0:0:0:0:0:1 - - [09/Jun/2023:10:40:56 +0100] GET /devportal/site/public/dist/vendors~APIConsole~APIDocuments~ApplicationDetails.632f7f3618b917dd72cb.bundle.js HTTP/1.1 200 25476 https://localhost:9443/devportal/applications/6cc3231f-f7b9-437e-93fd-41d67fc514af/overview Mozilla/5.0 (Windows NT 10.0; Win64; x64) AppleWebKit/537.36 (KHTML, like Gecko) Chrome/114.0.0.0 Safari/537.36 0.006
0:0:0:0:0:0:0:1 - - [09/Jun/2023:10:40:56 +0100] GET /devportal/site/public/images/_favicon.ico HTTP/1.1 200 1150 https://localhost:9443/devportal/applications/6cc3231f-f7b9-437e-93fd-41d67fc514af/overview Mozilla/5.0 (Windows NT 10.0; Win64; x64) AppleWebKit/537.36 (KHTML, like Gecko) Chrome/114.0.0.0 Safari/537.36 0.002
0:0:0:0:0:0:0:1 - - [09/Jun/2023:10:40:56 +0100] GET /devportal/site/public/dist/ApplicationDetails.84676b0e418ac76ec3ec.bundle.js HTTP/1.1 200 118257 https://localhost:9443/devportal/applications/6cc3231f-f7b9-437e-93fd-41d67fc514af/overview Mozilla/5.0 (Windows NT 10.0; Win64; x64) AppleWebKit/537.36 (KHTML, like Gecko) Chrome/114.0.0.0 Safari/537.36 0.018
127.0.0.1 - - [09/Jun/2023:10:40:56 +0100] GET /keymanager-operations/dcr/register/SEdFbjNMa0NQb0VEd1NHcVR0bDZxc3FVbGowYQ%3D%3D HTTP/1.1 200 531 - Apache-HttpClient/4.5.13 (Java/17.0.6) 0.004
0:0:0:0:0:0:0:1 - - [09/Jun/2023:10:40:56 +0100] GET /api/am/devportal/v3/applications/6cc3231f-f7b9-437e-93fd-41d67fc514af HTTP/1.1 200 473 https://localhost:9443/devportal/applications/6cc3231f-f7b9-437e-93fd-41d67fc514af/overview Mozilla/5.0 (Windows NT 10.0; Win64; x64) AppleWebKit/537.36 (KHTML, like Gecko) Chrome/114.0.0.0 Safari/537.36 0.022
0:0:0:0:0:0:0:1 - - [09/Jun/2023:10:40:57 +0100] GET /api/am/devportal/v3/throttling-policies/application/50PerMin HTTP/1.1 200 493 https://localhost:9443/devportal/applications/6cc3231f-f7b9-437e-93fd-41d67fc514af/overview Mozilla/5.0 (Windows NT 10.0; Win64; x64) AppleWebKit/537.36 (KHTML, like Gecko) Chrome/114.0.0.0 Safari/537.36 0.004
127.0.0.1 - - [09/Jun/2023:10:40:57 +0100] GET /keymanager-operations/dcr/register/SEdFbjNMa0NQb0VEd1NHcVR0bDZxc3FVbGowYQ%3D%3D HTTP/1.1 200 531 - Apache-HttpClient/4.5.13 (Java/17.0.6) 0.004
0:0:0:0:0:0:0:1 - - [09/Jun/2023:10:40:57 +0100] GET /api/am/devportal/v3/applications/6cc3231f-f7b9-437e-93fd-41d67fc514af HTTP/1.1 200 473 https://localhost:9443/devportal/applications/6cc3231f-f7b9-437e-93fd-41d67fc514af/overview Mozilla/5.0 (Windows NT 10.0; Win64; x64) AppleWebKit/537.36 (KHTML, like Gecko) Chrome/114.0.0.0 Safari/537.36 0.010
0:0:0:0:0:0:0:1 - - [09/Jun/2023:10:40:57 +0100] GET /api/am/devportal/v3/throttling-policies/application/50PerMin HTTP/1.1 200 493 https://localhost:9443/devportal/applications/6cc3231f-f7b9-437e-93fd-41d67fc514af/overview Mozilla/5.0 (Windows NT 10.0; Win64; x64) AppleWebKit/537.36 (KHTML, like Gecko) Chrome/114.0.0.0 Safari/537.36 0.003
0:0:0:0:0:0:0:1 - - [09/Jun/2023:10:41:00 +0100] GET /api/am/devportal/v3/swagger.yaml HTTP/1.1 200 26878 https://localhost:9443/devportal/applications/6cc3231f-f7b9-437e-93fd-41d67fc514af/productionkeys/oauth Mozilla/5.0 (Windows NT 10.0; Win64; x64) AppleWebKit/537.36 (KHTML, like Gecko) Chrome/114.0.0.0 Safari/537.36 0.006
0:0:0:0:0:0:0:1 - - [09/Jun/2023:10:41:00 +0100] GET /devportal/site/public/images/_favicon.ico HTTP/1.1 200 1150 https://localhost:9443/devportal/applications/6cc3231f-f7b9-437e-93fd-41d67fc514af/productionkeys/oauth Mozilla/5.0 (Windows NT 10.0; Win64; x64) AppleWebKit/537.36 (KHTML, like Gecko) Chrome/114.0.0.0 Safari/537.36 0.001
127.0.0.1 - - [09/Jun/2023:10:41:00 +0100] GET /oauth2/token/.well-known/openid-configuration HTTP/1.1 200 2395 - Apache-HttpClient/4.5.13 (Java/17.0.6) 0.006
0:0:0:0:0:0:0:1 - - [09/Jun/2023:10:41:00 +0100] GET /api/am/devportal/v3/key-managers HTTP/1.1 200 763 https://localhost:9443/devportal/applications/6cc3231f-f7b9-437e-93fd-41d67fc514af/productionkeys/oauth Mozilla/5.0 (Windows NT 10.0; Win64; x64) AppleWebKit/537.36 (KHTML, like Gecko) Chrome/114.0.0.0 Safari/537.36 0.040
127.0.0.1 - - [09/Jun/2023:10:41:00 +0100] GET /keymanager-operations/dcr/register/SEdFbjNMa0NQb0VEd1NHcVR0bDZxc3FVbGowYQ%3D%3D HTTP/1.1 200 531 - Apache-HttpClient/4.5.13 (Java/17.0.6) 0.002
0:0:0:0:0:0:0:1 - - [09/Jun/2023:10:41:00 +0100] GET /api/am/devportal/v3/applications/6cc3231f-f7b9-437e-93fd-41d67fc514af HTTP/1.1 200 473 https://localhost:9443/devportal/applications/6cc3231f-f7b9-437e-93fd-41d67fc514af/productionkeys/oauth Mozilla/5.0 (Windows NT 10.0; Win64; x64) AppleWebKit/537.36 (KHTML, like Gecko) Chrome/114.0.0.0 Safari/537.36 0.009
127.0.0.1 - - [09/Jun/2023:10:41:00 +0100] GET /keymanager-operations/dcr/register/SEdFbjNMa0NQb0VEd1NHcVR0bDZxc3FVbGowYQ%3D%3D HTTP/1.1 200 531 - Apache-HttpClient/4.5.13 (Java/17.0.6) 0.002
0:0:0:0:0:0:0:1 - - [09/Jun/2023:10:41:00 +0100] GET /api/am/devportal/v3/applications/6cc3231f-f7b9-437e-93fd-41d67fc514af/oauth-keys HTTP/1.1 200 679 https://localhost:9443/devportal/applications/6cc3231f-f7b9-437e-93fd-41d67fc514af/productionkeys/oauth Mozilla/5.0 (Windows NT 10.0; Win64; x64) AppleWebKit/537.36 (KHTML, like Gecko) Chrome/114.0.0.0 Safari/537.36 0.015
0:0:0:0:0:0:0:1 - - [09/Jun/2023:10:41:00 +0100] GET /api/am/devportal/v3/swagger.yaml HTTP/1.1 200 26878 https://localhost:9443/devportal/applications/6cc3231f-f7b9-437e-93fd-41d67fc514af/productionkeys/oauth Mozilla/5.0 (Windows NT 10.0; Win64; x64) AppleWebKit/537.36 (KHTML, like Gecko) Chrome/114.0.0.0 Safari/537.36 0.005
127.0.0.1 - - [09/Jun/2023:10:41:00 +0100] GET /keymanager-operations/dcr/register/SEdFbjNMa0NQb0VEd1NHcVR0bDZxc3FVbGowYQ%3D%3D HTTP/1.1 200 531 - Apache-HttpClient/4.5.13 (Java/17.0.6) 0.003
0:0:0:0:0:0:0:1 - - [09/Jun/2023:10:41:00 +0100] GET /api/am/devportal/v3/applications/6cc3231f-f7b9-437e-93fd-41d67fc514af HTTP/1.1 200 473 https://localhost:9443/devportal/applications/6cc3231f-f7b9-437e-93fd-41d67fc514af/productionkeys/oauth Mozilla/5.0 (Windows NT 10.0; Win64; x64) AppleWebKit/537.36 (KHTML, like Gecko) Chrome/114.0.0.0 Safari/537.36 0.010
127.0.0.1 - - [09/Jun/2023:10:41:00 +0100] GET /keymanager-operations/dcr/register/SEdFbjNMa0NQb0VEd1NHcVR0bDZxc3FVbGowYQ%3D%3D HTTP/1.1 200 531 - Apache-HttpClient/4.5.13 (Java/17.0.6) 0.002
0:0:0:0:0:0:0:1 - - [09/Jun/2023:10:41:00 +0100] GET /api/am/devportal/v3/applications/6cc3231f-f7b9-437e-93fd-41d67fc514af/oauth-keys HTTP/1.1 200 679 https://localhost:9443/devportal/applications/6cc3231f-f7b9-437e-93fd-41d67fc514af/productionkeys/oauth Mozilla/5.0 (Windows NT 10.0; Win64; x64) AppleWebKit/537.36 (KHTML, like Gecko) Chrome/114.0.0.0 Safari/537.36 0.006
0:0:0:0:0:0:0:1 - - [09/Jun/2023:10:41:05 +0100] GET /api/am/devportal/v3/swagger.yaml HTTP/1.1 200 26878 https://localhost:9443/devportal/applications/6cc3231f-f7b9-437e-93fd-41d67fc514af/productionkeys/oauth Mozilla/5.0 (Windows NT 10.0; Win64; x64) AppleWebKit/537.36 (KHTML, like Gecko) Chrome/114.0.0.0 Safari/537.36 0.005
127.0.0.1 - - [09/Jun/2023:10:41:05 +0100] GET /oauth2/token/.well-known/openid-configuration HTTP/1.1 200 2395 - Apache-HttpClient/4.5.13 (Java/17.0.6) 0.002
0:0:0:0:0:0:0:1 - - [09/Jun/2023:10:41:05 +0100] GET /api/am/devportal/v3/key-managers HTTP/1.1 200 763 https://localhost:9443/devportal/applications/6cc3231f-f7b9-437e-93fd-41d67fc514af/productionkeys/oauth Mozilla/5.0 (Windows NT 10.0; Win64; x64) AppleWebKit/537.36 (KHTML, like Gecko) Chrome/114.0.0.0 Safari/537.36 0.013
127.0.0.1 - - [09/Jun/2023:10:41:06 +0100] GET /keymanager-operations/dcr/register/SEdFbjNMa0NQb0VEd1NHcVR0bDZxc3FVbGowYQ%3D%3D HTTP/1.1 200 531 - Apache-HttpClient/4.5.13 (Java/17.0.6) 0.003
0:0:0:0:0:0:0:1 - - [09/Jun/2023:10:41:06 +0100] GET /api/am/devportal/v3/applications/6cc3231f-f7b9-437e-93fd-41d67fc514af HTTP/1.1 200 473 https://localhost:9443/devportal/applications/6cc3231f-f7b9-437e-93fd-41d67fc514af/productionkeys/oauth Mozilla/5.0 (Windows NT 10.0; Win64; x64) AppleWebKit/537.36 (KHTML, like Gecko) Chrome/114.0.0.0 Safari/537.36 0.009
127.0.0.1 - - [09/Jun/2023:10:41:06 +0100] GET /keymanager-operations/dcr/register/SEdFbjNMa0NQb0VEd1NHcVR0bDZxc3FVbGowYQ%3D%3D HTTP/1.1 200 531 - Apache-HttpClient/4.5.13 (Java/17.0.6) 0.002
0:0:0:0:0:0:0:1 - - [09/Jun/2023:10:41:06 +0100] GET /api/am/devportal/v3/applications/6cc3231f-f7b9-437e-93fd-41d67fc514af/oauth-keys HTTP/1.1 200 679 https://localhost:9443/devportal/applications/6cc3231f-f7b9-437e-93fd-41d67fc514af/productionkeys/oauth Mozilla/5.0 (Windows NT 10.0; Win64; x64) AppleWebKit/537.36 (KHTML, like Gecko) Chrome/114.0.0.0 Safari/537.36 0.007
0:0:0:0:0:0:0:1 - - [09/Jun/2023:10:41:06 +0100] GET /api/am/devportal/v3/swagger.yaml HTTP/1.1 200 26878 https://localhost:9443/devportal/applications/6cc3231f-f7b9-437e-93fd-41d67fc514af/productionkeys/oauth Mozilla/5.0 (Windows NT 10.0; Win64; x64) AppleWebKit/537.36 (KHTML, like Gecko) Chrome/114.0.0.0 Safari/537.36 0.005
127.0.0.1 - - [09/Jun/2023:10:41:06 +0100] GET /keymanager-operations/dcr/register/SEdFbjNMa0NQb0VEd1NHcVR0bDZxc3FVbGowYQ%3D%3D HTTP/1.1 200 531 - Apache-HttpClient/4.5.13 (Java/17.0.6) 0.004
0:0:0:0:0:0:0:1 - - [09/Jun/2023:10:41:06 +0100] GET /api/am/devportal/v3/applications/6cc3231f-f7b9-437e-93fd-41d67fc514af HTTP/1.1 200 473 https://localhost:9443/devportal/applications/6cc3231f-f7b9-437e-93fd-41d67fc514af/productionkeys/oauth Mozilla/5.0 (Windows NT 10.0; Win64; x64) AppleWebKit/537.36 (KHTML, like Gecko) Chrome/114.0.0.0 Safari/537.36 0.011
127.0.0.1 - - [09/Jun/2023:10:41:06 +0100] GET /keymanager-operations/dcr/register/SEdFbjNMa0NQb0VEd1NHcVR0bDZxc3FVbGowYQ%3D%3D HTTP/1.1 200 531 - Apache-HttpClient/4.5.13 (Java/17.0.6) 0.003
0:0:0:0:0:0:0:1 - - [09/Jun/2023:10:41:06 +0100] GET /api/am/devportal/v3/applications/6cc3231f-f7b9-437e-93fd-41d67fc514af/oauth-keys HTTP/1.1 200 679 https://localhost:9443/devportal/applications/6cc3231f-f7b9-437e-93fd-41d67fc514af/productionkeys/oauth Mozilla/5.0 (Windows NT 10.0; Win64; x64) AppleWebKit/537.36 (KHTML, like Gecko) Chrome/114.0.0.0 Safari/537.36 0.009
0:0:0:0:0:0:0:1 - - [09/Jun/2023:10:41:06 +0100] GET /devportal/site/public/images/_favicon.ico HTTP/1.1 200 1150 https://localhost:9443/devportal/applications/6cc3231f-f7b9-437e-93fd-41d67fc514af/productionkeys/apikey Mozilla/5.0 (Windows NT 10.0; Win64; x64) AppleWebKit/537.36 (KHTML, like Gecko) Chrome/114.0.0.0 Safari/537.36 0.002
0:0:0:0:0:0:0:1 - - [09/Jun/2023:10:41:07 +0100] GET /devportal/site/public/images/_favicon.ico HTTP/1.1 200 1150 https://localhost:9443/devportal/applications/6cc3231f-f7b9-437e-93fd-41d67fc514af/sandboxkeys/oauth Mozilla/5.0 (Windows NT 10.0; Win64; x64) AppleWebKit/537.36 (KHTML, like Gecko) Chrome/114.0.0.0 Safari/537.36 0.003
0:0:0:0:0:0:0:1 - - [09/Jun/2023:10:41:07 +0100] GET /api/am/devportal/v3/swagger.yaml HTTP/1.1 200 26878 https://localhost:9443/devportal/applications/6cc3231f-f7b9-437e-93fd-41d67fc514af/sandboxkeys/oauth Mozilla/5.0 (Windows NT 10.0; Win64; x64) AppleWebKit/537.36 (KHTML, like Gecko) Chrome/114.0.0.0 Safari/537.36 0.006
127.0.0.1 - - [09/Jun/2023:10:41:07 +0100] GET /oauth2/token/.well-known/openid-configuration HTTP/1.1 200 2395 - Apache-HttpClient/4.5.13 (Java/17.0.6) 0.005
0:0:0:0:0:0:0:1 - - [09/Jun/2023:10:41:07 +0100] GET /api/am/devportal/v3/key-managers HTTP/1.1 200 763 https://localhost:9443/devportal/applications/6cc3231f-f7b9-437e-93fd-41d67fc514af/sandboxkeys/oauth Mozilla/5.0 (Windows NT 10.0; Win64; x64) AppleWebKit/537.36 (KHTML, like Gecko) Chrome/114.0.0.0 Safari/537.36 0.019
127.0.0.1 - - [09/Jun/2023:10:41:07 +0100] GET /keymanager-operations/dcr/register/SEdFbjNMa0NQb0VEd1NHcVR0bDZxc3FVbGowYQ%3D%3D HTTP/1.1 200 531 - Apache-HttpClient/4.5.13 (Java/17.0.6) 0.002
0:0:0:0:0:0:0:1 - - [09/Jun/2023:10:41:07 +0100] GET /api/am/devportal/v3/applications/6cc3231f-f7b9-437e-93fd-41d67fc514af HTTP/1.1 200 473 https://localhost:9443/devportal/applications/6cc3231f-f7b9-437e-93fd-41d67fc514af/sandboxkeys/oauth Mozilla/5.0 (Windows NT 10.0; Win64; x64) AppleWebKit/537.36 (KHTML, like Gecko) Chrome/114.0.0.0 Safari/537.36 0.008
127.0.0.1 - - [09/Jun/2023:10:41:07 +0100] GET /keymanager-operations/dcr/register/SEdFbjNMa0NQb0VEd1NHcVR0bDZxc3FVbGowYQ%3D%3D HTTP/1.1 200 531 - Apache-HttpClient/4.5.13 (Java/17.0.6) 0.002
0:0:0:0:0:0:0:1 - - [09/Jun/2023:10:41:07 +0100] GET /api/am/devportal/v3/applications/6cc3231f-f7b9-437e-93fd-41d67fc514af/oauth-keys HTTP/1.1 200 679 https://localhost:9443/devportal/applications/6cc3231f-f7b9-437e-93fd-41d67fc514af/sandboxkeys/oauth Mozilla/5.0 (Windows NT 10.0; Win64; x64) AppleWebKit/537.36 (KHTML, like Gecko) Chrome/114.0.0.0 Safari/537.36 0.008
0:0:0:0:0:0:0:1 - - [09/Jun/2023:10:41:07 +0100] GET /api/am/devportal/v3/swagger.yaml HTTP/1.1 200 26878 https://localhost:9443/devportal/applications/6cc3231f-f7b9-437e-93fd-41d67fc514af/sandboxkeys/oauth Mozilla/5.0 (Windows NT 10.0; Win64; x64) AppleWebKit/537.36 (KHTML, like Gecko) Chrome/114.0.0.0 Safari/537.36 0.005
127.0.0.1 - - [09/Jun/2023:10:41:07 +0100] GET /keymanager-operations/dcr/register/SEdFbjNMa0NQb0VEd1NHcVR0bDZxc3FVbGowYQ%3D%3D HTTP/1.1 200 531 - Apache-HttpClient/4.5.13 (Java/17.0.6) 0.003
0:0:0:0:0:0:0:1 - - [09/Jun/2023:10:41:07 +0100] GET /api/am/devportal/v3/applications/6cc3231f-f7b9-437e-93fd-41d67fc514af HTTP/1.1 200 473 https://localhost:9443/devportal/applications/6cc3231f-f7b9-437e-93fd-41d67fc514af/sandboxkeys/oauth Mozilla/5.0 (Windows NT 10.0; Win64; x64) AppleWebKit/537.36 (KHTML, like Gecko) Chrome/114.0.0.0 Safari/537.36 0.012
127.0.0.1 - - [09/Jun/2023:10:41:07 +0100] GET /keymanager-operations/dcr/register/SEdFbjNMa0NQb0VEd1NHcVR0bDZxc3FVbGowYQ%3D%3D HTTP/1.1 200 531 - Apache-HttpClient/4.5.13 (Java/17.0.6) 0.002
0:0:0:0:0:0:0:1 - - [09/Jun/2023:10:41:07 +0100] GET /api/am/devportal/v3/applications/6cc3231f-f7b9-437e-93fd-41d67fc514af/oauth-keys HTTP/1.1 200 679 https://localhost:9443/devportal/applications/6cc3231f-f7b9-437e-93fd-41d67fc514af/sandboxkeys/oauth Mozilla/5.0 (Windows NT 10.0; Win64; x64) AppleWebKit/537.36 (KHTML, like Gecko) Chrome/114.0.0.0 Safari/537.36 0.007
0:0:0:0:0:0:0:1 - - [09/Jun/2023:10:41:13 +0100] GET /devportal/site/public/images/_favicon.ico HTTP/1.1 200 1150 https://localhost:9443/devportal/applications/6cc3231f-f7b9-437e-93fd-41d67fc514af/sandboxkeys/apikey Mozilla/5.0 (Windows NT 10.0; Win64; x64) AppleWebKit/537.36 (KHTML, like Gecko) Chrome/114.0.0.0 Safari/537.36 0.001
0:0:0:0:0:0:0:1 - - [09/Jun/2023:10:41:13 +0100] GET /devportal/site/public/images/_favicon.ico HTTP/1.1 200 1150 https://localhost:9443/devportal/applications/6cc3231f-f7b9-437e-93fd-41d67fc514af/subscriptions Mozilla/5.0 (Windows NT 10.0; Win64; x64) AppleWebKit/537.36 (KHTML, like Gecko) Chrome/114.0.0.0 Safari/537.36 0.001
127.0.0.1 - - [09/Jun/2023:10:41:13 +0100] GET /keymanager-operations/dcr/register/SEdFbjNMa0NQb0VEd1NHcVR0bDZxc3FVbGowYQ%3D%3D HTTP/1.1 200 531 - Apache-HttpClient/4.5.13 (Java/17.0.6) 0.004
0:0:0:0:0:0:0:1 - - [09/Jun/2023:10:41:13 +0100] GET /api/am/devportal/v3/subscriptions?applicationId=6cc3231f-f7b9-437e-93fd-41d67fc514af&limit=1000 HTTP/1.1 200 715 https://localhost:9443/devportal/applications/6cc3231f-f7b9-437e-93fd-41d67fc514af/subscriptions Mozilla/5.0 (Windows NT 10.0; Win64; x64) AppleWebKit/537.36 (KHTML, like Gecko) Chrome/114.0.0.0 Safari/537.36 0.022
0:0:0:0:0:0:0:1 - - [09/Jun/2023:10:41:13 +0100] GET /api/am/devportal/v3/apis/d02418ae-ab94-438a-87c1-83b37ef15067 HTTP/1.1 200 1527 https://localhost:9443/devportal/applications/6cc3231f-f7b9-437e-93fd-41d67fc514af/subscriptions Mozilla/5.0 (Windows NT 10.0; Win64; x64) AppleWebKit/537.36 (KHTML, like Gecko) Chrome/114.0.0.0 Safari/537.36 0.010
0:0:0:0:0:0:0:1 - - [09/Jun/2023:10:41:13 +0100] GET /api/am/devportal/v3/subscriptions/774db7e8-a44a-4667-bc41-dbf131455a84 HTTP/1.1 200 663 https://localhost:9443/devportal/applications/6cc3231f-f7b9-437e-93fd-41d67fc514af/subscriptions Mozilla/5.0 (Windows NT 10.0; Win64; x64) AppleWebKit/537.36 (KHTML, like Gecko) Chrome/114.0.0.0 Safari/537.36 0.010
0:0:0:0:0:0:0:1 - - [09/Jun/2023:10:41:14 +0100] GET /api/am/devportal/v3/throttling-policies/subscription/Gold HTTP/1.1 200 497 https://localhost:9443/devportal/applications/6cc3231f-f7b9-437e-93fd-41d67fc514af/subscriptions Mozilla/5.0 (Windows NT 10.0; Win64; x64) AppleWebKit/537.36 (KHTML, like Gecko) Chrome/114.0.0.0 Safari/537.36 0.002
0:0:0:0:0:0:0:1 - - [09/Jun/2023:10:41:14 +0100] GET /api/am/devportal/v3/apis/d02418ae-ab94-438a-87c1-83b37ef15067 HTTP/1.1 200 1527 https://localhost:9443/devportal/applications/6cc3231f-f7b9-437e-93fd-41d67fc514af/subscriptions Mozilla/5.0 (Windows NT 10.0; Win64; x64) AppleWebKit/537.36 (KHTML, like Gecko) Chrome/114.0.0.0 Safari/537.36 0.008
0:0:0:0:0:0:0:1 - - [09/Jun/2023:10:41:34 +0100] GET /api/am/publisher/v4/endpoint-certificates?endpoint=http%3A%2F%2Flocalhost%3A30004 HTTP/1.1 200 100 https://localhost:9443/publisher/apis/d02418ae-ab94-438a-87c1-83b37ef15067/endpoints Mozilla/5.0 (Windows NT 10.0; Win64; x64) AppleWebKit/537.36 (KHTML, like Gecko) Chrome/114.0.0.0 Safari/537.36 0.003
0:0:0:0:0:0:0:1 - - [09/Jun/2023:10:41:34 +0100] GET /api/am/publisher/v4/apis/d02418ae-ab94-438a-87c1-83b37ef15067/swagger HTTP/1.1 200 1121 https://localhost:9443/publisher/apis/d02418ae-ab94-438a-87c1-83b37ef15067/endpoints Mozilla/5.0 (Windows NT 10.0; Win64; x64) AppleWebKit/537.36 (KHTML, like Gecko) Chrome/114.0.0.0 Safari/537.36 0.016
0:0:0:0:0:0:0:1 - - [09/Jun/2023:10:43:26 +0100] - 400 - - - 0.000
0:0:0:0:0:0:0:1 - - [09/Jun/2023:10:43:26 +0100] GET /api/am/publisher/v4/apis?limit=10&offset=0 HTTP/1.1 200 996 https://localhost:9443/publisher/apis Mozilla/5.0 (Windows NT 10.0; Win64; x64) AppleWebKit/537.36 (KHTML, like Gecko) Chrome/114.0.0.0 Safari/537.36 0.123
0:0:0:0:0:0:0:1 - - [09/Jun/2023:10:43:54 +0100] - 400 - - - 0.000
0:0:0:0:0:0:0:1 - - [09/Jun/2023:10:43:54 +0100] GET /api/am/publisher/v4/search?limit=1&offset=0&query=name%3APizzaShackAPI%20version%3A1.0%20context%3Apizzashack HTTP/1.1 200 91 https://localhost:9443/publisher/apis Mozilla/5.0 (Windows NT 10.0; Win64; x64) AppleWebKit/537.36 (KHTML, like Gecko) Chrome/114.0.0.0 Safari/537.36 0.078
0:0:0:0:0:0:0:1 - - [09/Jun/2023:10:43:57 +0100] - 400 - - - 0.000
0:0:0:0:0:0:0:1 - - [09/Jun/2023:10:43:58 +0100] POST /api/am/publisher/v4/apis?openAPIVersion=v3 HTTP/1.1 201 1299 https://localhost:9443/publisher/apis Mozilla/5.0 (Windows NT 10.0; Win64; x64) AppleWebKit/537.36 (KHTML, like Gecko) Chrome/114.0.0.0 Safari/537.36 0.277
0:0:0:0:0:0:0:1 - - [09/Jun/2023:10:43:58 +0100] PUT /api/am/publisher/v4/apis/e2008266-0324-479d-bcd6-e567778e2e5c/swagger HTTP/1.1 200 2078 https://localhost:9443/publisher/apis Mozilla/5.0 (Windows NT 10.0; Win64; x64) AppleWebKit/537.36 (KHTML, like Gecko) Chrome/114.0.0.0 Safari/537.36 0.333
0:0:0:0:0:0:0:1 - - [09/Jun/2023:10:43:58 +0100] POST /api/am/publisher/v4/apis/e2008266-0324-479d-bcd6-e567778e2e5c/revisions HTTP/1.1 201 209 https://localhost:9443/publisher/apis Mozilla/5.0 (Windows NT 10.0; Win64; x64) AppleWebKit/537.36 (KHTML, like Gecko) Chrome/114.0.0.0 Safari/537.36 0.205
0:0:0:0:0:0:0:1 - - [09/Jun/2023:10:43:58 +0100] POST /api/am/publisher/v4/apis/e2008266-0324-479d-bcd6-e567778e2e5c/deploy-revision?revisionId=f2b2ccba-9e49-4175-a6ca-b622d5284820 HTTP/1.1 201 176 https://localhost:9443/publisher/apis Mozilla/5.0 (Windows NT 10.0; Win64; x64) AppleWebKit/537.36 (KHTML, like Gecko) Chrome/114.0.0.0 Safari/537.36 0.077
0:0:0:0:0:0:0:1 - - [09/Jun/2023:10:43:59 +0100] POST /api/am/publisher/v4/apis/change-lifecycle?action=Publish&apiId=e2008266-0324-479d-bcd6-e567778e2e5c HTTP/1.1 200 300 https://localhost:9443/publisher/apis Mozilla/5.0 (Windows NT 10.0; Win64; x64) AppleWebKit/537.36 (KHTML, like Gecko) Chrome/114.0.0.0 Safari/537.36 0.184
0:0:0:0:0:0:0:1 - - [09/Jun/2023:10:43:59 +0100] - 400 - - - 0.000
0:0:0:0:0:0:0:1 - - [09/Jun/2023:10:43:59 +0100] GET /api/am/publisher/v4/tenants?state=active HTTP/1.1 200 96 https://localhost:9443/publisher/apis/e2008266-0324-479d-bcd6-e567778e2e5c/overview Mozilla/5.0 (Windows NT 10.0; Win64; x64) AppleWebKit/537.36 (KHTML, like Gecko) Chrome/114.0.0.0 Safari/537.36 0.004
0:0:0:0:0:0:0:1 - - [09/Jun/2023:10:43:59 +0100] GET /api/am/publisher/v4/apis/e2008266-0324-479d-bcd6-e567778e2e5c HTTP/1.1 200 1320 https://localhost:9443/publisher/apis/e2008266-0324-479d-bcd6-e567778e2e5c/overview Mozilla/5.0 (Windows NT 10.0; Win64; x64) AppleWebKit/537.36 (KHTML, like Gecko) Chrome/114.0.0.0 Safari/537.36 0.031
0:0:0:0:0:0:0:1 - - [09/Jun/2023:10:43:59 +0100] - 400 - - - 0.000
0:0:0:0:0:0:0:1 - - [09/Jun/2023:10:43:59 +0100] GET /api/am/publisher/v4/apis/e2008266-0324-479d-bcd6-e567778e2e5c/revisions?query=deployed%3Atrue HTTP/1.1 200 404 https://localhost:9443/publisher/apis/e2008266-0324-479d-bcd6-e567778e2e5c/overview Mozilla/5.0 (Windows NT 10.0; Win64; x64) AppleWebKit/537.36 (KHTML, like Gecko) Chrome/114.0.0.0 Safari/537.36 0.005
0:0:0:0:0:0:0:1 - - [09/Jun/2023:10:43:59 +0100] GET /api/am/publisher/v4/apis/e2008266-0324-479d-bcd6-e567778e2e5c/revisions HTTP/1.1 200 404 https://localhost:9443/publisher/apis/e2008266-0324-479d-bcd6-e567778e2e5c/overview Mozilla/5.0 (Windows NT 10.0; Win64; x64) AppleWebKit/537.36 (KHTML, like Gecko) Chrome/114.0.0.0 Safari/537.36 0.004
0:0:0:0:0:0:0:1 - - [09/Jun/2023:10:43:59 +0100] GET /api/am/publisher/v4/apis/e2008266-0324-479d-bcd6-e567778e2e5c/revisions?query=deployed%3Atrue HTTP/1.1 200 404 https://localhost:9443/publisher/apis/e2008266-0324-479d-bcd6-e567778e2e5c/overview Mozilla/5.0 (Windows NT 10.0; Win64; x64) AppleWebKit/537.36 (KHTML, like Gecko) Chrome/114.0.0.0 Safari/537.36 0.004
0:0:0:0:0:0:0:1 - - [09/Jun/2023:10:43:59 +0100] GET /api/am/publisher/v4/apis/e2008266-0324-479d-bcd6-e567778e2e5c/swagger HTTP/1.1 200 2078 https://localhost:9443/publisher/apis/e2008266-0324-479d-bcd6-e567778e2e5c/overview Mozilla/5.0 (Windows NT 10.0; Win64; x64) AppleWebKit/537.36 (KHTML, like Gecko) Chrome/114.0.0.0 Safari/537.36 0.021
0:0:0:0:0:0:0:1 - - [09/Jun/2023:10:43:59 +0100] GET /api/am/publisher/v4/apis/e2008266-0324-479d-bcd6-e567778e2e5c/revisions?query=deployed%3Atrue HTTP/1.1 200 404 https://localhost:9443/publisher/apis/e2008266-0324-479d-bcd6-e567778e2e5c/overview Mozilla/5.0 (Windows NT 10.0; Win64; x64) AppleWebKit/537.36 (KHTML, like Gecko) Chrome/114.0.0.0 Safari/537.36 0.004
0:0:0:0:0:0:0:1 - - [09/Jun/2023:10:43:59 +0100] GET /api/am/publisher/v4/apis/e2008266-0324-479d-bcd6-e567778e2e5c/swagger HTTP/1.1 200 2078 https://localhost:9443/publisher/apis/e2008266-0324-479d-bcd6-e567778e2e5c/overview Mozilla/5.0 (Windows NT 10.0; Win64; x64) AppleWebKit/537.36 (KHTML, like Gecko) Chrome/114.0.0.0 Safari/537.36 0.016
0:0:0:0:0:0:0:1 - - [09/Jun/2023:10:43:59 +0100] GET /api/am/publisher/v4/apis/e2008266-0324-479d-bcd6-e567778e2e5c/revisions?query=deployed%3Atrue HTTP/1.1 200 404 https://localhost:9443/publisher/apis/e2008266-0324-479d-bcd6-e567778e2e5c/overview Mozilla/5.0 (Windows NT 10.0; Win64; x64) AppleWebKit/537.36 (KHTML, like Gecko) Chrome/114.0.0.0 Safari/537.36 0.003
0:0:0:0:0:0:0:1 - - [09/Jun/2023:10:43:59 +0100] GET /api/am/publisher/v4/apis/e2008266-0324-479d-bcd6-e567778e2e5c/swagger HTTP/1.1 200 2078 https://localhost:9443/publisher/apis/e2008266-0324-479d-bcd6-e567778e2e5c/overview Mozilla/5.0 (Windows NT 10.0; Win64; x64) AppleWebKit/537.36 (KHTML, like Gecko) Chrome/114.0.0.0 Safari/537.36 0.018
0:0:0:0:0:0:0:1 - - [09/Jun/2023:10:44:01 +0100] - 400 - - - 0.000
0:0:0:0:0:0:0:1 - - [09/Jun/2023:10:44:01 +0100] GET /api/am/publisher/v4/apis?limit=10&offset=0 HTTP/1.1 200 579 https://localhost:9443/publisher/apis Mozilla/5.0 (Windows NT 10.0; Win64; x64) AppleWebKit/537.36 (KHTML, like Gecko) Chrome/114.0.0.0 Safari/537.36 0.026
127.0.0.1 - - [09/Jun/2023:10:44:03 +0100] GET /internal/data/v1/apis?context=/pizzashack/1.0.0&version=1.0.0&gatewayLabel=Default HTTP/1.1 200 1002 - Apache-HttpClient/4.5.13 (Java/17.0.6) 0.005
127.0.0.1 - - [09/Jun/2023:10:44:03 +0100] GET /internal/data/v1/apis?context=/pizzashack/1.0.0&version=1.0.0&gatewayLabel=Default HTTP/1.1 200 1002 - Apache-HttpClient/4.5.13 (Java/17.0.6) 0.004
127.0.0.1 - - [09/Jun/2023:10:44:03 +0100] GET /internal/data/v1/apis?context=/pizzashack/1.0.0&version=1.0.0&gatewayLabel=Default HTTP/1.1 200 1002 - Apache-HttpClient/4.5.13 (Java/17.0.6) 0.004
127.0.0.1 - - [09/Jun/2023:10:44:04 +0100] GET /internal/data/v1/apis?context=/pizzashack/1.0.0&version=1.0.0&gatewayLabel=Default HTTP/1.1 200 1002 - Apache-HttpClient/4.5.13 (Java/17.0.6) 0.016
0:0:0:0:0:0:0:1 - - [09/Jun/2023:10:44:06 +0100] - 400 - - - 0.000
0:0:0:0:0:0:0:1 - - [09/Jun/2023:10:44:06 +0100] DELETE /api/am/publisher/v4/apis/e2008266-0324-479d-bcd6-e567778e2e5c HTTP/1.1 200 - https://localhost:9443/publisher/apis Mozilla/5.0 (Windows NT 10.0; Win64; x64) AppleWebKit/537.36 (KHTML, like Gecko) Chrome/114.0.0.0 Safari/537.36 0.106
0:0:0:0:0:0:0:1 - - [09/Jun/2023:10:44:06 +0100] GET /api/am/publisher/v4/apis?limit=10&offset=0 HTTP/1.1 200 996 https://localhost:9443/publisher/apis Mozilla/5.0 (Windows NT 10.0; Win64; x64) AppleWebKit/537.36 (KHTML, like Gecko) Chrome/114.0.0.0 Safari/537.36 0.014
