0:0:0:0:0:0:0:1 - - [17/Jun/2023:13:33:31 +0100] GET /api/am/devportal/v3/api-categories HTTP/1.1 200 21 https://localhost:9443/devportal/apis Mozilla/5.0 (Windows NT 10.0; Win64; x64) AppleWebKit/537.36 (KHTML, like Gecko) Chrome/114.0.0.0 Safari/537.36 0.593
0:0:0:0:0:0:0:1 - - [17/Jun/2023:13:33:31 +0100] GET /api/am/devportal/v3/settings HTTP/1.1 200 915 https://localhost:9443/devportal/apis Mozilla/5.0 (Windows NT 10.0; Win64; x64) AppleWebKit/537.36 (KHTML, like Gecko) Chrome/114.0.0.0 Safari/537.36 0.875
0:0:0:0:0:0:0:1 - - [17/Jun/2023:13:33:31 +0100] GET /publisher/site/public/dist/vendors~APICreateRoutes~DeferredDetails.0ce2ce98475cbbfdf471.bundle.js HTTP/1.1 200 233218 https://localhost:9443/publisher/apis/d02418ae-ab94-438a-87c1-83b37ef15067/overview Mozilla/5.0 (Windows NT 10.0; Win64; x64) AppleWebKit/537.36 (KHTML, like Gecko) Chrome/114.0.0.0 Safari/537.36 0.041
0:0:0:0:0:0:0:1 - - [17/Jun/2023:13:33:31 +0100] GET /api/am/devportal/v3/tags HTTP/1.1 200 92 https://localhost:9443/devportal/apis Mozilla/5.0 (Windows NT 10.0; Win64; x64) AppleWebKit/537.36 (KHTML, like Gecko) Chrome/114.0.0.0 Safari/537.36 0.639
0:0:0:0:0:0:0:1 - - [17/Jun/2023:13:33:31 +0100] GET /publisher/site/public/dist/vendors~DeferredDetails~ServiceOverviewSwaggerUI.3ea84b30051dfc22c735.bundle.js HTTP/1.1 200 291792 https://localhost:9443/publisher/apis/d02418ae-ab94-438a-87c1-83b37ef15067/overview Mozilla/5.0 (Windows NT 10.0; Win64; x64) AppleWebKit/537.36 (KHTML, like Gecko) Chrome/114.0.0.0 Safari/537.36 0.044
0:0:0:0:0:0:0:1 - - [17/Jun/2023:13:33:31 +0100] GET /publisher/site/public/dist/vendors~APIDefMonacoEditor~DeferredDetails.0410733b10571837e5bf.bundle.js HTTP/1.1 200 597949 https://localhost:9443/publisher/apis/d02418ae-ab94-438a-87c1-83b37ef15067/overview Mozilla/5.0 (Windows NT 10.0; Win64; x64) AppleWebKit/537.36 (KHTML, like Gecko) Chrome/114.0.0.0 Safari/537.36 0.134
0:0:0:0:0:0:0:1 - - [17/Jun/2023:13:33:31 +0100] GET /api/am/devportal/v3/apis?limit=10&offset=0 HTTP/1.1 200 610 https://localhost:9443/devportal/apis Mozilla/5.0 (Windows NT 10.0; Win64; x64) AppleWebKit/537.36 (KHTML, like Gecko) Chrome/114.0.0.0 Safari/537.36 0.718
0:0:0:0:0:0:0:1 - - [17/Jun/2023:13:33:31 +0100] GET /publisher/site/public/dist/DeferredDetails.3ff6471ca073c3fae95c.bundle.js HTTP/1.1 200 362428 https://localhost:9443/publisher/apis/d02418ae-ab94-438a-87c1-83b37ef15067/overview Mozilla/5.0 (Windows NT 10.0; Win64; x64) AppleWebKit/537.36 (KHTML, like Gecko) Chrome/114.0.0.0 Safari/537.36 0.071
0:0:0:0:0:0:0:1 - - [17/Jun/2023:13:33:31 +0100] GET /publisher/site/public/dist/vendors~DeferredDetails.d8226739a0c79035996f.bundle.js HTTP/1.1 200 816453 https://localhost:9443/publisher/apis/d02418ae-ab94-438a-87c1-83b37ef15067/overview Mozilla/5.0 (Windows NT 10.0; Win64; x64) AppleWebKit/537.36 (KHTML, like Gecko) Chrome/114.0.0.0 Safari/537.36 0.154
0:0:0:0:0:0:0:1 - - [17/Jun/2023:13:33:31 +0100] GET /api/am/devportal/v3/apis/c6b17439-fa73-4d33-a618-bf5b18176cd8/thumbnail HTTP/1.1 204 - https://localhost:9443/devportal/apis Mozilla/5.0 (Windows NT 10.0; Win64; x64) AppleWebKit/537.36 (KHTML, like Gecko) Chrome/114.0.0.0 Safari/537.36 0.023
0:0:0:0:0:0:0:1 - - [17/Jun/2023:13:33:31 +0100] GET /api/am/devportal/v3/apis/6f7f8f85-a5f3-428e-b187-cbdb08192bba/thumbnail HTTP/1.1 204 - https://localhost:9443/devportal/apis Mozilla/5.0 (Windows NT 10.0; Win64; x64) AppleWebKit/537.36 (KHTML, like Gecko) Chrome/114.0.0.0 Safari/537.36 0.020
0:0:0:0:0:0:0:1 - - [17/Jun/2023:13:33:31 +0100] GET /api/am/devportal/v3/apis/d02418ae-ab94-438a-87c1-83b37ef15067/thumbnail HTTP/1.1 204 - https://localhost:9443/devportal/apis Mozilla/5.0 (Windows NT 10.0; Win64; x64) AppleWebKit/537.36 (KHTML, like Gecko) Chrome/114.0.0.0 Safari/537.36 0.024
0:0:0:0:0:0:0:1 - - [17/Jun/2023:13:33:31 +0100] GET /api/am/devportal/v3/apis/d02418ae-ab94-438a-87c1-83b37ef15067/ratings HTTP/1.1 200 125 https://localhost:9443/devportal/apis Mozilla/5.0 (Windows NT 10.0; Win64; x64) AppleWebKit/537.36 (KHTML, like Gecko) Chrome/114.0.0.0 Safari/537.36 0.026
0:0:0:0:0:0:0:1 - - [17/Jun/2023:13:33:31 +0100] GET /api/am/devportal/v3/apis/6f7f8f85-a5f3-428e-b187-cbdb08192bba/ratings HTTP/1.1 200 125 https://localhost:9443/devportal/apis Mozilla/5.0 (Windows NT 10.0; Win64; x64) AppleWebKit/537.36 (KHTML, like Gecko) Chrome/114.0.0.0 Safari/537.36 0.025
0:0:0:0:0:0:0:1 - - [17/Jun/2023:13:33:31 +0100] GET /api/am/devportal/v3/apis/c6b17439-fa73-4d33-a618-bf5b18176cd8/ratings HTTP/1.1 200 125 https://localhost:9443/devportal/apis Mozilla/5.0 (Windows NT 10.0; Win64; x64) AppleWebKit/537.36 (KHTML, like Gecko) Chrome/114.0.0.0 Safari/537.36 0.025
0:0:0:0:0:0:0:1 - - [17/Jun/2023:13:33:32 +0100] GET /api/am/publisher/v4/swagger.yaml HTTP/1.1 200 44514 https://localhost:9443/publisher/apis/d02418ae-ab94-438a-87c1-83b37ef15067/overview Mozilla/5.0 (Windows NT 10.0; Win64; x64) AppleWebKit/537.36 (KHTML, like Gecko) Chrome/114.0.0.0 Safari/537.36 0.012
0:0:0:0:0:0:0:1 - - [17/Jun/2023:13:33:32 +0100] GET /api/am/publisher/v4/tenants?state=active HTTP/1.1 200 96 https://localhost:9443/publisher/apis/d02418ae-ab94-438a-87c1-83b37ef15067/overview Mozilla/5.0 (Windows NT 10.0; Win64; x64) AppleWebKit/537.36 (KHTML, like Gecko) Chrome/114.0.0.0 Safari/537.36 0.004
0:0:0:0:0:0:0:1 - - [17/Jun/2023:13:33:32 +0100] GET /api/am/publisher/v4/apis/d02418ae-ab94-438a-87c1-83b37ef15067 HTTP/1.1 200 1657 https://localhost:9443/publisher/apis/d02418ae-ab94-438a-87c1-83b37ef15067/overview Mozilla/5.0 (Windows NT 10.0; Win64; x64) AppleWebKit/537.36 (KHTML, like Gecko) Chrome/114.0.0.0 Safari/537.36 0.042
0:0:0:0:0:0:0:1 - - [17/Jun/2023:13:33:32 +0100] GET /api/am/publisher/v4/settings HTTP/1.1 200 726 https://localhost:9443/publisher/apis/d02418ae-ab94-438a-87c1-83b37ef15067/overview Mozilla/5.0 (Windows NT 10.0; Win64; x64) AppleWebKit/537.36 (KHTML, like Gecko) Chrome/114.0.0.0 Safari/537.36 0.315
0:0:0:0:0:0:0:1 - - [17/Jun/2023:13:33:33 +0100] GET /api/am/publisher/v4/apis/d02418ae-ab94-438a-87c1-83b37ef15067/revisions?query=deployed%3Atrue HTTP/1.1 200 389 https://localhost:9443/publisher/apis/d02418ae-ab94-438a-87c1-83b37ef15067/overview Mozilla/5.0 (Windows NT 10.0; Win64; x64) AppleWebKit/537.36 (KHTML, like Gecko) Chrome/114.0.0.0 Safari/537.36 0.005
0:0:0:0:0:0:0:1 - - [17/Jun/2023:13:33:33 +0100] GET /api/am/publisher/v4/apis/d02418ae-ab94-438a-87c1-83b37ef15067/revisions HTTP/1.1 200 412 https://localhost:9443/publisher/apis/d02418ae-ab94-438a-87c1-83b37ef15067/overview Mozilla/5.0 (Windows NT 10.0; Win64; x64) AppleWebKit/537.36 (KHTML, like Gecko) Chrome/114.0.0.0 Safari/537.36 0.005
0:0:0:0:0:0:0:1 - - [17/Jun/2023:13:33:33 +0100] GET /api/am/publisher/v4/apis/d02418ae-ab94-438a-87c1-83b37ef15067/revisions?query=deployed%3Atrue HTTP/1.1 200 389 https://localhost:9443/publisher/apis/d02418ae-ab94-438a-87c1-83b37ef15067/overview Mozilla/5.0 (Windows NT 10.0; Win64; x64) AppleWebKit/537.36 (KHTML, like Gecko) Chrome/114.0.0.0 Safari/537.36 0.005
0:0:0:0:0:0:0:1 - - [17/Jun/2023:13:33:33 +0100] GET /api/am/publisher/v4/apis/d02418ae-ab94-438a-87c1-83b37ef15067/swagger HTTP/1.1 200 1277 https://localhost:9443/publisher/apis/d02418ae-ab94-438a-87c1-83b37ef15067/overview Mozilla/5.0 (Windows NT 10.0; Win64; x64) AppleWebKit/537.36 (KHTML, like Gecko) Chrome/114.0.0.0 Safari/537.36 0.021
0:0:0:0:0:0:0:1 - - [17/Jun/2023:13:33:33 +0100] GET /api/am/publisher/v4/apis/d02418ae-ab94-438a-87c1-83b37ef15067/revisions?query=deployed%3Atrue HTTP/1.1 200 389 https://localhost:9443/publisher/apis/d02418ae-ab94-438a-87c1-83b37ef15067/overview Mozilla/5.0 (Windows NT 10.0; Win64; x64) AppleWebKit/537.36 (KHTML, like Gecko) Chrome/114.0.0.0 Safari/537.36 0.007
0:0:0:0:0:0:0:1 - - [17/Jun/2023:13:33:33 +0100] GET /api/am/publisher/v4/apis/d02418ae-ab94-438a-87c1-83b37ef15067/swagger HTTP/1.1 200 1277 https://localhost:9443/publisher/apis/d02418ae-ab94-438a-87c1-83b37ef15067/overview Mozilla/5.0 (Windows NT 10.0; Win64; x64) AppleWebKit/537.36 (KHTML, like Gecko) Chrome/114.0.0.0 Safari/537.36 0.024
0:0:0:0:0:0:0:1 - - [17/Jun/2023:13:33:33 +0100] GET /api/am/publisher/v4/apis/d02418ae-ab94-438a-87c1-83b37ef15067/revisions?query=deployed%3Atrue HTTP/1.1 200 389 https://localhost:9443/publisher/apis/d02418ae-ab94-438a-87c1-83b37ef15067/overview Mozilla/5.0 (Windows NT 10.0; Win64; x64) AppleWebKit/537.36 (KHTML, like Gecko) Chrome/114.0.0.0 Safari/537.36 0.006
0:0:0:0:0:0:0:1 - - [17/Jun/2023:13:33:33 +0100] GET /api/am/publisher/v4/apis/d02418ae-ab94-438a-87c1-83b37ef15067/swagger HTTP/1.1 200 1277 https://localhost:9443/publisher/apis/d02418ae-ab94-438a-87c1-83b37ef15067/overview Mozilla/5.0 (Windows NT 10.0; Win64; x64) AppleWebKit/537.36 (KHTML, like Gecko) Chrome/114.0.0.0 Safari/537.36 0.022
0:0:0:0:0:0:0:1 - - [17/Jun/2023:13:33:34 +0100] GET /devportal/site/public/images/_favicon.ico HTTP/1.1 200 1150 https://localhost:9443/devportal/apis/d02418ae-ab94-438a-87c1-83b37ef15067 Mozilla/5.0 (Windows NT 10.0; Win64; x64) AppleWebKit/537.36 (KHTML, like Gecko) Chrome/114.0.0.0 Safari/537.36 0.001
0:0:0:0:0:0:0:1 - - [17/Jun/2023:13:33:34 +0100] GET /api/am/devportal/v3/apis/d02418ae-ab94-438a-87c1-83b37ef15067 HTTP/1.1 200 1683 https://localhost:9443/devportal/apis/d02418ae-ab94-438a-87c1-83b37ef15067 Mozilla/5.0 (Windows NT 10.0; Win64; x64) AppleWebKit/537.36 (KHTML, like Gecko) Chrome/114.0.0.0 Safari/537.36 0.052
0:0:0:0:0:0:0:1 - - [17/Jun/2023:13:33:34 +0100] GET /devportal/site/public/dist/vendors~APIComments~APIOverview~ApplicationDetails.9553ed9b23431ac21302.bundle.js HTTP/1.1 200 5490 https://localhost:9443/devportal/apis/d02418ae-ab94-438a-87c1-83b37ef15067/overview Mozilla/5.0 (Windows NT 10.0; Win64; x64) AppleWebKit/537.36 (KHTML, like Gecko) Chrome/114.0.0.0 Safari/537.36 0.008
0:0:0:0:0:0:0:1 - - [17/Jun/2023:13:33:34 +0100] GET /devportal/site/public/dist/vendors~APIOverview~MDReactMarkdown.c8e68cd152f6972597f4.bundle.js HTTP/1.1 200 23172 https://localhost:9443/devportal/apis/d02418ae-ab94-438a-87c1-83b37ef15067/overview Mozilla/5.0 (Windows NT 10.0; Win64; x64) AppleWebKit/537.36 (KHTML, like Gecko) Chrome/114.0.0.0 Safari/537.36 0.010
0:0:0:0:0:0:0:1 - - [17/Jun/2023:13:33:34 +0100] GET /devportal/site/public/images/leftMenuBack.png HTTP/1.1 200 5308 https://localhost:9443/devportal/apis/d02418ae-ab94-438a-87c1-83b37ef15067/overview Mozilla/5.0 (Windows NT 10.0; Win64; x64) AppleWebKit/537.36 (KHTML, like Gecko) Chrome/114.0.0.0 Safari/537.36 0.008
0:0:0:0:0:0:0:1 - - [17/Jun/2023:13:33:34 +0100] GET /devportal/site/public/images/_favicon.ico HTTP/1.1 200 1150 https://localhost:9443/devportal/apis/d02418ae-ab94-438a-87c1-83b37ef15067/overview Mozilla/5.0 (Windows NT 10.0; Win64; x64) AppleWebKit/537.36 (KHTML, like Gecko) Chrome/114.0.0.0 Safari/537.36 0.001
0:0:0:0:0:0:0:1 - - [17/Jun/2023:13:33:34 +0100] GET /devportal/site/public/dist/vendors~APIDocuments~APIOverview.f394ac01608a94b6dd74.bundle.js HTTP/1.1 200 34374 https://localhost:9443/devportal/apis/d02418ae-ab94-438a-87c1-83b37ef15067/overview Mozilla/5.0 (Windows NT 10.0; Win64; x64) AppleWebKit/537.36 (KHTML, like Gecko) Chrome/114.0.0.0 Safari/537.36 0.013
0:0:0:0:0:0:0:1 - - [17/Jun/2023:13:33:34 +0100] GET /devportal/site/public/dist/APIOverview.9b9a6e01add6e880d662.bundle.js HTTP/1.1 200 20063 https://localhost:9443/devportal/apis/d02418ae-ab94-438a-87c1-83b37ef15067/overview Mozilla/5.0 (Windows NT 10.0; Win64; x64) AppleWebKit/537.36 (KHTML, like Gecko) Chrome/114.0.0.0 Safari/537.36 0.009
0:0:0:0:0:0:0:1 - - [17/Jun/2023:13:33:34 +0100] GET /api/am/devportal/v3/applications?limit=5000 HTTP/1.1 200 493 https://localhost:9443/devportal/apis/d02418ae-ab94-438a-87c1-83b37ef15067 Mozilla/5.0 (Windows NT 10.0; Win64; x64) AppleWebKit/537.36 (KHTML, like Gecko) Chrome/114.0.0.0 Safari/537.36 0.127
0:0:0:0:0:0:0:1 - - [17/Jun/2023:13:33:34 +0100] GET /devportal/site/public/dist/vendors~APIConsole~APIDocuments~APIOverview.351585fe0b19dbf2f65f.bundle.js HTTP/1.1 200 224002 https://localhost:9443/devportal/apis/d02418ae-ab94-438a-87c1-83b37ef15067/overview Mozilla/5.0 (Windows NT 10.0; Win64; x64) AppleWebKit/537.36 (KHTML, like Gecko) Chrome/114.0.0.0 Safari/537.36 0.041
0:0:0:0:0:0:0:1 - - [17/Jun/2023:13:33:34 +0100] GET /api/am/devportal/v3/apis/d02418ae-ab94-438a-87c1-83b37ef15067/documents HTTP/1.1 200 92 https://localhost:9443/devportal/apis/d02418ae-ab94-438a-87c1-83b37ef15067/overview Mozilla/5.0 (Windows NT 10.0; Win64; x64) AppleWebKit/537.36 (KHTML, like Gecko) Chrome/114.0.0.0 Safari/537.36 0.021
0:0:0:0:0:0:0:1 - - [17/Jun/2023:13:33:34 +0100] GET /api/am/devportal/v3/apis/d02418ae-ab94-438a-87c1-83b37ef15067/documents HTTP/1.1 200 92 https://localhost:9443/devportal/apis/d02418ae-ab94-438a-87c1-83b37ef15067/overview Mozilla/5.0 (Windows NT 10.0; Win64; x64) AppleWebKit/537.36 (KHTML, like Gecko) Chrome/114.0.0.0 Safari/537.36 0.012
0:0:0:0:0:0:0:1 - - [17/Jun/2023:13:33:34 +0100] GET /api/am/devportal/v3/throttling-policies/subscription HTTP/1.1 200 634 https://localhost:9443/devportal/apis/d02418ae-ab94-438a-87c1-83b37ef15067/overview Mozilla/5.0 (Windows NT 10.0; Win64; x64) AppleWebKit/537.36 (KHTML, like Gecko) Chrome/114.0.0.0 Safari/537.36 0.044
0:0:0:0:0:0:0:1 - - [17/Jun/2023:13:33:34 +0100] GET /api/am/devportal/v3/throttling-policies/subscription HTTP/1.1 200 634 https://localhost:9443/devportal/apis/d02418ae-ab94-438a-87c1-83b37ef15067/overview Mozilla/5.0 (Windows NT 10.0; Win64; x64) AppleWebKit/537.36 (KHTML, like Gecko) Chrome/114.0.0.0 Safari/537.36 0.007
0:0:0:0:0:0:0:1 - - [17/Jun/2023:13:33:35 +0100] GET /api/am/devportal/v3/apis/d02418ae-ab94-438a-87c1-83b37ef15067/ratings HTTP/1.1 200 125 https://localhost:9443/devportal/apis/d02418ae-ab94-438a-87c1-83b37ef15067/overview Mozilla/5.0 (Windows NT 10.0; Win64; x64) AppleWebKit/537.36 (KHTML, like Gecko) Chrome/114.0.0.0 Safari/537.36 0.008
0:0:0:0:0:0:0:1 - - [17/Jun/2023:13:33:35 +0100] GET /api/am/devportal/v3/apis/d02418ae-ab94-438a-87c1-83b37ef15067/thumbnail HTTP/1.1 204 - https://localhost:9443/devportal/apis/d02418ae-ab94-438a-87c1-83b37ef15067/overview Mozilla/5.0 (Windows NT 10.0; Win64; x64) AppleWebKit/537.36 (KHTML, like Gecko) Chrome/114.0.0.0 Safari/537.36 0.010
0:0:0:0:0:0:0:1 - - [17/Jun/2023:13:33:35 +0100] GET /api/am/devportal/v3/apis/d02418ae-ab94-438a-87c1-83b37ef15067/comments?limit=5&offset=0 HTTP/1.1 200 101 https://localhost:9443/devportal/apis/d02418ae-ab94-438a-87c1-83b37ef15067/overview Mozilla/5.0 (Windows NT 10.0; Win64; x64) AppleWebKit/537.36 (KHTML, like Gecko) Chrome/114.0.0.0 Safari/537.36 0.022
127.0.0.1 - - [17/Jun/2023:13:33:35 +0100] GET /keymanager-operations/dcr/register/SEdFbjNMa0NQb0VEd1NHcVR0bDZxc3FVbGowYQ%3D%3D HTTP/1.1 200 531 - Apache-HttpClient/4.5.13 (Java/17.0.6) 0.551
127.0.0.1 - - [17/Jun/2023:13:33:35 +0100] GET /keymanager-operations/dcr/register/SEdFbjNMa0NQb0VEd1NHcVR0bDZxc3FVbGowYQ%3D%3D HTTP/1.1 200 531 - Apache-HttpClient/4.5.13 (Java/17.0.6) 0.551
0:0:0:0:0:0:0:1 - - [17/Jun/2023:13:33:35 +0100] GET /api/am/devportal/v3/subscriptions?apiId=d02418ae-ab94-438a-87c1-83b37ef15067&limit=25 HTTP/1.1 200 713 https://localhost:9443/devportal/apis/d02418ae-ab94-438a-87c1-83b37ef15067 Mozilla/5.0 (Windows NT 10.0; Win64; x64) AppleWebKit/537.36 (KHTML, like Gecko) Chrome/114.0.0.0 Safari/537.36 0.597
0:0:0:0:0:0:0:1 - - [17/Jun/2023:13:33:35 +0100] GET /api/am/devportal/v3/subscriptions?apiId=d02418ae-ab94-438a-87c1-83b37ef15067&limit=5000 HTTP/1.1 200 715 https://localhost:9443/devportal/apis/d02418ae-ab94-438a-87c1-83b37ef15067 Mozilla/5.0 (Windows NT 10.0; Win64; x64) AppleWebKit/537.36 (KHTML, like Gecko) Chrome/114.0.0.0 Safari/537.36 0.597
0:0:0:0:0:0:0:1 - - [17/Jun/2023:13:33:35 +0100] GET /devportal/site/public/dist/vendors~APIConsole~APIDocuments~ApplicationDetails.632f7f3618b917dd72cb.bundle.js HTTP/1.1 200 25476 https://localhost:9443/devportal/apis/d02418ae-ab94-438a-87c1-83b37ef15067/test Mozilla/5.0 (Windows NT 10.0; Win64; x64) AppleWebKit/537.36 (KHTML, like Gecko) Chrome/114.0.0.0 Safari/537.36 0.009
0:0:0:0:0:0:0:1 - - [17/Jun/2023:13:33:35 +0100] GET /devportal/site/public/dist/vendors~APIConsole~GraphQLConsole.fdedfa5fe9df001a3725.bundle.js HTTP/1.1 200 55674 https://localhost:9443/devportal/apis/d02418ae-ab94-438a-87c1-83b37ef15067/test Mozilla/5.0 (Windows NT 10.0; Win64; x64) AppleWebKit/537.36 (KHTML, like Gecko) Chrome/114.0.0.0 Safari/537.36 0.023
0:0:0:0:0:0:0:1 - - [17/Jun/2023:13:33:35 +0100] GET /devportal/site/public/images/_favicon.ico HTTP/1.1 200 1150 https://localhost:9443/devportal/apis/d02418ae-ab94-438a-87c1-83b37ef15067/test Mozilla/5.0 (Windows NT 10.0; Win64; x64) AppleWebKit/537.36 (KHTML, like Gecko) Chrome/114.0.0.0 Safari/537.36 0.003
0:0:0:0:0:0:0:1 - - [17/Jun/2023:13:33:35 +0100] GET /devportal/site/public/dist/5.57286c37eacce5fafae0.bundle.js HTTP/1.1 200 84080 https://localhost:9443/devportal/apis/d02418ae-ab94-438a-87c1-83b37ef15067/test Mozilla/5.0 (Windows NT 10.0; Win64; x64) AppleWebKit/537.36 (KHTML, like Gecko) Chrome/114.0.0.0 Safari/537.36 0.032
0:0:0:0:0:0:0:1 - - [17/Jun/2023:13:33:35 +0100] GET /devportal/site/public/dist/APIConsole.b3e80a9dce3816857c0c.bundle.js HTTP/1.1 200 1748096 https://localhost:9443/devportal/apis/d02418ae-ab94-438a-87c1-83b37ef15067/test Mozilla/5.0 (Windows NT 10.0; Win64; x64) AppleWebKit/537.36 (KHTML, like Gecko) Chrome/114.0.0.0 Safari/537.36 0.210
0:0:0:0:0:0:0:1 - - [17/Jun/2023:13:33:35 +0100] GET /api/am/devportal/v3/apis/d02418ae-ab94-438a-87c1-83b37ef15067 HTTP/1.1 200 1683 https://localhost:9443/devportal/apis/d02418ae-ab94-438a-87c1-83b37ef15067/test Mozilla/5.0 (Windows NT 10.0; Win64; x64) AppleWebKit/537.36 (KHTML, like Gecko) Chrome/114.0.0.0 Safari/537.36 0.019
0:0:0:0:0:0:0:1 - - [17/Jun/2023:13:33:35 +0100] GET /api/am/devportal/v3/apis/d02418ae-ab94-438a-87c1-83b37ef15067/swagger?environmentName=Default HTTP/1.1 200 928 https://localhost:9443/devportal/apis/d02418ae-ab94-438a-87c1-83b37ef15067/test Mozilla/5.0 (Windows NT 10.0; Win64; x64) AppleWebKit/537.36 (KHTML, like Gecko) Chrome/114.0.0.0 Safari/537.36 0.031
0:0:0:0:0:0:0:1 - - [17/Jun/2023:13:33:36 +0100] GET /api/am/devportal/v3/swagger.yaml HTTP/1.1 200 26878 https://localhost:9443/devportal/apis/d02418ae-ab94-438a-87c1-83b37ef15067/test Mozilla/5.0 (Windows NT 10.0; Win64; x64) AppleWebKit/537.36 (KHTML, like Gecko) Chrome/114.0.0.0 Safari/537.36 0.013
127.0.0.1 - - [17/Jun/2023:13:33:36 +0100] GET /oauth2/token/.well-known/openid-configuration HTTP/1.1 200 2395 - Apache-HttpClient/4.5.13 (Java/17.0.6) 0.003
127.0.0.1 - - [17/Jun/2023:13:33:36 +0100] GET /keymanager-operations/dcr/register/SEdFbjNMa0NQb0VEd1NHcVR0bDZxc3FVbGowYQ%3D%3D HTTP/1.1 200 531 - Apache-HttpClient/4.5.13 (Java/17.0.6) 0.004
0:0:0:0:0:0:0:1 - - [17/Jun/2023:13:33:36 +0100] GET /api/am/devportal/v3/subscriptions?apiId=d02418ae-ab94-438a-87c1-83b37ef15067&limit=25 HTTP/1.1 200 713 https://localhost:9443/devportal/apis/d02418ae-ab94-438a-87c1-83b37ef15067/test Mozilla/5.0 (Windows NT 10.0; Win64; x64) AppleWebKit/537.36 (KHTML, like Gecko) Chrome/114.0.0.0 Safari/537.36 0.028
0:0:0:0:0:0:0:1 - - [17/Jun/2023:13:33:36 +0100] GET /api/am/devportal/v3/key-managers HTTP/1.1 200 763 https://localhost:9443/devportal/apis/d02418ae-ab94-438a-87c1-83b37ef15067/test Mozilla/5.0 (Windows NT 10.0; Win64; x64) AppleWebKit/537.36 (KHTML, like Gecko) Chrome/114.0.0.0 Safari/537.36 0.058
127.0.0.1 - - [17/Jun/2023:13:33:36 +0100] GET /keymanager-operations/dcr/register/SEdFbjNMa0NQb0VEd1NHcVR0bDZxc3FVbGowYQ%3D%3D HTTP/1.1 200 531 - Apache-HttpClient/4.5.13 (Java/17.0.6) 0.004
0:0:0:0:0:0:0:1 - - [17/Jun/2023:13:33:36 +0100] GET /api/am/devportal/v3/subscriptions?apiId=d02418ae-ab94-438a-87c1-83b37ef15067&limit=25 HTTP/1.1 200 713 https://localhost:9443/devportal/apis/d02418ae-ab94-438a-87c1-83b37ef15067/test Mozilla/5.0 (Windows NT 10.0; Win64; x64) AppleWebKit/537.36 (KHTML, like Gecko) Chrome/114.0.0.0 Safari/537.36 0.048
0:0:0:0:0:0:0:1 - - [17/Jun/2023:13:33:36 +0100] GET /api/am/devportal/v3/applications/ HTTP/1.1 200 492 https://localhost:9443/devportal/apis/d02418ae-ab94-438a-87c1-83b37ef15067/test Mozilla/5.0 (Windows NT 10.0; Win64; x64) AppleWebKit/537.36 (KHTML, like Gecko) Chrome/114.0.0.0 Safari/537.36 0.009
0:0:0:0:0:0:0:1 - - [17/Jun/2023:13:33:36 +0100] GET /api/am/devportal/v3/swagger.yaml HTTP/1.1 200 26878 https://localhost:9443/devportal/apis/d02418ae-ab94-438a-87c1-83b37ef15067/test Mozilla/5.0 (Windows NT 10.0; Win64; x64) AppleWebKit/537.36 (KHTML, like Gecko) Chrome/114.0.0.0 Safari/537.36 0.006
127.0.0.1 - - [17/Jun/2023:13:33:36 +0100] GET /keymanager-operations/dcr/register/SEdFbjNMa0NQb0VEd1NHcVR0bDZxc3FVbGowYQ%3D%3D HTTP/1.1 200 531 - Apache-HttpClient/4.5.13 (Java/17.0.6) 0.002
0:0:0:0:0:0:0:1 - - [17/Jun/2023:13:33:36 +0100] GET /api/am/devportal/v3/applications/6cc3231f-f7b9-437e-93fd-41d67fc514af HTTP/1.1 200 503 https://localhost:9443/devportal/apis/d02418ae-ab94-438a-87c1-83b37ef15067/test Mozilla/5.0 (Windows NT 10.0; Win64; x64) AppleWebKit/537.36 (KHTML, like Gecko) Chrome/114.0.0.0 Safari/537.36 0.026
127.0.0.1 - - [17/Jun/2023:13:33:36 +0100] GET /keymanager-operations/dcr/register/SEdFbjNMa0NQb0VEd1NHcVR0bDZxc3FVbGowYQ%3D%3D HTTP/1.1 200 531 - Apache-HttpClient/4.5.13 (Java/17.0.6) 0.003
0:0:0:0:0:0:0:1 - - [17/Jun/2023:13:33:36 +0100] GET /api/am/devportal/v3/applications/6cc3231f-f7b9-437e-93fd-41d67fc514af/oauth-keys HTTP/1.1 200 679 https://localhost:9443/devportal/apis/d02418ae-ab94-438a-87c1-83b37ef15067/test Mozilla/5.0 (Windows NT 10.0; Win64; x64) AppleWebKit/537.36 (KHTML, like Gecko) Chrome/114.0.0.0 Safari/537.36 0.017
0:0:0:0:0:0:0:1 - - [17/Jun/2023:13:33:36 +0100] GET /api/am/devportal/v3/swagger.yaml HTTP/1.1 200 26878 https://localhost:9443/devportal/apis/d02418ae-ab94-438a-87c1-83b37ef15067/test Mozilla/5.0 (Windows NT 10.0; Win64; x64) AppleWebKit/537.36 (KHTML, like Gecko) Chrome/114.0.0.0 Safari/537.36 0.007
0:0:0:0:0:0:0:1 - - [17/Jun/2023:13:33:36 +0100] GET /api/am/devportal/v3/swagger.yaml HTTP/1.1 200 26878 https://localhost:9443/devportal/apis/d02418ae-ab94-438a-87c1-83b37ef15067/test Mozilla/5.0 (Windows NT 10.0; Win64; x64) AppleWebKit/537.36 (KHTML, like Gecko) Chrome/114.0.0.0 Safari/537.36 0.009
127.0.0.1 - - [17/Jun/2023:13:33:36 +0100] GET /keymanager-operations/dcr/register/SEdFbjNMa0NQb0VEd1NHcVR0bDZxc3FVbGowYQ%3D%3D HTTP/1.1 200 531 - Apache-HttpClient/4.5.13 (Java/17.0.6) 0.002
0:0:0:0:0:0:0:1 - - [17/Jun/2023:13:33:36 +0100] GET /api/am/devportal/v3/applications/6cc3231f-f7b9-437e-93fd-41d67fc514af HTTP/1.1 200 503 https://localhost:9443/devportal/apis/d02418ae-ab94-438a-87c1-83b37ef15067/test Mozilla/5.0 (Windows NT 10.0; Win64; x64) AppleWebKit/537.36 (KHTML, like Gecko) Chrome/114.0.0.0 Safari/537.36 0.010
127.0.0.1 - - [17/Jun/2023:13:33:36 +0100] GET /keymanager-operations/dcr/register/SEdFbjNMa0NQb0VEd1NHcVR0bDZxc3FVbGowYQ%3D%3D HTTP/1.1 200 531 - Apache-HttpClient/4.5.13 (Java/17.0.6) 0.003
127.0.0.1 - - [17/Jun/2023:13:33:36 +0100] GET /keymanager-operations/dcr/register/SEdFbjNMa0NQb0VEd1NHcVR0bDZxc3FVbGowYQ%3D%3D HTTP/1.1 200 531 - Apache-HttpClient/4.5.13 (Java/17.0.6) 0.001
0:0:0:0:0:0:0:1 - - [17/Jun/2023:13:33:36 +0100] GET /api/am/devportal/v3/applications/6cc3231f-f7b9-437e-93fd-41d67fc514af/oauth-keys HTTP/1.1 200 679 https://localhost:9443/devportal/apis/d02418ae-ab94-438a-87c1-83b37ef15067/test Mozilla/5.0 (Windows NT 10.0; Win64; x64) AppleWebKit/537.36 (KHTML, like Gecko) Chrome/114.0.0.0 Safari/537.36 0.006
0:0:0:0:0:0:0:1 - - [17/Jun/2023:13:33:36 +0100] GET /api/am/devportal/v3/applications/6cc3231f-f7b9-437e-93fd-41d67fc514af HTTP/1.1 200 503 https://localhost:9443/devportal/apis/d02418ae-ab94-438a-87c1-83b37ef15067/test Mozilla/5.0 (Windows NT 10.0; Win64; x64) AppleWebKit/537.36 (KHTML, like Gecko) Chrome/114.0.0.0 Safari/537.36 0.008
127.0.0.1 - - [17/Jun/2023:13:33:36 +0100] GET /keymanager-operations/dcr/register/SEdFbjNMa0NQb0VEd1NHcVR0bDZxc3FVbGowYQ%3D%3D HTTP/1.1 200 531 - Apache-HttpClient/4.5.13 (Java/17.0.6) 0.002
0:0:0:0:0:0:0:1 - - [17/Jun/2023:13:33:36 +0100] GET /api/am/devportal/v3/applications/6cc3231f-f7b9-437e-93fd-41d67fc514af/oauth-keys HTTP/1.1 200 679 https://localhost:9443/devportal/apis/d02418ae-ab94-438a-87c1-83b37ef15067/test Mozilla/5.0 (Windows NT 10.0; Win64; x64) AppleWebKit/537.36 (KHTML, like Gecko) Chrome/114.0.0.0 Safari/537.36 0.009
0:0:0:0:0:0:0:1 - - [17/Jun/2023:13:33:37 +0100] GET /api/am/devportal/v3/swagger.yaml HTTP/1.1 200 26878 https://localhost:9443/devportal/apis/d02418ae-ab94-438a-87c1-83b37ef15067/test Mozilla/5.0 (Windows NT 10.0; Win64; x64) AppleWebKit/537.36 (KHTML, like Gecko) Chrome/114.0.0.0 Safari/537.36 0.009
127.0.0.1 - - [17/Jun/2023:13:33:37 +0100] GET /keymanager-operations/dcr/register/SEdFbjNMa0NQb0VEd1NHcVR0bDZxc3FVbGowYQ%3D%3D HTTP/1.1 200 531 - Apache-HttpClient/4.5.13 (Java/17.0.6) 0.003
0:0:0:0:0:0:0:1 - - [17/Jun/2023:13:33:37 +0100] GET /api/am/devportal/v3/applications/6cc3231f-f7b9-437e-93fd-41d67fc514af HTTP/1.1 200 503 https://localhost:9443/devportal/apis/d02418ae-ab94-438a-87c1-83b37ef15067/test Mozilla/5.0 (Windows NT 10.0; Win64; x64) AppleWebKit/537.36 (KHTML, like Gecko) Chrome/114.0.0.0 Safari/537.36 0.010
127.0.0.1 - - [17/Jun/2023:13:33:37 +0100] GET /keymanager-operations/dcr/register/SEdFbjNMa0NQb0VEd1NHcVR0bDZxc3FVbGowYQ%3D%3D HTTP/1.1 200 531 - Apache-HttpClient/4.5.13 (Java/17.0.6) 0.002
0:0:0:0:0:0:0:1 - - [17/Jun/2023:13:33:37 +0100] GET /api/am/devportal/v3/applications/6cc3231f-f7b9-437e-93fd-41d67fc514af/oauth-keys HTTP/1.1 200 679 https://localhost:9443/devportal/apis/d02418ae-ab94-438a-87c1-83b37ef15067/test Mozilla/5.0 (Windows NT 10.0; Win64; x64) AppleWebKit/537.36 (KHTML, like Gecko) Chrome/114.0.0.0 Safari/537.36 0.008
127.0.0.1 - - [17/Jun/2023:13:33:37 +0100] GET /keymanager-operations/dcr/register/SEdFbjNMa0NQb0VEd1NHcVR0bDZxc3FVbGowYQ%3D%3D HTTP/1.1 200 531 - Apache-HttpClient/4.5.13 (Java/17.0.6) 0.002
127.0.0.1 - - [17/Jun/2023:13:33:37 +0100] GET /keymanager-operations/dcr/register/SEdFbjNMa0NQb0VEd1NHcVR0bDZxc3FVbGowYQ%3D%3D HTTP/1.1 200 531 - Apache-HttpClient/4.5.13 (Java/17.0.6) 0.003
127.0.0.1 - - [17/Jun/2023:13:33:37 +0100] POST /oauth2/token HTTP/1.1 200 1190 - Apache-HttpClient/4.5.13 (Java/17.0.6) 0.045
0:0:0:0:0:0:0:1 - - [17/Jun/2023:13:33:37 +0100] POST /api/am/devportal/v3/applications/6cc3231f-f7b9-437e-93fd-41d67fc514af/oauth-keys/938ecc53-bc18-450d-be7f-559f13ed7b8d/generate-token HTTP/1.1 200 896 https://localhost:9443/devportal/apis/d02418ae-ab94-438a-87c1-83b37ef15067/test Mozilla/5.0 (Windows NT 10.0; Win64; x64) AppleWebKit/537.36 (KHTML, like Gecko) Chrome/114.0.0.0 Safari/537.36 0.207
127.0.0.1 - - [17/Jun/2023:13:33:37 +0100] POST /internal/data/v1/notify HTTP/1.1 200 - - Apache-HttpClient/4.5.13 (Java/17.0.6) 0.194
127.0.0.1 - - [17/Jun/2023:13:41:17 +0100] GET /api/am/service-catalog/v1/services HTTP/1.1 200 976 - Java/11.0.8-internal 4.647
127.0.0.1 - - [17/Jun/2023:13:41:17 +0100] POST /api/am/service-catalog/v1/services/import?overwrite=true HTTP/1.1 200 209 - Java/11.0.8-internal 0.039
127.0.0.1 - - [17/Jun/2023:13:45:59 +0100] GET /api/am/service-catalog/v1/services HTTP/1.1 200 976 - Java/11.0.8-internal 4.638
127.0.0.1 - - [17/Jun/2023:13:45:59 +0100] POST /api/am/service-catalog/v1/services/import?overwrite=true HTTP/1.1 200 209 - Java/11.0.8-internal 0.046
127.0.0.1 - - [17/Jun/2023:13:48:06 +0100] GET /api/am/service-catalog/v1/services HTTP/1.1 200 976 - Java/11.0.8-internal 4.630
127.0.0.1 - - [17/Jun/2023:13:48:07 +0100] POST /api/am/service-catalog/v1/services/import?overwrite=true HTTP/1.1 200 32 - Java/11.0.8-internal 0.039
127.0.0.1 - - [17/Jun/2023:13:55:25 +0100] GET /api/am/service-catalog/v1/services HTTP/1.1 200 976 - Java/11.0.8-internal 4.616
127.0.0.1 - - [17/Jun/2023:13:55:25 +0100] POST /api/am/service-catalog/v1/services/import?overwrite=true HTTP/1.1 200 32 - Java/11.0.8-internal 0.051
0:0:0:0:0:0:0:1 - - [17/Jun/2023:14:00:25 +0100] - 400 - - - 0.000
0:0:0:0:0:0:0:1 - - [17/Jun/2023:14:00:25 +0100] - 400 - - - 0.000
0:0:0:0:0:0:0:1 - - [17/Jun/2023:14:00:25 +0100] - 400 - - - 0.000
0:0:0:0:0:0:0:1 - - [17/Jun/2023:14:00:25 +0100] - 400 - - - 0.000
0:0:0:0:0:0:0:1 - - [17/Jun/2023:14:00:25 +0100] GET /devportal/site/public/images/_favicon.ico HTTP/1.1 200 1150 https://localhost:9443/devportal/apis Mozilla/5.0 (Windows NT 10.0; Win64; x64) AppleWebKit/537.36 (KHTML, like Gecko) Chrome/114.0.0.0 Safari/537.36 0.005
0:0:0:0:0:0:0:1 - - [17/Jun/2023:14:00:25 +0100] GET /devportal/site/public/images/_favicon.ico HTTP/1.1 200 1150 https://localhost:9443/devportal/apis Mozilla/5.0 (Windows NT 10.0; Win64; x64) AppleWebKit/537.36 (KHTML, like Gecko) Chrome/114.0.0.0 Safari/537.36 0.001
0:0:0:0:0:0:0:1 - - [17/Jun/2023:14:00:30 +0100] GET /api/am/devportal/v3/api-categories HTTP/1.1 200 21 https://localhost:9443/devportal/apis Mozilla/5.0 (Windows NT 10.0; Win64; x64) AppleWebKit/537.36 (KHTML, like Gecko) Chrome/114.0.0.0 Safari/537.36 4.614
0:0:0:0:0:0:0:1 - - [17/Jun/2023:14:00:30 +0100] GET /api/am/devportal/v3/tags HTTP/1.1 200 92 https://localhost:9443/devportal/apis Mozilla/5.0 (Windows NT 10.0; Win64; x64) AppleWebKit/537.36 (KHTML, like Gecko) Chrome/114.0.0.0 Safari/537.36 4.631
0:0:0:0:0:0:0:1 - - [17/Jun/2023:14:00:30 +0100] GET /api/am/devportal/v3/apis?limit=10&offset=0 HTTP/1.1 200 610 https://localhost:9443/devportal/apis Mozilla/5.0 (Windows NT 10.0; Win64; x64) AppleWebKit/537.36 (KHTML, like Gecko) Chrome/114.0.0.0 Safari/537.36 4.659
0:0:0:0:0:0:0:1 - - [17/Jun/2023:14:00:30 +0100] - 400 - - - 0.000
0:0:0:0:0:0:0:1 - - [17/Jun/2023:14:00:30 +0100] - 400 - - - 0.000
0:0:0:0:0:0:0:1 - - [17/Jun/2023:14:00:30 +0100] GET /api/am/devportal/v3/apis/d02418ae-ab94-438a-87c1-83b37ef15067/ratings HTTP/1.1 200 125 https://localhost:9443/devportal/apis Mozilla/5.0 (Windows NT 10.0; Win64; x64) AppleWebKit/537.36 (KHTML, like Gecko) Chrome/114.0.0.0 Safari/537.36 0.025
0:0:0:0:0:0:0:1 - - [17/Jun/2023:14:00:30 +0100] GET /api/am/devportal/v3/apis/c6b17439-fa73-4d33-a618-bf5b18176cd8/ratings HTTP/1.1 200 125 https://localhost:9443/devportal/apis Mozilla/5.0 (Windows NT 10.0; Win64; x64) AppleWebKit/537.36 (KHTML, like Gecko) Chrome/114.0.0.0 Safari/537.36 0.023
0:0:0:0:0:0:0:1 - - [17/Jun/2023:14:00:30 +0100] GET /api/am/devportal/v3/apis/6f7f8f85-a5f3-428e-b187-cbdb08192bba/ratings HTTP/1.1 200 125 https://localhost:9443/devportal/apis Mozilla/5.0 (Windows NT 10.0; Win64; x64) AppleWebKit/537.36 (KHTML, like Gecko) Chrome/114.0.0.0 Safari/537.36 0.018
0:0:0:0:0:0:0:1 - - [17/Jun/2023:14:00:30 +0100] GET /api/am/devportal/v3/apis/c6b17439-fa73-4d33-a618-bf5b18176cd8/thumbnail HTTP/1.1 204 - https://localhost:9443/devportal/apis Mozilla/5.0 (Windows NT 10.0; Win64; x64) AppleWebKit/537.36 (KHTML, like Gecko) Chrome/114.0.0.0 Safari/537.36 0.028
0:0:0:0:0:0:0:1 - - [17/Jun/2023:14:00:30 +0100] GET /api/am/devportal/v3/apis/6f7f8f85-a5f3-428e-b187-cbdb08192bba/thumbnail HTTP/1.1 204 - https://localhost:9443/devportal/apis Mozilla/5.0 (Windows NT 10.0; Win64; x64) AppleWebKit/537.36 (KHTML, like Gecko) Chrome/114.0.0.0 Safari/537.36 0.030
0:0:0:0:0:0:0:1 - - [17/Jun/2023:14:00:30 +0100] GET /api/am/devportal/v3/apis/d02418ae-ab94-438a-87c1-83b37ef15067/thumbnail HTTP/1.1 204 - https://localhost:9443/devportal/apis Mozilla/5.0 (Windows NT 10.0; Win64; x64) AppleWebKit/537.36 (KHTML, like Gecko) Chrome/114.0.0.0 Safari/537.36 0.037
0:0:0:0:0:0:0:1 - - [17/Jun/2023:14:00:33 +0100] GET /devportal/site/public/images/_favicon.ico HTTP/1.1 200 1150 https://localhost:9443/devportal/apis/d02418ae-ab94-438a-87c1-83b37ef15067 Mozilla/5.0 (Windows NT 10.0; Win64; x64) AppleWebKit/537.36 (KHTML, like Gecko) Chrome/114.0.0.0 Safari/537.36 0.003
0:0:0:0:0:0:0:1 - - [17/Jun/2023:14:00:33 +0100] GET /api/am/devportal/v3/applications?limit=5000 HTTP/1.1 200 493 https://localhost:9443/devportal/apis/d02418ae-ab94-438a-87c1-83b37ef15067 Mozilla/5.0 (Windows NT 10.0; Win64; x64) AppleWebKit/537.36 (KHTML, like Gecko) Chrome/114.0.0.0 Safari/537.36 0.019
0:0:0:0:0:0:0:1 - - [17/Jun/2023:14:00:33 +0100] GET /api/am/devportal/v3/apis/d02418ae-ab94-438a-87c1-83b37ef15067 HTTP/1.1 200 1683 https://localhost:9443/devportal/apis/d02418ae-ab94-438a-87c1-83b37ef15067 Mozilla/5.0 (Windows NT 10.0; Win64; x64) AppleWebKit/537.36 (KHTML, like Gecko) Chrome/114.0.0.0 Safari/537.36 0.022
127.0.0.1 - - [17/Jun/2023:14:00:34 +0100] GET /keymanager-operations/dcr/register/SEdFbjNMa0NQb0VEd1NHcVR0bDZxc3FVbGowYQ%3D%3D HTTP/1.1 200 531 - Apache-HttpClient/4.5.13 (Java/17.0.6) 0.006
127.0.0.1 - - [17/Jun/2023:14:00:34 +0100] GET /keymanager-operations/dcr/register/SEdFbjNMa0NQb0VEd1NHcVR0bDZxc3FVbGowYQ%3D%3D HTTP/1.1 200 531 - Apache-HttpClient/4.5.13 (Java/17.0.6) 0.006
0:0:0:0:0:0:0:1 - - [17/Jun/2023:14:00:34 +0100] GET /api/am/devportal/v3/subscriptions?apiId=d02418ae-ab94-438a-87c1-83b37ef15067&limit=25 HTTP/1.1 200 713 https://localhost:9443/devportal/apis/d02418ae-ab94-438a-87c1-83b37ef15067 Mozilla/5.0 (Windows NT 10.0; Win64; x64) AppleWebKit/537.36 (KHTML, like Gecko) Chrome/114.0.0.0 Safari/537.36 0.059
0:0:0:0:0:0:0:1 - - [17/Jun/2023:14:00:34 +0100] GET /api/am/devportal/v3/subscriptions?apiId=d02418ae-ab94-438a-87c1-83b37ef15067&limit=5000 HTTP/1.1 200 715 https://localhost:9443/devportal/apis/d02418ae-ab94-438a-87c1-83b37ef15067 Mozilla/5.0 (Windows NT 10.0; Win64; x64) AppleWebKit/537.36 (KHTML, like Gecko) Chrome/114.0.0.0 Safari/537.36 0.061
0:0:0:0:0:0:0:1 - - [17/Jun/2023:14:00:34 +0100] GET /api/am/devportal/v3/throttling-policies/subscription HTTP/1.1 200 634 https://localhost:9443/devportal/apis/d02418ae-ab94-438a-87c1-83b37ef15067/overview Mozilla/5.0 (Windows NT 10.0; Win64; x64) AppleWebKit/537.36 (KHTML, like Gecko) Chrome/114.0.0.0 Safari/537.36 0.007
0:0:0:0:0:0:0:1 - - [17/Jun/2023:14:00:34 +0100] GET /devportal/site/public/images/_favicon.ico HTTP/1.1 200 1150 https://localhost:9443/devportal/apis/d02418ae-ab94-438a-87c1-83b37ef15067/overview Mozilla/5.0 (Windows NT 10.0; Win64; x64) AppleWebKit/537.36 (KHTML, like Gecko) Chrome/114.0.0.0 Safari/537.36 0.002
0:0:0:0:0:0:0:1 - - [17/Jun/2023:14:00:34 +0100] GET /api/am/devportal/v3/apis/d02418ae-ab94-438a-87c1-83b37ef15067/documents HTTP/1.1 200 92 https://localhost:9443/devportal/apis/d02418ae-ab94-438a-87c1-83b37ef15067/overview Mozilla/5.0 (Windows NT 10.0; Win64; x64) AppleWebKit/537.36 (KHTML, like Gecko) Chrome/114.0.0.0 Safari/537.36 0.014
0:0:0:0:0:0:0:1 - - [17/Jun/2023:14:00:34 +0100] GET /api/am/devportal/v3/throttling-policies/subscription HTTP/1.1 200 634 https://localhost:9443/devportal/apis/d02418ae-ab94-438a-87c1-83b37ef15067/overview Mozilla/5.0 (Windows NT 10.0; Win64; x64) AppleWebKit/537.36 (KHTML, like Gecko) Chrome/114.0.0.0 Safari/537.36 0.006
0:0:0:0:0:0:0:1 - - [17/Jun/2023:14:00:34 +0100] GET /api/am/devportal/v3/apis/d02418ae-ab94-438a-87c1-83b37ef15067/documents HTTP/1.1 200 92 https://localhost:9443/devportal/apis/d02418ae-ab94-438a-87c1-83b37ef15067/overview Mozilla/5.0 (Windows NT 10.0; Win64; x64) AppleWebKit/537.36 (KHTML, like Gecko) Chrome/114.0.0.0 Safari/537.36 0.015
0:0:0:0:0:0:0:1 - - [17/Jun/2023:14:00:34 +0100] GET /api/am/devportal/v3/apis/d02418ae-ab94-438a-87c1-83b37ef15067/ratings HTTP/1.1 200 125 https://localhost:9443/devportal/apis/d02418ae-ab94-438a-87c1-83b37ef15067/overview Mozilla/5.0 (Windows NT 10.0; Win64; x64) AppleWebKit/537.36 (KHTML, like Gecko) Chrome/114.0.0.0 Safari/537.36 0.011
0:0:0:0:0:0:0:1 - - [17/Jun/2023:14:00:34 +0100] GET /api/am/devportal/v3/apis/d02418ae-ab94-438a-87c1-83b37ef15067/thumbnail HTTP/1.1 204 - https://localhost:9443/devportal/apis/d02418ae-ab94-438a-87c1-83b37ef15067/overview Mozilla/5.0 (Windows NT 10.0; Win64; x64) AppleWebKit/537.36 (KHTML, like Gecko) Chrome/114.0.0.0 Safari/537.36 0.015
0:0:0:0:0:0:0:1 - - [17/Jun/2023:14:00:34 +0100] GET /api/am/devportal/v3/apis/d02418ae-ab94-438a-87c1-83b37ef15067/comments?limit=5&offset=0 HTTP/1.1 200 101 https://localhost:9443/devportal/apis/d02418ae-ab94-438a-87c1-83b37ef15067/overview Mozilla/5.0 (Windows NT 10.0; Win64; x64) AppleWebKit/537.36 (KHTML, like Gecko) Chrome/114.0.0.0 Safari/537.36 0.015
0:0:0:0:0:0:0:1 - - [17/Jun/2023:14:00:35 +0100] GET /devportal/site/public/images/_favicon.ico HTTP/1.1 200 1150 https://localhost:9443/devportal/apis/d02418ae-ab94-438a-87c1-83b37ef15067/test Mozilla/5.0 (Windows NT 10.0; Win64; x64) AppleWebKit/537.36 (KHTML, like Gecko) Chrome/114.0.0.0 Safari/537.36 0.002
0:0:0:0:0:0:0:1 - - [17/Jun/2023:14:00:35 +0100] GET /api/am/devportal/v3/apis/d02418ae-ab94-438a-87c1-83b37ef15067 HTTP/1.1 200 1683 https://localhost:9443/devportal/apis/d02418ae-ab94-438a-87c1-83b37ef15067/test Mozilla/5.0 (Windows NT 10.0; Win64; x64) AppleWebKit/537.36 (KHTML, like Gecko) Chrome/114.0.0.0 Safari/537.36 0.023
0:0:0:0:0:0:0:1 - - [17/Jun/2023:14:00:35 +0100] GET /api/am/devportal/v3/apis/d02418ae-ab94-438a-87c1-83b37ef15067/swagger?environmentName=Default HTTP/1.1 200 928 https://localhost:9443/devportal/apis/d02418ae-ab94-438a-87c1-83b37ef15067/test Mozilla/5.0 (Windows NT 10.0; Win64; x64) AppleWebKit/537.36 (KHTML, like Gecko) Chrome/114.0.0.0 Safari/537.36 0.026
0:0:0:0:0:0:0:1 - - [17/Jun/2023:14:00:35 +0100] GET /api/am/devportal/v3/swagger.yaml HTTP/1.1 200 26878 https://localhost:9443/devportal/apis/d02418ae-ab94-438a-87c1-83b37ef15067/test Mozilla/5.0 (Windows NT 10.0; Win64; x64) AppleWebKit/537.36 (KHTML, like Gecko) Chrome/114.0.0.0 Safari/537.36 0.008
127.0.0.1 - - [17/Jun/2023:14:00:35 +0100] GET /keymanager-operations/dcr/register/SEdFbjNMa0NQb0VEd1NHcVR0bDZxc3FVbGowYQ%3D%3D HTTP/1.1 200 531 - Apache-HttpClient/4.5.13 (Java/17.0.6) 0.004
127.0.0.1 - - [17/Jun/2023:14:00:35 +0100] GET /oauth2/token/.well-known/openid-configuration HTTP/1.1 200 2395 - Apache-HttpClient/4.5.13 (Java/17.0.6) 0.012
0:0:0:0:0:0:0:1 - - [17/Jun/2023:14:00:35 +0100] GET /api/am/devportal/v3/subscriptions?apiId=d02418ae-ab94-438a-87c1-83b37ef15067&limit=25 HTTP/1.1 200 713 https://localhost:9443/devportal/apis/d02418ae-ab94-438a-87c1-83b37ef15067/test Mozilla/5.0 (Windows NT 10.0; Win64; x64) AppleWebKit/537.36 (KHTML, like Gecko) Chrome/114.0.0.0 Safari/537.36 0.039
0:0:0:0:0:0:0:1 - - [17/Jun/2023:14:00:35 +0100] GET /api/am/devportal/v3/key-managers HTTP/1.1 200 763 https://localhost:9443/devportal/apis/d02418ae-ab94-438a-87c1-83b37ef15067/test Mozilla/5.0 (Windows NT 10.0; Win64; x64) AppleWebKit/537.36 (KHTML, like Gecko) Chrome/114.0.0.0 Safari/537.36 0.041
127.0.0.1 - - [17/Jun/2023:14:00:35 +0100] GET /keymanager-operations/dcr/register/SEdFbjNMa0NQb0VEd1NHcVR0bDZxc3FVbGowYQ%3D%3D HTTP/1.1 200 531 - Apache-HttpClient/4.5.13 (Java/17.0.6) 0.004
0:0:0:0:0:0:0:1 - - [17/Jun/2023:14:00:35 +0100] GET /api/am/devportal/v3/subscriptions?apiId=d02418ae-ab94-438a-87c1-83b37ef15067&limit=25 HTTP/1.1 200 713 https://localhost:9443/devportal/apis/d02418ae-ab94-438a-87c1-83b37ef15067/test Mozilla/5.0 (Windows NT 10.0; Win64; x64) AppleWebKit/537.36 (KHTML, like Gecko) Chrome/114.0.0.0 Safari/537.36 0.025
0:0:0:0:0:0:0:1 - - [17/Jun/2023:14:00:35 +0100] GET /api/am/devportal/v3/applications/ HTTP/1.1 200 492 https://localhost:9443/devportal/apis/d02418ae-ab94-438a-87c1-83b37ef15067/test Mozilla/5.0 (Windows NT 10.0; Win64; x64) AppleWebKit/537.36 (KHTML, like Gecko) Chrome/114.0.0.0 Safari/537.36 0.005
0:0:0:0:0:0:0:1 - - [17/Jun/2023:14:00:35 +0100] GET /api/am/devportal/v3/swagger.yaml HTTP/1.1 200 26878 https://localhost:9443/devportal/apis/d02418ae-ab94-438a-87c1-83b37ef15067/test Mozilla/5.0 (Windows NT 10.0; Win64; x64) AppleWebKit/537.36 (KHTML, like Gecko) Chrome/114.0.0.0 Safari/537.36 0.010
127.0.0.1 - - [17/Jun/2023:14:00:36 +0100] GET /keymanager-operations/dcr/register/SEdFbjNMa0NQb0VEd1NHcVR0bDZxc3FVbGowYQ%3D%3D HTTP/1.1 200 531 - Apache-HttpClient/4.5.13 (Java/17.0.6) 0.003
0:0:0:0:0:0:0:1 - - [17/Jun/2023:14:00:36 +0100] GET /api/am/devportal/v3/applications/6cc3231f-f7b9-437e-93fd-41d67fc514af HTTP/1.1 200 503 https://localhost:9443/devportal/apis/d02418ae-ab94-438a-87c1-83b37ef15067/test Mozilla/5.0 (Windows NT 10.0; Win64; x64) AppleWebKit/537.36 (KHTML, like Gecko) Chrome/114.0.0.0 Safari/537.36 0.014
127.0.0.1 - - [17/Jun/2023:14:00:36 +0100] GET /keymanager-operations/dcr/register/SEdFbjNMa0NQb0VEd1NHcVR0bDZxc3FVbGowYQ%3D%3D HTTP/1.1 200 531 - Apache-HttpClient/4.5.13 (Java/17.0.6) 0.002
0:0:0:0:0:0:0:1 - - [17/Jun/2023:14:00:36 +0100] GET /api/am/devportal/v3/applications/6cc3231f-f7b9-437e-93fd-41d67fc514af/oauth-keys HTTP/1.1 200 679 https://localhost:9443/devportal/apis/d02418ae-ab94-438a-87c1-83b37ef15067/test Mozilla/5.0 (Windows NT 10.0; Win64; x64) AppleWebKit/537.36 (KHTML, like Gecko) Chrome/114.0.0.0 Safari/537.36 0.007
0:0:0:0:0:0:0:1 - - [17/Jun/2023:14:00:36 +0100] GET /api/am/devportal/v3/swagger.yaml HTTP/1.1 200 26878 https://localhost:9443/devportal/apis/d02418ae-ab94-438a-87c1-83b37ef15067/test Mozilla/5.0 (Windows NT 10.0; Win64; x64) AppleWebKit/537.36 (KHTML, like Gecko) Chrome/114.0.0.0 Safari/537.36 0.013
0:0:0:0:0:0:0:1 - - [17/Jun/2023:14:00:36 +0100] GET /api/am/devportal/v3/swagger.yaml HTTP/1.1 200 26878 https://localhost:9443/devportal/apis/d02418ae-ab94-438a-87c1-83b37ef15067/test Mozilla/5.0 (Windows NT 10.0; Win64; x64) AppleWebKit/537.36 (KHTML, like Gecko) Chrome/114.0.0.0 Safari/537.36 0.013
127.0.0.1 - - [17/Jun/2023:14:00:36 +0100] GET /keymanager-operations/dcr/register/SEdFbjNMa0NQb0VEd1NHcVR0bDZxc3FVbGowYQ%3D%3D HTTP/1.1 200 531 - Apache-HttpClient/4.5.13 (Java/17.0.6) 0.003
0:0:0:0:0:0:0:1 - - [17/Jun/2023:14:00:36 +0100] GET /api/am/devportal/v3/applications/6cc3231f-f7b9-437e-93fd-41d67fc514af HTTP/1.1 200 503 https://localhost:9443/devportal/apis/d02418ae-ab94-438a-87c1-83b37ef15067/test Mozilla/5.0 (Windows NT 10.0; Win64; x64) AppleWebKit/537.36 (KHTML, like Gecko) Chrome/114.0.0.0 Safari/537.36 0.010
127.0.0.1 - - [17/Jun/2023:14:00:36 +0100] GET /keymanager-operations/dcr/register/SEdFbjNMa0NQb0VEd1NHcVR0bDZxc3FVbGowYQ%3D%3D HTTP/1.1 200 531 - Apache-HttpClient/4.5.13 (Java/17.0.6) 0.003
0:0:0:0:0:0:0:1 - - [17/Jun/2023:14:00:36 +0100] GET /api/am/devportal/v3/applications/6cc3231f-f7b9-437e-93fd-41d67fc514af HTTP/1.1 200 503 https://localhost:9443/devportal/apis/d02418ae-ab94-438a-87c1-83b37ef15067/test Mozilla/5.0 (Windows NT 10.0; Win64; x64) AppleWebKit/537.36 (KHTML, like Gecko) Chrome/114.0.0.0 Safari/537.36 0.009
127.0.0.1 - - [17/Jun/2023:14:00:36 +0100] GET /keymanager-operations/dcr/register/SEdFbjNMa0NQb0VEd1NHcVR0bDZxc3FVbGowYQ%3D%3D HTTP/1.1 200 531 - Apache-HttpClient/4.5.13 (Java/17.0.6) 0.002
0:0:0:0:0:0:0:1 - - [17/Jun/2023:14:00:36 +0100] GET /api/am/devportal/v3/applications/6cc3231f-f7b9-437e-93fd-41d67fc514af/oauth-keys HTTP/1.1 200 679 https://localhost:9443/devportal/apis/d02418ae-ab94-438a-87c1-83b37ef15067/test Mozilla/5.0 (Windows NT 10.0; Win64; x64) AppleWebKit/537.36 (KHTML, like Gecko) Chrome/114.0.0.0 Safari/537.36 0.008
127.0.0.1 - - [17/Jun/2023:14:00:36 +0100] GET /keymanager-operations/dcr/register/SEdFbjNMa0NQb0VEd1NHcVR0bDZxc3FVbGowYQ%3D%3D HTTP/1.1 200 531 - Apache-HttpClient/4.5.13 (Java/17.0.6) 0.002
0:0:0:0:0:0:0:1 - - [17/Jun/2023:14:00:36 +0100] GET /api/am/devportal/v3/applications/6cc3231f-f7b9-437e-93fd-41d67fc514af/oauth-keys HTTP/1.1 200 679 https://localhost:9443/devportal/apis/d02418ae-ab94-438a-87c1-83b37ef15067/test Mozilla/5.0 (Windows NT 10.0; Win64; x64) AppleWebKit/537.36 (KHTML, like Gecko) Chrome/114.0.0.0 Safari/537.36 0.010
127.0.0.1 - - [17/Jun/2023:14:20:40 +0100] GET /api/am/service-catalog/v1/services HTTP/1.1 200 976 - Java/11.0.8-internal 4.628
127.0.0.1 - - [17/Jun/2023:14:20:40 +0100] POST /api/am/service-catalog/v1/services/import?overwrite=true HTTP/1.1 200 32 - Java/11.0.8-internal 0.047
0:0:0:0:0:0:0:1 - - [17/Jun/2023:14:38:09 +0100] - 400 - - - 0.000
0:0:0:0:0:0:0:1 - - [17/Jun/2023:14:38:09 +0100] GET /api/am/devportal/v3/swagger.yaml HTTP/1.1 200 26878 https://localhost:9443/devportal/apis/d02418ae-ab94-438a-87c1-83b37ef15067/test Mozilla/5.0 (Windows NT 10.0; Win64; x64) AppleWebKit/537.36 (KHTML, like Gecko) Chrome/114.0.0.0 Safari/537.36 0.083
127.0.0.1 - - [17/Jun/2023:14:38:15 +0100] POST /oauth2/token HTTP/1.1 415 - - Java-http-client/17.0.6 0.027
0:0:0:0:0:0:0:1 - - [17/Jun/2023:14:38:15 +0100] POST /devportal/services/refresh HTTP/1.1 500 87 https://localhost:9443/devportal/apis/d02418ae-ab94-438a-87c1-83b37ef15067/test Mozilla/5.0 (Windows NT 10.0; Win64; x64) AppleWebKit/537.36 (KHTML, like Gecko) Chrome/114.0.0.0 Safari/537.36 4.990
0:0:0:0:0:0:0:1 - - [17/Jun/2023:14:38:15 +0100] - 400 - - - 0.000
0:0:0:0:0:0:0:1 - - [17/Jun/2023:14:38:15 +0100] GET /api/am/devportal/v3/applications/6cc3231f-f7b9-437e-93fd-41d67fc514af HTTP/1.1 401 101 https://localhost:9443/devportal/apis/d02418ae-ab94-438a-87c1-83b37ef15067/test Mozilla/5.0 (Windows NT 10.0; Win64; x64) AppleWebKit/537.36 (KHTML, like Gecko) Chrome/114.0.0.0 Safari/537.36 0.036
0:0:0:0:0:0:0:1 - - [17/Jun/2023:14:38:15 +0100] - 400 - - - 0.000
0:0:0:0:0:0:0:1 - - [17/Jun/2023:14:38:15 +0100] GET /devportal/services/auth/callback/logout HTTP/1.1 302 - https://localhost:9443/devportal/apis/d02418ae-ab94-438a-87c1-83b37ef15067/test Mozilla/5.0 (Windows NT 10.0; Win64; x64) AppleWebKit/537.36 (KHTML, like Gecko) Chrome/114.0.0.0 Safari/537.36 0.008
0:0:0:0:0:0:0:1 - - [17/Jun/2023:14:38:15 +0100] GET /devportal/logout?referrer=/apis HTTP/1.1 200 1691 https://localhost:9443/devportal/apis/d02418ae-ab94-438a-87c1-83b37ef15067/test Mozilla/5.0 (Windows NT 10.0; Win64; x64) AppleWebKit/537.36 (KHTML, like Gecko) Chrome/114.0.0.0 Safari/537.36 0.011
0:0:0:0:0:0:0:1 - - [17/Jun/2023:14:38:15 +0100] GET /devportal/site/public/css/main.css HTTP/1.1 200 2092 https://localhost:9443/devportal/logout?referrer=/apis Mozilla/5.0 (Windows NT 10.0; Win64; x64) AppleWebKit/537.36 (KHTML, like Gecko) Chrome/114.0.0.0 Safari/537.36 0.003
0:0:0:0:0:0:0:1 - - [17/Jun/2023:14:38:15 +0100] GET /devportal/site/public/fonts/iconfont/material-icons.css HTTP/1.1 200 970 https://localhost:9443/devportal/logout?referrer=/apis Mozilla/5.0 (Windows NT 10.0; Win64; x64) AppleWebKit/537.36 (KHTML, like Gecko) Chrome/114.0.0.0 Safari/537.36 0.003
0:0:0:0:0:0:0:1 - - [17/Jun/2023:14:38:15 +0100] - 400 - - - 0.000
0:0:0:0:0:0:0:1 - - [17/Jun/2023:14:38:15 +0100] GET /devportal/site/public/theme/userTheme.js HTTP/1.1 200 96 https://localhost:9443/devportal/logout?referrer=/apis Mozilla/5.0 (Windows NT 10.0; Win64; x64) AppleWebKit/537.36 (KHTML, like Gecko) Chrome/114.0.0.0 Safari/537.36 0.007
0:0:0:0:0:0:0:1 - - [17/Jun/2023:14:38:15 +0100] - 400 - - - 0.000
0:0:0:0:0:0:0:1 - - [17/Jun/2023:14:38:15 +0100] - 400 - - - 0.000
0:0:0:0:0:0:0:1 - - [17/Jun/2023:14:38:15 +0100] - 400 - - - 0.000
0:0:0:0:0:0:0:1 - - [17/Jun/2023:14:38:15 +0100] - 400 - - - 0.000
0:0:0:0:0:0:0:1 - - [17/Jun/2023:14:38:15 +0100] GET /devportal/site/public/css/overrides.css HTTP/1.1 200 - https://localhost:9443/devportal/logout?referrer=/apis Mozilla/5.0 (Windows NT 10.0; Win64; x64) AppleWebKit/537.36 (KHTML, like Gecko) Chrome/114.0.0.0 Safari/537.36 0.002
0:0:0:0:0:0:0:1 - - [17/Jun/2023:14:38:15 +0100] GET /devportal/services/settings/settings.js HTTP/1.1 200 1474 https://localhost:9443/devportal/logout?referrer=/apis Mozilla/5.0 (Windows NT 10.0; Win64; x64) AppleWebKit/537.36 (KHTML, like Gecko) Chrome/114.0.0.0 Safari/537.36 0.007
0:0:0:0:0:0:0:1 - - [17/Jun/2023:14:38:15 +0100] GET /devportal/site/public/fonts/iconfont/MaterialIcons.js HTTP/1.1 200 6703 https://localhost:9443/devportal/logout?referrer=/apis Mozilla/5.0 (Windows NT 10.0; Win64; x64) AppleWebKit/537.36 (KHTML, like Gecko) Chrome/114.0.0.0 Safari/537.36 0.006
0:0:0:0:0:0:0:1 - - [17/Jun/2023:14:38:15 +0100] GET /devportal/site/public/dist/index.e79b6b708401484695fc.bundle.js HTTP/1.1 200 271108 https://localhost:9443/devportal/logout?referrer=/apis Mozilla/5.0 (Windows NT 10.0; Win64; x64) AppleWebKit/537.36 (KHTML, like Gecko) Chrome/114.0.0.0 Safari/537.36 0.041
0:0:0:0:0:0:0:1 - - [17/Jun/2023:14:38:15 +0100] GET /devportal/site/public/locales/en.json HTTP/1.1 200 57092 https://localhost:9443/devportal/logout?referrer=/apis Mozilla/5.0 (Windows NT 10.0; Win64; x64) AppleWebKit/537.36 (KHTML, like Gecko) Chrome/114.0.0.0 Safari/537.36 0.004
0:0:0:0:0:0:0:1 - - [17/Jun/2023:14:38:15 +0100] GET /api/am/devportal/v3/swagger.yaml HTTP/1.1 200 26878 https://localhost:9443/devportal/logout?referrer=/apis Mozilla/5.0 (Windows NT 10.0; Win64; x64) AppleWebKit/537.36 (KHTML, like Gecko) Chrome/114.0.0.0 Safari/537.36 0.012
0:0:0:0:0:0:0:1 - - [17/Jun/2023:14:38:16 +0100] GET /devportal/site/public/images/_favicon.ico HTTP/1.1 200 1150 https://localhost:9443/devportal/logout?referrer=/apis Mozilla/5.0 (Windows NT 10.0; Win64; x64) AppleWebKit/537.36 (KHTML, like Gecko) Chrome/114.0.0.0 Safari/537.36 0.003
0:0:0:0:0:0:0:1 - - [17/Jun/2023:14:38:16 +0100] GET /api/am/devportal/v3/settings HTTP/1.1 200 592 https://localhost:9443/devportal/logout?referrer=/apis Mozilla/5.0 (Windows NT 10.0; Win64; x64) AppleWebKit/537.36 (KHTML, like Gecko) Chrome/114.0.0.0 Safari/537.36 0.150
0:0:0:0:0:0:0:1 - - [17/Jun/2023:14:38:16 +0100] GET /devportal/site/public/images/_favicon.ico HTTP/1.1 200 1150 https://localhost:9443/devportal/apis Mozilla/5.0 (Windows NT 10.0; Win64; x64) AppleWebKit/537.36 (KHTML, like Gecko) Chrome/114.0.0.0 Safari/537.36 0.001
0:0:0:0:0:0:0:1 - - [17/Jun/2023:14:38:16 +0100] GET /devportal/site/public/dist/ProtectedApp.42893a52cd015332b409.bundle.js HTTP/1.1 200 70963 https://localhost:9443/devportal/apis Mozilla/5.0 (Windows NT 10.0; Win64; x64) AppleWebKit/537.36 (KHTML, like Gecko) Chrome/114.0.0.0 Safari/537.36 0.010
0:0:0:0:0:0:0:1 - - [17/Jun/2023:14:38:16 +0100] GET /devportal/site/public/dist/vendors~ProtectedApp.018eeb6bd33ca37011cd.bundle.js HTTP/1.1 200 126488 https://localhost:9443/devportal/apis Mozilla/5.0 (Windows NT 10.0; Win64; x64) AppleWebKit/537.36 (KHTML, like Gecko) Chrome/114.0.0.0 Safari/537.36 0.018
