0:0:0:0:0:0:0:1 - - [08/May/2023:21:59:43 +0100] GET /api/am/devportal/v3/subscriptions?apiId=6f7f8f85-a5f3-428e-b187-cbdb08192bba&limit=5000 HTTP/1.1 200 701 https://localhost:9443/devportal/apis/6f7f8f85-a5f3-428e-b187-cbdb08192bba/credentials Mozilla/5.0 (Windows NT 10.0; Win64; x64) AppleWebKit/537.36 (KHTML, like Gecko) Chrome/112.0.0.0 Safari/537.36 0.039
0:0:0:0:0:0:0:1 - - [08/May/2023:21:59:50 +0100] GET /devportal/site/public/dist/vendors~APIConsole~APIDocuments~ApplicationDetails.632f7f3618b917dd72cb.bundle.js HTTP/1.1 200 25476 https://localhost:9443/devportal/apis/6f7f8f85-a5f3-428e-b187-cbdb08192bba/test Mozilla/5.0 (Windows NT 10.0; Win64; x64) AppleWebKit/537.36 (KHTML, like Gecko) Chrome/112.0.0.0 Safari/537.36 0.010
0:0:0:0:0:0:0:1 - - [08/May/2023:21:59:50 +0100] GET /devportal/site/public/dist/vendors~APIConsole~GraphQLConsole.fdedfa5fe9df001a3725.bundle.js HTTP/1.1 200 55674 https://localhost:9443/devportal/apis/6f7f8f85-a5f3-428e-b187-cbdb08192bba/test Mozilla/5.0 (Windows NT 10.0; Win64; x64) AppleWebKit/537.36 (KHTML, like Gecko) Chrome/112.0.0.0 Safari/537.36 0.015
0:0:0:0:0:0:0:1 - - [08/May/2023:21:59:50 +0100] GET /devportal/site/public/images/_favicon.ico HTTP/1.1 200 1150 https://localhost:9443/devportal/apis/6f7f8f85-a5f3-428e-b187-cbdb08192bba/test Mozilla/5.0 (Windows NT 10.0; Win64; x64) AppleWebKit/537.36 (KHTML, like Gecko) Chrome/112.0.0.0 Safari/537.36 0.004
0:0:0:0:0:0:0:1 - - [08/May/2023:21:59:50 +0100] GET /devportal/site/public/dist/5.57286c37eacce5fafae0.bundle.js HTTP/1.1 200 84080 https://localhost:9443/devportal/apis/6f7f8f85-a5f3-428e-b187-cbdb08192bba/test Mozilla/5.0 (Windows NT 10.0; Win64; x64) AppleWebKit/537.36 (KHTML, like Gecko) Chrome/112.0.0.0 Safari/537.36 0.024
0:0:0:0:0:0:0:1 - - [08/May/2023:21:59:50 +0100] GET /devportal/site/public/dist/APIConsole.b3e80a9dce3816857c0c.bundle.js HTTP/1.1 200 1748096 https://localhost:9443/devportal/apis/6f7f8f85-a5f3-428e-b187-cbdb08192bba/test Mozilla/5.0 (Windows NT 10.0; Win64; x64) AppleWebKit/537.36 (KHTML, like Gecko) Chrome/112.0.0.0 Safari/537.36 0.261
0:0:0:0:0:0:0:1 - - [08/May/2023:21:59:50 +0100] GET /api/am/devportal/v3/apis/6f7f8f85-a5f3-428e-b187-cbdb08192bba HTTP/1.1 200 1040 https://localhost:9443/devportal/apis/6f7f8f85-a5f3-428e-b187-cbdb08192bba/test Mozilla/5.0 (Windows NT 10.0; Win64; x64) AppleWebKit/537.36 (KHTML, like Gecko) Chrome/112.0.0.0 Safari/537.36 0.017
0:0:0:0:0:0:0:1 - - [08/May/2023:21:59:50 +0100] GET /api/am/devportal/v3/apis/6f7f8f85-a5f3-428e-b187-cbdb08192bba/swagger?environmentName=Default HTTP/1.1 200 399 https://localhost:9443/devportal/apis/6f7f8f85-a5f3-428e-b187-cbdb08192bba/test Mozilla/5.0 (Windows NT 10.0; Win64; x64) AppleWebKit/537.36 (KHTML, like Gecko) Chrome/112.0.0.0 Safari/537.36 0.012
0:0:0:0:0:0:0:1 - - [08/May/2023:21:59:50 +0100] GET /api/am/devportal/v3/swagger.yaml HTTP/1.1 200 26878 https://localhost:9443/devportal/apis/6f7f8f85-a5f3-428e-b187-cbdb08192bba/test Mozilla/5.0 (Windows NT 10.0; Win64; x64) AppleWebKit/537.36 (KHTML, like Gecko) Chrome/112.0.0.0 Safari/537.36 0.010
127.0.0.1 - - [08/May/2023:21:59:50 +0100] GET /keymanager-operations/dcr/register/WmlTU05lUkg0b2tPcmxwVlZkMzBxNktUWXN3YQ%3D%3D HTTP/1.1 200 720 - Apache-HttpClient/4.5.13 (Java/17.0.6) 0.003
127.0.0.1 - - [08/May/2023:21:59:50 +0100] GET /oauth2/token/.well-known/openid-configuration HTTP/1.1 200 2395 - Apache-HttpClient/4.5.13 (Java/17.0.6) 0.004
0:0:0:0:0:0:0:1 - - [08/May/2023:21:59:50 +0100] GET /api/am/devportal/v3/key-managers HTTP/1.1 200 763 https://localhost:9443/devportal/apis/6f7f8f85-a5f3-428e-b187-cbdb08192bba/test Mozilla/5.0 (Windows NT 10.0; Win64; x64) AppleWebKit/537.36 (KHTML, like Gecko) Chrome/112.0.0.0 Safari/537.36 0.022
0:0:0:0:0:0:0:1 - - [08/May/2023:21:59:50 +0100] GET /api/am/devportal/v3/subscriptions?apiId=6f7f8f85-a5f3-428e-b187-cbdb08192bba&limit=25 HTTP/1.1 200 700 https://localhost:9443/devportal/apis/6f7f8f85-a5f3-428e-b187-cbdb08192bba/test Mozilla/5.0 (Windows NT 10.0; Win64; x64) AppleWebKit/537.36 (KHTML, like Gecko) Chrome/112.0.0.0 Safari/537.36 0.029
127.0.0.1 - - [08/May/2023:21:59:51 +0100] GET /keymanager-operations/dcr/register/WmlTU05lUkg0b2tPcmxwVlZkMzBxNktUWXN3YQ%3D%3D HTTP/1.1 200 720 - Apache-HttpClient/4.5.13 (Java/17.0.6) 0.004
0:0:0:0:0:0:0:1 - - [08/May/2023:21:59:51 +0100] GET /api/am/devportal/v3/subscriptions?apiId=6f7f8f85-a5f3-428e-b187-cbdb08192bba&limit=25 HTTP/1.1 200 700 https://localhost:9443/devportal/apis/6f7f8f85-a5f3-428e-b187-cbdb08192bba/test Mozilla/5.0 (Windows NT 10.0; Win64; x64) AppleWebKit/537.36 (KHTML, like Gecko) Chrome/112.0.0.0 Safari/537.36 0.024
0:0:0:0:0:0:0:1 - - [08/May/2023:21:59:51 +0100] GET /api/am/devportal/v3/applications/ HTTP/1.1 200 706 https://localhost:9443/devportal/apis/6f7f8f85-a5f3-428e-b187-cbdb08192bba/test Mozilla/5.0 (Windows NT 10.0; Win64; x64) AppleWebKit/537.36 (KHTML, like Gecko) Chrome/112.0.0.0 Safari/537.36 0.008
0:0:0:0:0:0:0:1 - - [08/May/2023:21:59:51 +0100] GET /api/am/devportal/v3/swagger.yaml HTTP/1.1 200 26878 https://localhost:9443/devportal/apis/6f7f8f85-a5f3-428e-b187-cbdb08192bba/test Mozilla/5.0 (Windows NT 10.0; Win64; x64) AppleWebKit/537.36 (KHTML, like Gecko) Chrome/112.0.0.0 Safari/537.36 0.009
127.0.0.1 - - [08/May/2023:21:59:51 +0100] GET /keymanager-operations/dcr/register/WmlTU05lUkg0b2tPcmxwVlZkMzBxNktUWXN3YQ%3D%3D HTTP/1.1 200 720 - Apache-HttpClient/4.5.13 (Java/17.0.6) 0.003
0:0:0:0:0:0:0:1 - - [08/May/2023:21:59:51 +0100] GET /api/am/devportal/v3/applications/05ca2bf1-3151-4711-bfb6-13c482e33e0b HTTP/1.1 200 340 https://localhost:9443/devportal/apis/6f7f8f85-a5f3-428e-b187-cbdb08192bba/test Mozilla/5.0 (Windows NT 10.0; Win64; x64) AppleWebKit/537.36 (KHTML, like Gecko) Chrome/112.0.0.0 Safari/537.36 0.010
127.0.0.1 - - [08/May/2023:21:59:51 +0100] GET /keymanager-operations/dcr/register/WmlTU05lUkg0b2tPcmxwVlZkMzBxNktUWXN3YQ%3D%3D HTTP/1.1 200 720 - Apache-HttpClient/4.5.13 (Java/17.0.6) 0.003
0:0:0:0:0:0:0:1 - - [08/May/2023:21:59:51 +0100] GET /api/am/devportal/v3/applications/05ca2bf1-3151-4711-bfb6-13c482e33e0b/oauth-keys HTTP/1.1 200 868 https://localhost:9443/devportal/apis/6f7f8f85-a5f3-428e-b187-cbdb08192bba/test Mozilla/5.0 (Windows NT 10.0; Win64; x64) AppleWebKit/537.36 (KHTML, like Gecko) Chrome/112.0.0.0 Safari/537.36 0.011
0:0:0:0:0:0:0:1 - - [08/May/2023:21:59:51 +0100] GET /api/am/devportal/v3/swagger.yaml HTTP/1.1 200 26878 https://localhost:9443/devportal/apis/6f7f8f85-a5f3-428e-b187-cbdb08192bba/test Mozilla/5.0 (Windows NT 10.0; Win64; x64) AppleWebKit/537.36 (KHTML, like Gecko) Chrome/112.0.0.0 Safari/537.36 0.007
0:0:0:0:0:0:0:1 - - [08/May/2023:21:59:51 +0100] GET /api/am/devportal/v3/swagger.yaml HTTP/1.1 200 26878 https://localhost:9443/devportal/apis/6f7f8f85-a5f3-428e-b187-cbdb08192bba/test Mozilla/5.0 (Windows NT 10.0; Win64; x64) AppleWebKit/537.36 (KHTML, like Gecko) Chrome/112.0.0.0 Safari/537.36 0.010
127.0.0.1 - - [08/May/2023:21:59:51 +0100] GET /keymanager-operations/dcr/register/WmlTU05lUkg0b2tPcmxwVlZkMzBxNktUWXN3YQ%3D%3D HTTP/1.1 200 720 - Apache-HttpClient/4.5.13 (Java/17.0.6) 0.003
0:0:0:0:0:0:0:1 - - [08/May/2023:21:59:51 +0100] GET /api/am/devportal/v3/applications/05ca2bf1-3151-4711-bfb6-13c482e33e0b HTTP/1.1 200 340 https://localhost:9443/devportal/apis/6f7f8f85-a5f3-428e-b187-cbdb08192bba/test Mozilla/5.0 (Windows NT 10.0; Win64; x64) AppleWebKit/537.36 (KHTML, like Gecko) Chrome/112.0.0.0 Safari/537.36 0.012
127.0.0.1 - - [08/May/2023:21:59:51 +0100] GET /keymanager-operations/dcr/register/WmlTU05lUkg0b2tPcmxwVlZkMzBxNktUWXN3YQ%3D%3D HTTP/1.1 200 720 - Apache-HttpClient/4.5.13 (Java/17.0.6) 0.004
0:0:0:0:0:0:0:1 - - [08/May/2023:21:59:51 +0100] GET /api/am/devportal/v3/applications/05ca2bf1-3151-4711-bfb6-13c482e33e0b HTTP/1.1 200 340 https://localhost:9443/devportal/apis/6f7f8f85-a5f3-428e-b187-cbdb08192bba/test Mozilla/5.0 (Windows NT 10.0; Win64; x64) AppleWebKit/537.36 (KHTML, like Gecko) Chrome/112.0.0.0 Safari/537.36 0.013
127.0.0.1 - - [08/May/2023:21:59:51 +0100] GET /keymanager-operations/dcr/register/WmlTU05lUkg0b2tPcmxwVlZkMzBxNktUWXN3YQ%3D%3D HTTP/1.1 200 720 - Apache-HttpClient/4.5.13 (Java/17.0.6) 0.006
0:0:0:0:0:0:0:1 - - [08/May/2023:21:59:51 +0100] GET /api/am/devportal/v3/applications/05ca2bf1-3151-4711-bfb6-13c482e33e0b/oauth-keys HTTP/1.1 200 868 https://localhost:9443/devportal/apis/6f7f8f85-a5f3-428e-b187-cbdb08192bba/test Mozilla/5.0 (Windows NT 10.0; Win64; x64) AppleWebKit/537.36 (KHTML, like Gecko) Chrome/112.0.0.0 Safari/537.36 0.015
127.0.0.1 - - [08/May/2023:21:59:51 +0100] GET /keymanager-operations/dcr/register/WmlTU05lUkg0b2tPcmxwVlZkMzBxNktUWXN3YQ%3D%3D HTTP/1.1 200 720 - Apache-HttpClient/4.5.13 (Java/17.0.6) 0.003
0:0:0:0:0:0:0:1 - - [08/May/2023:21:59:51 +0100] GET /api/am/devportal/v3/applications/05ca2bf1-3151-4711-bfb6-13c482e33e0b/oauth-keys HTTP/1.1 200 868 https://localhost:9443/devportal/apis/6f7f8f85-a5f3-428e-b187-cbdb08192bba/test Mozilla/5.0 (Windows NT 10.0; Win64; x64) AppleWebKit/537.36 (KHTML, like Gecko) Chrome/112.0.0.0 Safari/537.36 0.011
0:0:0:0:0:0:0:1 - - [08/May/2023:22:00:08 +0100] GET /api/am/devportal/v3/swagger.yaml HTTP/1.1 200 26878 https://localhost:9443/devportal/apis/6f7f8f85-a5f3-428e-b187-cbdb08192bba/test Mozilla/5.0 (Windows NT 10.0; Win64; x64) AppleWebKit/537.36 (KHTML, like Gecko) Chrome/112.0.0.0 Safari/537.36 0.009
127.0.0.1 - - [08/May/2023:22:00:08 +0100] GET /keymanager-operations/dcr/register/WmlTU05lUkg0b2tPcmxwVlZkMzBxNktUWXN3YQ%3D%3D HTTP/1.1 200 720 - Apache-HttpClient/4.5.13 (Java/17.0.6) 0.004
0:0:0:0:0:0:0:1 - - [08/May/2023:22:00:08 +0100] GET /api/am/devportal/v3/applications/05ca2bf1-3151-4711-bfb6-13c482e33e0b HTTP/1.1 200 340 https://localhost:9443/devportal/apis/6f7f8f85-a5f3-428e-b187-cbdb08192bba/test Mozilla/5.0 (Windows NT 10.0; Win64; x64) AppleWebKit/537.36 (KHTML, like Gecko) Chrome/112.0.0.0 Safari/537.36 0.013
127.0.0.1 - - [08/May/2023:22:00:08 +0100] GET /keymanager-operations/dcr/register/WmlTU05lUkg0b2tPcmxwVlZkMzBxNktUWXN3YQ%3D%3D HTTP/1.1 200 720 - Apache-HttpClient/4.5.13 (Java/17.0.6) 0.003
0:0:0:0:0:0:0:1 - - [08/May/2023:22:00:08 +0100] GET /api/am/devportal/v3/applications/05ca2bf1-3151-4711-bfb6-13c482e33e0b/oauth-keys HTTP/1.1 200 868 https://localhost:9443/devportal/apis/6f7f8f85-a5f3-428e-b187-cbdb08192bba/test Mozilla/5.0 (Windows NT 10.0; Win64; x64) AppleWebKit/537.36 (KHTML, like Gecko) Chrome/112.0.0.0 Safari/537.36 0.009
127.0.0.1 - - [08/May/2023:22:00:08 +0100] GET /keymanager-operations/dcr/register/WmlTU05lUkg0b2tPcmxwVlZkMzBxNktUWXN3YQ%3D%3D HTTP/1.1 200 720 - Apache-HttpClient/4.5.13 (Java/17.0.6) 0.003
127.0.0.1 - - [08/May/2023:22:00:08 +0100] GET /keymanager-operations/dcr/register/WmlTU05lUkg0b2tPcmxwVlZkMzBxNktUWXN3YQ%3D%3D HTTP/1.1 200 720 - Apache-HttpClient/4.5.13 (Java/17.0.6) 0.003
127.0.0.1 - - [08/May/2023:22:00:08 +0100] POST /oauth2/token HTTP/1.1 200 1183 - Apache-HttpClient/4.5.13 (Java/17.0.6) 0.010
0:0:0:0:0:0:0:1 - - [08/May/2023:22:00:08 +0100] POST /api/am/devportal/v3/applications/05ca2bf1-3151-4711-bfb6-13c482e33e0b/oauth-keys/a9d4b44a-d055-4abe-9c45-4dea9d5012aa/generate-token HTTP/1.1 200 895 https://localhost:9443/devportal/apis/6f7f8f85-a5f3-428e-b187-cbdb08192bba/test Mozilla/5.0 (Windows NT 10.0; Win64; x64) AppleWebKit/537.36 (KHTML, like Gecko) Chrome/112.0.0.0 Safari/537.36 0.030
127.0.0.1 - - [08/May/2023:22:00:08 +0100] POST /internal/data/v1/notify HTTP/1.1 200 - - Apache-HttpClient/4.5.13 (Java/17.0.6) 0.009
0:0:0:0:0:0:0:1 - - [08/May/2023:22:00:18 +0100] GET /api/am/devportal/v3/swagger.yaml HTTP/1.1 200 26878 https://localhost:9443/devportal/apis/6f7f8f85-a5f3-428e-b187-cbdb08192bba/test Mozilla/5.0 (Windows NT 10.0; Win64; x64) AppleWebKit/537.36 (KHTML, like Gecko) Chrome/112.0.0.0 Safari/537.36 0.009
127.0.0.1 - - [08/May/2023:22:00:19 +0100] GET /keymanager-operations/dcr/register/WmlTU05lUkg0b2tPcmxwVlZkMzBxNktUWXN3YQ%3D%3D HTTP/1.1 200 720 - Apache-HttpClient/4.5.13 (Java/17.0.6) 0.004
0:0:0:0:0:0:0:1 - - [08/May/2023:22:00:19 +0100] GET /api/am/devportal/v3/applications/05ca2bf1-3151-4711-bfb6-13c482e33e0b HTTP/1.1 200 340 https://localhost:9443/devportal/apis/6f7f8f85-a5f3-428e-b187-cbdb08192bba/test Mozilla/5.0 (Windows NT 10.0; Win64; x64) AppleWebKit/537.36 (KHTML, like Gecko) Chrome/112.0.0.0 Safari/537.36 0.014
127.0.0.1 - - [08/May/2023:22:00:19 +0100] GET /keymanager-operations/dcr/register/WmlTU05lUkg0b2tPcmxwVlZkMzBxNktUWXN3YQ%3D%3D HTTP/1.1 200 720 - Apache-HttpClient/4.5.13 (Java/17.0.6) 0.002
0:0:0:0:0:0:0:1 - - [08/May/2023:22:00:19 +0100] GET /api/am/devportal/v3/applications/05ca2bf1-3151-4711-bfb6-13c482e33e0b/oauth-keys HTTP/1.1 200 868 https://localhost:9443/devportal/apis/6f7f8f85-a5f3-428e-b187-cbdb08192bba/test Mozilla/5.0 (Windows NT 10.0; Win64; x64) AppleWebKit/537.36 (KHTML, like Gecko) Chrome/112.0.0.0 Safari/537.36 0.010
127.0.0.1 - - [08/May/2023:22:00:19 +0100] GET /keymanager-operations/dcr/register/WmlTU05lUkg0b2tPcmxwVlZkMzBxNktUWXN3YQ%3D%3D HTTP/1.1 200 720 - Apache-HttpClient/4.5.13 (Java/17.0.6) 0.004
127.0.0.1 - - [08/May/2023:22:00:19 +0100] GET /keymanager-operations/dcr/register/WmlTU05lUkg0b2tPcmxwVlZkMzBxNktUWXN3YQ%3D%3D HTTP/1.1 200 720 - Apache-HttpClient/4.5.13 (Java/17.0.6) 0.002
127.0.0.1 - - [08/May/2023:22:00:19 +0100] POST /oauth2/token HTTP/1.1 200 1183 - Apache-HttpClient/4.5.13 (Java/17.0.6) 0.011
0:0:0:0:0:0:0:1 - - [08/May/2023:22:00:19 +0100] POST /api/am/devportal/v3/applications/05ca2bf1-3151-4711-bfb6-13c482e33e0b/oauth-keys/a9d4b44a-d055-4abe-9c45-4dea9d5012aa/generate-token HTTP/1.1 200 893 https://localhost:9443/devportal/apis/6f7f8f85-a5f3-428e-b187-cbdb08192bba/test Mozilla/5.0 (Windows NT 10.0; Win64; x64) AppleWebKit/537.36 (KHTML, like Gecko) Chrome/112.0.0.0 Safari/537.36 0.030
127.0.0.1 - - [08/May/2023:22:00:19 +0100] POST /internal/data/v1/notify HTTP/1.1 200 - - Apache-HttpClient/4.5.13 (Java/17.0.6) 0.007
0:0:0:0:0:0:0:1 - - [08/May/2023:22:00:23 +0100] GET /api/am/devportal/v3/swagger.yaml HTTP/1.1 200 26878 https://localhost:9443/devportal/apis/6f7f8f85-a5f3-428e-b187-cbdb08192bba/test Mozilla/5.0 (Windows NT 10.0; Win64; x64) AppleWebKit/537.36 (KHTML, like Gecko) Chrome/112.0.0.0 Safari/537.36 0.009
127.0.0.1 - - [08/May/2023:22:00:23 +0100] GET /keymanager-operations/dcr/register/WmlTU05lUkg0b2tPcmxwVlZkMzBxNktUWXN3YQ%3D%3D HTTP/1.1 200 720 - Apache-HttpClient/4.5.13 (Java/17.0.6) 0.004
0:0:0:0:0:0:0:1 - - [08/May/2023:22:00:23 +0100] GET /api/am/devportal/v3/applications/05ca2bf1-3151-4711-bfb6-13c482e33e0b HTTP/1.1 200 340 https://localhost:9443/devportal/apis/6f7f8f85-a5f3-428e-b187-cbdb08192bba/test Mozilla/5.0 (Windows NT 10.0; Win64; x64) AppleWebKit/537.36 (KHTML, like Gecko) Chrome/112.0.0.0 Safari/537.36 0.016
127.0.0.1 - - [08/May/2023:22:00:23 +0100] GET /keymanager-operations/dcr/register/WmlTU05lUkg0b2tPcmxwVlZkMzBxNktUWXN3YQ%3D%3D HTTP/1.1 200 720 - Apache-HttpClient/4.5.13 (Java/17.0.6) 0.003
0:0:0:0:0:0:0:1 - - [08/May/2023:22:00:23 +0100] GET /api/am/devportal/v3/applications/05ca2bf1-3151-4711-bfb6-13c482e33e0b/oauth-keys HTTP/1.1 200 868 https://localhost:9443/devportal/apis/6f7f8f85-a5f3-428e-b187-cbdb08192bba/test Mozilla/5.0 (Windows NT 10.0; Win64; x64) AppleWebKit/537.36 (KHTML, like Gecko) Chrome/112.0.0.0 Safari/537.36 0.010
127.0.0.1 - - [08/May/2023:22:00:23 +0100] GET /keymanager-operations/dcr/register/WmlTU05lUkg0b2tPcmxwVlZkMzBxNktUWXN3YQ%3D%3D HTTP/1.1 200 720 - Apache-HttpClient/4.5.13 (Java/17.0.6) 0.002
127.0.0.1 - - [08/May/2023:22:00:23 +0100] GET /keymanager-operations/dcr/register/WmlTU05lUkg0b2tPcmxwVlZkMzBxNktUWXN3YQ%3D%3D HTTP/1.1 200 720 - Apache-HttpClient/4.5.13 (Java/17.0.6) 0.003
127.0.0.1 - - [08/May/2023:22:00:23 +0100] POST /oauth2/token HTTP/1.1 200 1183 - Apache-HttpClient/4.5.13 (Java/17.0.6) 0.009
0:0:0:0:0:0:0:1 - - [08/May/2023:22:00:23 +0100] POST /api/am/devportal/v3/applications/05ca2bf1-3151-4711-bfb6-13c482e33e0b/oauth-keys/a9d4b44a-d055-4abe-9c45-4dea9d5012aa/generate-token HTTP/1.1 200 894 https://localhost:9443/devportal/apis/6f7f8f85-a5f3-428e-b187-cbdb08192bba/test Mozilla/5.0 (Windows NT 10.0; Win64; x64) AppleWebKit/537.36 (KHTML, like Gecko) Chrome/112.0.0.0 Safari/537.36 0.027
127.0.0.1 - - [08/May/2023:22:00:23 +0100] POST /internal/data/v1/notify HTTP/1.1 200 - - Apache-HttpClient/4.5.13 (Java/17.0.6) 0.007
127.0.0.1 - - [08/May/2023:22:01:03 +0100] GET /oauth2/jwks HTTP/1.1 200 1919 - Apache-HttpClient/4.5.13 (Java/17.0.6) 0.087
