0:0:0:0:0:0:0:1 - - [15/Jun/2023:22:25:18 +0100] GET /devportal/site/public/dist/Apis~Landing.44f03df4105c342867a1.bundle.js HTTP/1.1 200 6722 https://localhost:9443/devportal/apis/d02418ae-ab94-438a-87c1-83b37ef15067/overview Mozilla/5.0 (Windows NT 10.0; Win64; x64) AppleWebKit/537.36 (KHTML, like Gecko) Chrome/114.0.0.0 Safari/537.36 0.011
0:0:0:0:0:0:0:1 - - [15/Jun/2023:22:25:18 +0100] GET /devportal/site/public/dist/vendors~ApiListing~Apis~ApplicationDetails.720bc2e40480316deaca.bundle.js HTTP/1.1 200 3839 https://localhost:9443/devportal/apis/d02418ae-ab94-438a-87c1-83b37ef15067/overview Mozilla/5.0 (Windows NT 10.0; Win64; x64) AppleWebKit/537.36 (KHTML, like Gecko) Chrome/114.0.0.0 Safari/537.36 0.015
0:0:0:0:0:0:0:1 - - [15/Jun/2023:22:25:18 +0100] GET /devportal/site/public/dist/Apis.800351a0eb878c789ea9.bundle.js HTTP/1.1 200 25570 https://localhost:9443/devportal/apis/d02418ae-ab94-438a-87c1-83b37ef15067/overview Mozilla/5.0 (Windows NT 10.0; Win64; x64) AppleWebKit/537.36 (KHTML, like Gecko) Chrome/114.0.0.0 Safari/537.36 0.030
0:0:0:0:0:0:0:1 - - [15/Jun/2023:22:25:18 +0100] GET /devportal/site/public/dist/vendors~Apis.3a6169883ec8c6c5366d.bundle.js HTTP/1.1 200 87282 https://localhost:9443/devportal/apis/d02418ae-ab94-438a-87c1-83b37ef15067/overview Mozilla/5.0 (Windows NT 10.0; Win64; x64) AppleWebKit/537.36 (KHTML, like Gecko) Chrome/114.0.0.0 Safari/537.36 0.032
0:0:0:0:0:0:0:1 - - [15/Jun/2023:22:25:18 +0100] GET /devportal HTTP/1.1 302 - https://localhost:9443/devportal/apis/d02418ae-ab94-438a-87c1-83b37ef15067/overview Mozilla/5.0 (Windows NT 10.0; Win64; x64) AppleWebKit/537.36 (KHTML, like Gecko) Chrome/114.0.0.0 Safari/537.36 0.000
0:0:0:0:0:0:0:1 - - [15/Jun/2023:22:25:18 +0100] GET /devportal/site/public/images/logo.svg HTTP/1.1 200 74991 https://localhost:9443/devportal/apis/d02418ae-ab94-438a-87c1-83b37ef15067/overview Mozilla/5.0 (Windows NT 10.0; Win64; x64) AppleWebKit/537.36 (KHTML, like Gecko) Chrome/114.0.0.0 Safari/537.36 0.014
0:0:0:0:0:0:0:1 - - [15/Jun/2023:22:25:18 +0100] GET /devportal/site/public/images/appbarBack.png HTTP/1.1 200 1964 https://localhost:9443/devportal/apis/d02418ae-ab94-438a-87c1-83b37ef15067/overview Mozilla/5.0 (Windows NT 10.0; Win64; x64) AppleWebKit/537.36 (KHTML, like Gecko) Chrome/114.0.0.0 Safari/537.36 0.013
0:0:0:0:0:0:0:1 - - [15/Jun/2023:22:25:18 +0100] GET /devportal/site/public/fonts/Open_Sans/mem8YaGs126MiZpBA-UFVZ0bf8pkAg.woff2 HTTP/1.1 200 8892 https://localhost:9443/devportal/site/public/css/main.css Mozilla/5.0 (Windows NT 10.0; Win64; x64) AppleWebKit/537.36 (KHTML, like Gecko) Chrome/114.0.0.0 Safari/537.36 0.007
0:0:0:0:0:0:0:1 - - [15/Jun/2023:22:25:18 +0100] GET /devportal/site/public/fonts/iconfont/MaterialIcons-Regular.woff2 HTTP/1.1 200 60840 https://localhost:9443/devportal/site/public/fonts/iconfont/material-icons.css Mozilla/5.0 (Windows NT 10.0; Win64; x64) AppleWebKit/537.36 (KHTML, like Gecko) Chrome/114.0.0.0 Safari/537.36 0.008
0:0:0:0:0:0:0:1 - - [15/Jun/2023:22:25:18 +0100] GET /devportal/site/public/fonts/Open_Sans/mem5YaGs126MiZpBA-UN7rgOUuhpKKSTjw.woff2 HTTP/1.1 200 8800 https://localhost:9443/devportal/site/public/css/main.css Mozilla/5.0 (Windows NT 10.0; Win64; x64) AppleWebKit/537.36 (KHTML, like Gecko) Chrome/114.0.0.0 Safari/537.36 0.009
0:0:0:0:0:0:0:1 - - [15/Jun/2023:22:25:18 +0100] GET /devportal/ HTTP/1.1 200 1691 https://localhost:9443/devportal/apis/d02418ae-ab94-438a-87c1-83b37ef15067/overview Mozilla/5.0 (Windows NT 10.0; Win64; x64) AppleWebKit/537.36 (KHTML, like Gecko) Chrome/114.0.0.0 Safari/537.36 0.048
0:0:0:0:0:0:0:1 - - [15/Jun/2023:22:25:19 +0100] GET /api/am/devportal/v3/apis/d02418ae-ab94-438a-87c1-83b37ef15067 HTTP/1.1 200 1639 https://localhost:9443/devportal/apis/d02418ae-ab94-438a-87c1-83b37ef15067/overview Mozilla/5.0 (Windows NT 10.0; Win64; x64) AppleWebKit/537.36 (KHTML, like Gecko) Chrome/114.0.0.0 Safari/537.36 0.245
0:0:0:0:0:0:0:1 - - [15/Jun/2023:22:25:19 +0100] GET /api/am/devportal/v3/applications?limit=5000 HTTP/1.1 200 493 https://localhost:9443/devportal/apis/d02418ae-ab94-438a-87c1-83b37ef15067/overview Mozilla/5.0 (Windows NT 10.0; Win64; x64) AppleWebKit/537.36 (KHTML, like Gecko) Chrome/114.0.0.0 Safari/537.36 0.260
0:0:0:0:0:0:0:1 - - [15/Jun/2023:22:25:19 +0100] GET /devportal/site/public/dist/vendors~APIComments~APIOverview~ApplicationDetails.9553ed9b23431ac21302.bundle.js HTTP/1.1 200 5490 https://localhost:9443/devportal/apis/d02418ae-ab94-438a-87c1-83b37ef15067/overview Mozilla/5.0 (Windows NT 10.0; Win64; x64) AppleWebKit/537.36 (KHTML, like Gecko) Chrome/114.0.0.0 Safari/537.36 0.025
0:0:0:0:0:0:0:1 - - [15/Jun/2023:22:25:19 +0100] GET /devportal/site/public/dist/vendors~APIOverview~MDReactMarkdown.c8e68cd152f6972597f4.bundle.js HTTP/1.1 200 23172 https://localhost:9443/devportal/apis/d02418ae-ab94-438a-87c1-83b37ef15067/overview Mozilla/5.0 (Windows NT 10.0; Win64; x64) AppleWebKit/537.36 (KHTML, like Gecko) Chrome/114.0.0.0 Safari/537.36 0.031
0:0:0:0:0:0:0:1 - - [15/Jun/2023:22:25:19 +0100] GET /devportal/site/public/dist/vendors~APIDocuments~APIOverview.f394ac01608a94b6dd74.bundle.js HTTP/1.1 200 34374 https://localhost:9443/devportal/apis/d02418ae-ab94-438a-87c1-83b37ef15067/overview Mozilla/5.0 (Windows NT 10.0; Win64; x64) AppleWebKit/537.36 (KHTML, like Gecko) Chrome/114.0.0.0 Safari/537.36 0.035
0:0:0:0:0:0:0:1 - - [15/Jun/2023:22:25:19 +0100] GET /devportal/site/public/dist/APIOverview.9b9a6e01add6e880d662.bundle.js HTTP/1.1 200 20063 https://localhost:9443/devportal/apis/d02418ae-ab94-438a-87c1-83b37ef15067/overview Mozilla/5.0 (Windows NT 10.0; Win64; x64) AppleWebKit/537.36 (KHTML, like Gecko) Chrome/114.0.0.0 Safari/537.36 0.011
0:0:0:0:0:0:0:1 - - [15/Jun/2023:22:25:19 +0100] GET /devportal/site/public/images/leftMenuBack.png HTTP/1.1 200 5308 https://localhost:9443/devportal/apis/d02418ae-ab94-438a-87c1-83b37ef15067/overview Mozilla/5.0 (Windows NT 10.0; Win64; x64) AppleWebKit/537.36 (KHTML, like Gecko) Chrome/114.0.0.0 Safari/537.36 0.005
0:0:0:0:0:0:0:1 - - [15/Jun/2023:22:25:19 +0100] GET /devportal/site/public/dist/vendors~APIConsole~APIDocuments~APIOverview.351585fe0b19dbf2f65f.bundle.js HTTP/1.1 200 224002 https://localhost:9443/devportal/apis/d02418ae-ab94-438a-87c1-83b37ef15067/overview Mozilla/5.0 (Windows NT 10.0; Win64; x64) AppleWebKit/537.36 (KHTML, like Gecko) Chrome/114.0.0.0 Safari/537.36 0.066
127.0.0.1 - - [15/Jun/2023:22:25:19 +0100] GET /internal/data/v1/apis?context=/acme/en/1.0.0&version=1.0.0&gatewayLabel=Default HTTP/1.1 200 582 - Apache-HttpClient/4.5.13 (Java/17.0.6) 0.009
0:0:0:0:0:0:0:1 - - [15/Jun/2023:22:25:19 +0100] GET /api/am/devportal/v3/apis/d02418ae-ab94-438a-87c1-83b37ef15067/documents HTTP/1.1 200 92 https://localhost:9443/devportal/apis/d02418ae-ab94-438a-87c1-83b37ef15067/overview Mozilla/5.0 (Windows NT 10.0; Win64; x64) AppleWebKit/537.36 (KHTML, like Gecko) Chrome/114.0.0.0 Safari/537.36 0.023
0:0:0:0:0:0:0:1 - - [15/Jun/2023:22:25:19 +0100] GET /api/am/devportal/v3/apis/d02418ae-ab94-438a-87c1-83b37ef15067/documents HTTP/1.1 200 92 https://localhost:9443/devportal/apis/d02418ae-ab94-438a-87c1-83b37ef15067/overview Mozilla/5.0 (Windows NT 10.0; Win64; x64) AppleWebKit/537.36 (KHTML, like Gecko) Chrome/114.0.0.0 Safari/537.36 0.024
0:0:0:0:0:0:0:1 - - [15/Jun/2023:22:25:19 +0100] GET /api/am/devportal/v3/throttling-policies/subscription HTTP/1.1 200 634 https://localhost:9443/devportal/apis/d02418ae-ab94-438a-87c1-83b37ef15067/overview Mozilla/5.0 (Windows NT 10.0; Win64; x64) AppleWebKit/537.36 (KHTML, like Gecko) Chrome/114.0.0.0 Safari/537.36 0.060
0:0:0:0:0:0:0:1 - - [15/Jun/2023:22:25:19 +0100] GET /api/am/devportal/v3/throttling-policies/subscription HTTP/1.1 200 634 https://localhost:9443/devportal/apis/d02418ae-ab94-438a-87c1-83b37ef15067/overview Mozilla/5.0 (Windows NT 10.0; Win64; x64) AppleWebKit/537.36 (KHTML, like Gecko) Chrome/114.0.0.0 Safari/537.36 0.005
0:0:0:0:0:0:0:1 - - [15/Jun/2023:22:25:19 +0100] GET /api/am/devportal/v3/apis/d02418ae-ab94-438a-87c1-83b37ef15067/thumbnail HTTP/1.1 204 - https://localhost:9443/devportal/apis/d02418ae-ab94-438a-87c1-83b37ef15067/overview Mozilla/5.0 (Windows NT 10.0; Win64; x64) AppleWebKit/537.36 (KHTML, like Gecko) Chrome/114.0.0.0 Safari/537.36 0.011
0:0:0:0:0:0:0:1 - - [15/Jun/2023:22:25:19 +0100] GET /api/am/devportal/v3/apis/d02418ae-ab94-438a-87c1-83b37ef15067/ratings HTTP/1.1 200 125 https://localhost:9443/devportal/apis/d02418ae-ab94-438a-87c1-83b37ef15067/overview Mozilla/5.0 (Windows NT 10.0; Win64; x64) AppleWebKit/537.36 (KHTML, like Gecko) Chrome/114.0.0.0 Safari/537.36 0.012
0:0:0:0:0:0:0:1 - - [15/Jun/2023:22:25:19 +0100] GET /api/am/devportal/v3/apis/d02418ae-ab94-438a-87c1-83b37ef15067/comments?limit=5&offset=0 HTTP/1.1 200 101 https://localhost:9443/devportal/apis/d02418ae-ab94-438a-87c1-83b37ef15067/overview Mozilla/5.0 (Windows NT 10.0; Win64; x64) AppleWebKit/537.36 (KHTML, like Gecko) Chrome/114.0.0.0 Safari/537.36 0.031
127.0.0.1 - - [15/Jun/2023:22:25:20 +0100] GET /keymanager-operations/dcr/register/SEdFbjNMa0NQb0VEd1NHcVR0bDZxc3FVbGowYQ%3D%3D HTTP/1.1 200 531 - Apache-HttpClient/4.5.13 (Java/17.0.6) 0.791
127.0.0.1 - - [15/Jun/2023:22:25:20 +0100] GET /keymanager-operations/dcr/register/SEdFbjNMa0NQb0VEd1NHcVR0bDZxc3FVbGowYQ%3D%3D HTTP/1.1 200 531 - Apache-HttpClient/4.5.13 (Java/17.0.6) 0.791
0:0:0:0:0:0:0:1 - - [15/Jun/2023:22:25:20 +0100] GET /api/am/devportal/v3/subscriptions?apiId=d02418ae-ab94-438a-87c1-83b37ef15067&limit=5000 HTTP/1.1 200 715 https://localhost:9443/devportal/apis/d02418ae-ab94-438a-87c1-83b37ef15067/overview Mozilla/5.0 (Windows NT 10.0; Win64; x64) AppleWebKit/537.36 (KHTML, like Gecko) Chrome/114.0.0.0 Safari/537.36 0.944
0:0:0:0:0:0:0:1 - - [15/Jun/2023:22:25:20 +0100] GET /api/am/devportal/v3/subscriptions?apiId=d02418ae-ab94-438a-87c1-83b37ef15067&limit=25 HTTP/1.1 200 713 https://localhost:9443/devportal/apis/d02418ae-ab94-438a-87c1-83b37ef15067/overview Mozilla/5.0 (Windows NT 10.0; Win64; x64) AppleWebKit/537.36 (KHTML, like Gecko) Chrome/114.0.0.0 Safari/537.36 0.944
0:0:0:0:0:0:0:1 - - [15/Jun/2023:22:25:47 +0100] - 400 - - - 0.000
0:0:0:0:0:0:0:1 - - [15/Jun/2023:22:25:47 +0100] - 400 - - - 0.000
0:0:0:0:0:0:0:1 - - [15/Jun/2023:22:25:47 +0100] - 400 - - - 0.000
0:0:0:0:0:0:0:1 - - [15/Jun/2023:22:25:47 +0100] - 400 - - - 0.000
0:0:0:0:0:0:0:1 - - [15/Jun/2023:22:25:47 +0100] - 400 - - - 0.000
0:0:0:0:0:0:0:1 - - [15/Jun/2023:22:25:47 +0100] - 400 - - - 0.000
0:0:0:0:0:0:0:1 - - [15/Jun/2023:22:25:47 +0100] GET /devportal/site/public/images/_favicon.ico HTTP/1.1 200 1150 https://localhost:9443/devportal/apis/d02418ae-ab94-438a-87c1-83b37ef15067/test Mozilla/5.0 (Windows NT 10.0; Win64; x64) AppleWebKit/537.36 (KHTML, like Gecko) Chrome/114.0.0.0 Safari/537.36 0.003
0:0:0:0:0:0:0:1 - - [15/Jun/2023:22:25:47 +0100] GET /devportal/site/public/dist/vendors~APIConsole~APIDocuments~ApplicationDetails.632f7f3618b917dd72cb.bundle.js HTTP/1.1 200 25476 https://localhost:9443/devportal/apis/d02418ae-ab94-438a-87c1-83b37ef15067/test Mozilla/5.0 (Windows NT 10.0; Win64; x64) AppleWebKit/537.36 (KHTML, like Gecko) Chrome/114.0.0.0 Safari/537.36 0.009
0:0:0:0:0:0:0:1 - - [15/Jun/2023:22:25:47 +0100] GET /devportal/site/public/dist/vendors~APIConsole~GraphQLConsole.fdedfa5fe9df001a3725.bundle.js HTTP/1.1 200 55674 https://localhost:9443/devportal/apis/d02418ae-ab94-438a-87c1-83b37ef15067/test Mozilla/5.0 (Windows NT 10.0; Win64; x64) AppleWebKit/537.36 (KHTML, like Gecko) Chrome/114.0.0.0 Safari/537.36 0.021
0:0:0:0:0:0:0:1 - - [15/Jun/2023:22:25:47 +0100] GET /devportal/site/public/dist/5.57286c37eacce5fafae0.bundle.js HTTP/1.1 200 84080 https://localhost:9443/devportal/apis/d02418ae-ab94-438a-87c1-83b37ef15067/test Mozilla/5.0 (Windows NT 10.0; Win64; x64) AppleWebKit/537.36 (KHTML, like Gecko) Chrome/114.0.0.0 Safari/537.36 0.029
0:0:0:0:0:0:0:1 - - [15/Jun/2023:22:25:47 +0100] GET /devportal/site/public/dist/APIConsole.b3e80a9dce3816857c0c.bundle.js HTTP/1.1 200 1748096 https://localhost:9443/devportal/apis/d02418ae-ab94-438a-87c1-83b37ef15067/test Mozilla/5.0 (Windows NT 10.0; Win64; x64) AppleWebKit/537.36 (KHTML, like Gecko) Chrome/114.0.0.0 Safari/537.36 0.258
0:0:0:0:0:0:0:1 - - [15/Jun/2023:22:25:48 +0100] GET /api/am/devportal/v3/apis/d02418ae-ab94-438a-87c1-83b37ef15067 HTTP/1.1 200 1639 https://localhost:9443/devportal/apis/d02418ae-ab94-438a-87c1-83b37ef15067/test Mozilla/5.0 (Windows NT 10.0; Win64; x64) AppleWebKit/537.36 (KHTML, like Gecko) Chrome/114.0.0.0 Safari/537.36 0.019
0:0:0:0:0:0:0:1 - - [15/Jun/2023:22:25:48 +0100] GET /api/am/devportal/v3/apis/d02418ae-ab94-438a-87c1-83b37ef15067/swagger?environmentName=Default HTTP/1.1 200 879 https://localhost:9443/devportal/apis/d02418ae-ab94-438a-87c1-83b37ef15067/test Mozilla/5.0 (Windows NT 10.0; Win64; x64) AppleWebKit/537.36 (KHTML, like Gecko) Chrome/114.0.0.0 Safari/537.36 0.035
0:0:0:0:0:0:0:1 - - [15/Jun/2023:22:25:48 +0100] GET /api/am/devportal/v3/swagger.yaml HTTP/1.1 200 26878 https://localhost:9443/devportal/apis/d02418ae-ab94-438a-87c1-83b37ef15067/test Mozilla/5.0 (Windows NT 10.0; Win64; x64) AppleWebKit/537.36 (KHTML, like Gecko) Chrome/114.0.0.0 Safari/537.36 0.017
127.0.0.1 - - [15/Jun/2023:22:25:48 +0100] GET /keymanager-operations/dcr/register/SEdFbjNMa0NQb0VEd1NHcVR0bDZxc3FVbGowYQ%3D%3D HTTP/1.1 200 531 - Apache-HttpClient/4.5.13 (Java/17.0.6) 0.013
127.0.0.1 - - [15/Jun/2023:22:25:48 +0100] GET /oauth2/token/.well-known/openid-configuration HTTP/1.1 200 2395 - Apache-HttpClient/4.5.13 (Java/17.0.6) 0.007
0:0:0:0:0:0:0:1 - - [15/Jun/2023:22:25:48 +0100] GET /api/am/devportal/v3/subscriptions?apiId=d02418ae-ab94-438a-87c1-83b37ef15067&limit=25 HTTP/1.1 200 713 https://localhost:9443/devportal/apis/d02418ae-ab94-438a-87c1-83b37ef15067/test Mozilla/5.0 (Windows NT 10.0; Win64; x64) AppleWebKit/537.36 (KHTML, like Gecko) Chrome/114.0.0.0 Safari/537.36 0.037
127.0.0.1 - - [15/Jun/2023:22:25:48 +0100] GET /keymanager-operations/dcr/register/SEdFbjNMa0NQb0VEd1NHcVR0bDZxc3FVbGowYQ%3D%3D HTTP/1.1 200 531 - Apache-HttpClient/4.5.13 (Java/17.0.6) 0.004
0:0:0:0:0:0:0:1 - - [15/Jun/2023:22:25:48 +0100] GET /api/am/devportal/v3/key-managers HTTP/1.1 200 763 https://localhost:9443/devportal/apis/d02418ae-ab94-438a-87c1-83b37ef15067/test Mozilla/5.0 (Windows NT 10.0; Win64; x64) AppleWebKit/537.36 (KHTML, like Gecko) Chrome/114.0.0.0 Safari/537.36 0.075
0:0:0:0:0:0:0:1 - - [15/Jun/2023:22:25:48 +0100] GET /api/am/devportal/v3/subscriptions?apiId=d02418ae-ab94-438a-87c1-83b37ef15067&limit=25 HTTP/1.1 200 713 https://localhost:9443/devportal/apis/d02418ae-ab94-438a-87c1-83b37ef15067/test Mozilla/5.0 (Windows NT 10.0; Win64; x64) AppleWebKit/537.36 (KHTML, like Gecko) Chrome/114.0.0.0 Safari/537.36 0.042
0:0:0:0:0:0:0:1 - - [15/Jun/2023:22:25:48 +0100] GET /api/am/devportal/v3/applications/ HTTP/1.1 200 492 https://localhost:9443/devportal/apis/d02418ae-ab94-438a-87c1-83b37ef15067/test Mozilla/5.0 (Windows NT 10.0; Win64; x64) AppleWebKit/537.36 (KHTML, like Gecko) Chrome/114.0.0.0 Safari/537.36 0.005
0:0:0:0:0:0:0:1 - - [15/Jun/2023:22:25:48 +0100] GET /api/am/devportal/v3/swagger.yaml HTTP/1.1 200 26878 https://localhost:9443/devportal/apis/d02418ae-ab94-438a-87c1-83b37ef15067/test Mozilla/5.0 (Windows NT 10.0; Win64; x64) AppleWebKit/537.36 (KHTML, like Gecko) Chrome/114.0.0.0 Safari/537.36 0.005
127.0.0.1 - - [15/Jun/2023:22:25:48 +0100] GET /keymanager-operations/dcr/register/SEdFbjNMa0NQb0VEd1NHcVR0bDZxc3FVbGowYQ%3D%3D HTTP/1.1 200 531 - Apache-HttpClient/4.5.13 (Java/17.0.6) 0.003
0:0:0:0:0:0:0:1 - - [15/Jun/2023:22:25:48 +0100] GET /api/am/devportal/v3/applications/6cc3231f-f7b9-437e-93fd-41d67fc514af HTTP/1.1 200 503 https://localhost:9443/devportal/apis/d02418ae-ab94-438a-87c1-83b37ef15067/test Mozilla/5.0 (Windows NT 10.0; Win64; x64) AppleWebKit/537.36 (KHTML, like Gecko) Chrome/114.0.0.0 Safari/537.36 0.016
127.0.0.1 - - [15/Jun/2023:22:25:48 +0100] GET /keymanager-operations/dcr/register/SEdFbjNMa0NQb0VEd1NHcVR0bDZxc3FVbGowYQ%3D%3D HTTP/1.1 200 531 - Apache-HttpClient/4.5.13 (Java/17.0.6) 0.002
0:0:0:0:0:0:0:1 - - [15/Jun/2023:22:25:48 +0100] GET /api/am/devportal/v3/applications/6cc3231f-f7b9-437e-93fd-41d67fc514af/oauth-keys HTTP/1.1 200 679 https://localhost:9443/devportal/apis/d02418ae-ab94-438a-87c1-83b37ef15067/test Mozilla/5.0 (Windows NT 10.0; Win64; x64) AppleWebKit/537.36 (KHTML, like Gecko) Chrome/114.0.0.0 Safari/537.36 0.017
0:0:0:0:0:0:0:1 - - [15/Jun/2023:22:25:48 +0100] GET /api/am/devportal/v3/swagger.yaml HTTP/1.1 200 26878 https://localhost:9443/devportal/apis/d02418ae-ab94-438a-87c1-83b37ef15067/test Mozilla/5.0 (Windows NT 10.0; Win64; x64) AppleWebKit/537.36 (KHTML, like Gecko) Chrome/114.0.0.0 Safari/537.36 0.006
0:0:0:0:0:0:0:1 - - [15/Jun/2023:22:25:48 +0100] GET /api/am/devportal/v3/swagger.yaml HTTP/1.1 200 26878 https://localhost:9443/devportal/apis/d02418ae-ab94-438a-87c1-83b37ef15067/test Mozilla/5.0 (Windows NT 10.0; Win64; x64) AppleWebKit/537.36 (KHTML, like Gecko) Chrome/114.0.0.0 Safari/537.36 0.007
127.0.0.1 - - [15/Jun/2023:22:25:48 +0100] GET /keymanager-operations/dcr/register/SEdFbjNMa0NQb0VEd1NHcVR0bDZxc3FVbGowYQ%3D%3D HTTP/1.1 200 531 - Apache-HttpClient/4.5.13 (Java/17.0.6) 0.011
0:0:0:0:0:0:0:1 - - [15/Jun/2023:22:25:48 +0100] GET /api/am/devportal/v3/applications/6cc3231f-f7b9-437e-93fd-41d67fc514af HTTP/1.1 200 503 https://localhost:9443/devportal/apis/d02418ae-ab94-438a-87c1-83b37ef15067/test Mozilla/5.0 (Windows NT 10.0; Win64; x64) AppleWebKit/537.36 (KHTML, like Gecko) Chrome/114.0.0.0 Safari/537.36 0.017
127.0.0.1 - - [15/Jun/2023:22:25:49 +0100] GET /keymanager-operations/dcr/register/SEdFbjNMa0NQb0VEd1NHcVR0bDZxc3FVbGowYQ%3D%3D HTTP/1.1 200 531 - Apache-HttpClient/4.5.13 (Java/17.0.6) 0.003
0:0:0:0:0:0:0:1 - - [15/Jun/2023:22:25:49 +0100] GET /api/am/devportal/v3/applications/6cc3231f-f7b9-437e-93fd-41d67fc514af HTTP/1.1 200 503 https://localhost:9443/devportal/apis/d02418ae-ab94-438a-87c1-83b37ef15067/test Mozilla/5.0 (Windows NT 10.0; Win64; x64) AppleWebKit/537.36 (KHTML, like Gecko) Chrome/114.0.0.0 Safari/537.36 0.009
127.0.0.1 - - [15/Jun/2023:22:25:49 +0100] GET /keymanager-operations/dcr/register/SEdFbjNMa0NQb0VEd1NHcVR0bDZxc3FVbGowYQ%3D%3D HTTP/1.1 200 531 - Apache-HttpClient/4.5.13 (Java/17.0.6) 0.003
0:0:0:0:0:0:0:1 - - [15/Jun/2023:22:25:49 +0100] GET /api/am/devportal/v3/applications/6cc3231f-f7b9-437e-93fd-41d67fc514af/oauth-keys HTTP/1.1 200 679 https://localhost:9443/devportal/apis/d02418ae-ab94-438a-87c1-83b37ef15067/test Mozilla/5.0 (Windows NT 10.0; Win64; x64) AppleWebKit/537.36 (KHTML, like Gecko) Chrome/114.0.0.0 Safari/537.36 0.009
127.0.0.1 - - [15/Jun/2023:22:25:49 +0100] GET /keymanager-operations/dcr/register/SEdFbjNMa0NQb0VEd1NHcVR0bDZxc3FVbGowYQ%3D%3D HTTP/1.1 200 531 - Apache-HttpClient/4.5.13 (Java/17.0.6) 0.003
0:0:0:0:0:0:0:1 - - [15/Jun/2023:22:25:49 +0100] GET /api/am/devportal/v3/applications/6cc3231f-f7b9-437e-93fd-41d67fc514af/oauth-keys HTTP/1.1 200 679 https://localhost:9443/devportal/apis/d02418ae-ab94-438a-87c1-83b37ef15067/test Mozilla/5.0 (Windows NT 10.0; Win64; x64) AppleWebKit/537.36 (KHTML, like Gecko) Chrome/114.0.0.0 Safari/537.36 0.009
0:0:0:0:0:0:0:1 - - [15/Jun/2023:22:25:50 +0100] GET /api/am/devportal/v3/swagger.yaml HTTP/1.1 200 26878 https://localhost:9443/devportal/apis/d02418ae-ab94-438a-87c1-83b37ef15067/test Mozilla/5.0 (Windows NT 10.0; Win64; x64) AppleWebKit/537.36 (KHTML, like Gecko) Chrome/114.0.0.0 Safari/537.36 0.005
127.0.0.1 - - [15/Jun/2023:22:25:50 +0100] GET /keymanager-operations/dcr/register/SEdFbjNMa0NQb0VEd1NHcVR0bDZxc3FVbGowYQ%3D%3D HTTP/1.1 200 531 - Apache-HttpClient/4.5.13 (Java/17.0.6) 0.004
0:0:0:0:0:0:0:1 - - [15/Jun/2023:22:25:50 +0100] GET /api/am/devportal/v3/applications/6cc3231f-f7b9-437e-93fd-41d67fc514af HTTP/1.1 200 503 https://localhost:9443/devportal/apis/d02418ae-ab94-438a-87c1-83b37ef15067/test Mozilla/5.0 (Windows NT 10.0; Win64; x64) AppleWebKit/537.36 (KHTML, like Gecko) Chrome/114.0.0.0 Safari/537.36 0.010
127.0.0.1 - - [15/Jun/2023:22:25:50 +0100] GET /keymanager-operations/dcr/register/SEdFbjNMa0NQb0VEd1NHcVR0bDZxc3FVbGowYQ%3D%3D HTTP/1.1 200 531 - Apache-HttpClient/4.5.13 (Java/17.0.6) 0.004
0:0:0:0:0:0:0:1 - - [15/Jun/2023:22:25:50 +0100] GET /api/am/devportal/v3/applications/6cc3231f-f7b9-437e-93fd-41d67fc514af/oauth-keys HTTP/1.1 200 679 https://localhost:9443/devportal/apis/d02418ae-ab94-438a-87c1-83b37ef15067/test Mozilla/5.0 (Windows NT 10.0; Win64; x64) AppleWebKit/537.36 (KHTML, like Gecko) Chrome/114.0.0.0 Safari/537.36 0.016
127.0.0.1 - - [15/Jun/2023:22:25:50 +0100] GET /keymanager-operations/dcr/register/SEdFbjNMa0NQb0VEd1NHcVR0bDZxc3FVbGowYQ%3D%3D HTTP/1.1 200 531 - Apache-HttpClient/4.5.13 (Java/17.0.6) 0.002
127.0.0.1 - - [15/Jun/2023:22:25:50 +0100] GET /keymanager-operations/dcr/register/SEdFbjNMa0NQb0VEd1NHcVR0bDZxc3FVbGowYQ%3D%3D HTTP/1.1 200 531 - Apache-HttpClient/4.5.13 (Java/17.0.6) 0.003
127.0.0.1 - - [15/Jun/2023:22:25:50 +0100] POST /oauth2/token HTTP/1.1 200 1190 - Apache-HttpClient/4.5.13 (Java/17.0.6) 0.365
0:0:0:0:0:0:0:1 - - [15/Jun/2023:22:25:50 +0100] POST /api/am/devportal/v3/applications/6cc3231f-f7b9-437e-93fd-41d67fc514af/oauth-keys/938ecc53-bc18-450d-be7f-559f13ed7b8d/generate-token HTTP/1.1 200 893 https://localhost:9443/devportal/apis/d02418ae-ab94-438a-87c1-83b37ef15067/test Mozilla/5.0 (Windows NT 10.0; Win64; x64) AppleWebKit/537.36 (KHTML, like Gecko) Chrome/114.0.0.0 Safari/537.36 0.564
127.0.0.1 - - [15/Jun/2023:22:25:50 +0100] POST /internal/data/v1/notify HTTP/1.1 200 - - Apache-HttpClient/4.5.13 (Java/17.0.6) 0.073
127.0.0.1 - - [15/Jun/2023:22:25:56 +0100] GET /oauth2/jwks HTTP/1.1 200 1919 - Apache-HttpClient/4.5.13 (Java/17.0.6) 0.186
0:0:0:0:0:0:0:1 - - [15/Jun/2023:22:26:03 +0100] - 400 - - - 0.000
0:0:0:0:0:0:0:1 - - [15/Jun/2023:22:26:03 +0100] - 400 - - - 0.000
0:0:0:0:0:0:0:1 - - [15/Jun/2023:22:26:03 +0100] GET /api/am/publisher/v4/endpoint-certificates?endpoint=http%3A%2F%2Flocalhost%3A8290%2Facme HTTP/1.1 200 100 https://localhost:9443/publisher/apis/d02418ae-ab94-438a-87c1-83b37ef15067/endpoints Mozilla/5.0 (Windows NT 10.0; Win64; x64) AppleWebKit/537.36 (KHTML, like Gecko) Chrome/114.0.0.0 Safari/537.36 0.004
0:0:0:0:0:0:0:1 - - [15/Jun/2023:22:26:03 +0100] GET /api/am/publisher/v4/apis/d02418ae-ab94-438a-87c1-83b37ef15067/swagger HTTP/1.1 200 1223 https://localhost:9443/publisher/apis/d02418ae-ab94-438a-87c1-83b37ef15067/endpoints Mozilla/5.0 (Windows NT 10.0; Win64; x64) AppleWebKit/537.36 (KHTML, like Gecko) Chrome/114.0.0.0 Safari/537.36 0.043
0:0:0:0:0:0:0:1 - - [15/Jun/2023:22:26:19 +0100] - 400 - - - 0.000
127.0.0.1 - - [15/Jun/2023:22:26:19 +0100] GET /api/identity/oauth2/v1.0/scopes/name/User HTTP/1.1 200 189 - Apache-HttpClient/4.5.13 (Java/17.0.6) 0.006
127.0.0.1 - - [15/Jun/2023:22:26:19 +0100] GET /api/identity/oauth2/v1.0/scopes/name/Admin HTTP/1.1 200 153 - Apache-HttpClient/4.5.13 (Java/17.0.6) 0.016
0:0:0:0:0:0:0:1 - - [15/Jun/2023:22:26:19 +0100] PUT /api/am/publisher/v4/apis/d02418ae-ab94-438a-87c1-83b37ef15067 HTTP/1.1 200 1627 https://localhost:9443/publisher/apis/d02418ae-ab94-438a-87c1-83b37ef15067/endpoints Mozilla/5.0 (Windows NT 10.0; Win64; x64) AppleWebKit/537.36 (KHTML, like Gecko) Chrome/114.0.0.0 Safari/537.36 0.300
0:0:0:0:0:0:0:1 - - [15/Jun/2023:22:26:20 +0100] - 400 - - - 0.000
0:0:0:0:0:0:0:1 - - [15/Jun/2023:22:26:20 +0100] - 400 - - - 0.000
0:0:0:0:0:0:0:1 - - [15/Jun/2023:22:26:20 +0100] GET /api/am/publisher/v4/endpoint-certificates?endpoint=https%3A%2F%2Flocalhost%3A8253%2Facme HTTP/1.1 200 100 https://localhost:9443/publisher/apis/d02418ae-ab94-438a-87c1-83b37ef15067/deployments Mozilla/5.0 (Windows NT 10.0; Win64; x64) AppleWebKit/537.36 (KHTML, like Gecko) Chrome/114.0.0.0 Safari/537.36 0.008
0:0:0:0:0:0:0:1 - - [15/Jun/2023:22:26:20 +0100] GET /api/am/publisher/v4/apis/d02418ae-ab94-438a-87c1-83b37ef15067/swagger HTTP/1.1 200 1222 https://localhost:9443/publisher/apis/d02418ae-ab94-438a-87c1-83b37ef15067/deployments Mozilla/5.0 (Windows NT 10.0; Win64; x64) AppleWebKit/537.36 (KHTML, like Gecko) Chrome/114.0.0.0 Safari/537.36 0.036
0:0:0:0:0:0:0:1 - - [15/Jun/2023:22:26:20 +0100] GET /api/am/publisher/v4/apis/d02418ae-ab94-438a-87c1-83b37ef15067/asyncapi HTTP/1.1 200 - https://localhost:9443/publisher/apis/d02418ae-ab94-438a-87c1-83b37ef15067/deployments Mozilla/5.0 (Windows NT 10.0; Win64; x64) AppleWebKit/537.36 (KHTML, like Gecko) Chrome/114.0.0.0 Safari/537.36 0.027
0:0:0:0:0:0:0:1 - - [15/Jun/2023:22:26:23 +0100] - 400 - - - 0.000
0:0:0:0:0:0:0:1 - - [15/Jun/2023:22:26:23 +0100] DELETE /api/am/publisher/v4/apis/d02418ae-ab94-438a-87c1-83b37ef15067/revisions/01ec132b-168a-425b-a27f-1a44b9601a52 HTTP/1.1 200 974 https://localhost:9443/publisher/apis/d02418ae-ab94-438a-87c1-83b37ef15067/deployments Mozilla/5.0 (Windows NT 10.0; Win64; x64) AppleWebKit/537.36 (KHTML, like Gecko) Chrome/114.0.0.0 Safari/537.36 0.014
0:0:0:0:0:0:0:1 - - [15/Jun/2023:22:26:23 +0100] - 400 - - - 0.000
0:0:0:0:0:0:0:1 - - [15/Jun/2023:22:26:23 +0100] - 400 - - - 0.000
0:0:0:0:0:0:0:1 - - [15/Jun/2023:22:26:23 +0100] GET /api/am/publisher/v4/apis/d02418ae-ab94-438a-87c1-83b37ef15067/revisions HTTP/1.1 200 974 https://localhost:9443/publisher/apis/d02418ae-ab94-438a-87c1-83b37ef15067/deployments Mozilla/5.0 (Windows NT 10.0; Win64; x64) AppleWebKit/537.36 (KHTML, like Gecko) Chrome/114.0.0.0 Safari/537.36 0.005
0:0:0:0:0:0:0:1 - - [15/Jun/2023:22:26:23 +0100] GET /api/am/publisher/v4/apis/d02418ae-ab94-438a-87c1-83b37ef15067/asyncapi HTTP/1.1 200 - https://localhost:9443/publisher/apis/d02418ae-ab94-438a-87c1-83b37ef15067/deployments Mozilla/5.0 (Windows NT 10.0; Win64; x64) AppleWebKit/537.36 (KHTML, like Gecko) Chrome/114.0.0.0 Safari/537.36 0.015
0:0:0:0:0:0:0:1 - - [15/Jun/2023:22:26:23 +0100] POST /api/am/publisher/v4/apis/d02418ae-ab94-438a-87c1-83b37ef15067/revisions HTTP/1.1 201 194 https://localhost:9443/publisher/apis/d02418ae-ab94-438a-87c1-83b37ef15067/deployments Mozilla/5.0 (Windows NT 10.0; Win64; x64) AppleWebKit/537.36 (KHTML, like Gecko) Chrome/114.0.0.0 Safari/537.36 0.162
0:0:0:0:0:0:0:1 - - [15/Jun/2023:22:26:23 +0100] GET /api/am/publisher/v4/apis/d02418ae-ab94-438a-87c1-83b37ef15067/asyncapi HTTP/1.1 200 - https://localhost:9443/publisher/apis/d02418ae-ab94-438a-87c1-83b37ef15067/deployments Mozilla/5.0 (Windows NT 10.0; Win64; x64) AppleWebKit/537.36 (KHTML, like Gecko) Chrome/114.0.0.0 Safari/537.36 0.028
0:0:0:0:0:0:0:1 - - [15/Jun/2023:22:26:24 +0100] POST /api/am/publisher/v4/apis/d02418ae-ab94-438a-87c1-83b37ef15067/deploy-revision?revisionId=80760720-06e7-4030-a328-66f794462183 HTTP/1.1 201 176 https://localhost:9443/publisher/apis/d02418ae-ab94-438a-87c1-83b37ef15067/deployments Mozilla/5.0 (Windows NT 10.0; Win64; x64) AppleWebKit/537.36 (KHTML, like Gecko) Chrome/114.0.0.0 Safari/537.36 0.053
0:0:0:0:0:0:0:1 - - [15/Jun/2023:22:26:24 +0100] GET /api/am/publisher/v4/apis/d02418ae-ab94-438a-87c1-83b37ef15067/revisions?query=deployed%3Atrue HTTP/1.1 200 389 https://localhost:9443/publisher/apis/d02418ae-ab94-438a-87c1-83b37ef15067/deployments Mozilla/5.0 (Windows NT 10.0; Win64; x64) AppleWebKit/537.36 (KHTML, like Gecko) Chrome/114.0.0.0 Safari/537.36 0.006
0:0:0:0:0:0:0:1 - - [15/Jun/2023:22:26:24 +0100] GET /api/am/publisher/v4/apis/d02418ae-ab94-438a-87c1-83b37ef15067/revisions HTTP/1.1 200 409 https://localhost:9443/publisher/apis/d02418ae-ab94-438a-87c1-83b37ef15067/deployments Mozilla/5.0 (Windows NT 10.0; Win64; x64) AppleWebKit/537.36 (KHTML, like Gecko) Chrome/114.0.0.0 Safari/537.36 0.007
0:0:0:0:0:0:0:1 - - [15/Jun/2023:22:26:24 +0100] GET /api/am/publisher/v4/apis/d02418ae-ab94-438a-87c1-83b37ef15067/asyncapi HTTP/1.1 200 - https://localhost:9443/publisher/apis/d02418ae-ab94-438a-87c1-83b37ef15067/deployments Mozilla/5.0 (Windows NT 10.0; Win64; x64) AppleWebKit/537.36 (KHTML, like Gecko) Chrome/114.0.0.0 Safari/537.36 0.027
127.0.0.1 - - [15/Jun/2023:22:26:24 +0100] GET /internal/data/v1/apis?context=/acme/en/1.0.0&version=1.0.0&gatewayLabel=Default HTTP/1.1 200 582 - Apache-HttpClient/4.5.13 (Java/17.0.6) 0.008
127.0.0.1 - - [15/Jun/2023:22:26:24 +0100] GET /internal/data/v1/apis?context=/acme/en/1.0.0&version=1.0.0&gatewayLabel=Default HTTP/1.1 200 582 - Apache-HttpClient/4.5.13 (Java/17.0.6) 0.006
0:0:0:0:0:0:0:1 - - [15/Jun/2023:22:26:24 +0100] GET /api/am/publisher/v4/apis/d02418ae-ab94-438a-87c1-83b37ef15067/asyncapi HTTP/1.1 200 - https://localhost:9443/publisher/apis/d02418ae-ab94-438a-87c1-83b37ef15067/deployments Mozilla/5.0 (Windows NT 10.0; Win64; x64) AppleWebKit/537.36 (KHTML, like Gecko) Chrome/114.0.0.0 Safari/537.36 0.011
0:0:0:0:0:0:0:1 - - [15/Jun/2023:22:26:25 +0100] GET /api/am/publisher/v4/apis/d02418ae-ab94-438a-87c1-83b37ef15067/asyncapi HTTP/1.1 200 - https://localhost:9443/publisher/apis/d02418ae-ab94-438a-87c1-83b37ef15067/deployments Mozilla/5.0 (Windows NT 10.0; Win64; x64) AppleWebKit/537.36 (KHTML, like Gecko) Chrome/114.0.0.0 Safari/537.36 0.022
127.0.0.1 - - [15/Jun/2023:22:26:28 +0100] GET /internal/data/v1/apis?context=/acme/en/1.0.0&version=1.0.0&gatewayLabel=Default HTTP/1.1 200 582 - Apache-HttpClient/4.5.13 (Java/17.0.6) 0.006
127.0.0.1 - - [15/Jun/2023:22:26:33 +0100] GET /internal/data/v1/runtime-artifacts?apiId=d02418ae-ab94-438a-87c1-83b37ef15067&gatewayLabel=RGVmYXVsdA&type=Synapse HTTP/1.1 200 4762 - Apache-HttpClient/4.5.13 (Java/17.0.6) 0.103
127.0.0.1 - - [15/Jun/2023:22:26:34 +0100] GET /internal/data/v1/apis?context=/acme/en/1.0.0&version=1.0.0&gatewayLabel=Default HTTP/1.1 200 582 - Apache-HttpClient/4.5.13 (Java/17.0.6) 0.004
0:0:0:0:0:0:0:1 - - [15/Jun/2023:22:26:43 +0100] - 400 - - - 0.000
0:0:0:0:0:0:0:1 - - [15/Jun/2023:22:26:43 +0100] - 400 - - - 0.000
0:0:0:0:0:0:0:1 - - [15/Jun/2023:22:26:43 +0100] - 400 - - - 0.000
0:0:0:0:0:0:0:1 - - [15/Jun/2023:22:26:43 +0100] - 400 - - - 0.000
0:0:0:0:0:0:0:1 - - [15/Jun/2023:22:26:43 +0100] GET /api/am/publisher/v4/scopes HTTP/1.1 200 388 https://localhost:9443/publisher/apis/d02418ae-ab94-438a-87c1-83b37ef15067/resources Mozilla/5.0 (Windows NT 10.0; Win64; x64) AppleWebKit/537.36 (KHTML, like Gecko) Chrome/114.0.0.0 Safari/537.36 0.014
0:0:0:0:0:0:0:1 - - [15/Jun/2023:22:26:43 +0100] GET /api/am/publisher/v4/apis/d02418ae-ab94-438a-87c1-83b37ef15067/amznResourceNames HTTP/1.1 200 2 https://localhost:9443/publisher/apis/d02418ae-ab94-438a-87c1-83b37ef15067/resources Mozilla/5.0 (Windows NT 10.0; Win64; x64) AppleWebKit/537.36 (KHTML, like Gecko) Chrome/114.0.0.0 Safari/537.36 0.015
0:0:0:0:0:0:0:1 - - [15/Jun/2023:22:26:43 +0100] GET /api/am/publisher/v4/throttling-policies/api?limit=80 HTTP/1.1 200 395 https://localhost:9443/publisher/apis/d02418ae-ab94-438a-87c1-83b37ef15067/resources Mozilla/5.0 (Windows NT 10.0; Win64; x64) AppleWebKit/537.36 (KHTML, like Gecko) Chrome/114.0.0.0 Safari/537.36 0.021
0:0:0:0:0:0:0:1 - - [15/Jun/2023:22:26:43 +0100] GET /api/am/publisher/v4/apis/d02418ae-ab94-438a-87c1-83b37ef15067/swagger HTTP/1.1 200 1222 https://localhost:9443/publisher/apis/d02418ae-ab94-438a-87c1-83b37ef15067/resources Mozilla/5.0 (Windows NT 10.0; Win64; x64) AppleWebKit/537.36 (KHTML, like Gecko) Chrome/114.0.0.0 Safari/537.36 0.031
0:0:0:0:0:0:0:1 - - [15/Jun/2023:22:27:27 +0100] - 400 - - - 0.000
0:0:0:0:0:0:0:1 - - [15/Jun/2023:22:27:27 +0100] - 400 - - - 0.000
0:0:0:0:0:0:0:1 - - [15/Jun/2023:22:27:27 +0100] GET /api/am/publisher/v4/endpoint-certificates?endpoint=https%3A%2F%2Flocalhost%3A8253%2Facme HTTP/1.1 200 100 https://localhost:9443/publisher/apis/d02418ae-ab94-438a-87c1-83b37ef15067/endpoints Mozilla/5.0 (Windows NT 10.0; Win64; x64) AppleWebKit/537.36 (KHTML, like Gecko) Chrome/114.0.0.0 Safari/537.36 0.008
0:0:0:0:0:0:0:1 - - [15/Jun/2023:22:27:27 +0100] GET /api/am/publisher/v4/apis/d02418ae-ab94-438a-87c1-83b37ef15067/swagger HTTP/1.1 200 1222 https://localhost:9443/publisher/apis/d02418ae-ab94-438a-87c1-83b37ef15067/endpoints Mozilla/5.0 (Windows NT 10.0; Win64; x64) AppleWebKit/537.36 (KHTML, like Gecko) Chrome/114.0.0.0 Safari/537.36 0.054
0:0:0:0:0:0:0:1 - - [15/Jun/2023:22:27:37 +0100] - 400 - - - 0.000
127.0.0.1 - - [15/Jun/2023:22:27:37 +0100] GET /api/identity/oauth2/v1.0/scopes/name/User HTTP/1.1 200 189 - Apache-HttpClient/4.5.13 (Java/17.0.6) 0.012
127.0.0.1 - - [15/Jun/2023:22:27:37 +0100] GET /api/identity/oauth2/v1.0/scopes/name/Admin HTTP/1.1 200 153 - Apache-HttpClient/4.5.13 (Java/17.0.6) 0.006
0:0:0:0:0:0:0:1 - - [15/Jun/2023:22:27:37 +0100] PUT /api/am/publisher/v4/apis/d02418ae-ab94-438a-87c1-83b37ef15067 HTTP/1.1 200 1627 https://localhost:9443/publisher/apis/d02418ae-ab94-438a-87c1-83b37ef15067/endpoints Mozilla/5.0 (Windows NT 10.0; Win64; x64) AppleWebKit/537.36 (KHTML, like Gecko) Chrome/114.0.0.0 Safari/537.36 0.252
0:0:0:0:0:0:0:1 - - [15/Jun/2023:22:27:38 +0100] - 400 - - - 0.000
0:0:0:0:0:0:0:1 - - [15/Jun/2023:22:27:38 +0100] GET /api/am/publisher/v4/endpoint-certificates?endpoint=http%3A%2F%2Flocalhost%3A8244%2Facme HTTP/1.1 200 100 https://localhost:9443/publisher/apis/d02418ae-ab94-438a-87c1-83b37ef15067/deployments Mozilla/5.0 (Windows NT 10.0; Win64; x64) AppleWebKit/537.36 (KHTML, like Gecko) Chrome/114.0.0.0 Safari/537.36 0.005
0:0:0:0:0:0:0:1 - - [15/Jun/2023:22:27:38 +0100] - 400 - - - 0.000
0:0:0:0:0:0:0:1 - - [15/Jun/2023:22:27:38 +0100] GET /api/am/publisher/v4/apis/d02418ae-ab94-438a-87c1-83b37ef15067/swagger HTTP/1.1 200 1224 https://localhost:9443/publisher/apis/d02418ae-ab94-438a-87c1-83b37ef15067/deployments Mozilla/5.0 (Windows NT 10.0; Win64; x64) AppleWebKit/537.36 (KHTML, like Gecko) Chrome/114.0.0.0 Safari/537.36 0.021
0:0:0:0:0:0:0:1 - - [15/Jun/2023:22:27:38 +0100] GET /api/am/publisher/v4/apis/d02418ae-ab94-438a-87c1-83b37ef15067/asyncapi HTTP/1.1 200 - https://localhost:9443/publisher/apis/d02418ae-ab94-438a-87c1-83b37ef15067/deployments Mozilla/5.0 (Windows NT 10.0; Win64; x64) AppleWebKit/537.36 (KHTML, like Gecko) Chrome/114.0.0.0 Safari/537.36 0.025
127.0.0.1 - - [15/Jun/2023:22:27:42 +0100] GET /internal/data/v1/apis?context=/acme/en/1.0.0&version=1.0.0&gatewayLabel=Default HTTP/1.1 200 582 - Apache-HttpClient/4.5.13 (Java/17.0.6) 0.005
127.0.0.1 - - [15/Jun/2023:22:27:42 +0100] GET /internal/data/v1/apis?context=/acme/en/1.0.0&version=1.0.0&gatewayLabel=Default HTTP/1.1 200 582 - Apache-HttpClient/4.5.13 (Java/17.0.6) 0.006
0:0:0:0:0:0:0:1 - - [15/Jun/2023:22:27:43 +0100] - 400 - - - 0.000
0:0:0:0:0:0:0:1 - - [15/Jun/2023:22:27:43 +0100] DELETE /api/am/publisher/v4/apis/d02418ae-ab94-438a-87c1-83b37ef15067/revisions/bced7306-6251-4cb7-8e60-1f577ffd5602 HTTP/1.1 200 974 https://localhost:9443/publisher/apis/d02418ae-ab94-438a-87c1-83b37ef15067/deployments Mozilla/5.0 (Windows NT 10.0; Win64; x64) AppleWebKit/537.36 (KHTML, like Gecko) Chrome/114.0.0.0 Safari/537.36 0.031
0:0:0:0:0:0:0:1 - - [15/Jun/2023:22:27:43 +0100] - 400 - - - 0.000
0:0:0:0:0:0:0:1 - - [15/Jun/2023:22:27:43 +0100] - 400 - - - 0.000
0:0:0:0:0:0:0:1 - - [15/Jun/2023:22:27:43 +0100] GET /api/am/publisher/v4/apis/d02418ae-ab94-438a-87c1-83b37ef15067/revisions HTTP/1.1 200 974 https://localhost:9443/publisher/apis/d02418ae-ab94-438a-87c1-83b37ef15067/deployments Mozilla/5.0 (Windows NT 10.0; Win64; x64) AppleWebKit/537.36 (KHTML, like Gecko) Chrome/114.0.0.0 Safari/537.36 0.004
0:0:0:0:0:0:0:1 - - [15/Jun/2023:22:27:43 +0100] GET /api/am/publisher/v4/apis/d02418ae-ab94-438a-87c1-83b37ef15067/asyncapi HTTP/1.1 200 - https://localhost:9443/publisher/apis/d02418ae-ab94-438a-87c1-83b37ef15067/deployments Mozilla/5.0 (Windows NT 10.0; Win64; x64) AppleWebKit/537.36 (KHTML, like Gecko) Chrome/114.0.0.0 Safari/537.36 0.015
0:0:0:0:0:0:0:1 - - [15/Jun/2023:22:27:43 +0100] POST /api/am/publisher/v4/apis/d02418ae-ab94-438a-87c1-83b37ef15067/revisions HTTP/1.1 201 194 https://localhost:9443/publisher/apis/d02418ae-ab94-438a-87c1-83b37ef15067/deployments Mozilla/5.0 (Windows NT 10.0; Win64; x64) AppleWebKit/537.36 (KHTML, like Gecko) Chrome/114.0.0.0 Safari/537.36 0.134
0:0:0:0:0:0:0:1 - - [15/Jun/2023:22:27:44 +0100] GET /api/am/publisher/v4/apis/d02418ae-ab94-438a-87c1-83b37ef15067/asyncapi HTTP/1.1 200 - https://localhost:9443/publisher/apis/d02418ae-ab94-438a-87c1-83b37ef15067/deployments Mozilla/5.0 (Windows NT 10.0; Win64; x64) AppleWebKit/537.36 (KHTML, like Gecko) Chrome/114.0.0.0 Safari/537.36 0.012
0:0:0:0:0:0:0:1 - - [15/Jun/2023:22:27:44 +0100] POST /api/am/publisher/v4/apis/d02418ae-ab94-438a-87c1-83b37ef15067/deploy-revision?revisionId=ac8b040d-d9fb-41d0-80b6-c818529180cb HTTP/1.1 201 176 https://localhost:9443/publisher/apis/d02418ae-ab94-438a-87c1-83b37ef15067/deployments Mozilla/5.0 (Windows NT 10.0; Win64; x64) AppleWebKit/537.36 (KHTML, like Gecko) Chrome/114.0.0.0 Safari/537.36 0.041
0:0:0:0:0:0:0:1 - - [15/Jun/2023:22:27:44 +0100] GET /api/am/publisher/v4/apis/d02418ae-ab94-438a-87c1-83b37ef15067/revisions HTTP/1.1 200 410 https://localhost:9443/publisher/apis/d02418ae-ab94-438a-87c1-83b37ef15067/deployments Mozilla/5.0 (Windows NT 10.0; Win64; x64) AppleWebKit/537.36 (KHTML, like Gecko) Chrome/114.0.0.0 Safari/537.36 0.007
0:0:0:0:0:0:0:1 - - [15/Jun/2023:22:27:44 +0100] GET /api/am/publisher/v4/apis/d02418ae-ab94-438a-87c1-83b37ef15067/revisions?query=deployed%3Atrue HTTP/1.1 200 389 https://localhost:9443/publisher/apis/d02418ae-ab94-438a-87c1-83b37ef15067/deployments Mozilla/5.0 (Windows NT 10.0; Win64; x64) AppleWebKit/537.36 (KHTML, like Gecko) Chrome/114.0.0.0 Safari/537.36 0.007
0:0:0:0:0:0:0:1 - - [15/Jun/2023:22:27:44 +0100] GET /api/am/publisher/v4/apis/d02418ae-ab94-438a-87c1-83b37ef15067/asyncapi HTTP/1.1 200 - https://localhost:9443/publisher/apis/d02418ae-ab94-438a-87c1-83b37ef15067/deployments Mozilla/5.0 (Windows NT 10.0; Win64; x64) AppleWebKit/537.36 (KHTML, like Gecko) Chrome/114.0.0.0 Safari/537.36 0.018
127.0.0.1 - - [15/Jun/2023:22:27:44 +0100] GET /internal/data/v1/apis?context=/acme/en/1.0.0&version=1.0.0&gatewayLabel=Default HTTP/1.1 200 582 - Apache-HttpClient/4.5.13 (Java/17.0.6) 0.013
0:0:0:0:0:0:0:1 - - [15/Jun/2023:22:27:45 +0100] GET /api/am/publisher/v4/apis/d02418ae-ab94-438a-87c1-83b37ef15067/asyncapi HTTP/1.1 200 - https://localhost:9443/publisher/apis/d02418ae-ab94-438a-87c1-83b37ef15067/deployments Mozilla/5.0 (Windows NT 10.0; Win64; x64) AppleWebKit/537.36 (KHTML, like Gecko) Chrome/114.0.0.0 Safari/537.36 0.011
0:0:0:0:0:0:0:1 - - [15/Jun/2023:22:27:45 +0100] GET /api/am/publisher/v4/apis/d02418ae-ab94-438a-87c1-83b37ef15067/asyncapi HTTP/1.1 200 - https://localhost:9443/publisher/apis/d02418ae-ab94-438a-87c1-83b37ef15067/deployments Mozilla/5.0 (Windows NT 10.0; Win64; x64) AppleWebKit/537.36 (KHTML, like Gecko) Chrome/114.0.0.0 Safari/537.36 0.010
127.0.0.1 - - [15/Jun/2023:22:27:50 +0100] GET /internal/data/v1/runtime-artifacts?apiId=d02418ae-ab94-438a-87c1-83b37ef15067&gatewayLabel=RGVmYXVsdA&type=Synapse HTTP/1.1 200 4763 - Apache-HttpClient/4.5.13 (Java/17.0.6) 0.158
127.0.0.1 - - [15/Jun/2023:22:27:50 +0100] GET /internal/data/v1/apis?context=/acme/en/1.0.0&version=1.0.0&gatewayLabel=Default HTTP/1.1 200 582 - Apache-HttpClient/4.5.13 (Java/17.0.6) 0.006
0:0:0:0:0:0:0:1 - - [15/Jun/2023:22:28:46 +0100] - 400 - - - 0.000
0:0:0:0:0:0:0:1 - - [15/Jun/2023:22:28:46 +0100] - 400 - - - 0.000
0:0:0:0:0:0:0:1 - - [15/Jun/2023:22:28:46 +0100] GET /api/am/publisher/v4/endpoint-certificates?endpoint=http%3A%2F%2Flocalhost%3A8244%2Facme HTTP/1.1 200 100 https://localhost:9443/publisher/apis/d02418ae-ab94-438a-87c1-83b37ef15067/endpoints Mozilla/5.0 (Windows NT 10.0; Win64; x64) AppleWebKit/537.36 (KHTML, like Gecko) Chrome/114.0.0.0 Safari/537.36 0.004
0:0:0:0:0:0:0:1 - - [15/Jun/2023:22:28:46 +0100] GET /api/am/publisher/v4/apis/d02418ae-ab94-438a-87c1-83b37ef15067/swagger HTTP/1.1 200 1224 https://localhost:9443/publisher/apis/d02418ae-ab94-438a-87c1-83b37ef15067/endpoints Mozilla/5.0 (Windows NT 10.0; Win64; x64) AppleWebKit/537.36 (KHTML, like Gecko) Chrome/114.0.0.0 Safari/537.36 0.037
0:0:0:0:0:0:0:1 - - [15/Jun/2023:22:30:41 +0100] - 400 - - - 0.000
127.0.0.1 - - [15/Jun/2023:22:30:41 +0100] GET /api/identity/oauth2/v1.0/scopes/name/User HTTP/1.1 200 189 - Apache-HttpClient/4.5.13 (Java/17.0.6) 0.008
127.0.0.1 - - [15/Jun/2023:22:30:41 +0100] GET /api/identity/oauth2/v1.0/scopes/name/Admin HTTP/1.1 200 153 - Apache-HttpClient/4.5.13 (Java/17.0.6) 0.006
0:0:0:0:0:0:0:1 - - [15/Jun/2023:22:30:41 +0100] PUT /api/am/publisher/v4/apis/d02418ae-ab94-438a-87c1-83b37ef15067 HTTP/1.1 200 1627 https://localhost:9443/publisher/apis/d02418ae-ab94-438a-87c1-83b37ef15067/endpoints Mozilla/5.0 (Windows NT 10.0; Win64; x64) AppleWebKit/537.36 (KHTML, like Gecko) Chrome/114.0.0.0 Safari/537.36 0.348
0:0:0:0:0:0:0:1 - - [15/Jun/2023:22:30:42 +0100] - 400 - - - 0.000
0:0:0:0:0:0:0:1 - - [15/Jun/2023:22:30:42 +0100] - 400 - - - 0.000
0:0:0:0:0:0:0:1 - - [15/Jun/2023:22:30:42 +0100] - 400 - - - 0.000
0:0:0:0:0:0:0:1 - - [15/Jun/2023:22:30:42 +0100] GET /api/am/publisher/v4/endpoint-certificates?endpoint=http%3A%2F%2Flocalhost%3A8290%2Facme HTTP/1.1 200 100 https://localhost:9443/publisher/apis/d02418ae-ab94-438a-87c1-83b37ef15067/deployments Mozilla/5.0 (Windows NT 10.0; Win64; x64) AppleWebKit/537.36 (KHTML, like Gecko) Chrome/114.0.0.0 Safari/537.36 0.005
0:0:0:0:0:0:0:1 - - [15/Jun/2023:22:30:42 +0100] GET /api/am/publisher/v4/apis/d02418ae-ab94-438a-87c1-83b37ef15067/swagger HTTP/1.1 200 1223 https://localhost:9443/publisher/apis/d02418ae-ab94-438a-87c1-83b37ef15067/deployments Mozilla/5.0 (Windows NT 10.0; Win64; x64) AppleWebKit/537.36 (KHTML, like Gecko) Chrome/114.0.0.0 Safari/537.36 0.026
0:0:0:0:0:0:0:1 - - [15/Jun/2023:22:30:42 +0100] GET /api/am/publisher/v4/apis/d02418ae-ab94-438a-87c1-83b37ef15067/asyncapi HTTP/1.1 200 - https://localhost:9443/publisher/apis/d02418ae-ab94-438a-87c1-83b37ef15067/deployments Mozilla/5.0 (Windows NT 10.0; Win64; x64) AppleWebKit/537.36 (KHTML, like Gecko) Chrome/114.0.0.0 Safari/537.36 0.018
0:0:0:0:0:0:0:1 - - [15/Jun/2023:22:30:46 +0100] DELETE /api/am/publisher/v4/apis/d02418ae-ab94-438a-87c1-83b37ef15067/revisions/2c2e29c9-f4e1-48b8-a4cd-eead3e06c396 HTTP/1.1 200 974 https://localhost:9443/publisher/apis/d02418ae-ab94-438a-87c1-83b37ef15067/deployments Mozilla/5.0 (Windows NT 10.0; Win64; x64) AppleWebKit/537.36 (KHTML, like Gecko) Chrome/114.0.0.0 Safari/537.36 0.013
127.0.0.1 - - [15/Jun/2023:22:30:47 +0100] GET /internal/data/v1/apis?context=/acme/en/1.0.0&version=1.0.0&gatewayLabel=Default HTTP/1.1 200 582 - Apache-HttpClient/4.5.13 (Java/17.0.6) 0.027
127.0.0.1 - - [15/Jun/2023:22:30:47 +0100] GET /internal/data/v1/apis?context=/acme/en/1.0.0&version=1.0.0&gatewayLabel=Default HTTP/1.1 200 582 - Apache-HttpClient/4.5.13 (Java/17.0.6) 0.006
0:0:0:0:0:0:0:1 - - [15/Jun/2023:22:30:47 +0100] GET /api/am/publisher/v4/apis/d02418ae-ab94-438a-87c1-83b37ef15067/revisions HTTP/1.1 200 974 https://localhost:9443/publisher/apis/d02418ae-ab94-438a-87c1-83b37ef15067/deployments Mozilla/5.0 (Windows NT 10.0; Win64; x64) AppleWebKit/537.36 (KHTML, like Gecko) Chrome/114.0.0.0 Safari/537.36 0.014
0:0:0:0:0:0:0:1 - - [15/Jun/2023:22:30:47 +0100] GET /api/am/publisher/v4/apis/d02418ae-ab94-438a-87c1-83b37ef15067/asyncapi HTTP/1.1 200 - https://localhost:9443/publisher/apis/d02418ae-ab94-438a-87c1-83b37ef15067/deployments Mozilla/5.0 (Windows NT 10.0; Win64; x64) AppleWebKit/537.36 (KHTML, like Gecko) Chrome/114.0.0.0 Safari/537.36 0.036
0:0:0:0:0:0:0:1 - - [15/Jun/2023:22:30:47 +0100] POST /api/am/publisher/v4/apis/d02418ae-ab94-438a-87c1-83b37ef15067/revisions HTTP/1.1 201 194 https://localhost:9443/publisher/apis/d02418ae-ab94-438a-87c1-83b37ef15067/deployments Mozilla/5.0 (Windows NT 10.0; Win64; x64) AppleWebKit/537.36 (KHTML, like Gecko) Chrome/114.0.0.0 Safari/537.36 0.130
0:0:0:0:0:0:0:1 - - [15/Jun/2023:22:30:47 +0100] GET /api/am/publisher/v4/apis/d02418ae-ab94-438a-87c1-83b37ef15067/asyncapi HTTP/1.1 200 - https://localhost:9443/publisher/apis/d02418ae-ab94-438a-87c1-83b37ef15067/deployments Mozilla/5.0 (Windows NT 10.0; Win64; x64) AppleWebKit/537.36 (KHTML, like Gecko) Chrome/114.0.0.0 Safari/537.36 0.012
0:0:0:0:0:0:0:1 - - [15/Jun/2023:22:30:47 +0100] POST /api/am/publisher/v4/apis/d02418ae-ab94-438a-87c1-83b37ef15067/deploy-revision?revisionId=c1e3bc52-bbd2-4d02-bc30-f10de921d7bb HTTP/1.1 201 176 https://localhost:9443/publisher/apis/d02418ae-ab94-438a-87c1-83b37ef15067/deployments Mozilla/5.0 (Windows NT 10.0; Win64; x64) AppleWebKit/537.36 (KHTML, like Gecko) Chrome/114.0.0.0 Safari/537.36 0.027
0:0:0:0:0:0:0:1 - - [15/Jun/2023:22:30:48 +0100] GET /api/am/publisher/v4/apis/d02418ae-ab94-438a-87c1-83b37ef15067/revisions?query=deployed%3Atrue HTTP/1.1 200 389 https://localhost:9443/publisher/apis/d02418ae-ab94-438a-87c1-83b37ef15067/deployments Mozilla/5.0 (Windows NT 10.0; Win64; x64) AppleWebKit/537.36 (KHTML, like Gecko) Chrome/114.0.0.0 Safari/537.36 0.005
0:0:0:0:0:0:0:1 - - [15/Jun/2023:22:30:48 +0100] GET /api/am/publisher/v4/apis/d02418ae-ab94-438a-87c1-83b37ef15067/revisions HTTP/1.1 200 409 https://localhost:9443/publisher/apis/d02418ae-ab94-438a-87c1-83b37ef15067/deployments Mozilla/5.0 (Windows NT 10.0; Win64; x64) AppleWebKit/537.36 (KHTML, like Gecko) Chrome/114.0.0.0 Safari/537.36 0.005
0:0:0:0:0:0:0:1 - - [15/Jun/2023:22:30:48 +0100] GET /api/am/publisher/v4/apis/d02418ae-ab94-438a-87c1-83b37ef15067/asyncapi HTTP/1.1 200 - https://localhost:9443/publisher/apis/d02418ae-ab94-438a-87c1-83b37ef15067/deployments Mozilla/5.0 (Windows NT 10.0; Win64; x64) AppleWebKit/537.36 (KHTML, like Gecko) Chrome/114.0.0.0 Safari/537.36 0.011
127.0.0.1 - - [15/Jun/2023:22:30:48 +0100] GET /internal/data/v1/apis?context=/acme/en/1.0.0&version=1.0.0&gatewayLabel=Default HTTP/1.1 200 582 - Apache-HttpClient/4.5.13 (Java/17.0.6) 0.011
0:0:0:0:0:0:0:1 - - [15/Jun/2023:22:30:48 +0100] GET /api/am/publisher/v4/apis/d02418ae-ab94-438a-87c1-83b37ef15067/asyncapi HTTP/1.1 200 - https://localhost:9443/publisher/apis/d02418ae-ab94-438a-87c1-83b37ef15067/deployments Mozilla/5.0 (Windows NT 10.0; Win64; x64) AppleWebKit/537.36 (KHTML, like Gecko) Chrome/114.0.0.0 Safari/537.36 0.026
0:0:0:0:0:0:0:1 - - [15/Jun/2023:22:30:48 +0100] GET /api/am/publisher/v4/apis/d02418ae-ab94-438a-87c1-83b37ef15067/asyncapi HTTP/1.1 200 - https://localhost:9443/publisher/apis/d02418ae-ab94-438a-87c1-83b37ef15067/deployments Mozilla/5.0 (Windows NT 10.0; Win64; x64) AppleWebKit/537.36 (KHTML, like Gecko) Chrome/114.0.0.0 Safari/537.36 0.017
127.0.0.1 - - [15/Jun/2023:22:30:53 +0100] GET /internal/data/v1/runtime-artifacts?apiId=d02418ae-ab94-438a-87c1-83b37ef15067&gatewayLabel=RGVmYXVsdA&type=Synapse HTTP/1.1 200 4763 - Apache-HttpClient/4.5.13 (Java/17.0.6) 0.172
127.0.0.1 - - [15/Jun/2023:22:30:53 +0100] GET /internal/data/v1/apis?context=/acme/en/1.0.0&version=1.0.0&gatewayLabel=Default HTTP/1.1 200 582 - Apache-HttpClient/4.5.13 (Java/17.0.6) 0.009
0:0:0:0:0:0:0:1 - - [15/Jun/2023:22:36:26 +0100] - 400 - - - 0.000
0:0:0:0:0:0:0:1 - - [15/Jun/2023:22:36:26 +0100] - 400 - - - 0.000
0:0:0:0:0:0:0:1 - - [15/Jun/2023:22:36:26 +0100] - 400 - - - 0.000
0:0:0:0:0:0:0:1 - - [15/Jun/2023:22:36:26 +0100] - 400 - - - 0.000
127.0.0.1 - - [15/Jun/2023:22:36:26 +0100] POST /oauth2/token HTTP/1.1 415 - - Java-http-client/17.0.6 0.043
127.0.0.1 - - [15/Jun/2023:22:36:26 +0100] POST /oauth2/token HTTP/1.1 415 - - Java-http-client/17.0.6 0.043
127.0.0.1 - - [15/Jun/2023:22:36:26 +0100] POST /oauth2/token HTTP/1.1 415 - - Java-http-client/17.0.6 0.043
127.0.0.1 - - [15/Jun/2023:22:36:26 +0100] POST /oauth2/token HTTP/1.1 415 - - Java-http-client/17.0.6 0.043
0:0:0:0:0:0:0:1 - - [15/Jun/2023:22:36:26 +0100] POST /publisher/services/refresh HTTP/1.1 500 87 https://localhost:9443/publisher/apis/d02418ae-ab94-438a-87c1-83b37ef15067/resources Mozilla/5.0 (Windows NT 10.0; Win64; x64) AppleWebKit/537.36 (KHTML, like Gecko) Chrome/114.0.0.0 Safari/537.36 0.484
0:0:0:0:0:0:0:1 - - [15/Jun/2023:22:36:26 +0100] POST /publisher/services/refresh HTTP/1.1 500 87 https://localhost:9443/publisher/apis/d02418ae-ab94-438a-87c1-83b37ef15067/resources Mozilla/5.0 (Windows NT 10.0; Win64; x64) AppleWebKit/537.36 (KHTML, like Gecko) Chrome/114.0.0.0 Safari/537.36 0.498
0:0:0:0:0:0:0:1 - - [15/Jun/2023:22:36:26 +0100] POST /publisher/services/refresh HTTP/1.1 500 87 https://localhost:9443/publisher/apis/d02418ae-ab94-438a-87c1-83b37ef15067/resources Mozilla/5.0 (Windows NT 10.0; Win64; x64) AppleWebKit/537.36 (KHTML, like Gecko) Chrome/114.0.0.0 Safari/537.36 0.531
0:0:0:0:0:0:0:1 - - [15/Jun/2023:22:36:26 +0100] POST /publisher/services/refresh HTTP/1.1 500 87 https://localhost:9443/publisher/apis/d02418ae-ab94-438a-87c1-83b37ef15067/resources Mozilla/5.0 (Windows NT 10.0; Win64; x64) AppleWebKit/537.36 (KHTML, like Gecko) Chrome/114.0.0.0 Safari/537.36 0.489
0:0:0:0:0:0:0:1 - - [15/Jun/2023:22:36:26 +0100] - 400 - - - 0.000
0:0:0:0:0:0:0:1 - - [15/Jun/2023:22:36:26 +0100] - 400 - - - 0.000
0:0:0:0:0:0:0:1 - - [15/Jun/2023:22:36:26 +0100] - 400 - - - 0.000
0:0:0:0:0:0:0:1 - - [15/Jun/2023:22:36:26 +0100] - 400 - - - 0.000
0:0:0:0:0:0:0:1 - - [15/Jun/2023:22:36:26 +0100] GET /api/am/publisher/v4/apis/d02418ae-ab94-438a-87c1-83b37ef15067/swagger HTTP/1.1 401 101 https://localhost:9443/publisher/apis/d02418ae-ab94-438a-87c1-83b37ef15067/resources Mozilla/5.0 (Windows NT 10.0; Win64; x64) AppleWebKit/537.36 (KHTML, like Gecko) Chrome/114.0.0.0 Safari/537.36 0.036
0:0:0:0:0:0:0:1 - - [15/Jun/2023:22:36:26 +0100] GET /api/am/publisher/v4/throttling-policies/api?limit=80 HTTP/1.1 401 101 https://localhost:9443/publisher/apis/d02418ae-ab94-438a-87c1-83b37ef15067/resources Mozilla/5.0 (Windows NT 10.0; Win64; x64) AppleWebKit/537.36 (KHTML, like Gecko) Chrome/114.0.0.0 Safari/537.36 0.036
0:0:0:0:0:0:0:1 - - [15/Jun/2023:22:36:26 +0100] GET /api/am/publisher/v4/scopes HTTP/1.1 401 101 https://localhost:9443/publisher/apis/d02418ae-ab94-438a-87c1-83b37ef15067/resources Mozilla/5.0 (Windows NT 10.0; Win64; x64) AppleWebKit/537.36 (KHTML, like Gecko) Chrome/114.0.0.0 Safari/537.36 0.029
