0:0:0:0:0:0:0:1 - - [12/Jun/2023:21:17:12 +0100] GET /devportal/services/configs HTTP/1.1 302 - https://localhost:9443/devportal/apis/d02418ae-ab94-438a-87c1-83b37ef15067/test Mozilla/5.0 (Windows NT 10.0; Win64; x64) AppleWebKit/537.36 (KHTML, like Gecko) Chrome/114.0.0.0 Safari/537.36 4.721
0:0:0:0:0:0:0:1 - - [12/Jun/2023:21:17:12 +0100] GET /oauth2/authorize?response_type=code&client_id=on910Eic3ALVOI0ssrp4olzhtsAa&scope=apim:admin%20apim:api_key%20apim:app_import_export%20apim:app_manage%20apim:store_settings%20apim:sub_alert_manage%20apim:sub_manage%20apim:subscribe%20openid&state=%2Fapis%2Fd02418ae-ab94-438a-87c1-83b37ef15067%2Ftest&redirect_uri=https://localhost:9443/devportal/services/auth/callback/login HTTP/1.1 302 - https://localhost:9443/devportal/apis/d02418ae-ab94-438a-87c1-83b37ef15067/test Mozilla/5.0 (Windows NT 10.0; Win64; x64) AppleWebKit/537.36 (KHTML, like Gecko) Chrome/114.0.0.0 Safari/537.36 0.022
127.0.0.1 - - [12/Jun/2023:21:17:12 +0100] GET /api/server/v1/applications?filter=name+eq+apim_devportal HTTP/1.1 302 - - Apache-HttpClient/4.5.13 (Java/17.0.6) 0.002
127.0.0.1 - - [12/Jun/2023:21:17:12 +0100] GET /carbon/admin/login.jsp HTTP/1.1 200 3675 - Apache-HttpClient/4.5.13 (Java/17.0.6) 0.053
127.0.0.1 - - [12/Jun/2023:21:17:12 +0100] POST /api/server/v1/identity-governance/preferences HTTP/1.1 302 - - Apache-HttpClient/4.5.13 (Java/17.0.6) 0.001
127.0.0.1 - - [12/Jun/2023:21:17:12 +0100] POST /api/server/v1/identity-governance/preferences HTTP/1.1 302 - - Apache-HttpClient/4.5.13 (Java/17.0.6) 0.002
127.0.0.1 - - [12/Jun/2023:21:17:12 +0100] POST /api/server/v1/identity-governance/preferences HTTP/1.1 302 - - Apache-HttpClient/4.5.13 (Java/17.0.6) 0.002
127.0.0.1 - - [12/Jun/2023:21:17:12 +0100] GET /api/server/v1/applications?filter=name+eq+apim_devportal HTTP/1.1 302 - - Apache-HttpClient/4.5.13 (Java/17.0.6) 0.001
127.0.0.1 - - [12/Jun/2023:21:17:12 +0100] GET /carbon/admin/login.jsp HTTP/1.1 200 3673 - Apache-HttpClient/4.5.13 (Java/17.0.6) 0.007
0:0:0:0:0:0:0:1 - - [12/Jun/2023:21:17:12 +0100] GET /authenticationendpoint/login.do?client_id=on910Eic3ALVOI0ssrp4olzhtsAa&commonAuthCallerPath=%2Foauth2%2Fauthorize&forceAuth=false&passiveAuth=false&redirect_uri=https%3A%2F%2Flocalhost%3A9443%2Fdevportal%2Fservices%2Fauth%2Fcallback%2Flogin&response_type=code&scope=apim%3Aadmin+apim%3Aapi_key+apim%3Aapp_import_export+apim%3Aapp_manage+apim%3Astore_settings+apim%3Asub_alert_manage+apim%3Asub_manage+apim%3Asubscribe+openid&state=%2Fapis%2Fd02418ae-ab94-438a-87c1-83b37ef15067%2Ftest&tenantDomain=carbon.super&sessionDataKey=38b25586-4c1e-457f-b254-10b95f8f68a9&relyingParty=on910Eic3ALVOI0ssrp4olzhtsAa&type=oidc&sp=apim_devportal&isSaaSApp=true&authenticators=BasicAuthenticator%3ALOCAL HTTP/1.1 200 9498 https://localhost:9443/devportal/apis/d02418ae-ab94-438a-87c1-83b37ef15067/test Mozilla/5.0 (Windows NT 10.0; Win64; x64) AppleWebKit/537.36 (KHTML, like Gecko) Chrome/114.0.0.0 Safari/537.36 0.179
0:0:0:0:0:0:0:1 - - [12/Jun/2023:21:17:12 +0100] - 400 - - - 0.000
0:0:0:0:0:0:0:1 - - [12/Jun/2023:21:17:12 +0100] - 400 - - - 0.000
0:0:0:0:0:0:0:1 - - [12/Jun/2023:21:17:12 +0100] GET /authenticationendpoint/libs/jquery_3.6.0/jquery-3.6.0.min.js HTTP/1.1 200 31385 https://localhost:9443/authenticationendpoint/login.do?client_id=on910Eic3ALVOI0ssrp4olzhtsAa&commonAuthCallerPath=%2Foauth2%2Fauthorize&forceAuth=false&passiveAuth=false&redirect_uri=https%3A%2F%2Flocalhost%3A9443%2Fdevportal%2Fservices%2Fauth%2Fcallback%2Flogin&response_type=code&scope=apim%3Aadmin+apim%3Aapi_key+apim%3Aapp_import_export+apim%3Aapp_manage+apim%3Astore_settings+apim%3Asub_alert_manage+apim%3Asub_manage+apim%3Asubscribe+openid&state=%2Fapis%2Fd02418ae-ab94-438a-87c1-83b37ef15067%2Ftest&tenantDomain=carbon.super&sessionDataKey=38b25586-4c1e-457f-b254-10b95f8f68a9&relyingParty=on910Eic3ALVOI0ssrp4olzhtsAa&type=oidc&sp=apim_devportal&isSaaSApp=true&authenticators=BasicAuthenticator%3ALOCAL Mozilla/5.0 (Windows NT 10.0; Win64; x64) AppleWebKit/537.36 (KHTML, like Gecko) Chrome/114.0.0.0 Safari/537.36 0.005
0:0:0:0:0:0:0:1 - - [12/Jun/2023:21:17:12 +0100] GET /authenticationendpoint/libs/themes/default/semantic.min.js HTTP/1.1 200 72294 https://localhost:9443/authenticationendpoint/login.do?client_id=on910Eic3ALVOI0ssrp4olzhtsAa&commonAuthCallerPath=%2Foauth2%2Fauthorize&forceAuth=false&passiveAuth=false&redirect_uri=https%3A%2F%2Flocalhost%3A9443%2Fdevportal%2Fservices%2Fauth%2Fcallback%2Flogin&response_type=code&scope=apim%3Aadmin+apim%3Aapi_key+apim%3Aapp_import_export+apim%3Aapp_manage+apim%3Astore_settings+apim%3Asub_alert_manage+apim%3Asub_manage+apim%3Asubscribe+openid&state=%2Fapis%2Fd02418ae-ab94-438a-87c1-83b37ef15067%2Ftest&tenantDomain=carbon.super&sessionDataKey=38b25586-4c1e-457f-b254-10b95f8f68a9&relyingParty=on910Eic3ALVOI0ssrp4olzhtsAa&type=oidc&sp=apim_devportal&isSaaSApp=true&authenticators=BasicAuthenticator%3ALOCAL Mozilla/5.0 (Windows NT 10.0; Win64; x64) AppleWebKit/537.36 (KHTML, like Gecko) Chrome/114.0.0.0 Safari/537.36 0.014
0:0:0:0:0:0:0:1 - - [12/Jun/2023:21:17:12 +0100] GET /authenticationendpoint/libs/themes/default/theme.2857d6ef.min.css HTTP/1.1 200 146900 https://localhost:9443/authenticationendpoint/login.do?client_id=on910Eic3ALVOI0ssrp4olzhtsAa&commonAuthCallerPath=%2Foauth2%2Fauthorize&forceAuth=false&passiveAuth=false&redirect_uri=https%3A%2F%2Flocalhost%3A9443%2Fdevportal%2Fservices%2Fauth%2Fcallback%2Flogin&response_type=code&scope=apim%3Aadmin+apim%3Aapi_key+apim%3Aapp_import_export+apim%3Aapp_manage+apim%3Astore_settings+apim%3Asub_alert_manage+apim%3Asub_manage+apim%3Asubscribe+openid&state=%2Fapis%2Fd02418ae-ab94-438a-87c1-83b37ef15067%2Ftest&tenantDomain=carbon.super&sessionDataKey=38b25586-4c1e-457f-b254-10b95f8f68a9&relyingParty=on910Eic3ALVOI0ssrp4olzhtsAa&type=oidc&sp=apim_devportal&isSaaSApp=true&authenticators=BasicAuthenticator%3ALOCAL Mozilla/5.0 (Windows NT 10.0; Win64; x64) AppleWebKit/537.36 (KHTML, like Gecko) Chrome/114.0.0.0 Safari/537.36 0.027
0:0:0:0:0:0:0:1 - - [12/Jun/2023:21:17:12 +0100] GET /authenticationendpoint/libs/themes/default/assets/fonts/icons.woff2 HTTP/1.1 200 40148 https://localhost:9443/authenticationendpoint/libs/themes/default/theme.2857d6ef.min.css Mozilla/5.0 (Windows NT 10.0; Win64; x64) AppleWebKit/537.36 (KHTML, like Gecko) Chrome/114.0.0.0 Safari/537.36 0.004
0:0:0:0:0:0:0:1 - - [12/Jun/2023:21:17:13 +0100] GET /logincontext?sessionDataKey=38b25586-4c1e-457f-b254-10b95f8f68a9&application=apim_devportal&tenantDomain=carbon.super&_=1686601032752 HTTP/1.1 200 20 https://localhost:9443/authenticationendpoint/login.do?client_id=on910Eic3ALVOI0ssrp4olzhtsAa&commonAuthCallerPath=%2Foauth2%2Fauthorize&forceAuth=false&passiveAuth=false&redirect_uri=https%3A%2F%2Flocalhost%3A9443%2Fdevportal%2Fservices%2Fauth%2Fcallback%2Flogin&response_type=code&scope=apim%3Aadmin+apim%3Aapi_key+apim%3Aapp_import_export+apim%3Aapp_manage+apim%3Astore_settings+apim%3Asub_alert_manage+apim%3Asub_manage+apim%3Asubscribe+openid&state=%2Fapis%2Fd02418ae-ab94-438a-87c1-83b37ef15067%2Ftest&tenantDomain=carbon.super&sessionDataKey=38b25586-4c1e-457f-b254-10b95f8f68a9&relyingParty=on910Eic3ALVOI0ssrp4olzhtsAa&type=oidc&sp=apim_devportal&isSaaSApp=true&authenticators=BasicAuthenticator%3ALOCAL Mozilla/5.0 (Windows NT 10.0; Win64; x64) AppleWebKit/537.36 (KHTML, like Gecko) Chrome/114.0.0.0 Safari/537.36 0.001
0:0:0:0:0:0:0:1 - - [12/Jun/2023:21:17:17 +0100] GET /logincontext?sessionDataKey=38b25586-4c1e-457f-b254-10b95f8f68a9&application=apim_devportal&tenantDomain=carbon.super&_=1686601032753 HTTP/1.1 200 20 https://localhost:9443/authenticationendpoint/login.do?client_id=on910Eic3ALVOI0ssrp4olzhtsAa&commonAuthCallerPath=%2Foauth2%2Fauthorize&forceAuth=false&passiveAuth=false&redirect_uri=https%3A%2F%2Flocalhost%3A9443%2Fdevportal%2Fservices%2Fauth%2Fcallback%2Flogin&response_type=code&scope=apim%3Aadmin+apim%3Aapi_key+apim%3Aapp_import_export+apim%3Aapp_manage+apim%3Astore_settings+apim%3Asub_alert_manage+apim%3Asub_manage+apim%3Asubscribe+openid&state=%2Fapis%2Fd02418ae-ab94-438a-87c1-83b37ef15067%2Ftest&tenantDomain=carbon.super&sessionDataKey=38b25586-4c1e-457f-b254-10b95f8f68a9&relyingParty=on910Eic3ALVOI0ssrp4olzhtsAa&type=oidc&sp=apim_devportal&isSaaSApp=true&authenticators=BasicAuthenticator%3ALOCAL Mozilla/5.0 (Windows NT 10.0; Win64; x64) AppleWebKit/537.36 (KHTML, like Gecko) Chrome/114.0.0.0 Safari/537.36 0.001
0:0:0:0:0:0:0:1 - - [12/Jun/2023:21:17:17 +0100] POST /commonauth HTTP/1.1 302 - https://localhost:9443/authenticationendpoint/login.do?client_id=on910Eic3ALVOI0ssrp4olzhtsAa&commonAuthCallerPath=%2Foauth2%2Fauthorize&forceAuth=false&passiveAuth=false&redirect_uri=https%3A%2F%2Flocalhost%3A9443%2Fdevportal%2Fservices%2Fauth%2Fcallback%2Flogin&response_type=code&scope=apim%3Aadmin+apim%3Aapi_key+apim%3Aapp_import_export+apim%3Aapp_manage+apim%3Astore_settings+apim%3Asub_alert_manage+apim%3Asub_manage+apim%3Asubscribe+openid&state=%2Fapis%2Fd02418ae-ab94-438a-87c1-83b37ef15067%2Ftest&tenantDomain=carbon.super&sessionDataKey=38b25586-4c1e-457f-b254-10b95f8f68a9&relyingParty=on910Eic3ALVOI0ssrp4olzhtsAa&type=oidc&sp=apim_devportal&isSaaSApp=true&authenticators=BasicAuthenticator%3ALOCAL Mozilla/5.0 (Windows NT 10.0; Win64; x64) AppleWebKit/537.36 (KHTML, like Gecko) Chrome/114.0.0.0 Safari/537.36 0.021
0:0:0:0:0:0:0:1 - - [12/Jun/2023:21:17:17 +0100] GET /oauth2/authorize?sessionDataKey=a329cdab-d7a0-44e6-92f0-faa7d16b500f HTTP/1.1 302 - https://localhost:9443/authenticationendpoint/login.do?client_id=on910Eic3ALVOI0ssrp4olzhtsAa&commonAuthCallerPath=%2Foauth2%2Fauthorize&forceAuth=false&passiveAuth=false&redirect_uri=https%3A%2F%2Flocalhost%3A9443%2Fdevportal%2Fservices%2Fauth%2Fcallback%2Flogin&response_type=code&scope=apim%3Aadmin+apim%3Aapi_key+apim%3Aapp_import_export+apim%3Aapp_manage+apim%3Astore_settings+apim%3Asub_alert_manage+apim%3Asub_manage+apim%3Asubscribe+openid&state=%2Fapis%2Fd02418ae-ab94-438a-87c1-83b37ef15067%2Ftest&tenantDomain=carbon.super&sessionDataKey=38b25586-4c1e-457f-b254-10b95f8f68a9&relyingParty=on910Eic3ALVOI0ssrp4olzhtsAa&type=oidc&sp=apim_devportal&isSaaSApp=true&authenticators=BasicAuthenticator%3ALOCAL Mozilla/5.0 (Windows NT 10.0; Win64; x64) AppleWebKit/537.36 (KHTML, like Gecko) Chrome/114.0.0.0 Safari/537.36 0.011
127.0.0.1 - - [12/Jun/2023:21:17:17 +0100] POST /oauth2/token HTTP/1.1 200 1482 - Java-http-client/17.0.6 0.026
0:0:0:0:0:0:0:1 - - [12/Jun/2023:21:17:17 +0100] GET /devportal/services/auth/callback/login?code=8da3d066-acec-3fd0-8f9e-ab87fc7f9e73&state=%2Fapis%2Fd02418ae-ab94-438a-87c1-83b37ef15067%2Ftest&session_state=fe6f33fbfd56412236882662d3ac06407aead61c4506ce4bd7a5fb2f2aed36a0.5lF5FttElqWrWdIaa9TLrg HTTP/1.1 302 - https://localhost:9443/authenticationendpoint/login.do?client_id=on910Eic3ALVOI0ssrp4olzhtsAa&commonAuthCallerPath=%2Foauth2%2Fauthorize&forceAuth=false&passiveAuth=false&redirect_uri=https%3A%2F%2Flocalhost%3A9443%2Fdevportal%2Fservices%2Fauth%2Fcallback%2Flogin&response_type=code&scope=apim%3Aadmin+apim%3Aapi_key+apim%3Aapp_import_export+apim%3Aapp_manage+apim%3Astore_settings+apim%3Asub_alert_manage+apim%3Asub_manage+apim%3Asubscribe+openid&state=%2Fapis%2Fd02418ae-ab94-438a-87c1-83b37ef15067%2Ftest&tenantDomain=carbon.super&sessionDataKey=38b25586-4c1e-457f-b254-10b95f8f68a9&relyingParty=on910Eic3ALVOI0ssrp4olzhtsAa&type=oidc&sp=apim_devportal&isSaaSApp=true&authenticators=BasicAuthenticator%3ALOCAL Mozilla/5.0 (Windows NT 10.0; Win64; x64) AppleWebKit/537.36 (KHTML, like Gecko) Chrome/114.0.0.0 Safari/537.36 0.045
0:0:0:0:0:0:0:1 - - [12/Jun/2023:21:17:17 +0100] GET /devportal/apis/d02418ae-ab94-438a-87c1-83b37ef15067/test HTTP/1.1 200 1691 https://localhost:9443/authenticationendpoint/login.do?client_id=on910Eic3ALVOI0ssrp4olzhtsAa&commonAuthCallerPath=%2Foauth2%2Fauthorize&forceAuth=false&passiveAuth=false&redirect_uri=https%3A%2F%2Flocalhost%3A9443%2Fdevportal%2Fservices%2Fauth%2Fcallback%2Flogin&response_type=code&scope=apim%3Aadmin+apim%3Aapi_key+apim%3Aapp_import_export+apim%3Aapp_manage+apim%3Astore_settings+apim%3Asub_alert_manage+apim%3Asub_manage+apim%3Asubscribe+openid&state=%2Fapis%2Fd02418ae-ab94-438a-87c1-83b37ef15067%2Ftest&tenantDomain=carbon.super&sessionDataKey=38b25586-4c1e-457f-b254-10b95f8f68a9&relyingParty=on910Eic3ALVOI0ssrp4olzhtsAa&type=oidc&sp=apim_devportal&isSaaSApp=true&authenticators=BasicAuthenticator%3ALOCAL Mozilla/5.0 (Windows NT 10.0; Win64; x64) AppleWebKit/537.36 (KHTML, like Gecko) Chrome/114.0.0.0 Safari/537.36 0.003
0:0:0:0:0:0:0:1 - - [12/Jun/2023:21:17:17 +0100] GET /devportal/site/public/css/main.css HTTP/1.1 200 2092 https://localhost:9443/devportal/apis/d02418ae-ab94-438a-87c1-83b37ef15067/test Mozilla/5.0 (Windows NT 10.0; Win64; x64) AppleWebKit/537.36 (KHTML, like Gecko) Chrome/114.0.0.0 Safari/537.36 0.002
0:0:0:0:0:0:0:1 - - [12/Jun/2023:21:17:17 +0100] GET /devportal/site/public/theme/userTheme.js HTTP/1.1 200 96 https://localhost:9443/devportal/apis/d02418ae-ab94-438a-87c1-83b37ef15067/test Mozilla/5.0 (Windows NT 10.0; Win64; x64) AppleWebKit/537.36 (KHTML, like Gecko) Chrome/114.0.0.0 Safari/537.36 0.007
0:0:0:0:0:0:0:1 - - [12/Jun/2023:21:17:17 +0100] - 400 - - - 0.000
0:0:0:0:0:0:0:1 - - [12/Jun/2023:21:17:17 +0100] - 400 - - - 0.000
0:0:0:0:0:0:0:1 - - [12/Jun/2023:21:17:17 +0100] GET /devportal/services/settings/settings.js HTTP/1.1 200 1474 https://localhost:9443/devportal/apis/d02418ae-ab94-438a-87c1-83b37ef15067/test Mozilla/5.0 (Windows NT 10.0; Win64; x64) AppleWebKit/537.36 (KHTML, like Gecko) Chrome/114.0.0.0 Safari/537.36 0.009
0:0:0:0:0:0:0:1 - - [12/Jun/2023:21:17:17 +0100] - 400 - - - 0.000
0:0:0:0:0:0:0:1 - - [12/Jun/2023:21:17:17 +0100] GET /devportal/site/public/fonts/iconfont/material-icons.css HTTP/1.1 200 970 https://localhost:9443/devportal/apis/d02418ae-ab94-438a-87c1-83b37ef15067/test Mozilla/5.0 (Windows NT 10.0; Win64; x64) AppleWebKit/537.36 (KHTML, like Gecko) Chrome/114.0.0.0 Safari/537.36 0.002
0:0:0:0:0:0:0:1 - - [12/Jun/2023:21:17:17 +0100] GET /devportal/site/public/fonts/iconfont/MaterialIcons.js HTTP/1.1 200 6703 https://localhost:9443/devportal/apis/d02418ae-ab94-438a-87c1-83b37ef15067/test Mozilla/5.0 (Windows NT 10.0; Win64; x64) AppleWebKit/537.36 (KHTML, like Gecko) Chrome/114.0.0.0 Safari/537.36 0.008
0:0:0:0:0:0:0:1 - - [12/Jun/2023:21:17:17 +0100] GET /devportal/site/public/css/overrides.css HTTP/1.1 200 - https://localhost:9443/devportal/apis/d02418ae-ab94-438a-87c1-83b37ef15067/test Mozilla/5.0 (Windows NT 10.0; Win64; x64) AppleWebKit/537.36 (KHTML, like Gecko) Chrome/114.0.0.0 Safari/537.36 0.002
0:0:0:0:0:0:0:1 - - [12/Jun/2023:21:17:17 +0100] GET /devportal/site/public/dist/index.e79b6b708401484695fc.bundle.js HTTP/1.1 200 271108 https://localhost:9443/devportal/apis/d02418ae-ab94-438a-87c1-83b37ef15067/test Mozilla/5.0 (Windows NT 10.0; Win64; x64) AppleWebKit/537.36 (KHTML, like Gecko) Chrome/114.0.0.0 Safari/537.36 0.039
0:0:0:0:0:0:0:1 - - [12/Jun/2023:21:17:17 +0100] GET /devportal/site/public/locales/en.json HTTP/1.1 200 57092 https://localhost:9443/devportal/apis/d02418ae-ab94-438a-87c1-83b37ef15067/test Mozilla/5.0 (Windows NT 10.0; Win64; x64) AppleWebKit/537.36 (KHTML, like Gecko) Chrome/114.0.0.0 Safari/537.36 0.002
0:0:0:0:0:0:0:1 - - [12/Jun/2023:21:17:17 +0100] GET /api/am/devportal/v3/swagger.yaml HTTP/1.1 200 26878 https://localhost:9443/devportal/apis/d02418ae-ab94-438a-87c1-83b37ef15067/test Mozilla/5.0 (Windows NT 10.0; Win64; x64) AppleWebKit/537.36 (KHTML, like Gecko) Chrome/114.0.0.0 Safari/537.36 0.006
0:0:0:0:0:0:0:1 - - [12/Jun/2023:21:17:17 +0100] GET /devportal/site/public/images/_favicon.ico HTTP/1.1 200 1150 https://localhost:9443/devportal/apis/d02418ae-ab94-438a-87c1-83b37ef15067/test Mozilla/5.0 (Windows NT 10.0; Win64; x64) AppleWebKit/537.36 (KHTML, like Gecko) Chrome/114.0.0.0 Safari/537.36 0.002
0:0:0:0:0:0:0:1 - - [12/Jun/2023:21:17:17 +0100] GET /api/am/devportal/v3/settings HTTP/1.1 200 592 https://localhost:9443/devportal/apis/d02418ae-ab94-438a-87c1-83b37ef15067/test Mozilla/5.0 (Windows NT 10.0; Win64; x64) AppleWebKit/537.36 (KHTML, like Gecko) Chrome/114.0.0.0 Safari/537.36 0.118
0:0:0:0:0:0:0:1 - - [12/Jun/2023:21:17:17 +0100] GET /devportal/site/public/dist/ProtectedApp.42893a52cd015332b409.bundle.js HTTP/1.1 200 70963 https://localhost:9443/devportal/apis/d02418ae-ab94-438a-87c1-83b37ef15067/test Mozilla/5.0 (Windows NT 10.0; Win64; x64) AppleWebKit/537.36 (KHTML, like Gecko) Chrome/114.0.0.0 Safari/537.36 0.012
0:0:0:0:0:0:0:1 - - [12/Jun/2023:21:17:17 +0100] GET /devportal/site/public/dist/vendors~ProtectedApp.018eeb6bd33ca37011cd.bundle.js HTTP/1.1 200 126488 https://localhost:9443/devportal/apis/d02418ae-ab94-438a-87c1-83b37ef15067/test Mozilla/5.0 (Windows NT 10.0; Win64; x64) AppleWebKit/537.36 (KHTML, like Gecko) Chrome/114.0.0.0 Safari/537.36 0.023
127.0.0.1 - - [12/Jun/2023:21:17:17 +0100] GET /api/am/devportal/v3/settings HTTP/1.1 200 604 - Java-http-client/17.0.6 0.115
0:0:0:0:0:0:0:1 - - [12/Jun/2023:21:17:17 +0100] GET /devportal/services/configs?loginPrompt=false HTTP/1.1 302 - https://localhost:9443/devportal/apis/d02418ae-ab94-438a-87c1-83b37ef15067/test Mozilla/5.0 (Windows NT 10.0; Win64; x64) AppleWebKit/537.36 (KHTML, like Gecko) Chrome/114.0.0.0 Safari/537.36 0.128
0:0:0:0:0:0:0:1 - - [12/Jun/2023:21:17:17 +0100] GET /oauth2/authorize?response_type=code&client_id=on910Eic3ALVOI0ssrp4olzhtsAa&scope=apim:admin%20apim:api_key%20apim:app_import_export%20apim:app_manage%20apim:store_settings%20apim:sub_alert_manage%20apim:sub_manage%20apim:subscribe%20openid&state=%2Fapis%2Fd02418ae-ab94-438a-87c1-83b37ef15067%2Ftest&redirect_uri=https://localhost:9443/devportal/services/auth/callback/login&prompt=none HTTP/1.1 302 - https://localhost:9443/devportal/apis/d02418ae-ab94-438a-87c1-83b37ef15067/test Mozilla/5.0 (Windows NT 10.0; Win64; x64) AppleWebKit/537.36 (KHTML, like Gecko) Chrome/114.0.0.0 Safari/537.36 0.013
127.0.0.1 - - [12/Jun/2023:21:17:17 +0100] POST /oauth2/token HTTP/1.1 200 1482 - Java-http-client/17.0.6 0.008
0:0:0:0:0:0:0:1 - - [12/Jun/2023:21:17:17 +0100] GET /devportal/services/auth/callback/login?code=8e71a8e5-1afd-3bdf-8443-ee8ed3ee0d73&state=%2Fapis%2Fd02418ae-ab94-438a-87c1-83b37ef15067%2Ftest&session_state=efbd0cada2151189f1a47add2a7b20cc41d9b8649b452088c21966bbc80d07ff.WaPyZuHeWEdtGER2cyZW1w HTTP/1.1 302 - https://localhost:9443/devportal/apis/d02418ae-ab94-438a-87c1-83b37ef15067/test Mozilla/5.0 (Windows NT 10.0; Win64; x64) AppleWebKit/537.36 (KHTML, like Gecko) Chrome/114.0.0.0 Safari/537.36 0.020
0:0:0:0:0:0:0:1 - - [12/Jun/2023:21:17:17 +0100] GET /devportal/apis/d02418ae-ab94-438a-87c1-83b37ef15067/test HTTP/1.1 200 1691 https://localhost:9443/devportal/apis/d02418ae-ab94-438a-87c1-83b37ef15067/test Mozilla/5.0 (Windows NT 10.0; Win64; x64) AppleWebKit/537.36 (KHTML, like Gecko) Chrome/114.0.0.0 Safari/537.36 0.002
0:0:0:0:0:0:0:1 - - [12/Jun/2023:21:17:17 +0100] GET /devportal/site/public/theme/userTheme.js HTTP/1.1 200 96 https://localhost:9443/devportal/apis/d02418ae-ab94-438a-87c1-83b37ef15067/test Mozilla/5.0 (Windows NT 10.0; Win64; x64) AppleWebKit/537.36 (KHTML, like Gecko) Chrome/114.0.0.0 Safari/537.36 0.002
0:0:0:0:0:0:0:1 - - [12/Jun/2023:21:17:17 +0100] GET /devportal/services/settings/settings.js HTTP/1.1 200 1474 https://localhost:9443/devportal/apis/d02418ae-ab94-438a-87c1-83b37ef15067/test Mozilla/5.0 (Windows NT 10.0; Win64; x64) AppleWebKit/537.36 (KHTML, like Gecko) Chrome/114.0.0.0 Safari/537.36 0.004
0:0:0:0:0:0:0:1 - - [12/Jun/2023:21:17:17 +0100] GET /devportal/site/public/locales/en.json HTTP/1.1 200 57092 https://localhost:9443/devportal/apis/d02418ae-ab94-438a-87c1-83b37ef15067/test Mozilla/5.0 (Windows NT 10.0; Win64; x64) AppleWebKit/537.36 (KHTML, like Gecko) Chrome/114.0.0.0 Safari/537.36 0.001
0:0:0:0:0:0:0:1 - - [12/Jun/2023:21:17:17 +0100] GET /api/am/devportal/v3/swagger.yaml HTTP/1.1 200 26878 https://localhost:9443/devportal/apis/d02418ae-ab94-438a-87c1-83b37ef15067/test Mozilla/5.0 (Windows NT 10.0; Win64; x64) AppleWebKit/537.36 (KHTML, like Gecko) Chrome/114.0.0.0 Safari/537.36 0.006
0:0:0:0:0:0:0:1 - - [12/Jun/2023:21:17:18 +0100] GET /devportal/site/public/images/_favicon.ico HTTP/1.1 200 1150 https://localhost:9443/devportal/apis/d02418ae-ab94-438a-87c1-83b37ef15067/test Mozilla/5.0 (Windows NT 10.0; Win64; x64) AppleWebKit/537.36 (KHTML, like Gecko) Chrome/114.0.0.0 Safari/537.36 0.001
0:0:0:0:0:0:0:1 - - [12/Jun/2023:21:17:18 +0100] GET /api/am/devportal/v3/settings HTTP/1.1 200 592 https://localhost:9443/devportal/apis/d02418ae-ab94-438a-87c1-83b37ef15067/test Mozilla/5.0 (Windows NT 10.0; Win64; x64) AppleWebKit/537.36 (KHTML, like Gecko) Chrome/114.0.0.0 Safari/537.36 0.139
0:0:0:0:0:0:0:1 - - [12/Jun/2023:21:17:18 +0100] GET /devportal/site/public/theme/temporary_features_config.json HTTP/1.1 200 - https://localhost:9443/devportal/apis/d02418ae-ab94-438a-87c1-83b37ef15067/test Mozilla/5.0 (Windows NT 10.0; Win64; x64) AppleWebKit/537.36 (KHTML, like Gecko) Chrome/114.0.0.0 Safari/537.36 0.001
0:0:0:0:0:0:0:1 - - [12/Jun/2023:21:17:18 +0100] GET /devportal/site/public/theme/temporary_environments_config.json HTTP/1.1 200 - https://localhost:9443/devportal/apis/d02418ae-ab94-438a-87c1-83b37ef15067/test Mozilla/5.0 (Windows NT 10.0; Win64; x64) AppleWebKit/537.36 (KHTML, like Gecko) Chrome/114.0.0.0 Safari/537.36 0.002
0:0:0:0:0:0:0:1 - - [12/Jun/2023:21:17:18 +0100] GET /api/am/devportal/v3/tenants?state=active HTTP/1.1 200 96 https://localhost:9443/devportal/apis/d02418ae-ab94-438a-87c1-83b37ef15067/test Mozilla/5.0 (Windows NT 10.0; Win64; x64) AppleWebKit/537.36 (KHTML, like Gecko) Chrome/114.0.0.0 Safari/537.36 0.003
127.0.0.1 - - [12/Jun/2023:21:17:18 +0100] GET /oauth2/userinfo HTTP/1.1 200 15 - Java-http-client/17.0.6 0.007
127.0.0.1 - - [12/Jun/2023:21:17:18 +0100] POST /oauth2/introspect HTTP/1.1 200 341 - Java-http-client/17.0.6 0.005
0:0:0:0:0:0:0:1 - - [12/Jun/2023:21:17:18 +0100] GET /devportal/services/auth/introspect HTTP/1.1 200 376 https://localhost:9443/devportal/apis/d02418ae-ab94-438a-87c1-83b37ef15067/test Mozilla/5.0 (Windows NT 10.0; Win64; x64) AppleWebKit/537.36 (KHTML, like Gecko) Chrome/114.0.0.0 Safari/537.36 0.024
0:0:0:0:0:0:0:1 - - [12/Jun/2023:21:17:18 +0100] GET /devportal/site/public/dist/vendors~ApiListing~Apis~ApplicationDetails.720bc2e40480316deaca.bundle.js HTTP/1.1 200 3839 https://localhost:9443/devportal/apis/d02418ae-ab94-438a-87c1-83b37ef15067/test Mozilla/5.0 (Windows NT 10.0; Win64; x64) AppleWebKit/537.36 (KHTML, like Gecko) Chrome/114.0.0.0 Safari/537.36 0.002
0:0:0:0:0:0:0:1 - - [12/Jun/2023:21:17:18 +0100] - 400 - - - 0.000
0:0:0:0:0:0:0:1 - - [12/Jun/2023:21:17:18 +0100] GET /devportal/site/public/dist/vendors~Apis~Landing.e9d0b010bafc4e7686f8.bundle.js HTTP/1.1 200 4090 https://localhost:9443/devportal/apis/d02418ae-ab94-438a-87c1-83b37ef15067/test Mozilla/5.0 (Windows NT 10.0; Win64; x64) AppleWebKit/537.36 (KHTML, like Gecko) Chrome/114.0.0.0 Safari/537.36 0.002
0:0:0:0:0:0:0:1 - - [12/Jun/2023:21:17:18 +0100] - 400 - - - 0.000
0:0:0:0:0:0:0:1 - - [12/Jun/2023:21:17:18 +0100] GET /devportal/site/public/dist/Apis.800351a0eb878c789ea9.bundle.js HTTP/1.1 200 25570 https://localhost:9443/devportal/apis/d02418ae-ab94-438a-87c1-83b37ef15067/test Mozilla/5.0 (Windows NT 10.0; Win64; x64) AppleWebKit/537.36 (KHTML, like Gecko) Chrome/114.0.0.0 Safari/537.36 0.005
0:0:0:0:0:0:0:1 - - [12/Jun/2023:21:17:18 +0100] GET /oidc/checksession?client_id=on910Eic3ALVOI0ssrp4olzhtsAa&redirect_uri=https://localhost:9443/devportal/services/auth/callback/login HTTP/1.1 200 3134 https://localhost:9443/devportal/apis/d02418ae-ab94-438a-87c1-83b37ef15067/test Mozilla/5.0 (Windows NT 10.0; Win64; x64) AppleWebKit/537.36 (KHTML, like Gecko) Chrome/114.0.0.0 Safari/537.36 0.001
0:0:0:0:0:0:0:1 - - [12/Jun/2023:21:17:18 +0100] GET /devportal/site/public/dist/vendors~Apis.3a6169883ec8c6c5366d.bundle.js HTTP/1.1 200 87282 https://localhost:9443/devportal/apis/d02418ae-ab94-438a-87c1-83b37ef15067/test Mozilla/5.0 (Windows NT 10.0; Win64; x64) AppleWebKit/537.36 (KHTML, like Gecko) Chrome/114.0.0.0 Safari/537.36 0.012
0:0:0:0:0:0:0:1 - - [12/Jun/2023:21:17:18 +0100] GET /devportal/site/public/dist/Apis~Landing.44f03df4105c342867a1.bundle.js HTTP/1.1 200 6722 https://localhost:9443/devportal/apis/d02418ae-ab94-438a-87c1-83b37ef15067/test Mozilla/5.0 (Windows NT 10.0; Win64; x64) AppleWebKit/537.36 (KHTML, like Gecko) Chrome/114.0.0.0 Safari/537.36 0.003
0:0:0:0:0:0:0:1 - - [12/Jun/2023:21:17:18 +0100] GET /devportal/site/public/images/logo.svg HTTP/1.1 200 74991 https://localhost:9443/devportal/apis/d02418ae-ab94-438a-87c1-83b37ef15067/test Mozilla/5.0 (Windows NT 10.0; Win64; x64) AppleWebKit/537.36 (KHTML, like Gecko) Chrome/114.0.0.0 Safari/537.36 0.002
0:0:0:0:0:0:0:1 - - [12/Jun/2023:21:17:18 +0100] GET /devportal HTTP/1.1 302 - https://localhost:9443/devportal/apis/d02418ae-ab94-438a-87c1-83b37ef15067/test Mozilla/5.0 (Windows NT 10.0; Win64; x64) AppleWebKit/537.36 (KHTML, like Gecko) Chrome/114.0.0.0 Safari/537.36 0.000
0:0:0:0:0:0:0:1 - - [12/Jun/2023:21:17:18 +0100] GET /devportal/site/public/images/appbarBack.png HTTP/1.1 200 1964 https://localhost:9443/devportal/apis/d02418ae-ab94-438a-87c1-83b37ef15067/test Mozilla/5.0 (Windows NT 10.0; Win64; x64) AppleWebKit/537.36 (KHTML, like Gecko) Chrome/114.0.0.0 Safari/537.36 0.005
0:0:0:0:0:0:0:1 - - [12/Jun/2023:21:17:18 +0100] GET /devportal/site/public/fonts/Open_Sans/mem8YaGs126MiZpBA-UFVZ0bf8pkAg.woff2 HTTP/1.1 200 8892 https://localhost:9443/devportal/site/public/css/main.css Mozilla/5.0 (Windows NT 10.0; Win64; x64) AppleWebKit/537.36 (KHTML, like Gecko) Chrome/114.0.0.0 Safari/537.36 0.004
0:0:0:0:0:0:0:1 - - [12/Jun/2023:21:17:18 +0100] - 400 - - - 0.000
0:0:0:0:0:0:0:1 - - [12/Jun/2023:21:17:18 +0100] - 400 - - - 0.000
0:0:0:0:0:0:0:1 - - [12/Jun/2023:21:17:18 +0100] GET /devportal/ HTTP/1.1 200 1691 https://localhost:9443/devportal/apis/d02418ae-ab94-438a-87c1-83b37ef15067/test Mozilla/5.0 (Windows NT 10.0; Win64; x64) AppleWebKit/537.36 (KHTML, like Gecko) Chrome/114.0.0.0 Safari/537.36 0.007
0:0:0:0:0:0:0:1 - - [12/Jun/2023:21:17:18 +0100] GET /devportal/site/public/fonts/iconfont/MaterialIcons-Regular.woff2 HTTP/1.1 200 60840 https://localhost:9443/devportal/site/public/fonts/iconfont/material-icons.css Mozilla/5.0 (Windows NT 10.0; Win64; x64) AppleWebKit/537.36 (KHTML, like Gecko) Chrome/114.0.0.0 Safari/537.36 0.004
0:0:0:0:0:0:0:1 - - [12/Jun/2023:21:17:18 +0100] GET /devportal/site/public/fonts/Open_Sans/mem5YaGs126MiZpBA-UN7rgOUuhpKKSTjw.woff2 HTTP/1.1 200 8800 https://localhost:9443/devportal/site/public/css/main.css Mozilla/5.0 (Windows NT 10.0; Win64; x64) AppleWebKit/537.36 (KHTML, like Gecko) Chrome/114.0.0.0 Safari/537.36 0.002
0:0:0:0:0:0:0:1 - - [12/Jun/2023:21:17:18 +0100] - 400 - - - 0.000
0:0:0:0:0:0:0:1 - - [12/Jun/2023:21:17:18 +0100] - 400 - - - 0.000
0:0:0:0:0:0:0:1 - - [12/Jun/2023:21:17:18 +0100] GET /api/am/devportal/v3/apis/d02418ae-ab94-438a-87c1-83b37ef15067 HTTP/1.1 200 1557 https://localhost:9443/devportal/apis/d02418ae-ab94-438a-87c1-83b37ef15067/test Mozilla/5.0 (Windows NT 10.0; Win64; x64) AppleWebKit/537.36 (KHTML, like Gecko) Chrome/114.0.0.0 Safari/537.36 0.023
0:0:0:0:0:0:0:1 - - [12/Jun/2023:21:17:18 +0100] GET /api/am/devportal/v3/applications?limit=5000 HTTP/1.1 200 1006 https://localhost:9443/devportal/apis/d02418ae-ab94-438a-87c1-83b37ef15067/test Mozilla/5.0 (Windows NT 10.0; Win64; x64) AppleWebKit/537.36 (KHTML, like Gecko) Chrome/114.0.0.0 Safari/537.36 0.049
0:0:0:0:0:0:0:1 - - [12/Jun/2023:21:17:18 +0100] - 400 - - - 0.000
0:0:0:0:0:0:0:1 - - [12/Jun/2023:21:17:18 +0100] GET /devportal/site/public/images/leftMenuBack.png HTTP/1.1 200 5308 https://localhost:9443/devportal/apis/d02418ae-ab94-438a-87c1-83b37ef15067/test Mozilla/5.0 (Windows NT 10.0; Win64; x64) AppleWebKit/537.36 (KHTML, like Gecko) Chrome/114.0.0.0 Safari/537.36 0.004
0:0:0:0:0:0:0:1 - - [12/Jun/2023:21:17:18 +0100] GET /devportal/site/public/dist/vendors~APIConsole~APIDocuments~ApplicationDetails.632f7f3618b917dd72cb.bundle.js HTTP/1.1 200 25476 https://localhost:9443/devportal/apis/d02418ae-ab94-438a-87c1-83b37ef15067/test Mozilla/5.0 (Windows NT 10.0; Win64; x64) AppleWebKit/537.36 (KHTML, like Gecko) Chrome/114.0.0.0 Safari/537.36 0.007
127.0.0.1 - - [12/Jun/2023:21:17:18 +0100] GET /keymanager-operations/dcr/register/SEdFbjNMa0NQb0VEd1NHcVR0bDZxc3FVbGowYQ%3D%3D HTTP/1.1 200 531 - Apache-HttpClient/4.5.13 (Java/17.0.6) 0.014
127.0.0.1 - - [12/Jun/2023:21:17:18 +0100] GET /keymanager-operations/dcr/register/SEdFbjNMa0NQb0VEd1NHcVR0bDZxc3FVbGowYQ%3D%3D HTTP/1.1 200 531 - Apache-HttpClient/4.5.13 (Java/17.0.6) 0.015
0:0:0:0:0:0:0:1 - - [12/Jun/2023:21:17:18 +0100] GET /devportal/site/public/dist/5.57286c37eacce5fafae0.bundle.js HTTP/1.1 200 84080 https://localhost:9443/devportal/apis/d02418ae-ab94-438a-87c1-83b37ef15067/test Mozilla/5.0 (Windows NT 10.0; Win64; x64) AppleWebKit/537.36 (KHTML, like Gecko) Chrome/114.0.0.0 Safari/537.36 0.022
0:0:0:0:0:0:0:1 - - [12/Jun/2023:21:17:18 +0100] GET /api/am/devportal/v3/subscriptions?apiId=d02418ae-ab94-438a-87c1-83b37ef15067&limit=5000 HTTP/1.1 200 715 https://localhost:9443/devportal/apis/d02418ae-ab94-438a-87c1-83b37ef15067/test Mozilla/5.0 (Windows NT 10.0; Win64; x64) AppleWebKit/537.36 (KHTML, like Gecko) Chrome/114.0.0.0 Safari/537.36 0.088
0:0:0:0:0:0:0:1 - - [12/Jun/2023:21:17:18 +0100] GET /devportal/site/public/dist/vendors~APIConsole~GraphQLConsole.fdedfa5fe9df001a3725.bundle.js HTTP/1.1 200 55674 https://localhost:9443/devportal/apis/d02418ae-ab94-438a-87c1-83b37ef15067/test Mozilla/5.0 (Windows NT 10.0; Win64; x64) AppleWebKit/537.36 (KHTML, like Gecko) Chrome/114.0.0.0 Safari/537.36 0.012
0:0:0:0:0:0:0:1 - - [12/Jun/2023:21:17:18 +0100] GET /api/am/devportal/v3/subscriptions?apiId=d02418ae-ab94-438a-87c1-83b37ef15067&limit=25 HTTP/1.1 200 713 https://localhost:9443/devportal/apis/d02418ae-ab94-438a-87c1-83b37ef15067/test Mozilla/5.0 (Windows NT 10.0; Win64; x64) AppleWebKit/537.36 (KHTML, like Gecko) Chrome/114.0.0.0 Safari/537.36 0.096
0:0:0:0:0:0:0:1 - - [12/Jun/2023:21:17:18 +0100] GET /api/am/devportal/v3/settings HTTP/1.1 200 915 https://localhost:9443/devportal/apis/d02418ae-ab94-438a-87c1-83b37ef15067/test Mozilla/5.0 (Windows NT 10.0; Win64; x64) AppleWebKit/537.36 (KHTML, like Gecko) Chrome/114.0.0.0 Safari/537.36 0.259
0:0:0:0:0:0:0:1 - - [12/Jun/2023:21:17:18 +0100] GET /devportal/site/public/dist/vendors~APIConsole~APIDocuments~APIOverview.351585fe0b19dbf2f65f.bundle.js HTTP/1.1 200 224002 https://localhost:9443/devportal/apis/d02418ae-ab94-438a-87c1-83b37ef15067/test Mozilla/5.0 (Windows NT 10.0; Win64; x64) AppleWebKit/537.36 (KHTML, like Gecko) Chrome/114.0.0.0 Safari/537.36 0.049
0:0:0:0:0:0:0:1 - - [12/Jun/2023:21:17:18 +0100] GET /devportal/site/public/dist/APIConsole.b3e80a9dce3816857c0c.bundle.js HTTP/1.1 200 1748096 https://localhost:9443/devportal/apis/d02418ae-ab94-438a-87c1-83b37ef15067/test Mozilla/5.0 (Windows NT 10.0; Win64; x64) AppleWebKit/537.36 (KHTML, like Gecko) Chrome/114.0.0.0 Safari/537.36 0.237
0:0:0:0:0:0:0:1 - - [12/Jun/2023:21:17:19 +0100] GET /api/am/devportal/v3/apis/d02418ae-ab94-438a-87c1-83b37ef15067 HTTP/1.1 200 1557 https://localhost:9443/devportal/apis/d02418ae-ab94-438a-87c1-83b37ef15067/test Mozilla/5.0 (Windows NT 10.0; Win64; x64) AppleWebKit/537.36 (KHTML, like Gecko) Chrome/114.0.0.0 Safari/537.36 0.017
0:0:0:0:0:0:0:1 - - [12/Jun/2023:21:17:19 +0100] GET /api/am/devportal/v3/apis/d02418ae-ab94-438a-87c1-83b37ef15067/swagger?environmentName=Default HTTP/1.1 200 810 https://localhost:9443/devportal/apis/d02418ae-ab94-438a-87c1-83b37ef15067/test Mozilla/5.0 (Windows NT 10.0; Win64; x64) AppleWebKit/537.36 (KHTML, like Gecko) Chrome/114.0.0.0 Safari/537.36 0.020
0:0:0:0:0:0:0:1 - - [12/Jun/2023:21:17:19 +0100] GET /api/am/devportal/v3/swagger.yaml HTTP/1.1 200 26878 https://localhost:9443/devportal/apis/d02418ae-ab94-438a-87c1-83b37ef15067/test Mozilla/5.0 (Windows NT 10.0; Win64; x64) AppleWebKit/537.36 (KHTML, like Gecko) Chrome/114.0.0.0 Safari/537.36 0.019
127.0.0.1 - - [12/Jun/2023:21:17:19 +0100] GET /keymanager-operations/dcr/register/SEdFbjNMa0NQb0VEd1NHcVR0bDZxc3FVbGowYQ%3D%3D HTTP/1.1 200 531 - Apache-HttpClient/4.5.13 (Java/17.0.6) 0.008
127.0.0.1 - - [12/Jun/2023:21:17:19 +0100] GET /oauth2/token/.well-known/openid-configuration HTTP/1.1 200 2395 - Apache-HttpClient/4.5.13 (Java/17.0.6) 0.003
0:0:0:0:0:0:0:1 - - [12/Jun/2023:21:17:19 +0100] GET /api/am/devportal/v3/subscriptions?apiId=d02418ae-ab94-438a-87c1-83b37ef15067&limit=25 HTTP/1.1 200 713 https://localhost:9443/devportal/apis/d02418ae-ab94-438a-87c1-83b37ef15067/test Mozilla/5.0 (Windows NT 10.0; Win64; x64) AppleWebKit/537.36 (KHTML, like Gecko) Chrome/114.0.0.0 Safari/537.36 0.033
0:0:0:0:0:0:0:1 - - [12/Jun/2023:21:17:19 +0100] GET /api/am/devportal/v3/key-managers HTTP/1.1 200 763 https://localhost:9443/devportal/apis/d02418ae-ab94-438a-87c1-83b37ef15067/test Mozilla/5.0 (Windows NT 10.0; Win64; x64) AppleWebKit/537.36 (KHTML, like Gecko) Chrome/114.0.0.0 Safari/537.36 0.036
127.0.0.1 - - [12/Jun/2023:21:17:19 +0100] GET /keymanager-operations/dcr/register/SEdFbjNMa0NQb0VEd1NHcVR0bDZxc3FVbGowYQ%3D%3D HTTP/1.1 200 531 - Apache-HttpClient/4.5.13 (Java/17.0.6) 0.002
0:0:0:0:0:0:0:1 - - [12/Jun/2023:21:17:19 +0100] GET /api/am/devportal/v3/subscriptions?apiId=d02418ae-ab94-438a-87c1-83b37ef15067&limit=25 HTTP/1.1 200 713 https://localhost:9443/devportal/apis/d02418ae-ab94-438a-87c1-83b37ef15067/test Mozilla/5.0 (Windows NT 10.0; Win64; x64) AppleWebKit/537.36 (KHTML, like Gecko) Chrome/114.0.0.0 Safari/537.36 0.022
0:0:0:0:0:0:0:1 - - [12/Jun/2023:21:17:19 +0100] GET /api/am/devportal/v3/applications/ HTTP/1.1 200 1004 https://localhost:9443/devportal/apis/d02418ae-ab94-438a-87c1-83b37ef15067/test Mozilla/5.0 (Windows NT 10.0; Win64; x64) AppleWebKit/537.36 (KHTML, like Gecko) Chrome/114.0.0.0 Safari/537.36 0.005
0:0:0:0:0:0:0:1 - - [12/Jun/2023:21:17:19 +0100] GET /api/am/devportal/v3/swagger.yaml HTTP/1.1 200 26878 https://localhost:9443/devportal/apis/d02418ae-ab94-438a-87c1-83b37ef15067/test Mozilla/5.0 (Windows NT 10.0; Win64; x64) AppleWebKit/537.36 (KHTML, like Gecko) Chrome/114.0.0.0 Safari/537.36 0.007
127.0.0.1 - - [12/Jun/2023:21:17:19 +0100] GET /keymanager-operations/dcr/register/SEdFbjNMa0NQb0VEd1NHcVR0bDZxc3FVbGowYQ%3D%3D HTTP/1.1 200 531 - Apache-HttpClient/4.5.13 (Java/17.0.6) 0.001
0:0:0:0:0:0:0:1 - - [12/Jun/2023:21:17:19 +0100] GET /api/am/devportal/v3/applications/6cc3231f-f7b9-437e-93fd-41d67fc514af HTTP/1.1 200 503 https://localhost:9443/devportal/apis/d02418ae-ab94-438a-87c1-83b37ef15067/test Mozilla/5.0 (Windows NT 10.0; Win64; x64) AppleWebKit/537.36 (KHTML, like Gecko) Chrome/114.0.0.0 Safari/537.36 0.008
127.0.0.1 - - [12/Jun/2023:21:17:19 +0100] GET /keymanager-operations/dcr/register/SEdFbjNMa0NQb0VEd1NHcVR0bDZxc3FVbGowYQ%3D%3D HTTP/1.1 200 531 - Apache-HttpClient/4.5.13 (Java/17.0.6) 0.003
0:0:0:0:0:0:0:1 - - [12/Jun/2023:21:17:19 +0100] GET /api/am/devportal/v3/applications/6cc3231f-f7b9-437e-93fd-41d67fc514af/oauth-keys HTTP/1.1 200 679 https://localhost:9443/devportal/apis/d02418ae-ab94-438a-87c1-83b37ef15067/test Mozilla/5.0 (Windows NT 10.0; Win64; x64) AppleWebKit/537.36 (KHTML, like Gecko) Chrome/114.0.0.0 Safari/537.36 0.010
0:0:0:0:0:0:0:1 - - [12/Jun/2023:21:17:19 +0100] GET /api/am/devportal/v3/swagger.yaml HTTP/1.1 200 26878 https://localhost:9443/devportal/apis/d02418ae-ab94-438a-87c1-83b37ef15067/test Mozilla/5.0 (Windows NT 10.0; Win64; x64) AppleWebKit/537.36 (KHTML, like Gecko) Chrome/114.0.0.0 Safari/537.36 0.007
0:0:0:0:0:0:0:1 - - [12/Jun/2023:21:17:19 +0100] GET /api/am/devportal/v3/swagger.yaml HTTP/1.1 200 26878 https://localhost:9443/devportal/apis/d02418ae-ab94-438a-87c1-83b37ef15067/test Mozilla/5.0 (Windows NT 10.0; Win64; x64) AppleWebKit/537.36 (KHTML, like Gecko) Chrome/114.0.0.0 Safari/537.36 0.006
127.0.0.1 - - [12/Jun/2023:21:17:19 +0100] GET /keymanager-operations/dcr/register/SEdFbjNMa0NQb0VEd1NHcVR0bDZxc3FVbGowYQ%3D%3D HTTP/1.1 200 531 - Apache-HttpClient/4.5.13 (Java/17.0.6) 0.002
0:0:0:0:0:0:0:1 - - [12/Jun/2023:21:17:19 +0100] GET /api/am/devportal/v3/applications/6cc3231f-f7b9-437e-93fd-41d67fc514af HTTP/1.1 200 503 https://localhost:9443/devportal/apis/d02418ae-ab94-438a-87c1-83b37ef15067/test Mozilla/5.0 (Windows NT 10.0; Win64; x64) AppleWebKit/537.36 (KHTML, like Gecko) Chrome/114.0.0.0 Safari/537.36 0.007
127.0.0.1 - - [12/Jun/2023:21:17:20 +0100] GET /keymanager-operations/dcr/register/SEdFbjNMa0NQb0VEd1NHcVR0bDZxc3FVbGowYQ%3D%3D HTTP/1.1 200 531 - Apache-HttpClient/4.5.13 (Java/17.0.6) 0.004
0:0:0:0:0:0:0:1 - - [12/Jun/2023:21:17:20 +0100] GET /api/am/devportal/v3/applications/6cc3231f-f7b9-437e-93fd-41d67fc514af HTTP/1.1 200 503 https://localhost:9443/devportal/apis/d02418ae-ab94-438a-87c1-83b37ef15067/test Mozilla/5.0 (Windows NT 10.0; Win64; x64) AppleWebKit/537.36 (KHTML, like Gecko) Chrome/114.0.0.0 Safari/537.36 0.012
127.0.0.1 - - [12/Jun/2023:21:17:20 +0100] GET /keymanager-operations/dcr/register/SEdFbjNMa0NQb0VEd1NHcVR0bDZxc3FVbGowYQ%3D%3D HTTP/1.1 200 531 - Apache-HttpClient/4.5.13 (Java/17.0.6) 0.004
0:0:0:0:0:0:0:1 - - [12/Jun/2023:21:17:20 +0100] GET /api/am/devportal/v3/applications/6cc3231f-f7b9-437e-93fd-41d67fc514af/oauth-keys HTTP/1.1 200 679 https://localhost:9443/devportal/apis/d02418ae-ab94-438a-87c1-83b37ef15067/test Mozilla/5.0 (Windows NT 10.0; Win64; x64) AppleWebKit/537.36 (KHTML, like Gecko) Chrome/114.0.0.0 Safari/537.36 0.010
127.0.0.1 - - [12/Jun/2023:21:17:20 +0100] GET /keymanager-operations/dcr/register/SEdFbjNMa0NQb0VEd1NHcVR0bDZxc3FVbGowYQ%3D%3D HTTP/1.1 200 531 - Apache-HttpClient/4.5.13 (Java/17.0.6) 0.003
0:0:0:0:0:0:0:1 - - [12/Jun/2023:21:17:20 +0100] GET /api/am/devportal/v3/applications/6cc3231f-f7b9-437e-93fd-41d67fc514af/oauth-keys HTTP/1.1 200 679 https://localhost:9443/devportal/apis/d02418ae-ab94-438a-87c1-83b37ef15067/test Mozilla/5.0 (Windows NT 10.0; Win64; x64) AppleWebKit/537.36 (KHTML, like Gecko) Chrome/114.0.0.0 Safari/537.36 0.012
0:0:0:0:0:0:0:1 - - [12/Jun/2023:21:17:21 +0100] GET /api/am/devportal/v3/swagger.yaml HTTP/1.1 200 26878 https://localhost:9443/devportal/apis/d02418ae-ab94-438a-87c1-83b37ef15067/test Mozilla/5.0 (Windows NT 10.0; Win64; x64) AppleWebKit/537.36 (KHTML, like Gecko) Chrome/114.0.0.0 Safari/537.36 0.007
127.0.0.1 - - [12/Jun/2023:21:17:21 +0100] GET /keymanager-operations/dcr/register/SEdFbjNMa0NQb0VEd1NHcVR0bDZxc3FVbGowYQ%3D%3D HTTP/1.1 200 531 - Apache-HttpClient/4.5.13 (Java/17.0.6) 0.002
0:0:0:0:0:0:0:1 - - [12/Jun/2023:21:17:21 +0100] GET /api/am/devportal/v3/applications/6cc3231f-f7b9-437e-93fd-41d67fc514af HTTP/1.1 200 503 https://localhost:9443/devportal/apis/d02418ae-ab94-438a-87c1-83b37ef15067/test Mozilla/5.0 (Windows NT 10.0; Win64; x64) AppleWebKit/537.36 (KHTML, like Gecko) Chrome/114.0.0.0 Safari/537.36 0.009
127.0.0.1 - - [12/Jun/2023:21:17:21 +0100] GET /keymanager-operations/dcr/register/SEdFbjNMa0NQb0VEd1NHcVR0bDZxc3FVbGowYQ%3D%3D HTTP/1.1 200 531 - Apache-HttpClient/4.5.13 (Java/17.0.6) 0.001
0:0:0:0:0:0:0:1 - - [12/Jun/2023:21:17:21 +0100] GET /api/am/devportal/v3/applications/6cc3231f-f7b9-437e-93fd-41d67fc514af/oauth-keys HTTP/1.1 200 679 https://localhost:9443/devportal/apis/d02418ae-ab94-438a-87c1-83b37ef15067/test Mozilla/5.0 (Windows NT 10.0; Win64; x64) AppleWebKit/537.36 (KHTML, like Gecko) Chrome/114.0.0.0 Safari/537.36 0.005
127.0.0.1 - - [12/Jun/2023:21:17:21 +0100] GET /keymanager-operations/dcr/register/SEdFbjNMa0NQb0VEd1NHcVR0bDZxc3FVbGowYQ%3D%3D HTTP/1.1 200 531 - Apache-HttpClient/4.5.13 (Java/17.0.6) 0.002
127.0.0.1 - - [12/Jun/2023:21:17:21 +0100] GET /keymanager-operations/dcr/register/SEdFbjNMa0NQb0VEd1NHcVR0bDZxc3FVbGowYQ%3D%3D HTTP/1.1 200 531 - Apache-HttpClient/4.5.13 (Java/17.0.6) 0.002
127.0.0.1 - - [12/Jun/2023:21:17:21 +0100] POST /oauth2/token HTTP/1.1 200 1190 - Apache-HttpClient/4.5.13 (Java/17.0.6) 0.008
0:0:0:0:0:0:0:1 - - [12/Jun/2023:21:17:21 +0100] POST /api/am/devportal/v3/applications/6cc3231f-f7b9-437e-93fd-41d67fc514af/oauth-keys/938ecc53-bc18-450d-be7f-559f13ed7b8d/generate-token HTTP/1.1 200 894 https://localhost:9443/devportal/apis/d02418ae-ab94-438a-87c1-83b37ef15067/test Mozilla/5.0 (Windows NT 10.0; Win64; x64) AppleWebKit/537.36 (KHTML, like Gecko) Chrome/114.0.0.0 Safari/537.36 0.033
127.0.0.1 - - [12/Jun/2023:21:17:21 +0100] POST /internal/data/v1/notify HTTP/1.1 200 - - Apache-HttpClient/4.5.13 (Java/17.0.6) 0.010
0:0:0:0:0:0:0:1 - - [12/Jun/2023:21:21:54 +0100] - 400 - - - 0.000
127.0.0.1 - - [12/Jun/2023:21:21:59 +0100] POST /oauth2/token HTTP/1.1 415 - - Java-http-client/17.0.6 0.002
0:0:0:0:0:0:0:1 - - [12/Jun/2023:21:21:59 +0100] POST /publisher/services/refresh HTTP/1.1 500 87 https://localhost:9443/publisher/apis/d02418ae-ab94-438a-87c1-83b37ef15067/monetization Mozilla/5.0 (Windows NT 10.0; Win64; x64) AppleWebKit/537.36 (KHTML, like Gecko) Chrome/114.0.0.0 Safari/537.36 4.638
0:0:0:0:0:0:0:1 - - [12/Jun/2023:21:21:59 +0100] - 400 - - - 0.000
0:0:0:0:0:0:0:1 - - [12/Jun/2023:21:21:59 +0100] - 400 - - - 0.000
127.0.0.1 - - [12/Jun/2023:21:21:59 +0100] POST /oauth2/token HTTP/1.1 415 - - Java-http-client/17.0.6 0.002
0:0:0:0:0:0:0:1 - - [12/Jun/2023:21:21:59 +0100] POST /publisher/services/refresh HTTP/1.1 500 87 https://localhost:9443/publisher/apis/d02418ae-ab94-438a-87c1-83b37ef15067/monetization Mozilla/5.0 (Windows NT 10.0; Win64; x64) AppleWebKit/537.36 (KHTML, like Gecko) Chrome/114.0.0.0 Safari/537.36 0.021
0:0:0:0:0:0:0:1 - - [12/Jun/2023:21:21:59 +0100] - 400 - - - 0.000
0:0:0:0:0:0:0:1 - - [12/Jun/2023:21:21:59 +0100] GET /api/am/publisher/v4/settings HTTP/1.1 401 101 https://localhost:9443/publisher/apis/d02418ae-ab94-438a-87c1-83b37ef15067/monetization Mozilla/5.0 (Windows NT 10.0; Win64; x64) AppleWebKit/537.36 (KHTML, like Gecko) Chrome/114.0.0.0 Safari/537.36 0.041
0:0:0:0:0:0:0:1 - - [12/Jun/2023:21:21:59 +0100] GET /api/am/publisher/v4/apis/d02418ae-ab94-438a-87c1-83b37ef15067/monetization HTTP/1.1 401 101 https://localhost:9443/publisher/apis/d02418ae-ab94-438a-87c1-83b37ef15067/monetization Mozilla/5.0 (Windows NT 10.0; Win64; x64) AppleWebKit/537.36 (KHTML, like Gecko) Chrome/114.0.0.0 Safari/537.36 0.012
0:0:0:0:0:0:0:1 - - [12/Jun/2023:21:21:59 +0100] GET /publisher/services/auth/callback/logout HTTP/1.1 302 - https://localhost:9443/publisher/apis/d02418ae-ab94-438a-87c1-83b37ef15067/monetization Mozilla/5.0 (Windows NT 10.0; Win64; x64) AppleWebKit/537.36 (KHTML, like Gecko) Chrome/114.0.0.0 Safari/537.36 0.006
0:0:0:0:0:0:0:1 - - [12/Jun/2023:21:21:59 +0100] GET /publisher/services/auth/callback/logout HTTP/1.1 302 - https://localhost:9443/publisher/apis/d02418ae-ab94-438a-87c1-83b37ef15067/monetization Mozilla/5.0 (Windows NT 10.0; Win64; x64) AppleWebKit/537.36 (KHTML, like Gecko) Chrome/114.0.0.0 Safari/537.36 0.007
0:0:0:0:0:0:0:1 - - [12/Jun/2023:21:21:59 +0100] GET /publisher/logout HTTP/1.1 200 1713 https://localhost:9443/publisher/apis/d02418ae-ab94-438a-87c1-83b37ef15067/monetization Mozilla/5.0 (Windows NT 10.0; Win64; x64) AppleWebKit/537.36 (KHTML, like Gecko) Chrome/114.0.0.0 Safari/537.36 0.003
0:0:0:0:0:0:0:1 - - [12/Jun/2023:21:21:59 +0100] GET /publisher/site/public/css/main.css HTTP/1.1 200 2075 https://localhost:9443/publisher/logout Mozilla/5.0 (Windows NT 10.0; Win64; x64) AppleWebKit/537.36 (KHTML, like Gecko) Chrome/114.0.0.0 Safari/537.36 0.003
0:0:0:0:0:0:0:1 - - [12/Jun/2023:21:21:59 +0100] GET /publisher/site/public/css/draftjs.css HTTP/1.1 200 2643 https://localhost:9443/publisher/logout Mozilla/5.0 (Windows NT 10.0; Win64; x64) AppleWebKit/537.36 (KHTML, like Gecko) Chrome/114.0.0.0 Safari/537.36 0.003
0:0:0:0:0:0:0:1 - - [12/Jun/2023:21:21:59 +0100] - 400 - - - 0.000
0:0:0:0:0:0:0:1 - - [12/Jun/2023:21:21:59 +0100] - 400 - - - 0.000
0:0:0:0:0:0:0:1 - - [12/Jun/2023:21:21:59 +0100] - 400 - - - 0.000
0:0:0:0:0:0:0:1 - - [12/Jun/2023:21:21:59 +0100] - 400 - - - 0.000
0:0:0:0:0:0:0:1 - - [12/Jun/2023:21:21:59 +0100] - 400 - - - 0.000
0:0:0:0:0:0:0:1 - - [12/Jun/2023:21:21:59 +0100] - 400 - - - 0.000
0:0:0:0:0:0:0:1 - - [12/Jun/2023:21:21:59 +0100] GET /publisher/site/public/fonts/iconfont/material-icons.css HTTP/1.1 200 970 https://localhost:9443/publisher/logout Mozilla/5.0 (Windows NT 10.0; Win64; x64) AppleWebKit/537.36 (KHTML, like Gecko) Chrome/114.0.0.0 Safari/537.36 0.002
0:0:0:0:0:0:0:1 - - [12/Jun/2023:21:21:59 +0100] GET /publisher/site/public/fonts/iconfont/MaterialIcons.js HTTP/1.1 200 6703 https://localhost:9443/publisher/logout Mozilla/5.0 (Windows NT 10.0; Win64; x64) AppleWebKit/537.36 (KHTML, like Gecko) Chrome/114.0.0.0 Safari/537.36 0.003
0:0:0:0:0:0:0:1 - - [12/Jun/2023:21:21:59 +0100] GET /publisher/site/public/conf/userThemes.js HTTP/1.1 200 939 https://localhost:9443/publisher/logout Mozilla/5.0 (Windows NT 10.0; Win64; x64) AppleWebKit/537.36 (KHTML, like Gecko) Chrome/114.0.0.0 Safari/537.36 0.003
0:0:0:0:0:0:0:1 - - [12/Jun/2023:21:21:59 +0100] GET /publisher/services/settings/settings.js HTTP/1.1 200 1214 https://localhost:9443/publisher/logout Mozilla/5.0 (Windows NT 10.0; Win64; x64) AppleWebKit/537.36 (KHTML, like Gecko) Chrome/114.0.0.0 Safari/537.36 0.006
0:0:0:0:0:0:0:1 - - [12/Jun/2023:21:21:59 +0100] GET /publisher/site/public/conf/portalSettings.js HTTP/1.1 200 705 https://localhost:9443/publisher/logout Mozilla/5.0 (Windows NT 10.0; Win64; x64) AppleWebKit/537.36 (KHTML, like Gecko) Chrome/114.0.0.0 Safari/537.36 0.006
0:0:0:0:0:0:0:1 - - [12/Jun/2023:21:21:59 +0100] GET /publisher/site/public/dist/index.ebdd6f43ad27f9232620.bundle.js HTTP/1.1 200 201039 https://localhost:9443/publisher/logout Mozilla/5.0 (Windows NT 10.0; Win64; x64) AppleWebKit/537.36 (KHTML, like Gecko) Chrome/114.0.0.0 Safari/537.36 0.026
127.0.0.1 - - [12/Jun/2023:21:21:59 +0100] GET /api/am/publisher/v4/settings HTTP/1.1 200 1457 - Java-http-client/17.0.6 0.255
127.0.0.1 - - [12/Jun/2023:21:22:00 +0100] GET /api/am/service-catalog/v1/settings HTTP/1.1 200 102 - Java-http-client/17.0.6 0.044
0:0:0:0:0:0:0:1 - - [12/Jun/2023:21:22:00 +0100] GET /publisher/services/auth/login HTTP/1.1 302 - https://localhost:9443/publisher/apis Mozilla/5.0 (Windows NT 10.0; Win64; x64) AppleWebKit/537.36 (KHTML, like Gecko) Chrome/114.0.0.0 Safari/537.36 0.312
0:0:0:0:0:0:0:1 - - [12/Jun/2023:21:22:00 +0100] GET /oauth2/authorize?response_type=code&client_id=bcnL5Jqa63Z3eEnQ8WMegfk9rKsa&scope=apim:admin%20apim:api_create%20apim:api_definition_view%20apim:api_delete%20apim:api_generate_key%20apim:api_import_export%20apim:api_list_view%20apim:api_manage%20apim:api_mediation_policy_manage%20apim:api_product_import_export%20apim:api_publish%20apim:api_view%20apim:app_import_export%20apim:client_certificates_add%20apim:client_certificates_manage%20apim:client_certificates_update%20apim:client_certificates_view%20apim:comment_manage%20apim:comment_view%20apim:comment_write%20apim:common_operation_policy_manage%20apim:common_operation_policy_view%20apim:document_create%20apim:document_manage%20apim:ep_certificates_add%20apim:ep_certificates_manage%20apim:ep_certificates_update%20apim:ep_certificates_view%20apim:mediation_policy_create%20apim:mediation_policy_manage%20apim:mediation_policy_view%20apim:policies_import_export%20apim:pub_alert_manage%20apim:publisher_settings%20apim:shared_scope_manage%20apim:subscription_block%20apim:subscription_manage%20apim:subscription_view%20apim:threat_protection_policy_create%20apim:threat_protection_policy_manage%20apim:tier_manage%20apim:tier_view%20openid%20apim:api_view%20service_catalog:service_view%20service_catalog:service_write&state=%2Fapis&redirect_uri=https://localhost:9443/publisher/services/auth/callback/login HTTP/1.1 302 - https://localhost:9443/publisher/apis Mozilla/5.0 (Windows NT 10.0; Win64; x64) AppleWebKit/537.36 (KHTML, like Gecko) Chrome/114.0.0.0 Safari/537.36 0.017
127.0.0.1 - - [12/Jun/2023:21:22:00 +0100] POST /oauth2/token HTTP/1.1 200 2432 - Java-http-client/17.0.6 0.009
0:0:0:0:0:0:0:1 - - [12/Jun/2023:21:22:00 +0100] GET /publisher/services/auth/callback/login?code=e65fc2f8-3240-329e-9af0-ce1190b732fd&state=%2Fapis&session_state=f142390e9aa6b213c34a1697ac9d81f9bdd4c9493643e98643df1d172d0b054d.Xy_XbT1lRUkwjjquIXyhEw HTTP/1.1 302 - https://localhost:9443/publisher/apis Mozilla/5.0 (Windows NT 10.0; Win64; x64) AppleWebKit/537.36 (KHTML, like Gecko) Chrome/114.0.0.0 Safari/537.36 0.020
0:0:0:0:0:0:0:1 - - [12/Jun/2023:21:22:00 +0100] GET /publisher/apis HTTP/1.1 200 1713 https://localhost:9443/publisher/apis Mozilla/5.0 (Windows NT 10.0; Win64; x64) AppleWebKit/537.36 (KHTML, like Gecko) Chrome/114.0.0.0 Safari/537.36 0.002
0:0:0:0:0:0:0:1 - - [12/Jun/2023:21:22:00 +0100] GET /publisher/site/public/fonts/iconfont/material-icons.css HTTP/1.1 200 970 https://localhost:9443/publisher/apis Mozilla/5.0 (Windows NT 10.0; Win64; x64) AppleWebKit/537.36 (KHTML, like Gecko) Chrome/114.0.0.0 Safari/537.36 0.000
0:0:0:0:0:0:0:1 - - [12/Jun/2023:21:22:00 +0100] GET /publisher/site/public/conf/portalSettings.js HTTP/1.1 200 705 https://localhost:9443/publisher/apis Mozilla/5.0 (Windows NT 10.0; Win64; x64) AppleWebKit/537.36 (KHTML, like Gecko) Chrome/114.0.0.0 Safari/537.36 0.001
0:0:0:0:0:0:0:1 - - [12/Jun/2023:21:22:00 +0100] GET /publisher/services/settings/settings.js HTTP/1.1 200 1214 https://localhost:9443/publisher/apis Mozilla/5.0 (Windows NT 10.0; Win64; x64) AppleWebKit/537.36 (KHTML, like Gecko) Chrome/114.0.0.0 Safari/537.36 0.004
127.0.0.1 - - [12/Jun/2023:21:22:00 +0100] GET /oauth2/userinfo HTTP/1.1 400 70 - Java-http-client/17.0.6 0.002
0:0:0:0:0:0:0:1 - - [12/Jun/2023:21:22:00 +0100] GET /publisher/site/public/fonts/Open_Sans/mem8YaGs126MiZpBA-UFVZ0bf8pkAg.woff2 HTTP/1.1 200 8892 https://localhost:9443/publisher/site/public/css/main.css Mozilla/5.0 (Windows NT 10.0; Win64; x64) AppleWebKit/537.36 (KHTML, like Gecko) Chrome/114.0.0.0 Safari/537.36 0.002
