- 127.0.0.1  - [14/Jun/2023:21:43:30.871 +0100] "- - " 500 - "-" "-"
- 0:0:0:0:0:0:0:1 - - [14/Jun/2023:21:43:25.859 +0100] "GET /acme/en/1.0.0/products HTTP/1.1" - - "-" "PostmanRuntime/7.32.2"
- 0:0:0:0:0:0:0:1  - [14/Jun/2023:21:43:30.940 +0100] "- - " 500 - "-" "-"
- 127.0.0.1 - - [14/Jun/2023:21:43:26.596 +0100] "GET /products HTTP/1.1" - - "-" "Synapse-PT-HttpComponents-NIO"
- 127.0.0.1  - [14/Jun/2023:21:43:44.051 +0100] "- - " 500 - "-" "-"
- 0:0:0:0:0:0:0:1 - - [14/Jun/2023:21:43:44.033 +0100] "GET /acme/en/1.0.0/products HTTP/1.1" - - "-" "PostmanRuntime/7.32.2"
- 0:0:0:0:0:0:0:1  - [14/Jun/2023:21:43:44.033 +0100] "- - " 500 - "-" "-"
- 127.0.0.1 - - [14/Jun/2023:21:43:44.051 +0100] "GET /products HTTP/1.1" - - "-" "Synapse-PT-HttpComponents-NIO"
- 127.0.0.1  - [14/Jun/2023:21:44:12.660 +0100] "- - " 500 - "-" "-"
- 0:0:0:0:0:0:0:1 - - [14/Jun/2023:21:44:12.654 +0100] "GET /acme/en/1.0.0/products HTTP/1.1" - - "-" "PostmanRuntime/7.32.2"
- 0:0:0:0:0:0:0:1  - [14/Jun/2023:21:44:12.654 +0100] "- - " 500 - "-" "-"
- 127.0.0.1 - - [14/Jun/2023:21:44:12.660 +0100] "GET /products HTTP/1.1" - - "-" "Synapse-PT-HttpComponents-NIO"
- 127.0.0.1  - [14/Jun/2023:21:44:42.466 +0100] "- - " 200 - "-" "-"
- 0:0:0:0:0:0:0:1 - - [14/Jun/2023:21:44:36.127 +0100] "GET /acme/en/1.0.0/products HTTP/1.1" - - "-" "PostmanRuntime/7.32.2"
- 0:0:0:0:0:0:0:1  - [14/Jun/2023:21:44:42.468 +0100] "- - " 200 - "-" "-"
- 127.0.0.1 - - [14/Jun/2023:21:44:36.133 +0100] "GET /products HTTP/1.1" - - "-" "Synapse-PT-HttpComponents-NIO"
- 0:0:0:0:0:0:0:1 - - [14/Jun/2023:21:44:57.213 +0100] "GET /acme/en/1.0.0/products/c1d4e7r8d5f2 HTTP/1.1" - - "-" "PostmanRuntime/7.32.2"
- 0:0:0:0:0:0:0:1  - [14/Jun/2023:21:44:57.213 +0100] "- - " 401 - "-" "-"
- 127.0.0.1  - [14/Jun/2023:21:45:09.488 +0100] "- - " 200 - "-" "-"
- 0:0:0:0:0:0:0:1 - - [14/Jun/2023:21:45:04.110 +0100] "GET /acme/en/1.0.0/products/c1d4e7r8d5f2 HTTP/1.1" - - "-" "PostmanRuntime/7.32.2"
- 0:0:0:0:0:0:0:1  - [14/Jun/2023:21:45:09.490 +0100] "- - " 200 - "-" "-"
- 127.0.0.1 - - [14/Jun/2023:21:45:04.114 +0100] "GET /products/c1d4e7r8d5f2 HTTP/1.1" - - "-" "Synapse-PT-HttpComponents-NIO"
- 127.0.0.1  - [14/Jun/2023:21:46:36.367 +0100] "- - " 200 - "-" "-"
- 0:0:0:0:0:0:0:1 - - [14/Jun/2023:21:46:35.189 +0100] "GET /acme_pt/1.0.0/produtos HTTP/1.1" - - "-" "PostmanRuntime/7.32.2"
- 0:0:0:0:0:0:0:1  - [14/Jun/2023:21:46:36.369 +0100] "- - " 200 - "-" "-"
- 127.0.0.1 - - [14/Jun/2023:21:46:35.199 +0100] "GET /products HTTP/1.1" - - "-" "Synapse-PT-HttpComponents-NIO"
- 127.0.0.1  - [14/Jun/2023:21:46:58.343 +0100] "- - " 404 - "-" "-"
- 0:0:0:0:0:0:0:1 - - [14/Jun/2023:21:46:58.339 +0100] "GET /acme_pt/1.0.0/produtos/c1d4e7r8d5f2 HTTP/1.1" - - "-" "PostmanRuntime/7.32.2"
- 0:0:0:0:0:0:0:1  - [14/Jun/2023:21:46:58.339 +0100] "- - " 404 - "-" "-"
- 127.0.0.1 - - [14/Jun/2023:21:46:58.343 +0100] "GET /produtos/c1d4e7r8d5f2 HTTP/1.1" - - "-" "Synapse-PT-HttpComponents-NIO"
- 0:0:0:0:0:0:0:1  - [14/Jun/2023:23:09:08.436 +0100] "- - " 401 - "-" "-"
- 0:0:0:0:0:0:0:1 - - [14/Jun/2023:23:09:08.436 +0100] "GET /acme_pt/1.0.0/produtos/c1d4e7r8d5f2 HTTP/1.1" - - "-" "PostmanRuntime/7.32.2"
- 0:0:0:0:0:0:0:1 - - [14/Jun/2023:23:09:30.209 +0100] "GET /acme_pt/1.0.0/produtos/c1d4e7r8d5f2 HTTP/1.1" - - "-" "PostmanRuntime/7.32.2"
- 127.0.0.1  - [14/Jun/2023:23:09:31.734 +0100] "- - " 200 - "-" "-"
- 127.0.0.1 - - [14/Jun/2023:23:09:30.237 +0100] "GET /products/c1d4e7r8d5f2 HTTP/1.1" - - "-" "Synapse-PT-HttpComponents-NIO"
- 0:0:0:0:0:0:0:1  - [14/Jun/2023:23:09:31.738 +0100] "- - " 200 - "-" "-"
- 0:0:0:0:0:0:0:1 - - [14/Jun/2023:23:10:44.636 +0100] "GET /acme/en/1.0.0/reviews/quantityByUser/admin HTTP/1.1" - - "-" "PostmanRuntime/7.32.2"
- 0:0:0:0:0:0:0:1  - [14/Jun/2023:23:10:44.636 +0100] "- - " 401 - "-" "-"
- 0:0:0:0:0:0:0:1 - - [14/Jun/2023:23:10:53.685 +0100] "GET /acme/en/1.0.0/reviews/quantityByUser/admin HTTP/1.1" - - "-" "PostmanRuntime/7.32.2"
- 0:0:0:0:0:0:0:1  - [14/Jun/2023:23:10:53.685 +0100] "- - " 403 - "-" "-"
- 127.0.0.1  - [14/Jun/2023:23:11:43.699 +0100] "- - " 404 - "-" "-"
- 0:0:0:0:0:0:0:1 - - [14/Jun/2023:23:11:43.692 +0100] "GET /acme/en/1.0.0/reviews/quantityByUser/admin HTTP/1.1" - - "-" "PostmanRuntime/7.32.2"
- 0:0:0:0:0:0:0:1  - [14/Jun/2023:23:11:43.692 +0100] "- - " 404 - "-" "-"
- 127.0.0.1 - - [14/Jun/2023:23:11:43.699 +0100] "GET /reviews/quantityByUser/admin HTTP/1.1" - - "-" "Synapse-PT-HttpComponents-NIO"
- 127.0.0.1  - [14/Jun/2023:23:11:53.797 +0100] "- - " 404 - "-" "-"
- 0:0:0:0:0:0:0:1 - - [14/Jun/2023:23:11:53.791 +0100] "GET /acme/en/1.0.0/reviews/quantityByUser/%3Cstring%3E HTTP/1.1" - - "-" "PostmanRuntime/7.32.2"
- 0:0:0:0:0:0:0:1  - [14/Jun/2023:23:11:53.791 +0100] "- - " 404 - "-" "-"
- 127.0.0.1 - - [14/Jun/2023:23:11:53.797 +0100] "GET /reviews/quantityByUser/%3Cstring%3E HTTP/1.1" - - "-" "Synapse-PT-HttpComponents-NIO"
- 127.0.0.1  - [14/Jun/2023:23:11:59.027 +0100] "- - " 404 - "-" "-"
- 0:0:0:0:0:0:0:1 - - [14/Jun/2023:23:11:59.011 +0100] "GET /acme/en/1.0.0/reviews/quantityByUser/%3Cstring%3E HTTP/1.1" - - "-" "PostmanRuntime/7.32.2"
- 0:0:0:0:0:0:0:1  - [14/Jun/2023:23:11:59.011 +0100] "- - " 404 - "-" "-"
- 127.0.0.1  - [14/Jun/2023:23:12:08.671 +0100] "- - " 404 - "-" "-"
- 127.0.0.1 - - [14/Jun/2023:23:11:59.027 +0100] "GET /reviews/quantityByUser/%3Cstring%3E HTTP/1.1" - - "-" "Synapse-PT-HttpComponents-NIO"
- 0:0:0:0:0:0:0:1  - [14/Jun/2023:23:12:08.667 +0100] "- - " 404 - "-" "-"
- 0:0:0:0:0:0:0:1 - - [14/Jun/2023:23:12:08.667 +0100] "GET /acme/en/1.0.0/reviews/quantityByUser/%22admin%22 HTTP/1.1" - - "-" "PostmanRuntime/7.32.2"
- 127.0.0.1  - [14/Jun/2023:23:12:15.671 +0100] "- - " 404 - "-" "-"
- 127.0.0.1 - - [14/Jun/2023:23:12:08.671 +0100] "GET /reviews/quantityByUser/%22admin%22 HTTP/1.1" - - "-" "Synapse-PT-HttpComponents-NIO"
- 0:0:0:0:0:0:0:1  - [14/Jun/2023:23:12:15.666 +0100] "- - " 404 - "-" "-"
- 0:0:0:0:0:0:0:1 - - [14/Jun/2023:23:12:15.666 +0100] "GET /acme/en/1.0.0/reviews/quantityByUser/admin HTTP/1.1" - - "-" "PostmanRuntime/7.32.2"
- 127.0.0.1 - - [14/Jun/2023:23:12:15.671 +0100] "GET /reviews/quantityByUser/admin HTTP/1.1" - - "-" "Synapse-PT-HttpComponents-NIO"
- 0:0:0:0:0:0:0:1 - - [14/Jun/2023:23:12:43.998 +0100] "GET /acme/en/1.0.0/reviews/quantityByUser/admin HTTP/1.1" - - "-" "PostmanRuntime/7.32.2"
- 127.0.0.1 - - [14/Jun/2023:23:12:44.001 +0100] "GET /reviews/quantityByUser/admin HTTP/1.1" - - "-" "Synapse-PT-HttpComponents-NIO"
- 0:0:0:0:0:0:0:1 - - [14/Jun/2023:23:12:49.253 +0100] "GET /acme/en/1.0.0/reviews/quantityByUser/admin HTTP/1.1" - - "-" "PostmanRuntime/7.32.2"
- 127.0.0.1 - - [14/Jun/2023:23:12:49.263 +0100] "GET /reviews/quantityByUser/admin HTTP/1.1" - - "-" "Synapse-PT-HttpComponents-NIO"
- 0:0:0:0:0:0:0:1 - - [14/Jun/2023:23:12:55.354 +0100] "GET /acme/en/1.0.0/reviews/quantityByUser/user1 HTTP/1.1" - - "-" "PostmanRuntime/7.32.2"
- 127.0.0.1 - - [14/Jun/2023:23:12:55.357 +0100] "GET /reviews/quantityByUser/user1 HTTP/1.1" - - "-" "Synapse-PT-HttpComponents-NIO"
- 127.0.0.1  - [14/Jun/2023:23:12:44.001 +0100] "- - " 404 - "-" "-"
- 0:0:0:0:0:0:0:1  - [14/Jun/2023:23:12:43.998 +0100] "- - " 404 - "-" "-"
- 127.0.0.1  - [14/Jun/2023:23:12:49.263 +0100] "- - " 404 - "-" "-"
- 0:0:0:0:0:0:0:1  - [14/Jun/2023:23:12:49.253 +0100] "- - " 404 - "-" "-"
- 127.0.0.1  - [14/Jun/2023:23:12:55.357 +0100] "- - " 404 - "-" "-"
- 0:0:0:0:0:0:0:1  - [14/Jun/2023:23:12:55.354 +0100] "- - " 404 - "-" "-"
- 0:0:0:0:0:0:0:1 - - [14/Jun/2023:23:13:12.363 +0100] "GET /acme/en/1.0.0/reviews/quantityByUser/1 HTTP/1.1" - - "-" "PostmanRuntime/7.32.2"
- 127.0.0.1  - [14/Jun/2023:23:13:12.379 +0100] "- - " 404 - "-" "-"
- 127.0.0.1 - - [14/Jun/2023:23:13:12.379 +0100] "GET /reviews/quantityByUser/1 HTTP/1.1" - - "-" "Synapse-PT-HttpComponents-NIO"
- 0:0:0:0:0:0:0:1 - - [14/Jun/2023:23:13:15.952 +0100] "GET /acme/en/1.0.0/reviews/quantityByUser/:user HTTP/1.1" - - "-" "PostmanRuntime/7.32.2"
- 0:0:0:0:0:0:0:1  - [14/Jun/2023:23:13:12.363 +0100] "- - " 404 - "-" "-"
- 0:0:0:0:0:0:0:1 - - [14/Jun/2023:23:13:22.159 +0100] "GET /acme/en/1.0.0/reviews/quantityByUser/admin HTTP/1.1" - - "-" "PostmanRuntime/7.32.2"
- 0:0:0:0:0:0:0:1  - [14/Jun/2023:23:13:15.952 +0100] "- - " 404 - "-" "-"
- 127.0.0.1 - - [14/Jun/2023:23:13:22.163 +0100] "GET /reviews/quantityByUser/admin HTTP/1.1" - - "-" "Synapse-PT-HttpComponents-NIO"
- 127.0.0.1  - [14/Jun/2023:23:13:22.163 +0100] "- - " 404 - "-" "-"
- 0:0:0:0:0:0:0:1  - [14/Jun/2023:23:13:22.159 +0100] "- - " 404 - "-" "-"
- 127.0.0.1  - [14/Jun/2023:23:15:40.459 +0100] "- - " 404 - "-" "-"
- 0:0:0:0:0:0:0:1 - - [14/Jun/2023:23:15:40.343 +0100] "GET /acme/en/1.0.0/reviews/quantityByUser/admin HTTP/1.1" - - "-" "PostmanRuntime/7.32.2"
- 127.0.0.1 - - [14/Jun/2023:23:15:40.459 +0100] "GET /reviews/quantityByUser/admin HTTP/1.1" - - "-" "Synapse-PT-HttpComponents-NIO"
- 0:0:0:0:0:0:0:1  - [14/Jun/2023:23:15:40.343 +0100] "- - " 404 - "-" "-"
- 0:0:0:0:0:0:0:1 - - [14/Jun/2023:23:15:47.090 +0100] "GET /acme/en/1.0.0/reviews/quantityByUser/admin HTTP/1.1" - - "-" "PostmanRuntime/7.32.2"
- 127.0.0.1  - [14/Jun/2023:23:15:47.104 +0100] "- - " 404 - "-" "-"
- 0:0:0:0:0:0:0:1  - [14/Jun/2023:23:15:47.090 +0100] "- - " 404 - "-" "-"
- 127.0.0.1 - - [14/Jun/2023:23:15:47.104 +0100] "GET /reviews/quantityByUser/admin HTTP/1.1" - - "-" "Synapse-PT-HttpComponents-NIO"
- 0:0:0:0:0:0:0:1 - - [14/Jun/2023:23:16:16.264 +0100] "GET /acme/en/1.0.0/reviews/upvote/moreXvotes/0 HTTP/1.1" - - "-" "PostmanRuntime/7.32.2"
- 0:0:0:0:0:0:0:1  - [14/Jun/2023:23:16:16.264 +0100] "- - " 401 - "-" "-"
- 0:0:0:0:0:0:0:1 - - [14/Jun/2023:23:16:22.501 +0100] "GET /acme/en/1.0.0/reviews/upvote/moreXvotes/0 HTTP/1.1" - - "-" "PostmanRuntime/7.32.2"
- 127.0.0.1  - [14/Jun/2023:23:16:22.511 +0100] "- - " 404 - "-" "-"
- 0:0:0:0:0:0:0:1  - [14/Jun/2023:23:16:22.501 +0100] "- - " 404 - "-" "-"
- 127.0.0.1 - - [14/Jun/2023:23:16:22.511 +0100] "GET /reviews/upvote/moreXvotes/0 HTTP/1.1" - - "-" "Synapse-PT-HttpComponents-NIO"
- 0:0:0:0:0:0:0:1 - - [14/Jun/2023:23:23:00.745 +0100] "GET /acme/en/1.0.0/reviews/quantityByUser/admin HTTP/1.1" - - "-" "PostmanRuntime/7.32.2"
- 127.0.0.1  - [14/Jun/2023:23:23:01.220 +0100] "- - " 404 - "-" "-"
- 127.0.0.1 - - [14/Jun/2023:23:23:01.220 +0100] "GET /reviews/quantityByUser/admin HTTP/1.1" - - "-" "Synapse-PT-HttpComponents-NIO"
- 0:0:0:0:0:0:0:1  - [14/Jun/2023:23:23:00.745 +0100] "- - " 404 - "-" "-"
- 0:0:0:0:0:0:0:1 - - [14/Jun/2023:23:24:27.026 +0100] "GET /acme/en/1.0.0/products HTTP/1.1" - - "-" "PostmanRuntime/7.32.2"
- 127.0.0.1 - - [14/Jun/2023:23:24:27.043 +0100] "GET /products HTTP/1.1" - - "-" "Synapse-PT-HttpComponents-NIO"
- 127.0.0.1  - [14/Jun/2023:23:24:27.043 +0100] "- - " 200 - "-" "-"
- 0:0:0:0:0:0:0:1  - [14/Jun/2023:23:24:27.026 +0100] "- - " 200 - "-" "-"
- 0:0:0:0:0:0:0:1 - - [14/Jun/2023:23:25:02.749 +0100] "GET /acme/en/1.0.0/reviews/upvote/moreXvotes/0 HTTP/1.1" - - "-" "PostmanRuntime/7.32.2"
- 127.0.0.1 - - [14/Jun/2023:23:25:02.754 +0100] "GET /reviews/upvote/moreXvotes/0 HTTP/1.1" - - "-" "Synapse-PT-HttpComponents-NIO"
- 127.0.0.1  - [14/Jun/2023:23:25:02.754 +0100] "- - " 404 - "-" "-"
- 0:0:0:0:0:0:0:1  - [14/Jun/2023:23:25:02.749 +0100] "- - " 404 - "-" "-"
- 0:0:0:0:0:0:0:1 - - [14/Jun/2023:23:26:58.030 +0100] "GET /acme/en/1.0.0/reviews/admin HTTP/1.1" - - "-" "PostmanRuntime/7.32.2"
- 127.0.0.1 - - [14/Jun/2023:23:26:58.036 +0100] "GET /reviews/admin HTTP/1.1" - - "-" "Synapse-PT-HttpComponents-NIO"
- 127.0.0.1  - [14/Jun/2023:23:26:58.036 +0100] "- - " 400 - "-" "-"
- 0:0:0:0:0:0:0:1  - [14/Jun/2023:23:26:58.030 +0100] "- - " 400 - "-" "-"
- 0:0:0:0:0:0:0:1 - - [14/Jun/2023:23:27:09.039 +0100] "GET /acme/en/1.0.0/votes HTTP/1.1" - - "-" "PostmanRuntime/7.32.2"
- 127.0.0.1 - - [14/Jun/2023:23:27:09.046 +0100] "GET /votes HTTP/1.1" - - "-" "Synapse-PT-HttpComponents-NIO"
- 127.0.0.1  - [14/Jun/2023:23:27:29.335 +0100] "- - " 200 - "-" "-"
- 0:0:0:0:0:0:0:1  - [14/Jun/2023:23:27:29.338 +0100] "- - " 200 - "-" "-"
- 0:0:0:0:0:0:0:1 - - [14/Jun/2023:23:29:03.320 +0100] "POST /acme/en/1.0.0/noreview/asd578fgh267/votes HTTP/1.1" - 80 "-" "PostmanRuntime/7.32.2"
- 127.0.0.1 - - [14/Jun/2023:23:29:03.363 +0100] "POST /noreview/asd578fgh267/votes HTTP/1.1" - - "-" "Synapse-PT-HttpComponents-NIO"
- 127.0.0.1  - [14/Jun/2023:23:29:26.556 +0100] "- - " 500 - "-" "-"
- 0:0:0:0:0:0:0:1  - [14/Jun/2023:23:29:26.558 +0100] "- - " 500 - "-" "-"
- 127.0.0.1  - [14/Jun/2023:23:39:18.417 +0100] "- - " 200 - "-" "-"
- 0:0:0:0:0:0:0:1 - - [14/Jun/2023:23:39:01.636 +0100] "GET /acme/en/1.0.0/votes HTTP/1.1" - - "-" "PostmanRuntime/7.32.2"
- 127.0.0.1 - - [14/Jun/2023:23:39:01.761 +0100] "GET /votes HTTP/1.1" - - "-" "Synapse-PT-HttpComponents-NIO"
- 0:0:0:0:0:0:0:1  - [14/Jun/2023:23:39:18.430 +0100] "- - " 200 - "-" "-"
- 0:0:0:0:0:0:0:1  - [14/Jun/2023:23:40:56.199 +0100] "- - " 401 - "-" "-"
- 0:0:0:0:0:0:0:1 - - [14/Jun/2023:23:40:56.199 +0100] "POST /acme/en/1.0.0/products/asd578fgh267/reviews HTTP/1.1" - 75 "-" "PostmanRuntime/7.32.2"
- 127.0.0.1  - [14/Jun/2023:23:41:18.032 +0100] "- - " 500 - "-" "-"
- 0:0:0:0:0:0:0:1 - - [14/Jun/2023:23:41:05.192 +0100] "POST /acme/en/1.0.0/products/asd578fgh267/reviews HTTP/1.1" - 75 "-" "PostmanRuntime/7.32.2"
- 0:0:0:0:0:0:0:1  - [14/Jun/2023:23:41:18.125 +0100] "- - " 500 - "-" "-"
- 127.0.0.1 - - [14/Jun/2023:23:41:05.267 +0100] "POST /products/asd578fgh267/reviews HTTP/1.1" - - "-" "Synapse-PT-HttpComponents-NIO"
- 0:0:0:0:0:0:0:1 - - [14/Jun/2023:23:55:33.138 +0100] "GET /acme/en/1.0.0/products/asd578fgh267 HTTP/1.1" - - "-" "PostmanRuntime/7.32.2"
- 127.0.0.1  - [14/Jun/2023:23:55:40.631 +0100] "- - " 200 - "-" "-"
- 0:0:0:0:0:0:0:1  - [14/Jun/2023:23:55:40.645 +0100] "- - " 200 - "-" "-"
- 127.0.0.1 - - [14/Jun/2023:23:55:33.288 +0100] "GET /products/asd578fgh267 HTTP/1.1" - - "-" "Synapse-PT-HttpComponents-NIO"
- 0:0:0:0:0:0:0:1 - - [14/Jun/2023:23:56:37.237 +0100] "POST /acme/en/1.0.0/products/asd578fgh267/reviews HTTP/1.1" - 75 "-" "PostmanRuntime/7.32.2"
- 127.0.0.1  - [14/Jun/2023:23:56:45.542 +0100] "- - " 500 - "-" "-"
- 127.0.0.1 - - [14/Jun/2023:23:56:37.273 +0100] "POST /products/asd578fgh267/reviews HTTP/1.1" - - "-" "Synapse-PT-HttpComponents-NIO"
- 0:0:0:0:0:0:0:1  - [14/Jun/2023:23:56:45.546 +0100] "- - " 500 - "-" "-"
